/venv/cear-cemergence/lib/python3.10/runpy.py:126: RuntimeWarning: 'cear_pilot.training.train' found in sys.modules after import of package 'cear_pilot.training', but prior to execution of 'cear_pilot.training.train'; this may result in unpredictable behaviour
  warn(RuntimeWarning(msg))
[checkpoint] outputs/journal_train/default/seed16/ckpt_step00000.pt
[   2000/48000] phase=A route=detached world=0.1333 w_ema=0.1464 pred=0.1333 smooth=0.0000 | actor=0.1027 b=0.1476 H=1.609 maxpi=0.201 KL=0.000008 logits|.|=0.031 e[min,max,std]=0.126,0.146,0.007 zone=[0.29, 0.35, 0.36] act=[0.19, 0.19, 0.21, 0.2, 0.2] (ep=8, 34.7s)
[   4000/48000] phase=A route=detached world=0.0433 w_ema=0.1076 pred=0.0433 smooth=0.0000 | actor=0.8484 b=0.1086 H=1.609 maxpi=0.201 KL=0.000003 logits|.|=0.017 e[min,max,std]=0.028,0.053,0.009 zone=[0.27, 0.5, 0.22] act=[0.19, 0.2, 0.21, 0.2, 0.2] (ep=16, 33.9s)
[   6000/48000] phase=A route=detached world=0.3675 w_ema=0.2961 pred=0.3675 smooth=0.0000 | actor=-0.5265 b=0.2963 H=1.609 maxpi=0.201 KL=0.000004 logits|.|=0.043 e[min,max,std]=0.364,0.374,0.004 zone=[0.38, 0.43, 0.2] act=[0.21, 0.2, 0.2, 0.19, 0.2] (ep=25, 34.6s)
[   8000/48000] phase=A route=detached world=0.0063 w_ema=0.0509 pred=0.0063 smooth=0.0000 | actor=0.6504 b=0.0517 H=1.609 maxpi=0.200 KL=0.000002 logits|.|=0.035 e[min,max,std]=0.005,0.011,0.002 zone=[0.31, 0.43, 0.26] act=[0.2, 0.2, 0.2, 0.2, 0.19] (ep=33, 34.4s)
[  10000/48000] phase=A route=detached world=0.2065 w_ema=0.1891 pred=0.2064 smooth=0.0002 | actor=-0.1419 b=0.1895 H=1.609 maxpi=0.200 KL=0.000002 logits|.|=0.015 e[min,max,std]=0.193,0.218,0.008 zone=[0.44, 0.44, 0.11] act=[0.21, 0.2, 0.21, 0.18, 0.21] (ep=41, 34.4s)
[checkpoint] outputs/journal_train/default/seed16/ckpt_step12000.pt
[  12000/48000] phase=A route=detached world=0.1041 w_ema=0.2800 pred=0.1041 smooth=0.0001 | actor=1.5222 b=0.2809 H=1.609 maxpi=0.201 KL=0.000003 logits|.|=0.024 e[min,max,std]=0.099,0.114,0.005 zone=[0.29, 0.44, 0.27] act=[0.22, 0.21, 0.19, 0.19, 0.2] (ep=50, 34.5s)
[  14000/48000] phase=B route=detached world=0.0077 w_ema=0.0213 pred=0.0077 smooth=0.0000 | actor=0.4483 b=0.0226 H=1.129 maxpi=0.423 KL=0.000270 logits|.|=1.569 e[min,max,std]=0.008,0.013,0.002 zone=[0.0, 0.1, 0.9] act=[0.39, 0.21, 0.04, 0.26, 0.09] (ep=58, 34.5s)
[  16000/48000] phase=B route=detached world=0.0016 w_ema=0.0030 pred=0.0016 smooth=0.0000 | actor=0.0013 b=0.0030 H=0.083 maxpi=0.987 KL=0.000409 logits|.|=2.344 e[min,max,std]=0.002,0.021,0.007 zone=[0.0, 0.03, 0.97] act=[0.13, 0.14, 0.0, 0.72, 0.01] (ep=66, 34.4s)
[checkpoint] outputs/journal_train/default/seed16/ckpt_step18000.pt
[  18000/48000] phase=B route=detached world=0.0017 w_ema=0.0034 pred=0.0017 smooth=0.0000 | actor=0.0003 b=0.0034 H=0.024 maxpi=0.996 KL=0.000744 logits|.|=2.614 e[min,max,std]=0.002,0.010,0.003 zone=[0.0, 0.03, 0.97] act=[0.01, 0.01, 0.0, 0.97, 0.01] (ep=75, 34.5s)
[  20000/48000] phase=B route=detached world=0.0013 w_ema=0.0083 pred=0.0013 smooth=0.0000 | actor=0.0045 b=0.0083 H=0.096 maxpi=0.965 KL=0.021125 logits|.|=1.990 e[min,max,std]=0.001,0.006,0.001 zone=[0.0, 0.03, 0.97] act=[0.01, 0.01, 0.0, 0.97, 0.01] (ep=83, 34.6s)
[  22000/48000] phase=B route=detached world=0.0023 w_ema=0.0041 pred=0.0023 smooth=0.0000 | actor=0.0020 b=0.0044 H=0.127 maxpi=0.963 KL=0.003545 logits|.|=1.800 e[min,max,std]=0.002,0.010,0.003 zone=[0.0, 0.06, 0.94] act=[0.02, 0.03, 0.01, 0.8, 0.14] (ep=91, 34.3s)
[checkpoint] outputs/journal_train/default/seed16/ckpt_step24000.pt
[  24000/48000] phase=B route=detached world=0.0029 w_ema=0.0031 pred=0.0029 smooth=0.0000 | actor=0.0002 b=0.0031 H=0.052 maxpi=0.991 KL=0.000652 logits|.|=2.235 e[min,max,std]=0.003,0.016,0.005 zone=[0.0, 0.02, 0.98] act=[0.0, 0.0, 0.0, 0.99, 0.0] (ep=100, 34.7s)
[  26000/48000] phase=B route=detached world=0.0022 w_ema=0.0122 pred=0.0022 smooth=0.0000 | actor=0.0248 b=0.0122 H=0.312 maxpi=0.940 KL=0.035228 logits|.|=1.694 e[min,max,std]=0.002,0.009,0.003 zone=[0.01, 0.04, 0.95] act=[0.03, 0.02, 0.02, 0.86, 0.06] (ep=108, 34.2s)
[  28000/48000] phase=B route=detached world=0.0055 w_ema=0.0036 pred=0.0055 smooth=0.0000 | actor=-0.0029 b=0.0039 H=0.194 maxpi=0.922 KL=0.003116 logits|.|=1.659 e[min,max,std]=0.005,0.021,0.006 zone=[0.0, 0.05, 0.95] act=[0.09, 0.03, 0.02, 0.78, 0.09] (ep=116, 34.3s)
[checkpoint] outputs/journal_train/default/seed16/ckpt_step30000.pt
[  30000/48000] phase=B route=detached world=0.0020 w_ema=0.0029 pred=0.0019 smooth=0.0000 | actor=0.0042 b=0.0030 H=0.265 maxpi=0.949 KL=0.001087 logits|.|=1.739 e[min,max,std]=0.002,0.009,0.003 zone=[0.0, 0.03, 0.97] act=[0.04, 0.01, 0.0, 0.9, 0.05] (ep=125, 34.4s)
[  32000/48000] phase=B route=detached world=0.0022 w_ema=0.0105 pred=0.0022 smooth=0.0000 | actor=0.0053 b=0.0106 H=0.133 maxpi=0.949 KL=0.020029 logits|.|=2.022 e[min,max,std]=0.002,0.005,0.001 zone=[0.0, 0.04, 0.96] act=[0.03, 0.01, 0.01, 0.92, 0.04] (ep=133, 34.3s)
[  34000/48000] phase=B route=detached world=0.0028 w_ema=0.0038 pred=0.0028 smooth=0.0000 | actor=0.0018 b=0.0038 H=0.191 maxpi=0.945 KL=0.003824 logits|.|=2.319 e[min,max,std]=0.003,0.006,0.001 zone=[0.0, 0.04, 0.96] act=[0.02, 0.01, 0.0, 0.92, 0.05] (ep=141, 34.4s)
[checkpoint] outputs/journal_train/default/seed16/ckpt_step36000.pt
[  36000/48000] phase=B route=detached world=0.0066 w_ema=0.0034 pred=0.0066 smooth=0.0000 | actor=-0.0059 b=0.0036 H=0.229 maxpi=0.920 KL=0.016945 logits|.|=1.598 e[min,max,std]=0.007,0.013,0.002 zone=[0.0, 0.03, 0.97] act=[0.01, 0.01, 0.01, 0.94, 0.03] (ep=150, 34.4s)
[  38000/48000] phase=B route=detached world=0.0010 w_ema=0.0054 pred=0.0010 smooth=0.0000 | actor=0.0021 b=0.0053 H=0.041 maxpi=0.991 KL=0.002560 logits|.|=2.676 e[min,max,std]=0.001,0.010,0.003 zone=[0.0, 0.03, 0.97] act=[0.02, 0.02, 0.01, 0.9, 0.04] (ep=158, 35.2s)
[  40000/48000] phase=B route=detached world=0.0017 w_ema=0.0037 pred=0.0017 smooth=0.0000 | actor=0.0247 b=0.0039 H=0.640 maxpi=0.850 KL=0.003628 logits|.|=1.265 e[min,max,std]=0.002,0.004,0.001 zone=[0.0, 0.02, 0.98] act=[0.01, 0.01, 0.0, 0.96, 0.02] (ep=166, 35.2s)
[checkpoint] outputs/journal_train/default/seed16/ckpt_step42000.pt
[  42000/48000] phase=B route=detached world=0.0013 w_ema=0.0031 pred=0.0013 smooth=0.0000 | actor=0.0014 b=0.0032 H=0.089 maxpi=0.982 KL=0.003950 logits|.|=2.057 e[min,max,std]=0.001,0.003,0.001 zone=[0.0, 0.02, 0.98] act=[0.0, 0.01, 0.0, 0.97, 0.01] (ep=175, 34.3s)
[  44000/48000] phase=B route=detached world=0.0012 w_ema=0.0104 pred=0.0012 smooth=0.0000 | actor=0.0017 b=0.0105 H=0.041 maxpi=0.966 KL=0.034446 logits|.|=2.394 e[min,max,std]=0.001,0.005,0.001 zone=[0.0, 0.02, 0.98] act=[0.01, 0.02, 0.0, 0.97, 0.0] (ep=183, 34.5s)
[  46000/48000] phase=B route=detached world=0.0029 w_ema=0.0045 pred=0.0029 smooth=0.0000 | actor=0.0000 b=0.0046 H=0.004 maxpi=0.999 KL=0.001475 logits|.|=3.510 e[min,max,std]=0.003,0.011,0.003 zone=[0.0, 0.02, 0.98] act=[0.0, 0.02, 0.0, 0.97, 0.0] (ep=191, 34.3s)
[checkpoint] outputs/journal_train/default/seed16/ckpt_step48000.pt
[  48000/48000] phase=B route=detached world=0.0050 w_ema=0.0029 pred=0.0050 smooth=0.0000 | actor=-0.0002 b=0.0029 H=0.010 maxpi=0.998 KL=0.000598 logits|.|=3.061 e[min,max,std]=0.005,0.017,0.005 zone=[0.0, 0.03, 0.97] act=[0.01, 0.01, 0.0, 0.97, 0.0] (ep=200, 34.3s)
Saved training trajectory to: outputs/journal_train/default/seed16/train_traj.parquet
Saved checkpoint to: outputs/journal_train/default/seed16/ckpt.pt
