/venv/cear-cemergence/lib/python3.10/runpy.py:126: RuntimeWarning: 'cear_pilot.training.train' found in sys.modules after import of package 'cear_pilot.training', but prior to execution of 'cear_pilot.training.train'; this may result in unpredictable behaviour
  warn(RuntimeWarning(msg))
[   2000/48000] phase=A world=0.1333 w_ema=0.1464 pred=0.1333 smooth=0.0000 | actor=0.1027 b=0.1476 H=1.609 maxpi=0.201 KL=0.000008 logits|.|=0.031 e[min,max,std]=0.126,0.146,0.007 zone=[0.29, 0.35, 0.36] act=[0.19, 0.19, 0.21, 0.2, 0.2] (ep=8, 22.1s)
[   4000/48000] phase=A world=0.0433 w_ema=0.1076 pred=0.0433 smooth=0.0000 | actor=0.8484 b=0.1086 H=1.609 maxpi=0.201 KL=0.000003 logits|.|=0.017 e[min,max,std]=0.028,0.053,0.009 zone=[0.27, 0.5, 0.22] act=[0.19, 0.2, 0.21, 0.2, 0.2] (ep=16, 21.2s)
[   6000/48000] phase=A world=0.3675 w_ema=0.2961 pred=0.3675 smooth=0.0000 | actor=-0.5265 b=0.2963 H=1.609 maxpi=0.201 KL=0.000004 logits|.|=0.043 e[min,max,std]=0.364,0.374,0.004 zone=[0.38, 0.43, 0.2] act=[0.21, 0.2, 0.2, 0.19, 0.2] (ep=25, 21.7s)
[   8000/48000] phase=A world=0.0063 w_ema=0.0509 pred=0.0063 smooth=0.0000 | actor=0.6504 b=0.0517 H=1.609 maxpi=0.200 KL=0.000002 logits|.|=0.035 e[min,max,std]=0.005,0.011,0.002 zone=[0.31, 0.43, 0.26] act=[0.2, 0.2, 0.2, 0.2, 0.19] (ep=33, 22.1s)
[  10000/48000] phase=A world=0.2065 w_ema=0.1891 pred=0.2064 smooth=0.0002 | actor=-0.1419 b=0.1895 H=1.609 maxpi=0.200 KL=0.000002 logits|.|=0.015 e[min,max,std]=0.193,0.218,0.008 zone=[0.44, 0.44, 0.11] act=[0.21, 0.2, 0.21, 0.18, 0.21] (ep=41, 21.9s)
[  12000/48000] phase=A world=0.1041 w_ema=0.2800 pred=0.1041 smooth=0.0001 | actor=1.5222 b=0.2809 H=1.609 maxpi=0.201 KL=0.000003 logits|.|=0.024 e[min,max,std]=0.099,0.114,0.005 zone=[0.29, 0.44, 0.27] act=[0.22, 0.21, 0.19, 0.19, 0.2] (ep=50, 22.2s)
[  14000/48000] phase=B world=0.0077 w_ema=0.0213 pred=0.0077 smooth=0.0000 | actor=0.4483 b=0.0226 H=1.129 maxpi=0.423 KL=0.000270 logits|.|=1.569 e[min,max,std]=0.008,0.013,0.002 zone=[0.0, 0.1, 0.9] act=[0.39, 0.21, 0.04, 0.26, 0.09] (ep=58, 22.1s)
[  16000/48000] phase=B world=0.0016 w_ema=0.0030 pred=0.0016 smooth=0.0000 | actor=0.0013 b=0.0030 H=0.083 maxpi=0.987 KL=0.000409 logits|.|=2.344 e[min,max,std]=0.002,0.021,0.007 zone=[0.0, 0.03, 0.97] act=[0.13, 0.14, 0.0, 0.72, 0.01] (ep=66, 22.2s)
[  18000/48000] phase=B world=0.0017 w_ema=0.0034 pred=0.0017 smooth=0.0000 | actor=0.0003 b=0.0034 H=0.024 maxpi=0.996 KL=0.000744 logits|.|=2.614 e[min,max,std]=0.002,0.010,0.003 zone=[0.0, 0.03, 0.97] act=[0.01, 0.01, 0.0, 0.97, 0.01] (ep=75, 22.1s)
[  20000/48000] phase=B world=0.0013 w_ema=0.0083 pred=0.0013 smooth=0.0000 | actor=0.0056 b=0.0083 H=0.115 maxpi=0.958 KL=0.023583 logits|.|=1.912 e[min,max,std]=0.001,0.005,0.001 zone=[0.0, 0.03, 0.97] act=[0.01, 0.01, 0.0, 0.97, 0.01] (ep=83, 22.2s)
[  22000/48000] phase=B world=0.1210 w_ema=0.0423 pred=0.1210 smooth=0.0003 | actor=-0.8464 b=0.0427 H=1.085 maxpi=0.754 KL=0.064887 logits|.|=0.996 e[min,max,std]=0.110,0.140,0.010 zone=[0.01, 0.11, 0.88] act=[0.02, 0.08, 0.03, 0.48, 0.38] (ep=91, 22.0s)
[  24000/48000] phase=B world=0.0029 w_ema=0.0030 pred=0.0029 smooth=0.0000 | actor=0.0003 b=0.0032 H=0.049 maxpi=0.988 KL=0.000779 logits|.|=2.302 e[min,max,std]=0.003,0.028,0.009 zone=[0.0, 0.03, 0.97] act=[0.01, 0.01, 0.01, 0.93, 0.05] (ep=100, 21.2s)
[  26000/48000] phase=B world=0.0022 w_ema=0.0116 pred=0.0022 smooth=0.0000 | actor=0.0015 b=0.0118 H=0.031 maxpi=0.975 KL=0.022130 logits|.|=2.352 e[min,max,std]=0.002,0.018,0.006 zone=[0.0, 0.04, 0.96] act=[0.02, 0.01, 0.02, 0.81, 0.14] (ep=108, 21.2s)
[  28000/48000] phase=B world=0.0055 w_ema=0.0036 pred=0.0055 smooth=0.0000 | actor=-0.0004 b=0.0037 H=0.036 maxpi=0.983 KL=0.009418 logits|.|=2.186 e[min,max,std]=0.005,0.040,0.013 zone=[0.0, 0.04, 0.96] act=[0.01, 0.01, 0.01, 0.95, 0.01] (ep=116, 22.1s)
[  30000/48000] phase=B world=0.0016 w_ema=0.0134 pred=0.0016 smooth=0.0000 | actor=0.3536 b=0.0140 H=0.798 maxpi=0.545 KL=0.112470 logits|.|=1.429 e[min,max,std]=0.002,0.004,0.001 zone=[0.0, 0.06, 0.94] act=[0.1, 0.1, 0.03, 0.77, 0.01] (ep=125, 21.4s)
[  32000/48000] phase=B world=0.0044 w_ema=0.0470 pred=0.0044 smooth=0.0000 | actor=0.5158 b=0.0471 H=0.763 maxpi=0.638 KL=0.268552 logits|.|=1.952 e[min,max,std]=0.003,0.009,0.002 zone=[0.0, 0.18, 0.82] act=[0.32, 0.29, 0.02, 0.36, 0.01] (ep=133, 21.0s)
[  34000/48000] phase=B world=0.0028 w_ema=0.0117 pred=0.0028 smooth=0.0000 | actor=0.0420 b=0.0131 H=0.615 maxpi=0.798 KL=0.059801 logits|.|=2.325 e[min,max,std]=0.003,0.015,0.004 zone=[0.0, 0.29, 0.71] act=[0.51, 0.28, 0.01, 0.17, 0.03] (ep=141, 21.1s)
[  36000/48000] phase=B world=0.0069 w_ema=0.0036 pred=0.0069 smooth=0.0000 | actor=-0.0276 b=0.0045 H=0.490 maxpi=0.798 KL=0.009663 logits|.|=2.395 e[min,max,std]=0.003,0.008,0.002 zone=[0.0, 0.15, 0.85] act=[0.67, 0.24, 0.01, 0.03, 0.05] (ep=150, 21.1s)
[  38000/48000] phase=B world=0.0006 w_ema=0.0087 pred=0.0006 smooth=0.0000 | actor=1.6701 b=0.0091 H=0.228 maxpi=0.863 KL=0.230579 logits|.|=1.911 e[min,max,std]=0.001,0.003,0.001 zone=[0.0, 0.21, 0.79] act=[0.28, 0.25, 0.01, 0.39, 0.07] (ep=158, 21.0s)
[  40000/48000] phase=B world=0.0018 w_ema=0.0113 pred=0.0018 smooth=0.0000 | actor=0.2509 b=0.0114 H=1.074 maxpi=0.456 KL=0.158184 logits|.|=2.339 e[min,max,std]=0.002,0.004,0.001 zone=[0.0, 0.08, 0.92] act=[0.12, 0.15, 0.01, 0.66, 0.06] (ep=166, 21.1s)
[  42000/48000] phase=B world=0.0015 w_ema=0.0033 pred=0.0015 smooth=0.0000 | actor=0.1636 b=0.0036 H=0.943 maxpi=0.607 KL=0.011363 logits|.|=3.385 e[min,max,std]=0.001,0.005,0.001 zone=[0.0, 0.12, 0.88] act=[0.33, 0.17, 0.01, 0.21, 0.29] (ep=175, 21.4s)
[  44000/48000] phase=B world=0.0024 w_ema=0.0231 pred=0.0024 smooth=0.0000 | actor=0.2782 b=0.0235 H=1.078 maxpi=0.512 KL=0.294121 logits|.|=1.807 e[min,max,std]=0.002,0.004,0.001 zone=[0.0, 0.08, 0.92] act=[0.19, 0.11, 0.0, 0.57, 0.12] (ep=183, 21.1s)
[  46000/48000] phase=B world=0.0030 w_ema=0.0045 pred=0.0030 smooth=0.0000 | actor=0.0000 b=0.0045 H=0.002 maxpi=0.990 KL=0.043101 logits|.|=3.617 e[min,max,std]=0.003,0.007,0.002 zone=[0.0, 0.03, 0.97] act=[0.11, 0.06, 0.0, 0.51, 0.32] (ep=191, 22.2s)
[  48000/48000] phase=B world=0.0052 w_ema=0.0031 pred=0.0052 smooth=0.0000 | actor=-0.0001 b=0.0031 H=0.003 maxpi=0.999 KL=0.009479 logits|.|=3.202 e[min,max,std]=0.005,0.013,0.003 zone=[0.0, 0.03, 0.97] act=[0.01, 0.02, 0.0, 0.86, 0.1] (ep=200, 21.3s)
Saved checkpoint to: outputs/runs/seed16/ckpt.pt
