/venv/cear-cemergence/lib/python3.10/runpy.py:126: RuntimeWarning: 'cear_pilot.training.train' found in sys.modules after import of package 'cear_pilot.training', but prior to execution of 'cear_pilot.training.train'; this may result in unpredictable behaviour
  warn(RuntimeWarning(msg))
[   2000/48000] phase=A world=0.0024 w_ema=0.0406 pred=0.0024 smooth=0.0000 | actor=0.4209 b=0.0415 H=1.609 maxpi=0.201 KL=0.000011 logits|.|=0.060 e[min,max,std]=0.003,0.004,0.000 zone=[0.49, 0.37, 0.13] act=[0.21, 0.21, 0.2, 0.18, 0.2] (ep=8, 22.6s)
[   4000/48000] phase=A world=0.0975 w_ema=0.2346 pred=0.0975 smooth=0.0000 | actor=1.2923 b=0.2355 H=1.609 maxpi=0.201 KL=0.000012 logits|.|=0.092 e[min,max,std]=0.090,0.103,0.005 zone=[0.28, 0.41, 0.3] act=[0.22, 0.2, 0.2, 0.19, 0.19] (ep=16, 22.4s)
[   6000/48000] phase=A world=0.3709 w_ema=0.2551 pred=0.3708 smooth=0.0001 | actor=-1.2162 b=0.2555 H=1.609 maxpi=0.201 KL=0.000024 logits|.|=0.094 e[min,max,std]=0.362,0.381,0.006 zone=[0.28, 0.41, 0.31] act=[0.2, 0.2, 0.2, 0.2, 0.2] (ep=25, 22.1s)
[   8000/48000] phase=A world=0.0574 w_ema=0.1421 pred=0.0574 smooth=0.0000 | actor=0.7572 b=0.1420 H=1.609 maxpi=0.201 KL=0.000007 logits|.|=0.124 e[min,max,std]=0.056,0.059,0.001 zone=[0.17, 0.34, 0.49] act=[0.2, 0.2, 0.19, 0.21, 0.2] (ep=33, 22.0s)
[  10000/48000] phase=A world=0.2858 w_ema=0.3358 pred=0.2858 smooth=0.0001 | actor=0.3086 b=0.3361 H=1.609 maxpi=0.201 KL=0.000007 logits|.|=0.123 e[min,max,std]=0.276,0.294,0.007 zone=[0.38, 0.27, 0.35] act=[0.19, 0.19, 0.2, 0.21, 0.2] (ep=41, 20.7s)
[  12000/48000] phase=A world=0.1497 w_ema=0.2921 pred=0.1497 smooth=0.0000 | actor=1.1784 b=0.2928 H=1.609 maxpi=0.200 KL=0.000001 logits|.|=0.111 e[min,max,std]=0.139,0.160,0.007 zone=[0.4, 0.36, 0.24] act=[0.2, 0.2, 0.2, 0.2, 0.2] (ep=50, 20.6s)
[  14000/48000] phase=B world=0.0008 w_ema=0.0118 pred=0.0008 smooth=0.0000 | actor=0.0477 b=0.0129 H=0.566 maxpi=0.805 KL=0.010560 logits|.|=1.002 e[min,max,std]=0.001,0.008,0.003 zone=[0.0, 0.1, 0.89] act=[0.2, 0.3, 0.08, 0.36, 0.07] (ep=58, 21.1s)
[  16000/48000] phase=B world=0.0035 w_ema=0.0044 pred=0.0035 smooth=0.0000 | actor=0.0005 b=0.0046 H=0.062 maxpi=0.988 KL=0.003833 logits|.|=1.907 e[min,max,std]=0.003,0.011,0.003 zone=[0.0, 0.02, 0.98] act=[0.01, 0.01, 0.0, 0.97, 0.01] (ep=66, 21.1s)
[  18000/48000] phase=B world=0.0048 w_ema=0.0029 pred=0.0048 smooth=0.0000 | actor=-0.0014 b=0.0029 H=0.055 maxpi=0.990 KL=0.000471 logits|.|=1.919 e[min,max,std]=0.004,0.009,0.002 zone=[0.0, 0.02, 0.98] act=[0.0, 0.0, 0.0, 0.98, 0.01] (ep=75, 21.0s)
[  20000/48000] phase=B world=0.0032 w_ema=0.0214 pred=0.0032 smooth=0.0000 | actor=0.0329 b=0.0217 H=0.348 maxpi=0.784 KL=0.019746 logits|.|=0.967 e[min,max,std]=0.003,0.005,0.001 zone=[0.0, 0.04, 0.96] act=[0.04, 0.01, 0.02, 0.89, 0.03] (ep=83, 19.8s)
[  22000/48000] phase=B world=0.0017 w_ema=0.0035 pred=0.0017 smooth=0.0000 | actor=0.0010 b=0.0035 H=0.061 maxpi=0.987 KL=0.004815 logits|.|=1.942 e[min,max,std]=0.002,0.010,0.003 zone=[0.0, 0.02, 0.98] act=[0.01, 0.01, 0.0, 0.98, 0.01] (ep=91, 21.1s)
[  24000/48000] phase=B world=0.0009 w_ema=0.0029 pred=0.0009 smooth=0.0000 | actor=0.0047 b=0.0030 H=0.144 maxpi=0.966 KL=0.002433 logits|.|=1.681 e[min,max,std]=0.001,0.002,0.000 zone=[0.0, 0.02, 0.98] act=[0.01, 0.0, 0.01, 0.98, 0.0] (ep=100, 21.3s)
[  26000/48000] phase=B world=0.0014 w_ema=0.0078 pred=0.0014 smooth=0.0000 | actor=0.0195 b=0.0081 H=0.362 maxpi=0.922 KL=0.020018 logits|.|=1.324 e[min,max,std]=0.001,0.007,0.002 zone=[0.0, 0.05, 0.95] act=[0.05, 0.04, 0.01, 0.88, 0.02] (ep=108, 21.1s)
[  28000/48000] phase=B world=0.0010 w_ema=0.0040 pred=0.0010 smooth=0.0000 | actor=0.0012 b=0.0040 H=0.061 maxpi=0.983 KL=0.014808 logits|.|=1.837 e[min,max,std]=0.001,0.004,0.001 zone=[0.01, 0.06, 0.93] act=[0.1, 0.05, 0.04, 0.75, 0.05] (ep=116, 21.1s)
[  30000/48000] phase=B world=0.0035 w_ema=0.0029 pred=0.0035 smooth=0.0000 | actor=-0.0020 b=0.0029 H=0.203 maxpi=0.960 KL=0.001393 logits|.|=1.472 e[min,max,std]=0.004,0.008,0.002 zone=[0.0, 0.05, 0.95] act=[0.04, 0.02, 0.02, 0.9, 0.02] (ep=125, 21.0s)
[  32000/48000] phase=B world=0.0016 w_ema=0.0054 pred=0.0016 smooth=0.0000 | actor=0.0024 b=0.0054 H=0.078 maxpi=0.987 KL=0.001916 logits|.|=1.987 e[min,max,std]=0.002,0.004,0.001 zone=[0.0, 0.05, 0.95] act=[0.02, 0.02, 0.03, 0.9, 0.03] (ep=133, 21.1s)
[  34000/48000] phase=B world=0.0027 w_ema=0.0036 pred=0.0027 smooth=0.0000 | actor=0.0003 b=0.0036 H=0.048 maxpi=0.984 KL=0.008932 logits|.|=1.897 e[min,max,std]=0.003,0.004,0.000 zone=[0.0, 0.02, 0.98] act=[0.01, 0.01, 0.01, 0.95, 0.01] (ep=141, 21.1s)
[  36000/48000] phase=B world=0.0010 w_ema=0.0028 pred=0.0010 smooth=0.0000 | actor=0.0075 b=0.0028 H=0.175 maxpi=0.966 KL=0.004104 logits|.|=1.709 e[min,max,std]=0.001,0.003,0.001 zone=[0.0, 0.02, 0.98] act=[0.01, 0.01, 0.01, 0.97, 0.01] (ep=150, 21.0s)
[  38000/48000] phase=B world=0.0016 w_ema=0.0261 pred=0.0016 smooth=0.0000 | actor=0.0150 b=0.0263 H=0.167 maxpi=0.754 KL=0.091206 logits|.|=1.612 e[min,max,std]=0.002,0.006,0.002 zone=[0.01, 0.07, 0.92] act=[0.13, 0.07, 0.05, 0.69, 0.06] (ep=158, 21.4s)
[  40000/48000] phase=B world=0.0012 w_ema=0.0051 pred=0.0012 smooth=0.0000 | actor=0.0005 b=0.0051 H=0.021 maxpi=0.993 KL=0.015730 logits|.|=2.842 e[min,max,std]=0.001,0.007,0.002 zone=[0.0, 0.03, 0.97] act=[0.1, 0.01, 0.01, 0.88, 0.01] (ep=166, 21.1s)
[  42000/48000] phase=B world=0.0036 w_ema=0.0027 pred=0.0036 smooth=0.0000 | actor=-0.0002 b=0.0027 H=0.020 maxpi=0.993 KL=0.003887 logits|.|=2.428 e[min,max,std]=0.004,0.017,0.004 zone=[0.0, 0.02, 0.98] act=[0.01, 0.0, 0.0, 0.98, 0.0] (ep=175, 21.1s)
[  44000/48000] phase=B world=0.0025 w_ema=0.0093 pred=0.0024 smooth=0.0000 | actor=0.0001 b=0.0093 H=0.005 maxpi=0.999 KL=0.000322 logits|.|=2.993 e[min,max,std]=0.002,0.008,0.002 zone=[0.0, 0.03, 0.97] act=[0.02, 0.01, 0.0, 0.95, 0.01] (ep=183, 21.0s)
[  46000/48000] phase=B world=0.0018 w_ema=0.0046 pred=0.0018 smooth=0.0000 | actor=0.0002 b=0.0046 H=0.018 maxpi=0.995 KL=0.008502 logits|.|=2.536 e[min,max,std]=0.001,0.005,0.001 zone=[0.0, 0.02, 0.98] act=[0.01, 0.0, 0.0, 0.99, 0.0] (ep=191, 21.0s)
[  48000/48000] phase=B world=0.0011 w_ema=0.0028 pred=0.0011 smooth=0.0000 | actor=0.0016 b=0.0032 H=0.051 maxpi=0.870 KL=0.169514 logits|.|=1.468 e[min,max,std]=0.001,0.005,0.002 zone=[0.0, 0.02, 0.98] act=[0.02, 0.02, 0.01, 0.94, 0.01] (ep=200, 21.0s)
Saved checkpoint to: outputs/runs/seed22/ckpt.pt
