/venv/cear-cemergence/lib/python3.10/runpy.py:126: RuntimeWarning: 'cear_pilot.training.train' found in sys.modules after import of package 'cear_pilot.training', but prior to execution of 'cear_pilot.training.train'; this may result in unpredictable behaviour
  warn(RuntimeWarning(msg))
[checkpoint] outputs/journal_train/default/seed28/ckpt_step00000.pt
[   2000/48000] phase=A route=detached world=0.1644 w_ema=0.2740 pred=0.1644 smooth=0.0001 | actor=1.0218 b=0.2761 H=1.609 maxpi=0.201 KL=0.000015 logits|.|=0.083 e[min,max,std]=0.156,0.181,0.009 zone=[0.16, 0.34, 0.5] act=[0.19, 0.2, 0.2, 0.21, 0.21] (ep=8, 35.2s)
[   4000/48000] phase=A route=detached world=0.0181 w_ema=0.0616 pred=0.0181 smooth=0.0000 | actor=0.9031 b=0.0628 H=1.609 maxpi=0.201 KL=0.000004 logits|.|=0.041 e[min,max,std]=0.016,0.025,0.003 zone=[0.42, 0.31, 0.28] act=[0.21, 0.21, 0.19, 0.2, 0.19] (ep=16, 34.0s)
[   6000/48000] phase=A route=detached world=0.0948 w_ema=0.1173 pred=0.0948 smooth=0.0001 | actor=0.2725 b=0.1191 H=1.609 maxpi=0.200 KL=0.000002 logits|.|=0.041 e[min,max,std]=0.090,0.100,0.003 zone=[0.24, 0.42, 0.34] act=[0.18, 0.21, 0.2, 0.2, 0.19] (ep=25, 33.6s)
[   8000/48000] phase=A route=detached world=0.0814 w_ema=0.1312 pred=0.0813 smooth=0.0002 | actor=0.6121 b=0.1318 H=1.609 maxpi=0.201 KL=0.000013 logits|.|=0.022 e[min,max,std]=0.073,0.089,0.006 zone=[0.3, 0.49, 0.22] act=[0.19, 0.18, 0.21, 0.2, 0.21] (ep=33, 33.3s)
[  10000/48000] phase=A route=detached world=0.0039 w_ema=0.0234 pred=0.0039 smooth=0.0000 | actor=0.2142 b=0.0239 H=1.609 maxpi=0.201 KL=0.000005 logits|.|=0.017 e[min,max,std]=0.003,0.006,0.001 zone=[0.28, 0.34, 0.38] act=[0.19, 0.2, 0.2, 0.2, 0.21] (ep=41, 33.8s)
[checkpoint] outputs/journal_train/default/seed28/ckpt_step12000.pt
[  12000/48000] phase=A route=detached world=0.1860 w_ema=0.2821 pred=0.1860 smooth=0.0001 | actor=0.7280 b=0.2809 H=1.609 maxpi=0.201 KL=0.000006 logits|.|=0.018 e[min,max,std]=0.178,0.192,0.006 zone=[0.38, 0.34, 0.28] act=[0.2, 0.2, 0.21, 0.2, 0.19] (ep=50, 34.4s)
[  14000/48000] phase=B route=detached world=0.0030 w_ema=0.0183 pred=0.0030 smooth=0.0000 | actor=0.0076 b=0.0189 H=0.140 maxpi=0.949 KL=0.040739 logits|.|=1.780 e[min,max,std]=0.003,0.021,0.007 zone=[0.01, 0.1, 0.9] act=[0.14, 0.12, 0.07, 0.61, 0.07] (ep=58, 34.5s)
[  16000/48000] phase=B route=detached world=0.0008 w_ema=0.0037 pred=0.0008 smooth=0.0000 | actor=0.0008 b=0.0038 H=0.033 maxpi=0.993 KL=0.005808 logits|.|=2.355 e[min,max,std]=0.001,0.005,0.002 zone=[0.0, 0.03, 0.97] act=[0.01, 0.01, 0.01, 0.97, 0.0] (ep=66, 34.4s)
[checkpoint] outputs/journal_train/default/seed28/ckpt_step18000.pt
[  18000/48000] phase=B route=detached world=0.0031 w_ema=0.0035 pred=0.0031 smooth=0.0000 | actor=0.0005 b=0.0035 H=0.139 maxpi=0.970 KL=0.002766 logits|.|=1.834 e[min,max,std]=0.003,0.007,0.002 zone=[0.0, 0.04, 0.96] act=[0.0, 0.01, 0.01, 0.97, 0.01] (ep=75, 34.6s)
[  20000/48000] phase=B route=detached world=0.0049 w_ema=0.0102 pred=0.0049 smooth=0.0000 | actor=0.0242 b=0.0104 H=0.532 maxpi=0.890 KL=0.034656 logits|.|=1.537 e[min,max,std]=0.005,0.008,0.001 zone=[0.01, 0.07, 0.93] act=[0.03, 0.02, 0.06, 0.86, 0.03] (ep=83, 34.4s)
[  22000/48000] phase=B route=detached world=0.0038 w_ema=0.0043 pred=0.0038 smooth=0.0000 | actor=0.0009 b=0.0044 H=0.185 maxpi=0.965 KL=0.005108 logits|.|=1.814 e[min,max,std]=0.004,0.006,0.001 zone=[0.0, 0.04, 0.96] act=[0.01, 0.01, 0.01, 0.96, 0.01] (ep=91, 33.9s)
[checkpoint] outputs/journal_train/default/seed28/ckpt_step24000.pt
[  24000/48000] phase=B route=detached world=0.0008 w_ema=0.0025 pred=0.0008 smooth=0.0000 | actor=0.0041 b=0.0026 H=0.135 maxpi=0.976 KL=0.000258 logits|.|=1.944 e[min,max,std]=0.001,0.005,0.001 zone=[0.0, 0.03, 0.97] act=[0.01, 0.01, 0.01, 0.97, 0.01] (ep=100, 34.3s)
[  26000/48000] phase=B route=detached world=0.0023 w_ema=0.0105 pred=0.0023 smooth=0.0000 | actor=0.0177 b=0.0107 H=0.323 maxpi=0.903 KL=0.015511 logits|.|=1.457 e[min,max,std]=0.002,0.003,0.000 zone=[0.0, 0.03, 0.97] act=[0.01, 0.02, 0.01, 0.95, 0.01] (ep=108, 33.9s)
[  28000/48000] phase=B route=detached world=0.0031 w_ema=0.0043 pred=0.0031 smooth=0.0000 | actor=0.0009 b=0.0043 H=0.096 maxpi=0.983 KL=0.004487 logits|.|=2.088 e[min,max,std]=0.003,0.009,0.002 zone=[0.0, 0.03, 0.97] act=[0.01, 0.01, 0.01, 0.96, 0.01] (ep=116, 33.8s)
[checkpoint] outputs/journal_train/default/seed28/ckpt_step30000.pt
[  30000/48000] phase=B route=detached world=0.0055 w_ema=0.0029 pred=0.0055 smooth=0.0000 | actor=-0.0095 b=0.0030 H=0.177 maxpi=0.958 KL=0.000742 logits|.|=1.842 e[min,max,std]=0.004,0.006,0.001 zone=[0.0, 0.04, 0.96] act=[0.06, 0.03, 0.02, 0.88, 0.01] (ep=125, 23.6s)
[  32000/48000] phase=B route=detached world=0.0013 w_ema=0.0078 pred=0.0013 smooth=0.0000 | actor=0.1181 b=0.0083 H=1.030 maxpi=0.731 KL=0.026739 logits|.|=1.099 e[min,max,std]=0.001,0.003,0.001 zone=[0.0, 0.04, 0.96] act=[0.05, 0.02, 0.01, 0.9, 0.02] (ep=133, 21.1s)
[  34000/48000] phase=B route=detached world=0.0078 w_ema=0.0044 pred=0.0078 smooth=0.0000 | actor=-0.0120 b=0.0049 H=0.404 maxpi=0.858 KL=0.022861 logits|.|=1.215 e[min,max,std]=0.008,0.011,0.001 zone=[0.0, 0.03, 0.97] act=[0.07, 0.04, 0.02, 0.86, 0.02] (ep=141, 21.1s)
[checkpoint] outputs/journal_train/default/seed28/ckpt_step36000.pt
[  36000/48000] phase=B route=detached world=0.0004 w_ema=0.0033 pred=0.0004 smooth=0.0000 | actor=0.0007 b=0.0033 H=0.035 maxpi=0.994 KL=0.001703 logits|.|=2.600 e[min,max,std]=0.000,0.007,0.002 zone=[0.0, 0.06, 0.94] act=[0.06, 0.03, 0.02, 0.88, 0.02] (ep=150, 21.1s)
[  38000/48000] phase=B route=detached world=0.0013 w_ema=0.0111 pred=0.0013 smooth=0.0000 | actor=0.0038 b=0.0110 H=0.067 maxpi=0.971 KL=0.017958 logits|.|=2.316 e[min,max,std]=0.001,0.006,0.001 zone=[0.0, 0.03, 0.97] act=[0.01, 0.01, 0.0, 0.97, 0.01] (ep=158, 23.0s)
[  40000/48000] phase=B route=detached world=0.0028 w_ema=0.0074 pred=0.0028 smooth=0.0000 | actor=0.2944 b=0.0093 H=1.581 maxpi=0.417 KL=0.088231 logits|.|=0.522 e[min,max,std]=0.004,0.006,0.001 zone=[0.0, 0.04, 0.96] act=[0.02, 0.02, 0.01, 0.92, 0.02] (ep=166, 23.8s)
[checkpoint] outputs/journal_train/default/seed28/ckpt_step42000.pt
[  42000/48000] phase=B route=detached world=0.0012 w_ema=0.0028 pred=0.0012 smooth=0.0000 | actor=0.0006 b=0.0028 H=0.025 maxpi=0.997 KL=0.000815 logits|.|=2.763 e[min,max,std]=0.001,0.009,0.003 zone=[0.0, 0.03, 0.97] act=[0.02, 0.01, 0.01, 0.94, 0.02] (ep=175, 25.4s)
[  44000/48000] phase=B route=detached world=0.0023 w_ema=0.0150 pred=0.0023 smooth=0.0000 | actor=0.0083 b=0.0151 H=0.149 maxpi=0.964 KL=0.031337 logits|.|=2.039 e[min,max,std]=0.002,0.010,0.003 zone=[0.0, 0.04, 0.96] act=[0.03, 0.01, 0.01, 0.91, 0.04] (ep=183, 33.9s)
[  46000/48000] phase=B route=detached world=0.0015 w_ema=0.0042 pred=0.0015 smooth=0.0000 | actor=0.0012 b=0.0044 H=0.049 maxpi=0.980 KL=0.003529 logits|.|=2.272 e[min,max,std]=0.002,0.018,0.006 zone=[0.0, 0.03, 0.97] act=[0.01, 0.0, 0.0, 0.97, 0.01] (ep=191, 33.9s)
[checkpoint] outputs/journal_train/default/seed28/ckpt_step48000.pt
[  48000/48000] phase=B route=detached world=0.0024 w_ema=0.0029 pred=0.0024 smooth=0.0000 | actor=0.0002 b=0.0029 H=0.033 maxpi=0.996 KL=0.001048 logits|.|=2.653 e[min,max,std]=0.002,0.009,0.002 zone=[0.0, 0.03, 0.97] act=[0.0, 0.0, 0.0, 0.98, 0.01] (ep=200, 33.8s)
Saved training trajectory to: outputs/journal_train/default/seed28/train_traj.parquet
Saved checkpoint to: outputs/journal_train/default/seed28/ckpt.pt
