/venv/cear-cemergence/lib/python3.10/runpy.py:126: RuntimeWarning: 'cear_pilot.training.train' found in sys.modules after import of package 'cear_pilot.training', but prior to execution of 'cear_pilot.training.train'; this may result in unpredictable behaviour
  warn(RuntimeWarning(msg))
[checkpoint] outputs/journal_train/default/seed23/ckpt_step00000.pt
[   2000/48000] phase=A route=detached world=0.0053 w_ema=0.0499 pred=0.0053 smooth=0.0000 | actor=0.4514 b=0.0504 H=1.609 maxpi=0.201 KL=0.000005 logits|.|=0.122 e[min,max,std]=0.004,0.008,0.001 zone=[0.2, 0.44, 0.36] act=[0.2, 0.18, 0.2, 0.21, 0.21] (ep=8, 32.8s)
[   4000/48000] phase=A route=detached world=0.2726 w_ema=0.2601 pred=0.2726 smooth=0.0002 | actor=-0.0872 b=0.2617 H=1.609 maxpi=0.201 KL=0.000004 logits|.|=0.129 e[min,max,std]=0.263,0.284,0.007 zone=[0.28, 0.46, 0.25] act=[0.19, 0.2, 0.21, 0.2, 0.21] (ep=16, 34.9s)
[   6000/48000] phase=A route=detached world=0.1186 w_ema=0.1040 pred=0.1185 smooth=0.0002 | actor=-0.1860 b=0.1041 H=1.609 maxpi=0.200 KL=0.000002 logits|.|=0.137 e[min,max,std]=0.110,0.124,0.005 zone=[0.33, 0.55, 0.12] act=[0.18, 0.2, 0.21, 0.2, 0.2] (ep=25, 34.9s)
[   8000/48000] phase=A route=detached world=0.0803 w_ema=0.0791 pred=0.0803 smooth=0.0000 | actor=-0.1848 b=0.0801 H=1.609 maxpi=0.200 KL=0.000002 logits|.|=0.119 e[min,max,std]=0.071,0.088,0.006 zone=[0.13, 0.32, 0.55] act=[0.2, 0.2, 0.19, 0.21, 0.2] (ep=33, 35.0s)
[  10000/48000] phase=A route=detached world=0.4725 w_ema=0.3188 pred=0.4724 smooth=0.0005 | actor=-1.1627 b=0.3182 H=1.609 maxpi=0.201 KL=0.000005 logits|.|=0.128 e[min,max,std]=0.467,0.485,0.007 zone=[0.19, 0.42, 0.39] act=[0.21, 0.2, 0.2, 0.2, 0.18] (ep=41, 35.1s)
[checkpoint] outputs/journal_train/default/seed23/ckpt_step12000.pt
[  12000/48000] phase=A route=detached world=0.1904 w_ema=0.2601 pred=0.1904 smooth=0.0001 | actor=0.5080 b=0.2615 H=1.609 maxpi=0.201 KL=0.000003 logits|.|=0.113 e[min,max,std]=0.175,0.205,0.012 zone=[0.38, 0.34, 0.28] act=[0.19, 0.2, 0.21, 0.19, 0.21] (ep=50, 34.9s)
[  14000/48000] phase=B route=detached world=0.0029 w_ema=0.0177 pred=0.0029 smooth=0.0000 | actor=0.3210 b=0.0195 H=1.267 maxpi=0.466 KL=0.001232 logits|.|=0.950 e[min,max,std]=0.002,0.007,0.002 zone=[0.01, 0.2, 0.79] act=[0.31, 0.22, 0.07, 0.21, 0.19] (ep=58, 34.9s)
[  16000/48000] phase=B route=detached world=0.0013 w_ema=0.0054 pred=0.0012 smooth=0.0000 | actor=-0.0615 b=0.0070 H=1.167 maxpi=0.485 KL=0.000580 logits|.|=1.295 e[min,max,std]=0.001,0.008,0.002 zone=[0.0, 0.09, 0.91] act=[0.56, 0.16, 0.01, 0.2, 0.06] (ep=66, 35.1s)
[checkpoint] outputs/journal_train/default/seed23/ckpt_step18000.pt
[  18000/48000] phase=B route=detached world=0.0023 w_ema=0.0035 pred=0.0023 smooth=0.0000 | actor=-0.0064 b=0.0053 H=1.424 maxpi=0.374 KL=0.002242 logits|.|=0.594 e[min,max,std]=0.002,0.006,0.001 zone=[0.0, 0.18, 0.82] act=[0.36, 0.4, 0.02, 0.09, 0.12] (ep=75, 35.0s)
[  20000/48000] phase=B route=detached world=0.0031 w_ema=0.0086 pred=0.0031 smooth=0.0000 | actor=0.4806 b=0.0103 H=1.578 maxpi=0.258 KL=0.001215 logits|.|=0.258 e[min,max,std]=0.001,0.008,0.002 zone=[0.01, 0.26, 0.73] act=[0.22, 0.23, 0.09, 0.21, 0.25] (ep=83, 35.2s)
[  22000/48000] phase=B route=detached world=0.0014 w_ema=0.0032 pred=0.0014 smooth=0.0000 | actor=0.0015 b=0.0032 H=0.072 maxpi=0.990 KL=0.000015 logits|.|=1.879 e[min,max,std]=0.001,0.008,0.003 zone=[0.0, 0.05, 0.95] act=[0.08, 0.06, 0.05, 0.74, 0.08] (ep=91, 35.0s)
[checkpoint] outputs/journal_train/default/seed23/ckpt_step24000.pt
[  24000/48000] phase=B route=detached world=0.0015 w_ema=0.0033 pred=0.0015 smooth=0.0000 | actor=0.0013 b=0.0034 H=0.140 maxpi=0.970 KL=0.001630 logits|.|=1.598 e[min,max,std]=0.001,0.010,0.003 zone=[0.0, 0.02, 0.98] act=[0.01, 0.0, 0.02, 0.96, 0.01] (ep=100, 34.9s)
[  26000/48000] phase=B route=detached world=0.0052 w_ema=0.0120 pred=0.0052 smooth=0.0000 | actor=0.3694 b=0.0124 H=0.785 maxpi=0.810 KL=0.039769 logits|.|=1.349 e[min,max,std]=0.005,0.007,0.000 zone=[0.01, 0.04, 0.95] act=[0.01, 0.01, 0.05, 0.91, 0.02] (ep=108, 35.0s)
[  28000/48000] phase=B route=detached world=0.0027 w_ema=0.0042 pred=0.0027 smooth=0.0000 | actor=0.0004 b=0.0042 H=0.036 maxpi=0.994 KL=0.001186 logits|.|=2.161 e[min,max,std]=0.003,0.007,0.002 zone=[0.0, 0.04, 0.96] act=[0.0, 0.01, 0.03, 0.93, 0.02] (ep=116, 35.1s)
[checkpoint] outputs/journal_train/default/seed23/ckpt_step30000.pt
[  30000/48000] phase=B route=detached world=0.0041 w_ema=0.0031 pred=0.0041 smooth=0.0000 | actor=-0.0005 b=0.0031 H=0.053 maxpi=0.991 KL=0.000821 logits|.|=2.002 e[min,max,std]=0.002,0.008,0.002 zone=[0.0, 0.03, 0.97] act=[0.01, 0.02, 0.01, 0.95, 0.01] (ep=125, 35.0s)
[  32000/48000] phase=B route=detached world=0.0054 w_ema=0.0163 pred=0.0054 smooth=0.0000 | actor=0.0009 b=0.0162 H=0.024 maxpi=0.991 KL=0.012912 logits|.|=2.199 e[min,max,std]=0.002,0.005,0.001 zone=[0.0, 0.03, 0.97] act=[0.0, 0.01, 0.01, 0.98, 0.01] (ep=133, 35.0s)
[  34000/48000] phase=B route=detached world=0.0009 w_ema=0.0033 pred=0.0009 smooth=0.0000 | actor=0.0121 b=0.0035 H=0.296 maxpi=0.917 KL=0.009002 logits|.|=1.564 e[min,max,std]=0.001,0.010,0.003 zone=[0.0, 0.02, 0.98] act=[0.0, 0.01, 0.0, 0.98, 0.01] (ep=141, 35.3s)
[checkpoint] outputs/journal_train/default/seed23/ckpt_step36000.pt
[  36000/48000] phase=B route=detached world=0.0023 w_ema=0.0027 pred=0.0023 smooth=0.0000 | actor=0.0002 b=0.0028 H=0.037 maxpi=0.994 KL=0.001649 logits|.|=2.226 e[min,max,std]=0.002,0.009,0.002 zone=[0.0, 0.02, 0.98] act=[0.0, 0.04, 0.01, 0.93, 0.01] (ep=150, 35.2s)
[  38000/48000] phase=B route=detached world=0.0051 w_ema=0.0090 pred=0.0051 smooth=0.0000 | actor=0.0012 b=0.0092 H=0.093 maxpi=0.856 KL=0.014627 logits|.|=1.583 e[min,max,std]=0.005,0.015,0.004 zone=[0.01, 0.04, 0.95] act=[0.02, 0.08, 0.05, 0.84, 0.02] (ep=158, 35.6s)
[  40000/48000] phase=B route=detached world=0.0030 w_ema=0.0036 pred=0.0030 smooth=0.0000 | actor=0.0022 b=0.0039 H=0.288 maxpi=0.914 KL=0.008019 logits|.|=1.329 e[min,max,std]=0.002,0.007,0.002 zone=[0.0, 0.07, 0.93] act=[0.02, 0.07, 0.05, 0.84, 0.02] (ep=166, 35.2s)
[checkpoint] outputs/journal_train/default/seed23/ckpt_step42000.pt
[  42000/48000] phase=B route=detached world=0.0012 w_ema=0.0042 pred=0.0012 smooth=0.0000 | actor=0.0961 b=0.0065 H=1.235 maxpi=0.522 KL=0.095230 logits|.|=0.812 e[min,max,std]=0.002,0.006,0.001 zone=[0.0, 0.05, 0.95] act=[0.11, 0.05, 0.04, 0.79, 0.02] (ep=175, 35.0s)
[  44000/48000] phase=B route=detached world=0.0046 w_ema=0.0187 pred=0.0046 smooth=0.0000 | actor=0.1446 b=0.0202 H=0.873 maxpi=0.681 KL=0.129935 logits|.|=2.012 e[min,max,std]=0.004,0.013,0.003 zone=[0.0, 0.14, 0.85] act=[0.43, 0.05, 0.01, 0.25, 0.25] (ep=183, 34.9s)
[  46000/48000] phase=B route=detached world=0.0037 w_ema=0.0055 pred=0.0037 smooth=0.0000 | actor=0.0006 b=0.0078 H=1.197 maxpi=0.592 KL=0.242504 logits|.|=1.565 e[min,max,std]=0.004,0.008,0.001 zone=[0.0, 0.1, 0.9] act=[0.17, 0.05, 0.01, 0.32, 0.46] (ep=191, 35.3s)
[checkpoint] outputs/journal_train/default/seed23/ckpt_step48000.pt
[  48000/48000] phase=B route=detached world=0.0029 w_ema=0.0029 pred=0.0029 smooth=0.0000 | actor=0.0000 b=0.0029 H=0.006 maxpi=0.999 KL=0.003726 logits|.|=3.174 e[min,max,std]=0.002,0.032,0.011 zone=[0.0, 0.04, 0.96] act=[0.03, 0.01, 0.0, 0.82, 0.14] (ep=200, 35.0s)
Saved training trajectory to: outputs/journal_train/default/seed23/train_traj.parquet
Saved checkpoint to: outputs/journal_train/default/seed23/ckpt.pt
