/venv/cear-cemergence/lib/python3.10/runpy.py:126: RuntimeWarning: 'cear_pilot.training.train' found in sys.modules after import of package 'cear_pilot.training', but prior to execution of 'cear_pilot.training.train'; this may result in unpredictable behaviour
  warn(RuntimeWarning(msg))
[   2000/48000] phase=A world=0.0053 w_ema=0.0499 pred=0.0053 smooth=0.0000 | actor=0.4514 b=0.0504 H=1.609 maxpi=0.201 KL=0.000005 logits|.|=0.122 e[min,max,std]=0.004,0.008,0.001 zone=[0.2, 0.44, 0.36] act=[0.2, 0.18, 0.2, 0.21, 0.21] (ep=8, 22.6s)
[   4000/48000] phase=A world=0.2726 w_ema=0.2601 pred=0.2726 smooth=0.0002 | actor=-0.0872 b=0.2617 H=1.609 maxpi=0.201 KL=0.000004 logits|.|=0.129 e[min,max,std]=0.263,0.284,0.007 zone=[0.28, 0.46, 0.25] act=[0.19, 0.2, 0.21, 0.2, 0.21] (ep=16, 22.1s)
[   6000/48000] phase=A world=0.1186 w_ema=0.1040 pred=0.1185 smooth=0.0002 | actor=-0.1860 b=0.1041 H=1.609 maxpi=0.200 KL=0.000002 logits|.|=0.137 e[min,max,std]=0.110,0.124,0.005 zone=[0.33, 0.55, 0.12] act=[0.18, 0.2, 0.21, 0.2, 0.2] (ep=25, 22.2s)
[   8000/48000] phase=A world=0.0803 w_ema=0.0791 pred=0.0803 smooth=0.0000 | actor=-0.1848 b=0.0801 H=1.609 maxpi=0.200 KL=0.000002 logits|.|=0.119 e[min,max,std]=0.071,0.088,0.006 zone=[0.13, 0.32, 0.55] act=[0.2, 0.2, 0.19, 0.21, 0.2] (ep=33, 21.2s)
[  10000/48000] phase=A world=0.4725 w_ema=0.3188 pred=0.4724 smooth=0.0005 | actor=-1.1627 b=0.3182 H=1.609 maxpi=0.201 KL=0.000005 logits|.|=0.128 e[min,max,std]=0.467,0.485,0.007 zone=[0.19, 0.42, 0.39] act=[0.21, 0.2, 0.2, 0.2, 0.18] (ep=41, 21.2s)
[  12000/48000] phase=A world=0.1904 w_ema=0.2601 pred=0.1904 smooth=0.0001 | actor=0.5080 b=0.2615 H=1.609 maxpi=0.201 KL=0.000003 logits|.|=0.113 e[min,max,std]=0.175,0.205,0.012 zone=[0.38, 0.34, 0.28] act=[0.19, 0.2, 0.21, 0.19, 0.21] (ep=50, 21.2s)
[  14000/48000] phase=B world=0.0029 w_ema=0.0177 pred=0.0029 smooth=0.0000 | actor=0.3210 b=0.0195 H=1.267 maxpi=0.466 KL=0.001232 logits|.|=0.950 e[min,max,std]=0.002,0.007,0.002 zone=[0.01, 0.2, 0.79] act=[0.31, 0.22, 0.07, 0.21, 0.19] (ep=58, 21.1s)
[  16000/48000] phase=B world=0.0013 w_ema=0.0054 pred=0.0012 smooth=0.0000 | actor=-0.0615 b=0.0070 H=1.167 maxpi=0.485 KL=0.000580 logits|.|=1.295 e[min,max,std]=0.001,0.008,0.002 zone=[0.0, 0.09, 0.91] act=[0.56, 0.16, 0.01, 0.2, 0.06] (ep=66, 21.1s)
[  18000/48000] phase=B world=0.0023 w_ema=0.0035 pred=0.0023 smooth=0.0000 | actor=-0.0064 b=0.0053 H=1.424 maxpi=0.374 KL=0.002242 logits|.|=0.594 e[min,max,std]=0.002,0.006,0.001 zone=[0.0, 0.18, 0.82] act=[0.36, 0.4, 0.02, 0.09, 0.12] (ep=75, 21.2s)
[  20000/48000] phase=B world=0.0031 w_ema=0.0086 pred=0.0031 smooth=0.0000 | actor=0.4806 b=0.0103 H=1.578 maxpi=0.258 KL=0.001215 logits|.|=0.258 e[min,max,std]=0.001,0.008,0.002 zone=[0.01, 0.26, 0.73] act=[0.22, 0.23, 0.09, 0.21, 0.25] (ep=83, 21.4s)
[  22000/48000] phase=B world=0.0014 w_ema=0.0032 pred=0.0014 smooth=0.0000 | actor=0.0017 b=0.0033 H=0.076 maxpi=0.988 KL=0.000025 logits|.|=1.825 e[min,max,std]=0.001,0.008,0.002 zone=[0.0, 0.05, 0.95] act=[0.08, 0.06, 0.05, 0.74, 0.08] (ep=91, 21.2s)
[  24000/48000] phase=B world=0.0016 w_ema=0.0028 pred=0.0016 smooth=0.0000 | actor=0.0016 b=0.0029 H=0.105 maxpi=0.980 KL=0.001007 logits|.|=1.733 e[min,max,std]=0.002,0.010,0.003 zone=[0.0, 0.02, 0.98] act=[0.0, 0.0, 0.01, 0.97, 0.0] (ep=100, 21.5s)
[  26000/48000] phase=B world=0.0052 w_ema=0.0099 pred=0.0052 smooth=0.0000 | actor=0.0094 b=0.0100 H=0.298 maxpi=0.922 KL=0.019377 logits|.|=1.360 e[min,max,std]=0.002,0.006,0.001 zone=[0.01, 0.04, 0.95] act=[0.0, 0.01, 0.06, 0.92, 0.01] (ep=108, 23.0s)
[  28000/48000] phase=B world=0.0024 w_ema=0.0050 pred=0.0024 smooth=0.0000 | actor=0.0077 b=0.0051 H=0.251 maxpi=0.942 KL=0.002655 logits|.|=1.679 e[min,max,std]=0.002,0.007,0.002 zone=[0.0, 0.03, 0.97] act=[0.01, 0.04, 0.02, 0.92, 0.01] (ep=116, 22.5s)
[  30000/48000] phase=B world=0.0042 w_ema=0.0030 pred=0.0042 smooth=0.0000 | actor=-0.0005 b=0.0031 H=0.043 maxpi=0.993 KL=0.000260 logits|.|=2.016 e[min,max,std]=0.004,0.011,0.003 zone=[0.0, 0.04, 0.96] act=[0.01, 0.08, 0.11, 0.79, 0.01] (ep=125, 22.2s)
[  32000/48000] phase=B world=0.0055 w_ema=0.0107 pred=0.0055 smooth=0.0000 | actor=0.0003 b=0.0108 H=0.014 maxpi=0.997 KL=0.005164 logits|.|=2.509 e[min,max,std]=0.006,0.011,0.002 zone=[0.0, 0.02, 0.98] act=[0.0, 0.01, 0.01, 0.98, 0.0] (ep=133, 22.6s)
[  34000/48000] phase=B world=0.1281 w_ema=0.3132 pred=0.1280 smooth=0.0004 | actor=0.0415 b=0.3145 H=0.217 maxpi=0.899 KL=0.025217 logits|.|=1.210 e[min,max,std]=0.127,0.169,0.015 zone=[0.29, 0.03, 0.68] act=[0.01, 0.06, 0.21, 0.71, 0.01] (ep=141, 20.4s)
[  36000/48000] phase=B world=0.0020 w_ema=0.0030 pred=0.0020 smooth=0.0000 | actor=0.0004 b=0.0031 H=0.037 maxpi=0.993 KL=0.001845 logits|.|=2.038 e[min,max,std]=0.002,0.029,0.010 zone=[0.5, 0.03, 0.48] act=[0.04, 0.04, 0.47, 0.44, 0.01] (ep=150, 21.2s)
[  38000/48000] phase=B world=0.0080 w_ema=0.0298 pred=0.0080 smooth=0.0000 | actor=0.0045 b=0.0297 H=0.140 maxpi=0.881 KL=0.161557 logits|.|=1.796 e[min,max,std]=0.008,0.029,0.009 zone=[0.05, 0.06, 0.89] act=[0.31, 0.01, 0.02, 0.65, 0.0] (ep=158, 21.1s)
[  40000/48000] phase=B world=0.0028 w_ema=0.0055 pred=0.0028 smooth=0.0000 | actor=0.0001 b=0.0055 H=0.007 maxpi=0.992 KL=0.040066 logits|.|=2.989 e[min,max,std]=0.003,0.032,0.011 zone=[0.0, 0.06, 0.94] act=[0.12, 0.01, 0.02, 0.84, 0.01] (ep=166, 21.1s)
[  42000/48000] phase=B world=0.0015 w_ema=0.0068 pred=0.0015 smooth=0.0000 | actor=0.0758 b=0.0071 H=0.864 maxpi=0.623 KL=0.194155 logits|.|=1.595 e[min,max,std]=0.002,0.007,0.002 zone=[0.0, 0.05, 0.95] act=[0.03, 0.05, 0.01, 0.85, 0.06] (ep=175, 20.8s)
[  44000/48000] phase=B world=0.0042 w_ema=0.0094 pred=0.0042 smooth=0.0000 | actor=0.0104 b=0.0096 H=0.249 maxpi=0.919 KL=0.122464 logits|.|=1.958 e[min,max,std]=0.003,0.005,0.001 zone=[0.0, 0.1, 0.9] act=[0.55, 0.12, 0.0, 0.27, 0.06] (ep=183, 21.2s)
[  46000/48000] phase=B world=0.0160 w_ema=0.0156 pred=0.0159 smooth=0.0004 | actor=-0.0000 b=0.0159 H=0.002 maxpi=0.696 KL=0.246869 logits|.|=1.618 e[min,max,std]=0.002,0.016,0.005 zone=[0.03, 0.12, 0.85] act=[0.62, 0.05, 0.01, 0.3, 0.02] (ep=191, 21.0s)
[  48000/48000] phase=B world=0.0029 w_ema=0.0029 pred=0.0029 smooth=0.0001 | actor=0.0000 b=0.0029 H=0.004 maxpi=0.998 KL=0.006657 logits|.|=3.226 e[min,max,std]=0.003,0.010,0.003 zone=[0.0, 0.03, 0.97] act=[0.03, 0.01, 0.0, 0.95, 0.0] (ep=200, 20.6s)
Saved checkpoint to: outputs/runs/seed23/ckpt.pt
