/venv/cear-cemergence/lib/python3.10/runpy.py:126: RuntimeWarning: 'cear_pilot.training.train' found in sys.modules after import of package 'cear_pilot.training', but prior to execution of 'cear_pilot.training.train'; this may result in unpredictable behaviour
  warn(RuntimeWarning(msg))
[   2000/48000] phase=A world=0.1060 w_ema=0.2300 pred=0.1060 smooth=0.0000 | actor=1.0433 b=0.2284 H=1.609 maxpi=0.202 KL=0.000043 logits|.|=0.078 e[min,max,std]=0.098,0.112,0.005 zone=[0.15, 0.39, 0.45] act=[0.2, 0.21, 0.18, 0.21, 0.2] (ep=8, 23.5s)
[   4000/48000] phase=A world=0.0917 w_ema=0.1913 pred=0.0917 smooth=0.0000 | actor=0.8604 b=0.1920 H=1.609 maxpi=0.201 KL=0.000005 logits|.|=0.058 e[min,max,std]=0.087,0.095,0.003 zone=[0.29, 0.36, 0.35] act=[0.2, 0.21, 0.2, 0.19, 0.19] (ep=16, 23.0s)
[   6000/48000] phase=A world=0.5179 w_ema=0.3475 pred=0.5179 smooth=0.0000 | actor=-1.1794 b=0.3474 H=1.609 maxpi=0.200 KL=0.000002 logits|.|=0.059 e[min,max,std]=0.489,0.543,0.018 zone=[0.29, 0.46, 0.26] act=[0.2, 0.21, 0.2, 0.19, 0.19] (ep=25, 19.0s)
[   8000/48000] phase=A world=0.4671 w_ema=0.3467 pred=0.4671 smooth=0.0000 | actor=-0.7672 b=0.3473 H=1.609 maxpi=0.201 KL=0.000005 logits|.|=0.046 e[min,max,std]=0.444,0.492,0.020 zone=[0.38, 0.37, 0.25] act=[0.2, 0.21, 0.2, 0.19, 0.2] (ep=33, 21.2s)
[  10000/48000] phase=A world=0.0012 w_ema=0.0489 pred=0.0012 smooth=0.0000 | actor=0.4286 b=0.0499 H=1.609 maxpi=0.200 KL=0.000002 logits|.|=0.041 e[min,max,std]=0.002,0.003,0.001 zone=[0.29, 0.32, 0.39] act=[0.21, 0.21, 0.19, 0.19, 0.2] (ep=41, 22.8s)
[  12000/48000] phase=A world=0.0040 w_ema=0.0768 pred=0.0040 smooth=0.0000 | actor=0.6264 b=0.0767 H=1.609 maxpi=0.200 KL=0.000001 logits|.|=0.056 e[min,max,std]=0.003,0.005,0.001 zone=[0.23, 0.44, 0.34] act=[0.2, 0.19, 0.19, 0.2, 0.22] (ep=50, 20.9s)
[  14000/48000] phase=B world=0.0034 w_ema=0.0136 pred=0.0034 smooth=0.0000 | actor=0.0021 b=0.0136 H=0.041 maxpi=0.994 KL=0.000004 logits|.|=2.000 e[min,max,std]=0.003,0.005,0.001 zone=[0.01, 0.03, 0.96] act=[0.01, 0.02, 0.03, 0.95, 0.01] (ep=58, 21.2s)
[  16000/48000] phase=B world=0.0017 w_ema=0.0035 pred=0.0017 smooth=0.0000 | actor=0.0003 b=0.0035 H=0.028 maxpi=0.997 KL=0.000026 logits|.|=2.129 e[min,max,std]=0.002,0.007,0.002 zone=[0.0, 0.01, 0.99] act=[0.0, 0.0, 0.0, 1.0, 0.0] (ep=66, 21.1s)
[  18000/48000] phase=B world=0.0049 w_ema=0.0031 pred=0.0049 smooth=0.0000 | actor=-0.0023 b=0.0032 H=0.159 maxpi=0.966 KL=0.000660 logits|.|=1.343 e[min,max,std]=0.003,0.010,0.002 zone=[0.0, 0.03, 0.97] act=[0.03, 0.04, 0.03, 0.86, 0.04] (ep=75, 21.1s)
[  20000/48000] phase=B world=0.3684 w_ema=0.1587 pred=0.3684 smooth=0.0000 | actor=-0.8285 b=0.1595 H=1.233 maxpi=0.605 KL=0.022501 logits|.|=0.705 e[min,max,std]=0.349,0.394,0.016 zone=[0.01, 0.18, 0.81] act=[0.02, 0.28, 0.03, 0.62, 0.05] (ep=83, 20.9s)
[  22000/48000] phase=B world=0.1994 w_ema=0.3439 pred=0.1994 smooth=0.0000 | actor=0.5116 b=0.3483 H=1.113 maxpi=0.556 KL=0.006174 logits|.|=1.279 e[min,max,std]=0.195,0.207,0.004 zone=[0.97, 0.03, 0.0] act=[0.08, 0.11, 0.31, 0.02, 0.48] (ep=91, 21.2s)
[  24000/48000] phase=B world=0.4376 w_ema=0.3897 pred=0.4376 smooth=0.0000 | actor=-2.3807 b=0.3975 H=0.827 maxpi=0.690 KL=0.001509 logits|.|=2.009 e[min,max,std]=0.402,0.532,0.044 zone=[0.97, 0.03, 0.0] act=[0.03, 0.1, 0.39, 0.01, 0.47] (ep=100, 21.1s)
[  26000/48000] phase=B world=0.2111 w_ema=0.3634 pred=0.2111 smooth=0.0000 | actor=0.4334 b=0.3693 H=1.152 maxpi=0.635 KL=0.012161 logits|.|=1.571 e[min,max,std]=0.188,0.236,0.018 zone=[0.92, 0.08, 0.0] act=[0.03, 0.06, 0.19, 0.0, 0.72] (ep=108, 21.1s)
[  28000/48000] phase=B world=0.0967 w_ema=0.1059 pred=0.0967 smooth=0.0000 | actor=0.0029 b=0.1064 H=0.217 maxpi=0.955 KL=0.000467 logits|.|=1.898 e[min,max,std]=0.097,0.113,0.006 zone=[0.72, 0.28, 0.0] act=[0.03, 0.05, 0.1, 0.0, 0.82] (ep=116, 21.0s)
[  30000/48000] phase=B world=0.0724 w_ema=0.0956 pred=0.0724 smooth=0.0000 | actor=0.0122 b=0.0960 H=0.256 maxpi=0.946 KL=0.000361 logits|.|=1.918 e[min,max,std]=0.072,0.089,0.007 zone=[0.34, 0.66, 0.0] act=[0.01, 0.01, 0.02, 0.0, 0.95] (ep=125, 21.1s)
[  32000/48000] phase=B world=0.0672 w_ema=0.1123 pred=0.0672 smooth=0.0000 | actor=0.0701 b=0.1125 H=0.366 maxpi=0.939 KL=0.000783 logits|.|=1.612 e[min,max,std]=0.067,0.076,0.003 zone=[0.07, 0.88, 0.05] act=[0.84, 0.03, 0.01, 0.0, 0.12] (ep=133, 20.6s)
[  34000/48000] phase=B world=0.0635 w_ema=0.0926 pred=0.0635 smooth=0.0000 | actor=0.0369 b=0.0928 H=0.283 maxpi=0.946 KL=0.000789 logits|.|=2.386 e[min,max,std]=0.045,0.067,0.008 zone=[0.0, 0.99, 0.01] act=[0.54, 0.02, 0.0, 0.0, 0.43] (ep=141, 21.2s)
[  36000/48000] phase=B world=0.1190 w_ema=0.0961 pred=0.1190 smooth=0.0001 | actor=-0.2358 b=0.0963 H=0.934 maxpi=0.617 KL=0.003215 logits|.|=1.823 e[min,max,std]=0.118,0.131,0.005 zone=[0.02, 0.98, 0.0] act=[0.34, 0.28, 0.0, 0.0, 0.37] (ep=150, 21.0s)
[  38000/48000] phase=B world=0.0987 w_ema=0.1112 pred=0.0987 smooth=0.0001 | actor=0.1424 b=0.1126 H=0.998 maxpi=0.508 KL=0.008116 logits|.|=2.153 e[min,max,std]=0.097,0.114,0.006 zone=[0.0, 0.83, 0.17] act=[0.17, 0.72, 0.0, 0.01, 0.09] (ep=158, 20.9s)
[  40000/48000] phase=B world=0.0058 w_ema=0.0122 pred=0.0058 smooth=0.0000 | actor=0.2763 b=0.0140 H=0.872 maxpi=0.582 KL=0.000132 logits|.|=2.039 e[min,max,std]=0.007,0.012,0.002 zone=[0.07, 0.64, 0.29] act=[0.51, 0.36, 0.0, 0.03, 0.1] (ep=166, 21.1s)
[  42000/48000] phase=B world=0.0022 w_ema=0.0044 pred=0.0022 smooth=0.0000 | actor=0.0318 b=0.0062 H=1.089 maxpi=0.482 KL=0.000184 logits|.|=2.186 e[min,max,std]=0.002,0.005,0.001 zone=[0.0, 0.28, 0.72] act=[0.65, 0.28, 0.0, 0.06, 0.01] (ep=175, 21.1s)
[  44000/48000] phase=B world=0.0180 w_ema=0.0516 pred=0.0180 smooth=0.0000 | actor=0.4701 b=0.0526 H=1.009 maxpi=0.555 KL=0.000418 logits|.|=2.312 e[min,max,std]=0.015,0.020,0.002 zone=[0.0, 0.12, 0.88] act=[0.4, 0.47, 0.0, 0.11, 0.01] (ep=183, 20.8s)
[  46000/48000] phase=B world=0.0018 w_ema=0.0070 pred=0.0018 smooth=0.0000 | actor=0.0240 b=0.0075 H=0.579 maxpi=0.820 KL=0.000081 logits|.|=1.853 e[min,max,std]=0.002,0.006,0.001 zone=[0.0, 0.06, 0.94] act=[0.11, 0.64, 0.0, 0.2, 0.05] (ep=191, 21.1s)
[  48000/48000] phase=B world=0.0012 w_ema=0.0029 pred=0.0012 smooth=0.0000 | actor=0.0790 b=0.0036 H=0.790 maxpi=0.567 KL=0.000021 logits|.|=2.126 e[min,max,std]=0.001,0.011,0.003 zone=[0.0, 0.06, 0.94] act=[0.06, 0.62, 0.0, 0.28, 0.03] (ep=200, 20.9s)
Saved checkpoint to: outputs/runs/seed9/ckpt.pt
