/venv/cear-cemergence/lib/python3.10/runpy.py:126: RuntimeWarning: 'cear_pilot.training.train' found in sys.modules after import of package 'cear_pilot.training', but prior to execution of 'cear_pilot.training.train'; this may result in unpredictable behaviour
  warn(RuntimeWarning(msg))
[checkpoint] outputs/journal_train/coupled/seed21/ckpt_step00000.pt
[   2000/48000] phase=A route=detached world=0.0566 w_ema=0.1338 pred=0.0566 smooth=0.0000 | actor=0.9072 b=0.1354 H=1.609 maxpi=0.201 KL=0.000005 logits|.|=0.036 e[min,max,std]=0.048,0.067,0.008 zone=[0.35, 0.49, 0.16] act=[0.2, 0.21, 0.2, 0.2, 0.19] (ep=8, 35.3s)
[   4000/48000] phase=A route=detached world=0.1492 w_ema=0.1392 pred=0.1492 smooth=0.0000 | actor=-0.2183 b=0.1389 H=1.609 maxpi=0.201 KL=0.000003 logits|.|=0.016 e[min,max,std]=0.134,0.161,0.009 zone=[0.34, 0.43, 0.23] act=[0.21, 0.22, 0.2, 0.19, 0.18] (ep=16, 34.7s)
[   6000/48000] phase=A route=detached world=0.0157 w_ema=0.0609 pred=0.0157 smooth=0.0000 | actor=0.8319 b=0.0625 H=1.609 maxpi=0.200 KL=0.000001 logits|.|=0.022 e[min,max,std]=0.013,0.018,0.002 zone=[0.23, 0.46, 0.32] act=[0.21, 0.19, 0.2, 0.2, 0.2] (ep=25, 34.5s)
[   8000/48000] phase=A route=detached world=0.3263 w_ema=0.2703 pred=0.3263 smooth=0.0001 | actor=-0.5520 b=0.2707 H=1.609 maxpi=0.202 KL=0.000034 logits|.|=0.035 e[min,max,std]=0.316,0.341,0.009 zone=[0.29, 0.4, 0.32] act=[0.19, 0.19, 0.21, 0.21, 0.2] (ep=33, 34.7s)
[  10000/48000] phase=A route=detached world=0.4101 w_ema=0.1288 pred=0.4101 smooth=0.0003 | actor=-3.2540 b=0.1302 H=1.609 maxpi=0.200 KL=0.000002 logits|.|=0.017 e[min,max,std]=0.402,0.418,0.005 zone=[0.13, 0.46, 0.41] act=[0.2, 0.2, 0.19, 0.21, 0.19] (ep=41, 34.6s)
[checkpoint] outputs/journal_train/coupled/seed21/ckpt_step12000.pt
[  12000/48000] phase=A route=detached world=0.7519 w_ema=0.3244 pred=0.7518 smooth=0.0001 | actor=-3.2840 b=0.3246 H=1.609 maxpi=0.201 KL=0.000004 logits|.|=0.035 e[min,max,std]=0.731,0.766,0.013 zone=[0.41, 0.38, 0.21] act=[0.2, 0.2, 0.2, 0.2, 0.2] (ep=50, 35.3s)
[  14000/48000] phase=B route=coupled world=0.2817 w_ema=0.2719 pred=0.2816 smooth=0.0003 | actor=-0.0142 b=0.2740 H=1.134 maxpi=0.589 KL=0.007379 logits|.|=1.542 e[min,max,std]=0.280,0.326,0.017 zone=[0.05, 0.05, 0.9] act=[0.03, 0.04, 0.03, 0.83, 0.07] (ep=58, 27.8s)
[  16000/48000] phase=B route=coupled world=0.5433 w_ema=0.2282 pred=0.5433 smooth=0.0000 | actor=-0.1350 b=0.2297 H=0.337 maxpi=0.914 KL=0.008115 logits|.|=1.672 e[min,max,std]=0.484,0.547,0.021 zone=[0.8, 0.2, 0.0] act=[0.75, 0.06, 0.13, 0.0, 0.06] (ep=66, 28.8s)
[checkpoint] outputs/journal_train/coupled/seed21/ckpt_step18000.pt
[  18000/48000] phase=B route=coupled world=0.4024 w_ema=0.2822 pred=0.4023 smooth=0.0001 | actor=-0.0968 b=0.2842 H=0.552 maxpi=0.882 KL=0.000372 logits|.|=1.835 e[min,max,std]=0.399,0.433,0.011 zone=[0.46, 0.54, 0.0] act=[0.93, 0.03, 0.02, 0.0, 0.02] (ep=75, 29.0s)
[  20000/48000] phase=B route=coupled world=0.0110 w_ema=0.0212 pred=0.0110 smooth=0.0000 | actor=0.0029 b=0.0213 H=0.064 maxpi=0.865 KL=1.658015 logits|.|=2.478 e[min,max,std]=0.006,0.014,0.003 zone=[0.01, 0.29, 0.7] act=[0.47, 0.13, 0.01, 0.37, 0.02] (ep=83, 27.9s)
[  22000/48000] phase=B route=coupled world=0.0541 w_ema=0.0807 pred=0.0541 smooth=0.0001 | actor=0.1942 b=0.0816 H=1.109 maxpi=0.485 KL=0.074051 logits|.|=1.583 e[min,max,std]=0.050,0.073,0.009 zone=[0.0, 0.13, 0.87] act=[0.88, 0.05, 0.0, 0.02, 0.05] (ep=91, 27.9s)
[checkpoint] outputs/journal_train/coupled/seed21/ckpt_step24000.pt
[  24000/48000] phase=B route=coupled world=0.0024 w_ema=0.0319 pred=0.0024 smooth=0.0000 | actor=0.1667 b=0.0329 H=0.768 maxpi=0.659 KL=0.048399 logits|.|=1.548 e[min,max,std]=0.003,0.010,0.002 zone=[0.06, 0.27, 0.67] act=[0.33, 0.31, 0.03, 0.17, 0.15] (ep=100, 28.0s)
[  26000/48000] phase=B route=coupled world=0.0039 w_ema=0.0094 pred=0.0039 smooth=0.0000 | actor=0.0215 b=0.0095 H=0.318 maxpi=0.920 KL=0.000008 logits|.|=2.000 e[min,max,std]=0.004,0.013,0.003 zone=[0.0, 0.23, 0.77] act=[0.11, 0.3, 0.05, 0.49, 0.04] (ep=108, 27.9s)
[  28000/48000] phase=B route=coupled world=0.0029 w_ema=0.0040 pred=0.0029 smooth=0.0000 | actor=0.0006 b=0.0040 H=0.071 maxpi=0.989 KL=0.000001 logits|.|=2.299 e[min,max,std]=0.003,0.007,0.001 zone=[0.0, 0.01, 0.99] act=[0.0, 0.0, 0.01, 0.98, 0.0] (ep=116, 28.0s)
[checkpoint] outputs/journal_train/coupled/seed21/ckpt_step30000.pt
[  30000/48000] phase=B route=coupled world=0.0049 w_ema=0.0027 pred=0.0049 smooth=0.0000 | actor=-0.0070 b=0.0027 H=0.117 maxpi=0.982 KL=0.000005 logits|.|=2.038 e[min,max,std]=0.005,0.013,0.003 zone=[0.0, 0.01, 0.99] act=[0.0, 0.0, 0.02, 0.98, 0.0] (ep=125, 28.5s)
[  32000/48000] phase=B route=coupled world=0.0021 w_ema=0.0054 pred=0.0021 smooth=0.0000 | actor=0.0006 b=0.0053 H=0.022 maxpi=0.997 KL=0.000000 logits|.|=2.478 e[min,max,std]=0.002,0.005,0.001 zone=[0.0, 0.01, 0.99] act=[0.0, 0.0, 0.01, 0.99, 0.0] (ep=133, 28.5s)
[  34000/48000] phase=B route=coupled world=0.0025 w_ema=0.0040 pred=0.0025 smooth=0.0000 | actor=0.0021 b=0.0040 H=0.091 maxpi=0.978 KL=0.000006 logits|.|=2.043 e[min,max,std]=0.002,0.003,0.000 zone=[0.0, 0.01, 0.99] act=[0.01, 0.0, 0.0, 0.98, 0.0] (ep=141, 29.0s)
[checkpoint] outputs/journal_train/coupled/seed21/ckpt_step36000.pt
[  36000/48000] phase=B route=coupled world=0.0049 w_ema=0.0027 pred=0.0049 smooth=0.0000 | actor=-0.0009 b=0.0027 H=0.030 maxpi=0.996 KL=0.000010 logits|.|=2.424 e[min,max,std]=0.005,0.010,0.002 zone=[0.0, 0.01, 0.99] act=[0.0, 0.0, 0.0, 0.99, 0.0] (ep=150, 29.0s)
[  38000/48000] phase=B route=coupled world=0.0015 w_ema=0.0058 pred=0.0015 smooth=0.0000 | actor=0.0007 b=0.0057 H=0.025 maxpi=0.997 KL=0.000001 logits|.|=2.503 e[min,max,std]=0.001,0.005,0.001 zone=[0.0, 0.01, 0.99] act=[0.0, 0.0, 0.0, 1.0, 0.0] (ep=158, 27.9s)
[  40000/48000] phase=B route=coupled world=0.0053 w_ema=0.0042 pred=0.0053 smooth=0.0000 | actor=-0.0003 b=0.0042 H=0.029 maxpi=0.996 KL=0.000003 logits|.|=2.315 e[min,max,std]=0.004,0.009,0.002 zone=[0.0, 0.01, 0.99] act=[0.0, 0.0, 0.0, 1.0, 0.0] (ep=166, 27.9s)
[checkpoint] outputs/journal_train/coupled/seed21/ckpt_step42000.pt
[  42000/48000] phase=B route=coupled world=0.0033 w_ema=0.0027 pred=0.0033 smooth=0.0000 | actor=-0.0009 b=0.0028 H=0.103 maxpi=0.979 KL=0.000002 logits|.|=1.581 e[min,max,std]=0.003,0.009,0.002 zone=[0.0, 0.02, 0.98] act=[0.09, 0.06, 0.01, 0.82, 0.01] (ep=175, 28.7s)
[  44000/48000] phase=B route=coupled world=0.0021 w_ema=0.0060 pred=0.0021 smooth=0.0000 | actor=0.0002 b=0.0060 H=0.012 maxpi=0.999 KL=0.000000 logits|.|=2.539 e[min,max,std]=0.002,0.011,0.003 zone=[0.0, 0.01, 0.99] act=[0.0, 0.0, 0.0, 0.99, 0.0] (ep=183, 27.9s)
[  46000/48000] phase=B route=coupled world=0.0020 w_ema=0.0039 pred=0.0020 smooth=0.0000 | actor=0.0004 b=0.0039 H=0.028 maxpi=0.997 KL=0.000001 logits|.|=2.336 e[min,max,std]=0.001,0.004,0.001 zone=[0.0, 0.01, 0.99] act=[0.0, 0.0, 0.0, 1.0, 0.0] (ep=191, 29.0s)
[checkpoint] outputs/journal_train/coupled/seed21/ckpt_step48000.pt
[  48000/48000] phase=B route=coupled world=0.0010 w_ema=0.0026 pred=0.0010 smooth=0.0000 | actor=0.0033 b=0.0026 H=0.153 maxpi=0.974 KL=0.000000 logits|.|=1.561 e[min,max,std]=0.001,0.014,0.004 zone=[0.01, 0.12, 0.88] act=[0.16, 0.06, 0.03, 0.7, 0.04] (ep=200, 29.5s)
Saved training trajectory to: outputs/journal_train/coupled/seed21/train_traj.parquet
Saved checkpoint to: outputs/journal_train/coupled/seed21/ckpt.pt
