/venv/cear-cemergence/lib/python3.10/runpy.py:126: RuntimeWarning: 'cear_pilot.training.train' found in sys.modules after import of package 'cear_pilot.training', but prior to execution of 'cear_pilot.training.train'; this may result in unpredictable behaviour
  warn(RuntimeWarning(msg))
[checkpoint] outputs/journal_train/default/seed9/ckpt_step00000.pt
[   2000/48000] phase=A route=detached world=0.1060 w_ema=0.2300 pred=0.1060 smooth=0.0000 | actor=1.0433 b=0.2284 H=1.609 maxpi=0.202 KL=0.000043 logits|.|=0.078 e[min,max,std]=0.098,0.112,0.005 zone=[0.15, 0.39, 0.45] act=[0.2, 0.21, 0.18, 0.21, 0.2] (ep=8, 32.4s)
[   4000/48000] phase=A route=detached world=0.0917 w_ema=0.1913 pred=0.0917 smooth=0.0000 | actor=0.8604 b=0.1920 H=1.609 maxpi=0.201 KL=0.000005 logits|.|=0.058 e[min,max,std]=0.087,0.095,0.003 zone=[0.29, 0.36, 0.35] act=[0.2, 0.21, 0.2, 0.19, 0.19] (ep=16, 34.1s)
[   6000/48000] phase=A route=detached world=0.5179 w_ema=0.3475 pred=0.5179 smooth=0.0000 | actor=-1.1794 b=0.3474 H=1.609 maxpi=0.200 KL=0.000002 logits|.|=0.059 e[min,max,std]=0.489,0.543,0.018 zone=[0.29, 0.46, 0.26] act=[0.2, 0.21, 0.2, 0.19, 0.19] (ep=25, 34.2s)
[   8000/48000] phase=A route=detached world=0.4671 w_ema=0.3467 pred=0.4671 smooth=0.0000 | actor=-0.7672 b=0.3473 H=1.609 maxpi=0.201 KL=0.000005 logits|.|=0.046 e[min,max,std]=0.444,0.492,0.020 zone=[0.38, 0.37, 0.25] act=[0.2, 0.21, 0.2, 0.19, 0.2] (ep=33, 34.2s)
[  10000/48000] phase=A route=detached world=0.0012 w_ema=0.0489 pred=0.0012 smooth=0.0000 | actor=0.4286 b=0.0499 H=1.609 maxpi=0.200 KL=0.000002 logits|.|=0.041 e[min,max,std]=0.002,0.003,0.001 zone=[0.29, 0.32, 0.39] act=[0.21, 0.21, 0.19, 0.19, 0.2] (ep=41, 34.1s)
[checkpoint] outputs/journal_train/default/seed9/ckpt_step12000.pt
[  12000/48000] phase=A route=detached world=0.0040 w_ema=0.0768 pred=0.0040 smooth=0.0000 | actor=0.6264 b=0.0767 H=1.609 maxpi=0.200 KL=0.000001 logits|.|=0.056 e[min,max,std]=0.003,0.005,0.001 zone=[0.23, 0.44, 0.34] act=[0.2, 0.19, 0.19, 0.2, 0.22] (ep=50, 34.2s)
[  14000/48000] phase=B route=detached world=0.0034 w_ema=0.0136 pred=0.0034 smooth=0.0000 | actor=0.0021 b=0.0136 H=0.041 maxpi=0.994 KL=0.000004 logits|.|=2.000 e[min,max,std]=0.003,0.005,0.001 zone=[0.01, 0.03, 0.96] act=[0.01, 0.02, 0.03, 0.95, 0.01] (ep=58, 34.1s)
[  16000/48000] phase=B route=detached world=0.0017 w_ema=0.0035 pred=0.0017 smooth=0.0000 | actor=0.0003 b=0.0035 H=0.028 maxpi=0.997 KL=0.000026 logits|.|=2.129 e[min,max,std]=0.002,0.007,0.002 zone=[0.0, 0.01, 0.99] act=[0.0, 0.0, 0.0, 1.0, 0.0] (ep=66, 34.1s)
[checkpoint] outputs/journal_train/default/seed9/ckpt_step18000.pt
[  18000/48000] phase=B route=detached world=0.0049 w_ema=0.0031 pred=0.0049 smooth=0.0000 | actor=-0.0023 b=0.0032 H=0.160 maxpi=0.966 KL=0.000660 logits|.|=1.343 e[min,max,std]=0.003,0.010,0.002 zone=[0.0, 0.03, 0.97] act=[0.03, 0.04, 0.03, 0.86, 0.04] (ep=75, 34.7s)
[  20000/48000] phase=B route=detached world=0.0016 w_ema=0.0204 pred=0.0016 smooth=0.0000 | actor=0.0197 b=0.0208 H=0.267 maxpi=0.910 KL=0.014385 logits|.|=1.326 e[min,max,std]=0.002,0.010,0.004 zone=[0.02, 0.06, 0.92] act=[0.02, 0.13, 0.03, 0.78, 0.04] (ep=83, 34.7s)
[  22000/48000] phase=B route=detached world=0.0014 w_ema=0.0038 pred=0.0014 smooth=0.0000 | actor=0.0005 b=0.0038 H=0.032 maxpi=0.994 KL=0.002505 logits|.|=1.979 e[min,max,std]=0.001,0.010,0.003 zone=[0.0, 0.04, 0.96] act=[0.01, 0.01, 0.01, 0.96, 0.01] (ep=91, 34.4s)
[checkpoint] outputs/journal_train/default/seed9/ckpt_step24000.pt
[  24000/48000] phase=B route=detached world=0.0024 w_ema=0.0033 pred=0.0024 smooth=0.0000 | actor=0.1553 b=0.0033 H=0.167 maxpi=0.967 KL=0.000318 logits|.|=1.364 e[min,max,std]=0.002,0.005,0.001 zone=[0.0, 0.03, 0.97] act=[0.01, 0.03, 0.01, 0.94, 0.01] (ep=100, 34.2s)
[  26000/48000] phase=B route=detached world=0.0007 w_ema=0.0108 pred=0.0007 smooth=0.0000 | actor=0.0502 b=0.0109 H=0.615 maxpi=0.911 KL=0.005259 logits|.|=1.117 e[min,max,std]=0.001,0.005,0.001 zone=[0.0, 0.03, 0.97] act=[0.03, 0.02, 0.01, 0.93, 0.01] (ep=108, 34.1s)
[  28000/48000] phase=B route=detached world=0.0031 w_ema=0.0047 pred=0.0031 smooth=0.0000 | actor=0.0074 b=0.0048 H=0.513 maxpi=0.883 KL=0.002066 logits|.|=0.916 e[min,max,std]=0.003,0.007,0.001 zone=[0.0, 0.04, 0.96] act=[0.05, 0.04, 0.03, 0.86, 0.03] (ep=116, 35.0s)
[checkpoint] outputs/journal_train/default/seed9/ckpt_step30000.pt
[  30000/48000] phase=B route=detached world=0.0020 w_ema=0.0029 pred=0.0020 smooth=0.0000 | actor=0.0035 b=0.0031 H=0.270 maxpi=0.935 KL=0.000345 logits|.|=1.152 e[min,max,std]=0.002,0.005,0.001 zone=[0.0, 0.03, 0.97] act=[0.02, 0.02, 0.01, 0.92, 0.02] (ep=125, 35.4s)
[  32000/48000] phase=B route=detached world=0.0017 w_ema=0.0132 pred=0.0017 smooth=0.0000 | actor=0.0102 b=0.0131 H=0.166 maxpi=0.959 KL=0.014404 logits|.|=1.488 e[min,max,std]=0.002,0.004,0.001 zone=[0.0, 0.03, 0.97] act=[0.01, 0.02, 0.01, 0.95, 0.01] (ep=133, 35.1s)
[  34000/48000] phase=B route=detached world=0.0015 w_ema=0.0042 pred=0.0015 smooth=0.0000 | actor=0.0008 b=0.0043 H=0.045 maxpi=0.992 KL=0.003956 logits|.|=1.935 e[min,max,std]=0.001,0.005,0.001 zone=[0.0, 0.04, 0.96] act=[0.02, 0.03, 0.01, 0.93, 0.01] (ep=141, 34.4s)
[checkpoint] outputs/journal_train/default/seed9/ckpt_step36000.pt
[  36000/48000] phase=B route=detached world=0.0037 w_ema=0.0031 pred=0.0037 smooth=0.0000 | actor=-0.0445 b=0.0039 H=1.249 maxpi=0.451 KL=0.019876 logits|.|=0.571 e[min,max,std]=0.002,0.007,0.002 zone=[0.0, 0.04, 0.96] act=[0.06, 0.09, 0.03, 0.71, 0.11] (ep=150, 35.4s)
[  38000/48000] phase=B route=detached world=0.0040 w_ema=0.0134 pred=0.0040 smooth=0.0000 | actor=0.0284 b=0.0137 H=0.354 maxpi=0.893 KL=0.026315 logits|.|=1.166 e[min,max,std]=0.004,0.013,0.003 zone=[0.0, 0.04, 0.96] act=[0.01, 0.02, 0.01, 0.95, 0.02] (ep=158, 35.2s)
[  40000/48000] phase=B route=detached world=0.0038 w_ema=0.0036 pred=0.0038 smooth=0.0000 | actor=-0.0002 b=0.0036 H=0.157 maxpi=0.977 KL=0.001243 logits|.|=1.504 e[min,max,std]=0.003,0.010,0.003 zone=[0.0, 0.03, 0.97] act=[0.02, 0.02, 0.01, 0.94, 0.02] (ep=166, 35.3s)
[checkpoint] outputs/journal_train/default/seed9/ckpt_step42000.pt
[  42000/48000] phase=B route=detached world=0.0020 w_ema=0.0025 pred=0.0020 smooth=0.0000 | actor=0.0002 b=0.0026 H=0.029 maxpi=0.995 KL=0.000792 logits|.|=2.083 e[min,max,std]=0.002,0.013,0.004 zone=[0.0, 0.03, 0.97] act=[0.01, 0.01, 0.01, 0.97, 0.01] (ep=175, 35.4s)
[  44000/48000] phase=B route=detached world=0.0022 w_ema=0.0085 pred=0.0022 smooth=0.0000 | actor=0.0083 b=0.0089 H=0.187 maxpi=0.916 KL=0.027022 logits|.|=1.273 e[min,max,std]=0.002,0.017,0.005 zone=[0.0, 0.03, 0.97] act=[0.01, 0.01, 0.01, 0.97, 0.01] (ep=183, 34.5s)
[  46000/48000] phase=B route=detached world=0.0018 w_ema=0.0053 pred=0.0018 smooth=0.0000 | actor=0.0003 b=0.0053 H=0.019 maxpi=0.996 KL=0.004467 logits|.|=2.479 e[min,max,std]=0.002,0.014,0.004 zone=[0.0, 0.03, 0.97] act=[0.01, 0.0, 0.01, 0.98, 0.0] (ep=191, 34.8s)
[checkpoint] outputs/journal_train/default/seed9/ckpt_step48000.pt
[  48000/48000] phase=B route=detached world=0.0013 w_ema=0.0028 pred=0.0013 smooth=0.0000 | actor=0.0017 b=0.0029 H=0.097 maxpi=0.980 KL=0.002077 logits|.|=1.624 e[min,max,std]=0.001,0.012,0.003 zone=[0.0, 0.03, 0.97] act=[0.01, 0.01, 0.01, 0.96, 0.01] (ep=200, 35.1s)
Saved training trajectory to: outputs/journal_train/default/seed9/train_traj.parquet
Saved checkpoint to: outputs/journal_train/default/seed9/ckpt.pt
