/venv/cear-cemergence/lib/python3.10/runpy.py:126: RuntimeWarning: 'cear_pilot.training.train' found in sys.modules after import of package 'cear_pilot.training', but prior to execution of 'cear_pilot.training.train'; this may result in unpredictable behaviour
  warn(RuntimeWarning(msg))
[checkpoint] outputs/journal_train/default/seed18/ckpt_step00000.pt
[   2000/48000] phase=A route=detached world=0.5716 w_ema=0.2225 pred=0.5716 smooth=0.0001 | actor=-3.0890 b=0.2234 H=1.609 maxpi=0.201 KL=0.000008 logits|.|=0.093 e[min,max,std]=0.546,0.595,0.018 zone=[0.3, 0.43, 0.27] act=[0.19, 0.2, 0.22, 0.21, 0.18] (ep=8, 33.4s)
[   4000/48000] phase=A route=detached world=0.0685 w_ema=0.0529 pred=0.0685 smooth=0.0000 | actor=-0.2070 b=0.0553 H=1.609 maxpi=0.200 KL=0.000002 logits|.|=0.058 e[min,max,std]=0.061,0.080,0.007 zone=[0.24, 0.45, 0.31] act=[0.21, 0.2, 0.2, 0.2, 0.19] (ep=16, 32.3s)
[   6000/48000] phase=A route=detached world=0.0026 w_ema=0.0157 pred=0.0026 smooth=0.0000 | actor=0.2073 b=0.0166 H=1.609 maxpi=0.200 KL=0.000001 logits|.|=0.063 e[min,max,std]=0.003,0.006,0.001 zone=[0.4, 0.36, 0.24] act=[0.2, 0.21, 0.2, 0.19, 0.2] (ep=25, 32.4s)
[   8000/48000] phase=A route=detached world=0.2324 w_ema=0.2629 pred=0.2324 smooth=0.0000 | actor=0.3147 b=0.2635 H=1.609 maxpi=0.201 KL=0.000008 logits|.|=0.080 e[min,max,std]=0.225,0.250,0.009 zone=[0.3, 0.43, 0.27] act=[0.2, 0.21, 0.19, 0.19, 0.21] (ep=33, 32.1s)
[  10000/48000] phase=A route=detached world=0.0488 w_ema=0.1309 pred=0.0488 smooth=0.0000 | actor=0.9715 b=0.1329 H=1.609 maxpi=0.201 KL=0.000002 logits|.|=0.078 e[min,max,std]=0.042,0.054,0.004 zone=[0.38, 0.38, 0.25] act=[0.19, 0.2, 0.2, 0.2, 0.21] (ep=41, 32.2s)
[checkpoint] outputs/journal_train/default/seed18/ckpt_step12000.pt
[  12000/48000] phase=A route=detached world=0.0190 w_ema=0.0824 pred=0.0190 smooth=0.0000 | actor=0.6029 b=0.0829 H=1.609 maxpi=0.200 KL=0.000002 logits|.|=0.085 e[min,max,std]=0.018,0.022,0.002 zone=[0.33, 0.41, 0.26] act=[0.21, 0.21, 0.19, 0.18, 0.21] (ep=50, 32.4s)
[  14000/48000] phase=B route=detached world=0.0017 w_ema=0.0099 pred=0.0017 smooth=0.0000 | actor=0.0058 b=0.0100 H=0.108 maxpi=0.983 KL=0.000608 logits|.|=1.850 e[min,max,std]=0.002,0.006,0.002 zone=[0.06, 0.06, 0.88] act=[0.15, 0.06, 0.07, 0.68, 0.05] (ep=58, 32.3s)
[  16000/48000] phase=B route=detached world=0.0027 w_ema=0.0052 pred=0.0027 smooth=0.0000 | actor=0.0019 b=0.0052 H=0.111 maxpi=0.979 KL=0.004190 logits|.|=1.807 e[min,max,std]=0.001,0.004,0.001 zone=[0.0, 0.02, 0.98] act=[0.01, 0.01, 0.01, 0.97, 0.01] (ep=66, 32.7s)
[checkpoint] outputs/journal_train/default/seed18/ckpt_step18000.pt
[  18000/48000] phase=B route=detached world=0.0027 w_ema=0.0035 pred=0.0027 smooth=0.0000 | actor=0.0003 b=0.0035 H=0.053 maxpi=0.991 KL=0.000788 logits|.|=2.134 e[min,max,std]=0.002,0.005,0.001 zone=[0.0, 0.03, 0.96] act=[0.01, 0.01, 0.01, 0.97, 0.01] (ep=75, 32.4s)
[  20000/48000] phase=B route=detached world=0.0027 w_ema=0.0107 pred=0.0027 smooth=0.0000 | actor=0.0016 b=0.0107 H=0.053 maxpi=0.981 KL=0.027245 logits|.|=2.187 e[min,max,std]=0.003,0.012,0.003 zone=[0.0, 0.03, 0.97] act=[0.01, 0.01, 0.01, 0.96, 0.02] (ep=83, 32.6s)
[  22000/48000] phase=B route=detached world=0.0020 w_ema=0.0039 pred=0.0020 smooth=0.0000 | actor=0.0013 b=0.0040 H=0.083 maxpi=0.979 KL=0.004958 logits|.|=1.925 e[min,max,std]=0.002,0.007,0.002 zone=[0.0, 0.03, 0.97] act=[0.01, 0.01, 0.01, 0.95, 0.02] (ep=91, 32.4s)
[checkpoint] outputs/journal_train/default/seed18/ckpt_step24000.pt
[  24000/48000] phase=B route=detached world=0.0022 w_ema=0.0032 pred=0.0022 smooth=0.0000 | actor=-0.0008 b=0.0038 H=0.783 maxpi=0.717 KL=0.005077 logits|.|=0.907 e[min,max,std]=0.002,0.006,0.001 zone=[0.0, 0.04, 0.96] act=[0.01, 0.03, 0.03, 0.91, 0.03] (ep=100, 32.6s)
[  26000/48000] phase=B route=detached world=0.0024 w_ema=0.0154 pred=0.0024 smooth=0.0000 | actor=0.0201 b=0.0153 H=0.313 maxpi=0.946 KL=0.024515 logits|.|=1.668 e[min,max,std]=0.002,0.003,0.001 zone=[0.01, 0.06, 0.93] act=[0.01, 0.04, 0.05, 0.86, 0.04] (ep=108, 32.5s)
[  28000/48000] phase=B route=detached world=0.0019 w_ema=0.0046 pred=0.0019 smooth=0.0000 | actor=0.0051 b=0.0046 H=0.212 maxpi=0.928 KL=0.005196 logits|.|=1.516 e[min,max,std]=0.002,0.004,0.001 zone=[0.0, 0.03, 0.96] act=[0.01, 0.01, 0.03, 0.94, 0.01] (ep=116, 32.2s)
[checkpoint] outputs/journal_train/default/seed18/ckpt_step30000.pt
[  30000/48000] phase=B route=detached world=0.0024 w_ema=0.0027 pred=0.0024 smooth=0.0000 | actor=0.0005 b=0.0028 H=0.122 maxpi=0.983 KL=0.000789 logits|.|=2.036 e[min,max,std]=0.002,0.003,0.000 zone=[0.0, 0.04, 0.96] act=[0.01, 0.01, 0.02, 0.95, 0.01] (ep=125, 32.5s)
[  32000/48000] phase=B route=detached world=0.0025 w_ema=0.0088 pred=0.0025 smooth=0.0000 | actor=0.0170 b=0.0087 H=0.327 maxpi=0.936 KL=0.014892 logits|.|=1.609 e[min,max,std]=0.002,0.008,0.002 zone=[0.0, 0.04, 0.96] act=[0.01, 0.01, 0.01, 0.96, 0.01] (ep=133, 32.1s)
[  34000/48000] phase=B route=detached world=0.0036 w_ema=0.0050 pred=0.0024 smooth=0.0047 | actor=0.0292 b=0.0050 H=0.949 maxpi=0.833 KL=0.017768 logits|.|=1.162 e[min,max,std]=0.002,0.005,0.001 zone=[0.0, 0.03, 0.97] act=[0.02, 0.01, 0.01, 0.95, 0.01] (ep=141, 32.7s)
[checkpoint] outputs/journal_train/default/seed18/ckpt_step36000.pt
[  36000/48000] phase=B route=detached world=0.0011 w_ema=0.0029 pred=0.0011 smooth=0.0000 | actor=0.0009 b=0.0029 H=0.034 maxpi=0.995 KL=0.000430 logits|.|=2.523 e[min,max,std]=0.001,0.003,0.001 zone=[0.0, 0.08, 0.92] act=[0.06, 0.03, 0.03, 0.86, 0.03] (ep=150, 32.8s)
[  38000/48000] phase=B route=detached world=0.0040 w_ema=0.0075 pred=0.0040 smooth=0.0000 | actor=0.0055 b=0.0075 H=0.209 maxpi=0.938 KL=0.006729 logits|.|=1.624 e[min,max,std]=0.004,0.010,0.002 zone=[0.0, 0.03, 0.97] act=[0.04, 0.01, 0.01, 0.93, 0.01] (ep=158, 32.7s)
[  40000/48000] phase=B route=detached world=0.0021 w_ema=0.0043 pred=0.0021 smooth=0.0000 | actor=0.0111 b=0.0045 H=0.416 maxpi=0.918 KL=0.008526 logits|.|=1.425 e[min,max,std]=0.002,0.007,0.002 zone=[0.0, 0.02, 0.98] act=[0.02, 0.0, 0.01, 0.96, 0.01] (ep=166, 32.4s)
[checkpoint] outputs/journal_train/default/seed18/ckpt_step42000.pt
[  42000/48000] phase=B route=detached world=0.0007 w_ema=0.0027 pred=0.0007 smooth=0.0000 | actor=0.0022 b=0.0027 H=0.062 maxpi=0.991 KL=0.000318 logits|.|=2.363 e[min,max,std]=0.001,0.004,0.001 zone=[0.0, 0.02, 0.98] act=[0.01, 0.01, 0.01, 0.96, 0.02] (ep=175, 32.5s)
[  44000/48000] phase=B route=detached world=0.0025 w_ema=0.0102 pred=0.0025 smooth=0.0000 | actor=0.4582 b=0.0108 H=0.546 maxpi=0.737 KL=0.034006 logits|.|=1.532 e[min,max,std]=0.002,0.005,0.001 zone=[0.0, 0.02, 0.98] act=[0.02, 0.02, 0.01, 0.89, 0.07] (ep=183, 32.5s)
[  46000/48000] phase=B route=detached world=0.0004 w_ema=0.0034 pred=0.0004 smooth=0.0000 | actor=0.0004 b=0.0034 H=0.013 maxpi=0.998 KL=0.000628 logits|.|=3.131 e[min,max,std]=0.000,0.006,0.002 zone=[0.0, 0.03, 0.97] act=[0.01, 0.01, 0.0, 0.95, 0.03] (ep=191, 32.6s)
[checkpoint] outputs/journal_train/default/seed18/ckpt_step48000.pt
[  48000/48000] phase=B route=detached world=0.0017 w_ema=0.0064 pred=0.0017 smooth=0.0000 | actor=0.0544 b=0.0071 H=0.804 maxpi=0.648 KL=0.084157 logits|.|=1.781 e[min,max,std]=0.001,0.011,0.004 zone=[0.0, 0.02, 0.98] act=[0.06, 0.03, 0.01, 0.88, 0.02] (ep=200, 32.7s)
Saved training trajectory to: outputs/journal_train/default/seed18/train_traj.parquet
Saved checkpoint to: outputs/journal_train/default/seed18/ckpt.pt
