/venv/cear-cemergence/lib/python3.10/runpy.py:126: RuntimeWarning: 'cear_pilot.training.train' found in sys.modules after import of package 'cear_pilot.training', but prior to execution of 'cear_pilot.training.train'; this may result in unpredictable behaviour
  warn(RuntimeWarning(msg))
[   2000/48000] phase=A world=0.3268 w_ema=0.1095 pred=0.3268 smooth=0.0000 | actor=-3.0682 b=0.1109 H=1.609 maxpi=0.201 KL=0.000005 logits|.|=0.178 e[min,max,std]=0.293,0.347,0.019 zone=[0.33, 0.41, 0.26] act=[0.2, 0.21, 0.2, 0.2, 0.18] (ep=8, 22.9s)
[   4000/48000] phase=A world=0.0045 w_ema=0.0556 pred=0.0045 smooth=0.0000 | actor=0.5319 b=0.0562 H=1.609 maxpi=0.200 KL=0.000002 logits|.|=0.179 e[min,max,std]=0.004,0.006,0.001 zone=[0.3, 0.49, 0.21] act=[0.19, 0.22, 0.19, 0.19, 0.21] (ep=16, 20.1s)
[   6000/48000] phase=A world=0.1356 w_ema=0.0881 pred=0.1356 smooth=0.0000 | actor=-0.9837 b=0.0877 H=1.609 maxpi=0.200 KL=0.000001 logits|.|=0.169 e[min,max,std]=0.124,0.149,0.010 zone=[0.39, 0.38, 0.24] act=[0.2, 0.18, 0.21, 0.2, 0.2] (ep=25, 21.1s)
[   8000/48000] phase=A world=0.0162 w_ema=0.0433 pred=0.0162 smooth=0.0000 | actor=0.5519 b=0.0437 H=1.609 maxpi=0.200 KL=0.000001 logits|.|=0.158 e[min,max,std]=0.015,0.020,0.002 zone=[0.18, 0.38, 0.43] act=[0.21, 0.19, 0.18, 0.21, 0.21] (ep=33, 22.2s)
[  10000/48000] phase=A world=0.0810 w_ema=0.1658 pred=0.0810 smooth=0.0000 | actor=0.7425 b=0.1661 H=1.609 maxpi=0.201 KL=0.000003 logits|.|=0.152 e[min,max,std]=0.071,0.089,0.007 zone=[0.25, 0.41, 0.33] act=[0.21, 0.21, 0.2, 0.19, 0.2] (ep=41, 22.6s)
[  12000/48000] phase=A world=0.0145 w_ema=0.0559 pred=0.0145 smooth=0.0000 | actor=0.4495 b=0.0570 H=1.609 maxpi=0.200 KL=0.000000 logits|.|=0.149 e[min,max,std]=0.012,0.019,0.002 zone=[0.34, 0.44, 0.22] act=[0.18, 0.2, 0.21, 0.2, 0.21] (ep=50, 22.9s)
[  14000/48000] phase=B world=0.0014 w_ema=0.0195 pred=0.0014 smooth=0.0000 | actor=1.3032 b=0.0203 H=1.188 maxpi=0.461 KL=0.000029 logits|.|=1.521 e[min,max,std]=0.001,0.006,0.002 zone=[0.0, 0.13, 0.87] act=[0.27, 0.55, 0.02, 0.15, 0.01] (ep=58, 22.4s)
[  16000/48000] phase=B world=0.0039 w_ema=0.0385 pred=0.0039 smooth=0.0000 | actor=0.1858 b=0.0393 H=0.961 maxpi=0.673 KL=0.000219 logits|.|=1.329 e[min,max,std]=0.003,0.015,0.004 zone=[0.0, 0.15, 0.85] act=[0.49, 0.39, 0.02, 0.1, 0.0] (ep=66, 22.7s)
[  18000/48000] phase=B world=0.0022 w_ema=0.0028 pred=0.0022 smooth=0.0000 | actor=0.0012 b=0.0028 H=0.099 maxpi=0.984 KL=0.000002 logits|.|=2.010 e[min,max,std]=0.002,0.019,0.006 zone=[0.0, 0.03, 0.97] act=[0.04, 0.15, 0.04, 0.76, 0.02] (ep=75, 21.9s)
[  20000/48000] phase=B world=0.0020 w_ema=0.0064 pred=0.0020 smooth=0.0000 | actor=0.0069 b=0.0064 H=0.166 maxpi=0.976 KL=0.000010 logits|.|=1.884 e[min,max,std]=0.002,0.005,0.001 zone=[0.0, 0.01, 0.99] act=[0.0, 0.0, 0.0, 0.99, 0.0] (ep=83, 21.1s)
[  22000/48000] phase=B world=0.0019 w_ema=0.0037 pred=0.0019 smooth=0.0000 | actor=0.0020 b=0.0038 H=0.102 maxpi=0.983 KL=0.000005 logits|.|=1.971 e[min,max,std]=0.001,0.015,0.005 zone=[0.0, 0.01, 0.99] act=[0.0, 0.01, 0.01, 0.98, 0.0] (ep=91, 21.4s)
[  24000/48000] phase=B world=0.0008 w_ema=0.0030 pred=0.0008 smooth=0.0000 | actor=0.0005 b=0.0030 H=0.020 maxpi=0.998 KL=0.000000 logits|.|=2.776 e[min,max,std]=0.001,0.006,0.002 zone=[0.0, 0.01, 0.99] act=[0.0, 0.0, 0.0, 0.99, 0.0] (ep=100, 21.3s)
[  26000/48000] phase=B world=0.0022 w_ema=0.0076 pred=0.0022 smooth=0.0000 | actor=0.0018 b=0.0075 H=0.051 maxpi=0.991 KL=0.000001 logits|.|=2.575 e[min,max,std]=0.002,0.007,0.002 zone=[0.0, 0.01, 0.99] act=[0.0, 0.0, 0.0, 0.99, 0.0] (ep=108, 21.8s)
[  28000/48000] phase=B world=0.0029 w_ema=0.0032 pred=0.0029 smooth=0.0000 | actor=0.0000 b=0.0031 H=0.011 maxpi=0.999 KL=0.000000 logits|.|=2.795 e[min,max,std]=0.003,0.015,0.005 zone=[0.0, 0.01, 0.99] act=[0.0, 0.0, 0.0, 1.0, 0.0] (ep=116, 21.6s)
[  30000/48000] phase=B world=0.0030 w_ema=0.0028 pred=0.0030 smooth=0.0000 | actor=-0.0001 b=0.0028 H=0.035 maxpi=0.995 KL=0.000022 logits|.|=2.143 e[min,max,std]=0.003,0.010,0.002 zone=[0.0, 0.01, 0.99] act=[0.0, 0.0, 0.0, 1.0, 0.0] (ep=125, 21.2s)
[  32000/48000] phase=B world=0.0029 w_ema=0.0115 pred=0.0029 smooth=0.0000 | actor=0.0128 b=0.0116 H=0.176 maxpi=0.955 KL=0.006401 logits|.|=2.153 e[min,max,std]=0.003,0.011,0.003 zone=[0.0, 0.01, 0.99] act=[0.0, 0.0, 0.0, 0.97, 0.02] (ep=133, 21.3s)
[  34000/48000] phase=B world=0.0026 w_ema=0.0043 pred=0.0026 smooth=0.0000 | actor=0.0015 b=0.0043 H=0.078 maxpi=0.981 KL=0.000560 logits|.|=2.492 e[min,max,std]=0.002,0.010,0.003 zone=[0.0, 0.01, 0.99] act=[0.0, 0.0, 0.0, 0.97, 0.03] (ep=141, 21.3s)
[  36000/48000] phase=B world=0.0015 w_ema=0.0027 pred=0.0015 smooth=0.0000 | actor=0.0002 b=0.0027 H=0.014 maxpi=0.998 KL=0.000011 logits|.|=2.739 e[min,max,std]=0.001,0.022,0.007 zone=[0.0, 0.02, 0.98] act=[0.0, 0.01, 0.01, 0.95, 0.03] (ep=150, 20.6s)
[  38000/48000] phase=B world=0.0023 w_ema=0.0088 pred=0.0023 smooth=0.0000 | actor=0.0002 b=0.0088 H=0.007 maxpi=0.999 KL=0.000002 logits|.|=2.829 e[min,max,std]=0.002,0.022,0.007 zone=[0.0, 0.01, 0.99] act=[0.0, 0.0, 0.0, 1.0, 0.0] (ep=158, 22.0s)
[  40000/48000] phase=B world=0.0072 w_ema=0.0037 pred=0.0072 smooth=0.0000 | actor=-0.0002 b=0.0037 H=0.010 maxpi=0.999 KL=0.000001 logits|.|=2.681 e[min,max,std]=0.007,0.033,0.009 zone=[0.0, 0.01, 0.99] act=[0.0, 0.0, 0.0, 1.0, 0.0] (ep=166, 22.4s)
[  42000/48000] phase=B world=0.0049 w_ema=0.0027 pred=0.0049 smooth=0.0000 | actor=-0.0002 b=0.0027 H=0.010 maxpi=0.999 KL=0.000827 logits|.|=2.584 e[min,max,std]=0.005,0.055,0.016 zone=[0.0, 0.01, 0.99] act=[0.0, 0.0, 0.0, 0.99, 0.01] (ep=175, 21.4s)
[  44000/48000] phase=B world=0.0021 w_ema=0.0075 pred=0.0021 smooth=0.0000 | actor=0.0009 b=0.0076 H=0.028 maxpi=0.995 KL=0.003476 logits|.|=2.259 e[min,max,std]=0.002,0.028,0.009 zone=[0.0, 0.03, 0.97] act=[0.0, 0.0, 0.01, 0.94, 0.05] (ep=183, 21.2s)
[  46000/48000] phase=B world=0.0039 w_ema=0.0039 pred=0.0039 smooth=0.0000 | actor=0.0000 b=0.0040 H=0.023 maxpi=0.990 KL=0.002917 logits|.|=2.155 e[min,max,std]=0.004,0.025,0.007 zone=[0.0, 0.02, 0.98] act=[0.0, 0.0, 0.0, 0.98, 0.01] (ep=191, 21.2s)
[  48000/48000] phase=B world=0.0017 w_ema=0.0031 pred=0.0017 smooth=0.0000 | actor=0.0000 b=0.0031 H=0.005 maxpi=0.999 KL=0.000488 logits|.|=2.956 e[min,max,std]=0.002,0.014,0.004 zone=[0.0, 0.02, 0.98] act=[0.0, 0.0, 0.0, 1.0, 0.0] (ep=200, 21.2s)
Saved checkpoint to: outputs/runs/seed11/ckpt.pt
