/venv/cear-cemergence/lib/python3.10/runpy.py:126: RuntimeWarning: 'cear_pilot.training.train' found in sys.modules after import of package 'cear_pilot.training', but prior to execution of 'cear_pilot.training.train'; this may result in unpredictable behaviour
  warn(RuntimeWarning(msg))
[checkpoint] outputs/journal_train/default/seed30/ckpt_step00000.pt
[   2000/48000] phase=A route=detached world=0.0230 w_ema=0.0535 pred=0.0230 smooth=0.0000 | actor=0.5552 b=0.0546 H=1.609 maxpi=0.201 KL=0.000005 logits|.|=0.029 e[min,max,std]=0.022,0.027,0.002 zone=[0.21, 0.49, 0.3] act=[0.2, 0.2, 0.21, 0.21, 0.18] (ep=8, 35.4s)
[   4000/48000] phase=A route=detached world=0.0114 w_ema=0.0609 pred=0.0114 smooth=0.0001 | actor=0.8010 b=0.0611 H=1.609 maxpi=0.201 KL=0.000014 logits|.|=0.022 e[min,max,std]=0.009,0.016,0.002 zone=[0.23, 0.51, 0.27] act=[0.2, 0.2, 0.19, 0.2, 0.21] (ep=16, 34.1s)
[   6000/48000] phase=A route=detached world=0.2347 w_ema=0.0334 pred=0.2347 smooth=0.0000 | actor=-4.1637 b=0.0340 H=1.609 maxpi=0.200 KL=0.000000 logits|.|=0.018 e[min,max,std]=0.232,0.240,0.003 zone=[0.17, 0.42, 0.41] act=[0.21, 0.2, 0.19, 0.2, 0.2] (ep=25, 34.0s)
[   8000/48000] phase=A route=detached world=0.0997 w_ema=0.2489 pred=0.0996 smooth=0.0001 | actor=1.1450 b=0.2499 H=1.609 maxpi=0.201 KL=0.000021 logits|.|=0.025 e[min,max,std]=0.093,0.108,0.005 zone=[0.33, 0.42, 0.24] act=[0.19, 0.2, 0.2, 0.21, 0.2] (ep=33, 34.0s)
[  10000/48000] phase=A route=detached world=0.0010 w_ema=0.0142 pred=0.0010 smooth=0.0000 | actor=0.4622 b=0.0149 H=1.609 maxpi=0.200 KL=0.000001 logits|.|=0.010 e[min,max,std]=0.001,0.002,0.000 zone=[0.26, 0.35, 0.39] act=[0.19, 0.2, 0.19, 0.21, 0.2] (ep=41, 34.1s)
[checkpoint] outputs/journal_train/default/seed30/ckpt_step12000.pt
[  12000/48000] phase=A route=detached world=0.4999 w_ema=0.2554 pred=0.4999 smooth=0.0000 | actor=-2.0680 b=0.2553 H=1.609 maxpi=0.201 KL=0.000008 logits|.|=0.024 e[min,max,std]=0.484,0.515,0.010 zone=[0.3, 0.3, 0.4] act=[0.2, 0.2, 0.2, 0.2, 0.2] (ep=50, 34.0s)
[  14000/48000] phase=B route=detached world=0.0018 w_ema=0.0145 pred=0.0018 smooth=0.0000 | actor=1.0566 b=0.0155 H=1.281 maxpi=0.426 KL=0.000565 logits|.|=0.914 e[min,max,std]=0.002,0.007,0.002 zone=[0.0, 0.11, 0.89] act=[0.08, 0.3, 0.09, 0.28, 0.26] (ep=58, 33.9s)
[  16000/48000] phase=B route=detached world=0.0042 w_ema=0.0034 pred=0.0042 smooth=0.0000 | actor=0.0003 b=0.0044 H=0.094 maxpi=0.975 KL=0.001363 logits|.|=1.931 e[min,max,std]=0.004,0.020,0.006 zone=[0.0, 0.05, 0.95] act=[0.04, 0.28, 0.02, 0.5, 0.15] (ep=66, 34.1s)
[checkpoint] outputs/journal_train/default/seed30/ckpt_step18000.pt
[  18000/48000] phase=B route=detached world=0.0022 w_ema=0.0031 pred=0.0022 smooth=0.0000 | actor=0.0002 b=0.0031 H=0.019 maxpi=0.997 KL=0.000333 logits|.|=2.638 e[min,max,std]=0.002,0.006,0.001 zone=[0.0, 0.02, 0.98] act=[0.0, 0.01, 0.0, 0.98, 0.01] (ep=75, 33.8s)
[  20000/48000] phase=B route=detached world=0.0029 w_ema=0.0162 pred=0.0029 smooth=0.0000 | actor=0.0652 b=0.0170 H=0.632 maxpi=0.719 KL=0.031323 logits|.|=1.499 e[min,max,std]=0.002,0.004,0.001 zone=[0.0, 0.04, 0.96] act=[0.03, 0.14, 0.01, 0.8, 0.02] (ep=83, 33.6s)
[  22000/48000] phase=B route=detached world=0.0022 w_ema=0.0044 pred=0.0022 smooth=0.0000 | actor=0.0007 b=0.0044 H=0.041 maxpi=0.991 KL=0.005384 logits|.|=2.328 e[min,max,std]=0.002,0.005,0.001 zone=[0.0, 0.03, 0.97] act=[0.02, 0.03, 0.01, 0.94, 0.01] (ep=91, 33.6s)
[checkpoint] outputs/journal_train/default/seed30/ckpt_step24000.pt
[  24000/48000] phase=B route=detached world=0.0040 w_ema=0.0030 pred=0.0040 smooth=0.0000 | actor=-0.0018 b=0.0031 H=0.143 maxpi=0.969 KL=0.000666 logits|.|=1.820 e[min,max,std]=0.004,0.012,0.003 zone=[0.0, 0.03, 0.97] act=[0.02, 0.01, 0.01, 0.95, 0.01] (ep=100, 34.8s)
[  26000/48000] phase=B route=detached world=0.0041 w_ema=0.0078 pred=0.0041 smooth=0.0000 | actor=0.0093 b=0.0082 H=0.297 maxpi=0.838 KL=0.015850 logits|.|=1.223 e[min,max,std]=0.004,0.009,0.002 zone=[0.0, 0.03, 0.97] act=[0.04, 0.02, 0.01, 0.91, 0.02] (ep=108, 34.4s)
[  28000/48000] phase=B route=detached world=0.0017 w_ema=0.0041 pred=0.0017 smooth=0.0000 | actor=0.0046 b=0.0041 H=0.203 maxpi=0.956 KL=0.005441 logits|.|=1.586 e[min,max,std]=0.002,0.007,0.002 zone=[0.0, 0.04, 0.96] act=[0.03, 0.02, 0.02, 0.89, 0.04] (ep=116, 35.4s)
[checkpoint] outputs/journal_train/default/seed30/ckpt_step30000.pt
[  30000/48000] phase=B route=detached world=0.0019 w_ema=0.0032 pred=0.0019 smooth=0.0000 | actor=0.0005 b=0.0032 H=0.064 maxpi=0.990 KL=0.001260 logits|.|=2.102 e[min,max,std]=0.002,0.011,0.003 zone=[0.0, 0.04, 0.96] act=[0.01, 0.01, 0.02, 0.95, 0.02] (ep=125, 35.4s)
[  32000/48000] phase=B route=detached world=0.0017 w_ema=0.0135 pred=0.0017 smooth=0.0000 | actor=0.0032 b=0.0136 H=0.082 maxpi=0.956 KL=0.033610 logits|.|=1.837 e[min,max,std]=0.002,0.006,0.001 zone=[0.0, 0.04, 0.96] act=[0.01, 0.01, 0.01, 0.96, 0.01] (ep=133, 34.7s)
[  34000/48000] phase=B route=detached world=0.0036 w_ema=0.0034 pred=0.0036 smooth=0.0000 | actor=-0.0002 b=0.0035 H=0.088 maxpi=0.982 KL=0.001308 logits|.|=1.945 e[min,max,std]=0.001,0.004,0.001 zone=[0.01, 0.04, 0.95] act=[0.05, 0.03, 0.02, 0.86, 0.03] (ep=141, 34.7s)
[checkpoint] outputs/journal_train/default/seed30/ckpt_step36000.pt
[  36000/48000] phase=B route=detached world=0.0017 w_ema=0.0032 pred=0.0017 smooth=0.0000 | actor=0.0010 b=0.0032 H=0.089 maxpi=0.988 KL=0.000994 logits|.|=2.053 e[min,max,std]=0.002,0.007,0.002 zone=[0.0, 0.03, 0.97] act=[0.0, 0.01, 0.01, 0.98, 0.0] (ep=150, 34.7s)
[  38000/48000] phase=B route=detached world=0.0024 w_ema=0.0110 pred=0.0024 smooth=0.0000 | actor=0.0098 b=0.0112 H=0.182 maxpi=0.937 KL=0.035309 logits|.|=1.598 e[min,max,std]=0.002,0.008,0.002 zone=[0.0, 0.03, 0.97] act=[0.01, 0.01, 0.01, 0.97, 0.01] (ep=158, 34.5s)
[  40000/48000] phase=B route=detached world=0.0007 w_ema=0.0035 pred=0.0007 smooth=0.0000 | actor=0.0017 b=0.0034 H=0.062 maxpi=0.983 KL=0.004974 logits|.|=1.943 e[min,max,std]=0.001,0.003,0.001 zone=[0.0, 0.04, 0.95] act=[0.02, 0.01, 0.01, 0.95, 0.01] (ep=166, 34.8s)
[checkpoint] outputs/journal_train/default/seed30/ckpt_step42000.pt
[  42000/48000] phase=B route=detached world=0.0016 w_ema=0.0028 pred=0.0016 smooth=0.0000 | actor=0.0001 b=0.0028 H=0.009 maxpi=0.998 KL=0.001286 logits|.|=2.839 e[min,max,std]=0.002,0.010,0.003 zone=[0.0, 0.03, 0.97] act=[0.02, 0.01, 0.01, 0.95, 0.02] (ep=175, 34.9s)
[  44000/48000] phase=B route=detached world=0.0034 w_ema=0.0104 pred=0.0034 smooth=0.0000 | actor=0.0117 b=0.0110 H=0.257 maxpi=0.924 KL=0.031772 logits|.|=1.537 e[min,max,std]=0.003,0.007,0.001 zone=[0.0, 0.03, 0.97] act=[0.02, 0.0, 0.0, 0.96, 0.01] (ep=183, 34.5s)
[  46000/48000] phase=B route=detached world=0.0025 w_ema=0.0042 pred=0.0025 smooth=0.0000 | actor=0.0002 b=0.0042 H=0.021 maxpi=0.996 KL=0.003085 logits|.|=2.761 e[min,max,std]=0.002,0.006,0.001 zone=[0.0, 0.02, 0.98] act=[0.01, 0.0, 0.01, 0.97, 0.01] (ep=191, 35.2s)
[checkpoint] outputs/journal_train/default/seed30/ckpt_step48000.pt
[  48000/48000] phase=B route=detached world=0.0032 w_ema=0.0030 pred=0.0032 smooth=0.0000 | actor=-0.0001 b=0.0031 H=0.111 maxpi=0.964 KL=0.002245 logits|.|=2.017 e[min,max,std]=0.003,0.008,0.002 zone=[0.0, 0.03, 0.97] act=[0.01, 0.0, 0.0, 0.97, 0.02] (ep=200, 36.8s)
Saved training trajectory to: outputs/journal_train/default/seed30/train_traj.parquet
Saved checkpoint to: outputs/journal_train/default/seed30/ckpt.pt
