/venv/cear-cemergence/lib/python3.10/runpy.py:126: RuntimeWarning: 'cear_pilot.training.train' found in sys.modules after import of package 'cear_pilot.training', but prior to execution of 'cear_pilot.training.train'; this may result in unpredictable behaviour
  warn(RuntimeWarning(msg))
[checkpoint] outputs/journal_train/coupled/seed10/ckpt_step00000.pt
[   2000/48000] phase=A route=detached world=0.0067 w_ema=0.0510 pred=0.0067 smooth=0.0000 | actor=0.7802 b=0.0517 H=1.609 maxpi=0.201 KL=0.000005 logits|.|=0.046 e[min,max,std]=0.005,0.011,0.002 zone=[0.19, 0.53, 0.28] act=[0.2, 0.2, 0.19, 0.21, 0.2] (ep=8, 34.8s)
[   4000/48000] phase=A route=detached world=0.0014 w_ema=0.0164 pred=0.0014 smooth=0.0000 | actor=0.3895 b=0.0176 H=1.609 maxpi=0.200 KL=0.000002 logits|.|=0.046 e[min,max,std]=0.001,0.004,0.001 zone=[0.35, 0.36, 0.3] act=[0.21, 0.2, 0.2, 0.19, 0.19] (ep=16, 33.7s)
[   6000/48000] phase=A route=detached world=0.0223 w_ema=0.0690 pred=0.0223 smooth=0.0000 | actor=0.4992 b=0.0702 H=1.609 maxpi=0.200 KL=0.000002 logits|.|=0.026 e[min,max,std]=0.020,0.028,0.003 zone=[0.26, 0.48, 0.26] act=[0.2, 0.18, 0.2, 0.21, 0.2] (ep=25, 33.6s)
[   8000/48000] phase=A route=detached world=0.8662 w_ema=0.2934 pred=0.8662 smooth=0.0000 | actor=-4.6696 b=0.2967 H=1.609 maxpi=0.201 KL=0.000012 logits|.|=0.040 e[min,max,std]=0.841,0.904,0.022 zone=[0.21, 0.43, 0.36] act=[0.21, 0.19, 0.19, 0.2, 0.2] (ep=33, 33.6s)
[  10000/48000] phase=A route=detached world=0.0030 w_ema=0.0433 pred=0.0030 smooth=0.0000 | actor=0.4318 b=0.0439 H=1.609 maxpi=0.200 KL=0.000000 logits|.|=0.052 e[min,max,std]=0.002,0.005,0.001 zone=[0.45, 0.36, 0.19] act=[0.22, 0.21, 0.2, 0.18, 0.19] (ep=41, 33.8s)
[checkpoint] outputs/journal_train/coupled/seed10/ckpt_step12000.pt
[  12000/48000] phase=A route=detached world=0.2383 w_ema=0.3331 pred=0.2382 smooth=0.0003 | actor=0.7521 b=0.3344 H=1.609 maxpi=0.201 KL=0.000003 logits|.|=0.023 e[min,max,std]=0.233,0.248,0.006 zone=[0.4, 0.3, 0.3] act=[0.2, 0.22, 0.21, 0.18, 0.2] (ep=50, 33.6s)
[  14000/48000] phase=B route=coupled world=0.0025 w_ema=0.0196 pred=0.0025 smooth=0.0000 | actor=0.0454 b=0.0217 H=0.423 maxpi=0.861 KL=0.000016 logits|.|=1.606 e[min,max,std]=0.003,0.014,0.004 zone=[0.03, 0.06, 0.91] act=[0.36, 0.04, 0.12, 0.43, 0.06] (ep=58, 38.4s)
[  16000/48000] phase=B route=coupled world=0.0040 w_ema=0.0063 pred=0.0040 smooth=0.0000 | actor=0.0591 b=0.0079 H=1.027 maxpi=0.501 KL=0.028342 logits|.|=1.569 e[min,max,std]=0.005,0.013,0.003 zone=[0.15, 0.22, 0.63] act=[0.19, 0.49, 0.09, 0.15, 0.08] (ep=66, 38.4s)
[checkpoint] outputs/journal_train/coupled/seed10/ckpt_step18000.pt
[  18000/48000] phase=B route=coupled world=0.0012 w_ema=0.0031 pred=0.0012 smooth=0.0000 | actor=0.0005 b=0.0031 H=0.025 maxpi=0.997 KL=0.000041 logits|.|=2.271 e[min,max,std]=0.001,0.015,0.005 zone=[0.0, 0.02, 0.98] act=[0.03, 0.0, 0.01, 0.96, 0.0] (ep=75, 38.2s)
[  20000/48000] phase=B route=coupled world=0.0010 w_ema=0.0095 pred=0.0010 smooth=0.0000 | actor=0.0069 b=0.0099 H=0.136 maxpi=0.924 KL=0.077739 logits|.|=2.399 e[min,max,std]=0.001,0.009,0.003 zone=[0.0, 0.07, 0.93] act=[0.08, 0.12, 0.02, 0.74, 0.03] (ep=83, 32.4s)
[  22000/48000] phase=B route=coupled world=0.0015 w_ema=0.0041 pred=0.0015 smooth=0.0000 | actor=0.0005 b=0.0041 H=0.031 maxpi=0.995 KL=0.010136 logits|.|=2.307 e[min,max,std]=0.001,0.008,0.003 zone=[0.04, 0.07, 0.89] act=[0.35, 0.06, 0.01, 0.56, 0.02] (ep=91, 29.8s)
[checkpoint] outputs/journal_train/coupled/seed10/ckpt_step24000.pt
[  24000/48000] phase=B route=coupled world=0.0023 w_ema=0.0028 pred=0.0023 smooth=0.0000 | actor=0.0052 b=0.0029 H=0.272 maxpi=0.909 KL=0.000866 logits|.|=1.913 e[min,max,std]=0.002,0.011,0.003 zone=[0.0, 0.01, 0.99] act=[0.0, 0.1, 0.0, 0.88, 0.02] (ep=100, 28.6s)
[  26000/48000] phase=B route=coupled world=0.0057 w_ema=0.0119 pred=0.0057 smooth=0.0000 | actor=0.0016 b=0.0118 H=0.044 maxpi=0.997 KL=0.000509 logits|.|=2.470 e[min,max,std]=0.006,0.012,0.002 zone=[0.0, 0.03, 0.97] act=[0.0, 0.02, 0.0, 0.96, 0.01] (ep=108, 27.0s)
[  28000/48000] phase=B route=coupled world=0.0091 w_ema=0.0199 pred=0.0091 smooth=0.0000 | actor=0.0153 b=0.0200 H=0.265 maxpi=0.932 KL=0.267479 logits|.|=2.152 e[min,max,std]=0.009,0.035,0.009 zone=[0.0, 0.03, 0.97] act=[0.13, 0.06, 0.01, 0.68, 0.13] (ep=116, 26.9s)
[checkpoint] outputs/journal_train/coupled/seed10/ckpt_step30000.pt
[  30000/48000] phase=B route=coupled world=0.0031 w_ema=0.0033 pred=0.0031 smooth=0.0000 | actor=0.0006 b=0.0036 H=0.109 maxpi=0.960 KL=0.008182 logits|.|=2.532 e[min,max,std]=0.003,0.012,0.003 zone=[0.0, 0.14, 0.86] act=[0.82, 0.14, 0.0, 0.02, 0.02] (ep=125, 32.4s)
[  32000/48000] phase=B route=coupled world=0.0125 w_ema=0.0494 pred=0.0125 smooth=0.0000 | actor=0.0078 b=0.0494 H=0.092 maxpi=0.895 KL=0.798833 logits|.|=2.035 e[min,max,std]=0.012,0.031,0.006 zone=[0.0, 0.18, 0.82] act=[0.23, 0.66, 0.01, 0.03, 0.06] (ep=133, 26.9s)
[  34000/48000] phase=B route=coupled world=0.0014 w_ema=0.0125 pred=0.0014 smooth=0.0000 | actor=0.0009 b=0.0125 H=0.033 maxpi=0.981 KL=0.150853 logits|.|=2.560 e[min,max,std]=0.001,0.004,0.001 zone=[0.0, 0.21, 0.79] act=[0.81, 0.06, 0.04, 0.07, 0.03] (ep=141, 26.9s)
[checkpoint] outputs/journal_train/coupled/seed10/ckpt_step36000.pt
[  36000/48000] phase=B route=coupled world=0.1439 w_ema=0.0907 pred=0.1438 smooth=0.0001 | actor=-0.0129 b=0.0907 H=0.082 maxpi=0.989 KL=0.003660 logits|.|=2.362 e[min,max,std]=0.131,0.144,0.005 zone=[0.01, 0.72, 0.27] act=[0.95, 0.01, 0.01, 0.02, 0.01] (ep=150, 26.7s)
[  38000/48000] phase=B route=coupled world=0.0008 w_ema=0.0099 pred=0.0008 smooth=0.0000 | actor=0.0987 b=0.0111 H=0.687 maxpi=0.754 KL=0.021756 logits|.|=2.030 e[min,max,std]=0.001,0.005,0.001 zone=[0.05, 0.41, 0.54] act=[0.39, 0.01, 0.03, 0.52, 0.04] (ep=158, 26.8s)
[  40000/48000] phase=B route=coupled world=0.0017 w_ema=0.0121 pred=0.0017 smooth=0.0000 | actor=0.0161 b=0.0127 H=0.269 maxpi=0.836 KL=0.121360 logits|.|=2.142 e[min,max,std]=0.002,0.014,0.005 zone=[0.0, 0.53, 0.47] act=[0.72, 0.07, 0.01, 0.03, 0.16] (ep=166, 31.2s)
[checkpoint] outputs/journal_train/coupled/seed10/ckpt_step42000.pt
[  42000/48000] phase=B route=coupled world=0.0042 w_ema=0.0033 pred=0.0042 smooth=0.0000 | actor=-0.0002 b=0.0033 H=0.033 maxpi=0.992 KL=0.007947 logits|.|=2.511 e[min,max,std]=0.004,0.016,0.004 zone=[0.0, 0.08, 0.92] act=[0.02, 0.4, 0.03, 0.35, 0.21] (ep=175, 31.5s)
[  44000/48000] phase=B route=coupled world=0.0019 w_ema=0.0074 pred=0.0018 smooth=0.0000 | actor=0.0380 b=0.0075 H=0.469 maxpi=0.874 KL=0.028688 logits|.|=1.643 e[min,max,std]=0.002,0.005,0.001 zone=[0.0, 0.02, 0.98] act=[0.01, 0.0, 0.01, 0.51, 0.48] (ep=183, 27.0s)
[  46000/48000] phase=B route=coupled world=0.0054 w_ema=0.0149 pred=0.0054 smooth=0.0000 | actor=0.1418 b=0.0155 H=0.722 maxpi=0.641 KL=0.181317 logits|.|=2.501 e[min,max,std]=0.005,0.016,0.004 zone=[0.0, 0.19, 0.81] act=[0.27, 0.1, 0.01, 0.15, 0.47] (ep=191, 27.0s)
[checkpoint] outputs/journal_train/coupled/seed10/ckpt_step48000.pt
[  48000/48000] phase=B route=coupled world=0.0016 w_ema=0.0031 pred=0.0016 smooth=0.0000 | actor=0.0614 b=0.0033 H=0.692 maxpi=0.622 KL=0.005139 logits|.|=2.736 e[min,max,std]=0.002,0.012,0.004 zone=[0.0, 0.04, 0.96] act=[0.05, 0.16, 0.01, 0.53, 0.25] (ep=200, 27.1s)
Saved training trajectory to: outputs/journal_train/coupled/seed10/train_traj.parquet
Saved checkpoint to: outputs/journal_train/coupled/seed10/ckpt.pt
