/venv/cear-cemergence/lib/python3.10/runpy.py:126: RuntimeWarning: 'cear_pilot.training.train' found in sys.modules after import of package 'cear_pilot.training', but prior to execution of 'cear_pilot.training.train'; this may result in unpredictable behaviour
  warn(RuntimeWarning(msg))
[   2000/48000] phase=A world=0.0604 w_ema=0.1048 pred=0.0604 smooth=0.0000 | actor=0.6035 b=0.1063 H=1.609 maxpi=0.201 KL=0.000006 logits|.|=0.020 e[min,max,std]=0.053,0.068,0.006 zone=[0.2, 0.48, 0.33] act=[0.2, 0.18, 0.19, 0.2, 0.22] (ep=8, 22.5s)
[   4000/48000] phase=A world=0.3979 w_ema=0.3411 pred=0.3979 smooth=0.0000 | actor=-0.5133 b=0.3407 H=1.609 maxpi=0.201 KL=0.000003 logits|.|=0.025 e[min,max,std]=0.376,0.409,0.012 zone=[0.36, 0.49, 0.15] act=[0.2, 0.2, 0.21, 0.21, 0.18] (ep=16, 22.2s)
[   6000/48000] phase=A world=0.0845 w_ema=0.2551 pred=0.0845 smooth=0.0000 | actor=1.4052 b=0.2571 H=1.609 maxpi=0.201 KL=0.000003 logits|.|=0.031 e[min,max,std]=0.079,0.093,0.004 zone=[0.35, 0.49, 0.15] act=[0.21, 0.2, 0.2, 0.2, 0.2] (ep=25, 22.2s)
[   8000/48000] phase=A world=0.1140 w_ema=0.3137 pred=0.1140 smooth=0.0000 | actor=1.3641 b=0.3165 H=1.609 maxpi=0.201 KL=0.000003 logits|.|=0.030 e[min,max,std]=0.108,0.126,0.006 zone=[0.26, 0.43, 0.31] act=[0.21, 0.2, 0.19, 0.2, 0.2] (ep=33, 22.5s)
[  10000/48000] phase=A world=0.5504 w_ema=0.2623 pred=0.5504 smooth=0.0000 | actor=-2.3065 b=0.2651 H=1.609 maxpi=0.200 KL=0.000001 logits|.|=0.034 e[min,max,std]=0.521,0.561,0.015 zone=[0.33, 0.52, 0.14] act=[0.21, 0.2, 0.19, 0.18, 0.21] (ep=41, 21.9s)
[  12000/48000] phase=A world=0.1511 w_ema=0.0100 pred=0.1511 smooth=0.0000 | actor=-4.7598 b=0.0110 H=1.609 maxpi=0.200 KL=0.000000 logits|.|=0.027 e[min,max,std]=0.134,0.161,0.010 zone=[0.28, 0.39, 0.33] act=[0.2, 0.22, 0.2, 0.19, 0.2] (ep=50, 22.2s)
[  14000/48000] phase=B world=0.0016 w_ema=0.0099 pred=0.0016 smooth=0.0000 | actor=0.6766 b=0.0107 H=0.877 maxpi=0.685 KL=0.000341 logits|.|=0.916 e[min,max,std]=0.002,0.007,0.002 zone=[0.05, 0.22, 0.73] act=[0.23, 0.15, 0.09, 0.32, 0.22] (ep=58, 21.2s)
[  16000/48000] phase=B world=0.0070 w_ema=0.0324 pred=0.0070 smooth=0.0000 | actor=0.7204 b=0.0342 H=1.490 maxpi=0.478 KL=0.008027 logits|.|=0.736 e[min,max,std]=0.004,0.012,0.003 zone=[0.0, 0.02, 0.98] act=[0.05, 0.05, 0.01, 0.87, 0.02] (ep=66, 22.3s)
[  18000/48000] phase=B world=0.0007 w_ema=0.0027 pred=0.0007 smooth=0.0000 | actor=0.0022 b=0.0027 H=0.082 maxpi=0.989 KL=0.000361 logits|.|=1.937 e[min,max,std]=0.001,0.009,0.004 zone=[0.0, 0.03, 0.97] act=[0.03, 0.02, 0.01, 0.93, 0.02] (ep=75, 21.8s)
[  20000/48000] phase=B world=0.0010 w_ema=0.0077 pred=0.0010 smooth=0.0000 | actor=0.0023 b=0.0075 H=0.064 maxpi=0.988 KL=0.031596 logits|.|=2.097 e[min,max,std]=0.001,0.014,0.005 zone=[0.0, 0.04, 0.96] act=[0.06, 0.06, 0.01, 0.8, 0.07] (ep=83, 21.1s)
[  22000/48000] phase=B world=0.0027 w_ema=0.0053 pred=0.0027 smooth=0.0000 | actor=0.0005 b=0.0054 H=0.041 maxpi=0.960 KL=0.022497 logits|.|=2.050 e[min,max,std]=0.003,0.011,0.003 zone=[0.0, 0.03, 0.97] act=[0.05, 0.03, 0.01, 0.86, 0.05] (ep=91, 21.1s)
[  24000/48000] phase=B world=0.0049 w_ema=0.0029 pred=0.0049 smooth=0.0000 | actor=-0.0002 b=0.0029 H=0.011 maxpi=0.999 KL=0.001387 logits|.|=2.834 e[min,max,std]=0.005,0.021,0.006 zone=[0.0, 0.02, 0.98] act=[0.01, 0.01, 0.0, 0.98, 0.01] (ep=100, 21.1s)
[  26000/48000] phase=B world=0.0027 w_ema=0.0141 pred=0.0027 smooth=0.0000 | actor=0.0307 b=0.0150 H=0.407 maxpi=0.850 KL=0.043767 logits|.|=1.309 e[min,max,std]=0.003,0.007,0.001 zone=[0.0, 0.04, 0.96] act=[0.03, 0.03, 0.01, 0.92, 0.01] (ep=108, 19.9s)
[  28000/48000] phase=B world=0.0015 w_ema=0.0047 pred=0.0015 smooth=0.0000 | actor=0.0003 b=0.0047 H=0.020 maxpi=0.992 KL=0.004478 logits|.|=2.430 e[min,max,std]=0.001,0.008,0.002 zone=[0.0, 0.03, 0.97] act=[0.01, 0.01, 0.01, 0.97, 0.01] (ep=116, 21.4s)
[  30000/48000] phase=B world=0.0015 w_ema=0.0029 pred=0.0015 smooth=0.0000 | actor=0.0012 b=0.0029 H=0.075 maxpi=0.988 KL=0.000995 logits|.|=2.065 e[min,max,std]=0.002,0.012,0.004 zone=[0.0, 0.03, 0.97] act=[0.02, 0.01, 0.01, 0.95, 0.01] (ep=125, 21.2s)
[  32000/48000] phase=B world=0.0029 w_ema=0.0092 pred=0.0029 smooth=0.0000 | actor=0.0050 b=0.0092 H=0.135 maxpi=0.947 KL=0.037670 logits|.|=1.784 e[min,max,std]=0.003,0.007,0.002 zone=[0.0, 0.05, 0.95] act=[0.02, 0.02, 0.02, 0.91, 0.03] (ep=133, 21.2s)
[  34000/48000] phase=B world=0.0030 w_ema=0.0048 pred=0.0030 smooth=0.0000 | actor=0.0029 b=0.0049 H=0.233 maxpi=0.957 KL=0.006834 logits|.|=1.631 e[min,max,std]=0.002,0.010,0.003 zone=[0.0, 0.04, 0.95] act=[0.01, 0.02, 0.01, 0.94, 0.02] (ep=141, 21.1s)
[  36000/48000] phase=B world=0.0013 w_ema=0.0030 pred=0.0013 smooth=0.0000 | actor=0.0102 b=0.0031 H=0.295 maxpi=0.917 KL=0.000706 logits|.|=1.396 e[min,max,std]=0.001,0.003,0.001 zone=[0.0, 0.03, 0.97] act=[0.02, 0.01, 0.01, 0.94, 0.02] (ep=150, 20.7s)
[  38000/48000] phase=B world=0.0029 w_ema=0.0091 pred=0.0029 smooth=0.0000 | actor=0.0045 b=0.0092 H=0.131 maxpi=0.970 KL=0.007570 logits|.|=1.912 e[min,max,std]=0.003,0.009,0.002 zone=[0.0, 0.04, 0.96] act=[0.02, 0.01, 0.01, 0.93, 0.03] (ep=158, 20.7s)
[  40000/48000] phase=B world=0.0031 w_ema=0.0056 pred=0.0031 smooth=0.0000 | actor=0.0024 b=0.0056 H=0.120 maxpi=0.973 KL=0.005710 logits|.|=1.999 e[min,max,std]=0.003,0.011,0.003 zone=[0.0, 0.03, 0.97] act=[0.03, 0.02, 0.01, 0.92, 0.01] (ep=166, 21.1s)
[  42000/48000] phase=B world=0.0038 w_ema=0.0031 pred=0.0038 smooth=0.0000 | actor=-0.0008 b=0.0032 H=0.103 maxpi=0.982 KL=0.000866 logits|.|=2.510 e[min,max,std]=0.004,0.009,0.002 zone=[0.0, 0.03, 0.97] act=[0.02, 0.01, 0.01, 0.95, 0.01] (ep=175, 21.2s)
[  44000/48000] phase=B world=0.0032 w_ema=0.0102 pred=0.0032 smooth=0.0000 | actor=0.0029 b=0.0102 H=0.066 maxpi=0.985 KL=0.032050 logits|.|=2.503 e[min,max,std]=0.003,0.006,0.001 zone=[0.0, 0.03, 0.97] act=[0.03, 0.01, 0.01, 0.94, 0.01] (ep=183, 21.2s)
[  46000/48000] phase=B world=0.0027 w_ema=0.0044 pred=0.0027 smooth=0.0000 | actor=0.0006 b=0.0044 H=0.066 maxpi=0.987 KL=0.003457 logits|.|=2.270 e[min,max,std]=0.003,0.008,0.002 zone=[0.0, 0.02, 0.98] act=[0.01, 0.0, 0.0, 0.98, 0.0] (ep=191, 21.1s)
[  48000/48000] phase=B world=0.0027 w_ema=0.0026 pred=0.0027 smooth=0.0000 | actor=-0.0001 b=0.0026 H=0.043 maxpi=0.993 KL=0.001253 logits|.|=2.317 e[min,max,std]=0.003,0.005,0.001 zone=[0.0, 0.02, 0.98] act=[0.02, 0.01, 0.0, 0.96, 0.01] (ep=200, 20.9s)
Saved checkpoint to: outputs/runs/seed12/ckpt.pt
