/venv/cear-cemergence/lib/python3.10/runpy.py:126: RuntimeWarning: 'cear_pilot.training.train' found in sys.modules after import of package 'cear_pilot.training', but prior to execution of 'cear_pilot.training.train'; this may result in unpredictable behaviour
  warn(RuntimeWarning(msg))
[checkpoint] outputs/journal_train/default/seed6/ckpt_step00000.pt
[   2000/48000] phase=A route=detached world=0.2109 w_ema=0.3216 pred=0.2109 smooth=0.0000 | actor=0.8432 b=0.3231 H=1.609 maxpi=0.201 KL=0.000015 logits|.|=0.022 e[min,max,std]=0.204,0.220,0.005 zone=[0.4, 0.31, 0.29] act=[0.2, 0.21, 0.21, 0.19, 0.2] (ep=8, 28.1s)
[   4000/48000] phase=A route=detached world=0.0036 w_ema=0.0242 pred=0.0036 smooth=0.0000 | actor=0.2614 b=0.0250 H=1.609 maxpi=0.200 KL=0.000002 logits|.|=0.027 e[min,max,std]=0.003,0.006,0.001 zone=[0.22, 0.34, 0.44] act=[0.2, 0.2, 0.18, 0.2, 0.21] (ep=16, 22.2s)
[   6000/48000] phase=A route=detached world=0.1826 w_ema=0.0959 pred=0.1826 smooth=0.0000 | actor=-1.5695 b=0.0969 H=1.609 maxpi=0.200 KL=0.000001 logits|.|=0.024 e[min,max,std]=0.172,0.201,0.010 zone=[0.35, 0.46, 0.2] act=[0.21, 0.2, 0.2, 0.18, 0.21] (ep=25, 23.1s)
[   8000/48000] phase=A route=detached world=0.0388 w_ema=0.1346 pred=0.0388 smooth=0.0001 | actor=0.9345 b=0.1369 H=1.609 maxpi=0.201 KL=0.000015 logits|.|=0.020 e[min,max,std]=0.035,0.047,0.004 zone=[0.24, 0.47, 0.28] act=[0.2, 0.2, 0.2, 0.2, 0.2] (ep=33, 25.7s)
[  10000/48000] phase=A route=detached world=0.2261 w_ema=0.2063 pred=0.2261 smooth=0.0001 | actor=-0.1951 b=0.2074 H=1.609 maxpi=0.201 KL=0.000011 logits|.|=0.026 e[min,max,std]=0.197,0.244,0.016 zone=[0.41, 0.33, 0.26] act=[0.19, 0.2, 0.21, 0.2, 0.2] (ep=41, 29.5s)
[checkpoint] outputs/journal_train/default/seed6/ckpt_step12000.pt
[  12000/48000] phase=A route=detached world=0.0049 w_ema=0.0333 pred=0.0049 smooth=0.0000 | actor=0.3628 b=0.0337 H=1.609 maxpi=0.200 KL=0.000001 logits|.|=0.042 e[min,max,std]=0.004,0.007,0.001 zone=[0.22, 0.52, 0.26] act=[0.2, 0.22, 0.19, 0.19, 0.2] (ep=50, 22.9s)
[  14000/48000] phase=B route=detached world=0.0022 w_ema=0.0106 pred=0.0022 smooth=0.0000 | actor=0.0027 b=0.0104 H=0.055 maxpi=0.991 KL=0.000652 logits|.|=2.286 e[min,max,std]=0.002,0.012,0.003 zone=[0.01, 0.12, 0.87] act=[0.1, 0.04, 0.07, 0.76, 0.03] (ep=58, 21.6s)
[  16000/48000] phase=B route=detached world=0.0037 w_ema=0.0043 pred=0.0037 smooth=0.0000 | actor=0.0006 b=0.0043 H=0.106 maxpi=0.977 KL=0.004497 logits|.|=1.959 e[min,max,std]=0.004,0.010,0.002 zone=[0.0, 0.02, 0.98] act=[0.01, 0.0, 0.0, 0.98, 0.01] (ep=66, 21.8s)
[checkpoint] outputs/journal_train/default/seed6/ckpt_step18000.pt
[  18000/48000] phase=B route=detached world=0.0015 w_ema=0.0030 pred=0.0015 smooth=0.0000 | actor=0.0014 b=0.0030 H=0.123 maxpi=0.977 KL=0.001522 logits|.|=1.943 e[min,max,std]=0.001,0.003,0.001 zone=[0.0, 0.04, 0.96] act=[0.01, 0.01, 0.01, 0.96, 0.02] (ep=75, 22.2s)
[  20000/48000] phase=B route=detached world=0.0030 w_ema=0.0113 pred=0.0030 smooth=0.0000 | actor=0.0006 b=0.0117 H=0.019 maxpi=0.986 KL=0.022934 logits|.|=2.711 e[min,max,std]=0.003,0.007,0.002 zone=[0.01, 0.05, 0.94] act=[0.02, 0.01, 0.02, 0.93, 0.02] (ep=83, 21.6s)
[  22000/48000] phase=B route=detached world=0.0023 w_ema=0.0046 pred=0.0023 smooth=0.0000 | actor=0.0071 b=0.0046 H=0.338 maxpi=0.917 KL=0.003285 logits|.|=1.573 e[min,max,std]=0.002,0.006,0.001 zone=[0.0, 0.03, 0.97] act=[0.03, 0.01, 0.01, 0.94, 0.01] (ep=91, 21.6s)
[checkpoint] outputs/journal_train/default/seed6/ckpt_step24000.pt
[  24000/48000] phase=B route=detached world=0.0010 w_ema=0.0029 pred=0.0010 smooth=0.0000 | actor=0.1264 b=0.0035 H=1.227 maxpi=0.458 KL=0.004725 logits|.|=0.781 e[min,max,std]=0.001,0.003,0.001 zone=[0.0, 0.04, 0.96] act=[0.08, 0.02, 0.02, 0.85, 0.02] (ep=100, 21.6s)
[  26000/48000] phase=B route=detached world=0.0018 w_ema=0.0114 pred=0.0018 smooth=0.0000 | actor=0.0072 b=0.0116 H=0.163 maxpi=0.944 KL=0.020196 logits|.|=1.950 e[min,max,std]=0.002,0.005,0.001 zone=[0.01, 0.05, 0.94] act=[0.15, 0.05, 0.02, 0.75, 0.02] (ep=108, 21.6s)
[  28000/48000] phase=B route=detached world=0.0040 w_ema=0.0040 pred=0.0040 smooth=0.0000 | actor=0.0003 b=0.0041 H=0.180 maxpi=0.965 KL=0.003103 logits|.|=1.960 e[min,max,std]=0.004,0.009,0.002 zone=[0.0, 0.03, 0.97] act=[0.02, 0.01, 0.01, 0.95, 0.01] (ep=116, 23.2s)
[checkpoint] outputs/journal_train/default/seed6/ckpt_step30000.pt
[  30000/48000] phase=B route=detached world=0.0033 w_ema=0.0031 pred=0.0033 smooth=0.0000 | actor=-0.0005 b=0.0032 H=0.225 maxpi=0.953 KL=0.000688 logits|.|=1.850 e[min,max,std]=0.003,0.008,0.002 zone=[0.0, 0.04, 0.96] act=[0.05, 0.01, 0.01, 0.91, 0.02] (ep=125, 34.2s)
[  32000/48000] phase=B route=detached world=0.0013 w_ema=0.0081 pred=0.0013 smooth=0.0000 | actor=0.1234 b=0.0081 H=0.831 maxpi=0.873 KL=0.011004 logits|.|=1.572 e[min,max,std]=0.001,0.006,0.001 zone=[0.0, 0.03, 0.97] act=[0.04, 0.01, 0.01, 0.94, 0.01] (ep=133, 34.3s)
[  34000/48000] phase=B route=detached world=0.0014 w_ema=0.0039 pred=0.0014 smooth=0.0000 | actor=0.0028 b=0.0039 H=0.103 maxpi=0.982 KL=0.002249 logits|.|=2.320 e[min,max,std]=0.001,0.005,0.001 zone=[0.0, 0.04, 0.96] act=[0.05, 0.01, 0.02, 0.91, 0.02] (ep=141, 34.3s)
[checkpoint] outputs/journal_train/default/seed6/ckpt_step36000.pt
[  36000/48000] phase=B route=detached world=0.0018 w_ema=0.0028 pred=0.0018 smooth=0.0000 | actor=0.0002 b=0.0028 H=0.023 maxpi=0.996 KL=0.000622 logits|.|=2.890 e[min,max,std]=0.002,0.007,0.002 zone=[0.0, 0.03, 0.97] act=[0.02, 0.0, 0.01, 0.96, 0.01] (ep=150, 34.4s)
[  38000/48000] phase=B route=detached world=0.0042 w_ema=0.0164 pred=0.0042 smooth=0.0000 | actor=0.0448 b=0.0164 H=0.547 maxpi=0.831 KL=0.012854 logits|.|=1.209 e[min,max,std]=0.004,0.010,0.002 zone=[0.0, 0.04, 0.96] act=[0.03, 0.02, 0.04, 0.86, 0.04] (ep=158, 34.3s)
[  40000/48000] phase=B route=detached world=0.0021 w_ema=0.0039 pred=0.0021 smooth=0.0000 | actor=0.0033 b=0.0040 H=0.169 maxpi=0.966 KL=0.002908 logits|.|=1.936 e[min,max,std]=0.002,0.005,0.001 zone=[0.0, 0.04, 0.96] act=[0.02, 0.01, 0.02, 0.94, 0.01] (ep=166, 34.3s)
[checkpoint] outputs/journal_train/default/seed6/ckpt_step42000.pt
[  42000/48000] phase=B route=detached world=0.0014 w_ema=0.0031 pred=0.0014 smooth=0.0000 | actor=0.0105 b=0.0033 H=0.473 maxpi=0.876 KL=0.003598 logits|.|=1.292 e[min,max,std]=0.001,0.006,0.002 zone=[0.0, 0.04, 0.96] act=[0.05, 0.02, 0.03, 0.87, 0.03] (ep=175, 34.4s)
[  44000/48000] phase=B route=detached world=0.0044 w_ema=0.0073 pred=0.0044 smooth=0.0001 | actor=0.0006 b=0.0074 H=0.035 maxpi=0.981 KL=0.032352 logits|.|=2.548 e[min,max,std]=0.003,0.017,0.005 zone=[0.0, 0.03, 0.97] act=[0.01, 0.01, 0.01, 0.97, 0.01] (ep=183, 34.3s)
[  46000/48000] phase=B route=detached world=0.0047 w_ema=0.0039 pred=0.0047 smooth=0.0000 | actor=-0.0015 b=0.0039 H=0.153 maxpi=0.972 KL=0.004801 logits|.|=2.009 e[min,max,std]=0.003,0.011,0.003 zone=[0.0, 0.02, 0.98] act=[0.01, 0.02, 0.0, 0.97, 0.01] (ep=191, 34.4s)
[checkpoint] outputs/journal_train/default/seed6/ckpt_step48000.pt
[  48000/48000] phase=B route=detached world=0.0019 w_ema=0.0027 pred=0.0019 smooth=0.0000 | actor=0.0012 b=0.0028 H=0.123 maxpi=0.974 KL=0.001201 logits|.|=2.170 e[min,max,std]=0.002,0.007,0.002 zone=[0.0, 0.02, 0.98] act=[0.01, 0.03, 0.0, 0.96, 0.0] (ep=200, 34.3s)
Saved training trajectory to: outputs/journal_train/default/seed6/train_traj.parquet
Saved checkpoint to: outputs/journal_train/default/seed6/ckpt.pt
