/venv/cear-cemergence/lib/python3.10/runpy.py:126: RuntimeWarning: 'cear_pilot.training.train' found in sys.modules after import of package 'cear_pilot.training', but prior to execution of 'cear_pilot.training.train'; this may result in unpredictable behaviour
  warn(RuntimeWarning(msg))
[checkpoint] outputs/journal_train/coupled/seed7/ckpt_step00000.pt
[   2000/48000] phase=A route=detached world=0.6130 w_ema=0.2738 pred=0.6130 smooth=0.0000 | actor=-2.9657 b=0.2747 H=1.609 maxpi=0.201 KL=0.000015 logits|.|=0.065 e[min,max,std]=0.605,0.626,0.009 zone=[0.28, 0.41, 0.31] act=[0.2, 0.2, 0.2, 0.19, 0.21] (ep=8, 32.5s)
[   4000/48000] phase=A route=detached world=0.0026 w_ema=0.0315 pred=0.0026 smooth=0.0000 | actor=0.3285 b=0.0320 H=1.609 maxpi=0.200 KL=0.000002 logits|.|=0.070 e[min,max,std]=0.002,0.004,0.001 zone=[0.41, 0.33, 0.26] act=[0.17, 0.2, 0.2, 0.2, 0.22] (ep=16, 24.4s)
[   6000/48000] phase=A route=detached world=0.7497 w_ema=0.1539 pred=0.7497 smooth=0.0000 | actor=-5.6989 b=0.1540 H=1.609 maxpi=0.200 KL=0.000002 logits|.|=0.060 e[min,max,std]=0.727,0.763,0.013 zone=[0.1, 0.39, 0.51] act=[0.19, 0.2, 0.2, 0.21, 0.2] (ep=25, 34.2s)
[   8000/48000] phase=A route=detached world=0.0710 w_ema=0.2382 pred=0.0710 smooth=0.0000 | actor=1.5347 b=0.2389 H=1.609 maxpi=0.201 KL=0.000011 logits|.|=0.064 e[min,max,std]=0.065,0.077,0.004 zone=[0.33, 0.45, 0.23] act=[0.2, 0.2, 0.21, 0.2, 0.2] (ep=33, 34.3s)
[  10000/48000] phase=A route=detached world=0.0032 w_ema=0.0726 pred=0.0032 smooth=0.0000 | actor=0.6989 b=0.0728 H=1.609 maxpi=0.200 KL=0.000001 logits|.|=0.067 e[min,max,std]=0.002,0.005,0.001 zone=[0.38, 0.45, 0.16] act=[0.19, 0.19, 0.22, 0.19, 0.21] (ep=41, 34.4s)
[checkpoint] outputs/journal_train/coupled/seed7/ckpt_step12000.pt
[  12000/48000] phase=A route=detached world=0.0049 w_ema=0.0730 pred=0.0049 smooth=0.0000 | actor=0.8238 b=0.0736 H=1.609 maxpi=0.200 KL=0.000002 logits|.|=0.052 e[min,max,std]=0.004,0.007,0.001 zone=[0.17, 0.44, 0.39] act=[0.19, 0.2, 0.19, 0.21, 0.21] (ep=50, 34.2s)
[  14000/48000] phase=B route=coupled world=0.7398 w_ema=0.4190 pred=0.7394 smooth=0.0019 | actor=-2.9803 b=0.4195 H=1.388 maxpi=0.404 KL=0.007425 logits|.|=1.978 e[min,max,std]=0.686,0.746,0.022 zone=[0.15, 0.09, 0.76] act=[0.07, 0.08, 0.11, 0.63, 0.11] (ep=58, 28.6s)
[  16000/48000] phase=B route=coupled world=0.0025 w_ema=0.0059 pred=0.0025 smooth=0.0000 | actor=0.0009 b=0.0067 H=0.131 maxpi=0.972 KL=0.000014 logits|.|=1.747 e[min,max,std]=0.002,0.040,0.013 zone=[0.74, 0.14, 0.12] act=[0.03, 0.1, 0.1, 0.13, 0.64] (ep=66, 29.6s)
[checkpoint] outputs/journal_train/coupled/seed7/ckpt_step18000.pt
[  18000/48000] phase=B route=coupled world=0.0022 w_ema=0.0029 pred=0.0022 smooth=0.0000 | actor=0.0001 b=0.0029 H=0.019 maxpi=0.998 KL=0.000000 logits|.|=2.546 e[min,max,std]=0.002,0.014,0.004 zone=[0.0, 0.01, 0.99] act=[0.0, 0.0, 0.0, 0.99, 0.0] (ep=75, 29.7s)
[  20000/48000] phase=B route=coupled world=0.0021 w_ema=0.0100 pred=0.0021 smooth=0.0000 | actor=0.0006 b=0.0100 H=0.016 maxpi=0.998 KL=0.000000 logits|.|=2.602 e[min,max,std]=0.001,0.007,0.002 zone=[0.0, 0.01, 0.99] act=[0.0, 0.0, 0.0, 1.0, 0.0] (ep=83, 37.1s)
[  22000/48000] phase=B route=coupled world=0.0030 w_ema=0.0037 pred=0.0030 smooth=0.0000 | actor=0.0000 b=0.0037 H=0.011 maxpi=0.999 KL=0.000000 logits|.|=2.715 e[min,max,std]=0.003,0.009,0.003 zone=[0.0, 0.01, 0.99] act=[0.0, 0.0, 0.0, 1.0, 0.0] (ep=91, 39.6s)
[checkpoint] outputs/journal_train/coupled/seed7/ckpt_step24000.pt
[  24000/48000] phase=B route=coupled world=0.0026 w_ema=0.0029 pred=0.0026 smooth=0.0000 | actor=0.0004 b=0.0029 H=0.051 maxpi=0.993 KL=0.000000 logits|.|=2.157 e[min,max,std]=0.003,0.011,0.003 zone=[0.0, 0.01, 0.99] act=[0.0, 0.0, 0.0, 1.0, 0.0] (ep=100, 39.9s)
[  26000/48000] phase=B route=coupled world=0.0027 w_ema=0.0049 pred=0.0027 smooth=0.0000 | actor=0.0001 b=0.0049 H=0.006 maxpi=0.999 KL=0.000000 logits|.|=2.977 e[min,max,std]=0.002,0.004,0.001 zone=[0.0, 0.01, 0.99] act=[0.0, 0.0, 0.0, 0.99, 0.0] (ep=108, 40.2s)
[  28000/48000] phase=B route=coupled world=0.0013 w_ema=0.0033 pred=0.0013 smooth=0.0000 | actor=0.0001 b=0.0033 H=0.008 maxpi=0.999 KL=0.000000 logits|.|=2.850 e[min,max,std]=0.001,0.006,0.002 zone=[0.0, 0.01, 0.99] act=[0.0, 0.0, 0.0, 1.0, 0.0] (ep=116, 40.5s)
[checkpoint] outputs/journal_train/coupled/seed7/ckpt_step30000.pt
[  30000/48000] phase=B route=coupled world=0.0025 w_ema=0.0032 pred=0.0025 smooth=0.0000 | actor=0.0002 b=0.0032 H=0.037 maxpi=0.994 KL=0.010031 logits|.|=2.550 e[min,max,std]=0.002,0.028,0.009 zone=[0.04, 0.06, 0.9] act=[0.01, 0.2, 0.03, 0.7, 0.07] (ep=125, 40.6s)
[  32000/48000] phase=B route=coupled world=0.0051 w_ema=0.0181 pred=0.0051 smooth=0.0000 | actor=0.0031 b=0.0180 H=0.065 maxpi=0.981 KL=0.748412 logits|.|=2.925 e[min,max,std]=0.005,0.020,0.006 zone=[0.0, 0.1, 0.9] act=[0.0, 0.82, 0.01, 0.14, 0.03] (ep=133, 40.1s)
[  34000/48000] phase=B route=coupled world=0.0586 w_ema=0.0884 pred=0.0586 smooth=0.0000 | actor=0.0014 b=0.0884 H=0.021 maxpi=0.997 KL=0.016970 logits|.|=3.117 e[min,max,std]=0.059,0.084,0.009 zone=[0.0, 0.15, 0.85] act=[0.0, 0.76, 0.01, 0.23, 0.01] (ep=141, 40.8s)
[checkpoint] outputs/journal_train/coupled/seed7/ckpt_step36000.pt
[  36000/48000] phase=B route=coupled world=0.0017 w_ema=0.0031 pred=0.0017 smooth=0.0000 | actor=0.0005 b=0.0031 H=0.035 maxpi=0.991 KL=0.000033 logits|.|=3.134 e[min,max,std]=0.002,0.009,0.003 zone=[0.0, 0.08, 0.92] act=[0.0, 0.07, 0.01, 0.92, 0.0] (ep=150, 40.7s)
[  38000/48000] phase=B route=coupled world=0.0024 w_ema=0.0102 pred=0.0024 smooth=0.0000 | actor=0.4113 b=0.0105 H=0.446 maxpi=0.821 KL=0.000026 logits|.|=3.087 e[min,max,std]=0.002,0.006,0.001 zone=[0.0, 0.01, 0.99] act=[0.0, 0.0, 0.05, 0.95, 0.0] (ep=158, 38.7s)
[  40000/48000] phase=B route=coupled world=0.0023 w_ema=0.0039 pred=0.0023 smooth=0.0000 | actor=0.0005 b=0.0039 H=0.028 maxpi=0.996 KL=0.000169 logits|.|=3.202 e[min,max,std]=0.002,0.017,0.005 zone=[0.0, 0.02, 0.98] act=[0.0, 0.0, 0.09, 0.91, 0.0] (ep=166, 33.4s)
[checkpoint] outputs/journal_train/coupled/seed7/ckpt_step42000.pt
[  42000/48000] phase=B route=coupled world=0.0140 w_ema=0.0648 pred=0.0140 smooth=0.0000 | actor=0.0396 b=0.0629 H=0.216 maxpi=0.912 KL=0.424961 logits|.|=2.736 e[min,max,std]=0.014,0.040,0.010 zone=[0.0, 0.05, 0.95] act=[0.01, 0.02, 0.01, 0.43, 0.54] (ep=175, 32.3s)
[  44000/48000] phase=B route=coupled world=0.0015 w_ema=0.0127 pred=0.0015 smooth=0.0000 | actor=0.0004 b=0.0127 H=0.011 maxpi=0.982 KL=0.895396 logits|.|=3.579 e[min,max,std]=0.002,0.004,0.001 zone=[0.0, 0.04, 0.96] act=[0.01, 0.03, 0.0, 0.72, 0.24] (ep=183, 38.2s)
[  46000/48000] phase=B route=coupled world=0.0025 w_ema=0.0034 pred=0.0025 smooth=0.0000 | actor=0.0000 b=0.0034 H=0.003 maxpi=0.999 KL=0.011193 logits|.|=3.930 e[min,max,std]=0.002,0.008,0.002 zone=[0.0, 0.02, 0.98] act=[0.0, 0.0, 0.0, 0.99, 0.01] (ep=191, 32.2s)
[checkpoint] outputs/journal_train/coupled/seed7/ckpt_step48000.pt
[  48000/48000] phase=B route=coupled world=0.0029 w_ema=0.0026 pred=0.0029 smooth=0.0000 | actor=-0.0001 b=0.0026 H=0.014 maxpi=0.998 KL=0.000002 logits|.|=3.659 e[min,max,std]=0.003,0.007,0.001 zone=[0.0, 0.02, 0.98] act=[0.01, 0.11, 0.0, 0.88, 0.01] (ep=200, 31.8s)
Saved training trajectory to: outputs/journal_train/coupled/seed7/train_traj.parquet
Saved checkpoint to: outputs/journal_train/coupled/seed7/ckpt.pt
