/venv/cear-cemergence/lib/python3.10/runpy.py:126: RuntimeWarning: 'cear_pilot.training.train' found in sys.modules after import of package 'cear_pilot.training', but prior to execution of 'cear_pilot.training.train'; this may result in unpredictable behaviour
  warn(RuntimeWarning(msg))
[checkpoint] outputs/journal_train/coupled/seed1/ckpt_step00000.pt
[   2000/48000] phase=A route=detached world=0.0346 w_ema=0.0699 pred=0.0346 smooth=0.0000 | actor=0.6035 b=0.0703 H=1.609 maxpi=0.201 KL=0.000008 logits|.|=0.097 e[min,max,std]=0.032,0.040,0.003 zone=[0.37, 0.4, 0.23] act=[0.21, 0.2, 0.2, 0.18, 0.2] (ep=8, 35.6s)
[   4000/48000] phase=A route=detached world=0.0735 w_ema=0.3590 pred=0.0735 smooth=0.0000 | actor=2.0303 b=0.3596 H=1.609 maxpi=0.201 KL=0.000004 logits|.|=0.105 e[min,max,std]=0.064,0.083,0.008 zone=[0.36, 0.31, 0.33] act=[0.19, 0.2, 0.21, 0.2, 0.19] (ep=16, 34.7s)
[   6000/48000] phase=A route=detached world=0.0778 w_ema=0.2951 pred=0.0778 smooth=0.0000 | actor=1.6659 b=0.2959 H=1.609 maxpi=0.201 KL=0.000003 logits|.|=0.102 e[min,max,std]=0.076,0.083,0.003 zone=[0.32, 0.47, 0.21] act=[0.2, 0.19, 0.21, 0.21, 0.2] (ep=25, 34.8s)
[   8000/48000] phase=A route=detached world=0.0730 w_ema=0.0974 pred=0.0729 smooth=0.0002 | actor=0.2602 b=0.0966 H=1.609 maxpi=0.201 KL=0.000008 logits|.|=0.109 e[min,max,std]=0.069,0.077,0.003 zone=[0.2, 0.47, 0.33] act=[0.2, 0.2, 0.2, 0.21, 0.19] (ep=33, 34.9s)
[  10000/48000] phase=A route=detached world=0.0037 w_ema=0.0203 pred=0.0037 smooth=0.0000 | actor=0.1661 b=0.0209 H=1.609 maxpi=0.200 KL=0.000001 logits|.|=0.109 e[min,max,std]=0.003,0.006,0.001 zone=[0.38, 0.38, 0.24] act=[0.2, 0.2, 0.21, 0.19, 0.2] (ep=41, 34.4s)
[checkpoint] outputs/journal_train/coupled/seed1/ckpt_step12000.pt
[  12000/48000] phase=A route=detached world=0.4297 w_ema=0.1763 pred=0.4296 smooth=0.0003 | actor=-2.6115 b=0.1768 H=1.609 maxpi=0.201 KL=0.000005 logits|.|=0.090 e[min,max,std]=0.415,0.443,0.011 zone=[0.22, 0.41, 0.37] act=[0.2, 0.21, 0.2, 0.19, 0.2] (ep=50, 34.5s)
[  14000/48000] phase=B route=coupled world=0.0030 w_ema=0.0072 pred=0.0030 smooth=0.0000 | actor=0.0006 b=0.0072 H=0.034 maxpi=0.995 KL=0.000011 logits|.|=2.399 e[min,max,std]=0.003,0.011,0.003 zone=[0.0, 0.03, 0.97] act=[0.03, 0.01, 0.04, 0.85, 0.06] (ep=58, 39.2s)
[  16000/48000] phase=B route=coupled world=0.2162 w_ema=0.0975 pred=0.2162 smooth=0.0000 | actor=-1.3029 b=0.1003 H=1.026 maxpi=0.488 KL=0.000026 logits|.|=2.251 e[min,max,std]=0.199,0.223,0.009 zone=[0.01, 0.63, 0.36] act=[0.23, 0.19, 0.02, 0.23, 0.34] (ep=66, 39.4s)
[checkpoint] outputs/journal_train/coupled/seed1/ckpt_step18000.pt
[  18000/48000] phase=B route=coupled world=0.0012 w_ema=0.0032 pred=0.0012 smooth=0.0000 | actor=0.0007 b=0.0034 H=0.040 maxpi=0.991 KL=0.006557 logits|.|=2.672 e[min,max,std]=0.001,0.014,0.004 zone=[0.03, 0.13, 0.84] act=[0.07, 0.03, 0.02, 0.68, 0.19] (ep=75, 39.5s)
[  20000/48000] phase=B route=coupled world=0.0024 w_ema=0.0130 pred=0.0024 smooth=0.0000 | actor=0.0039 b=0.0130 H=0.061 maxpi=0.980 KL=0.025305 logits|.|=2.571 e[min,max,std]=0.002,0.021,0.006 zone=[0.0, 0.03, 0.97] act=[0.03, 0.01, 0.01, 0.74, 0.2] (ep=83, 39.9s)
[  22000/48000] phase=B route=coupled world=0.1083 w_ema=0.1002 pred=0.1083 smooth=0.0001 | actor=-0.0565 b=0.1016 H=1.027 maxpi=0.639 KL=0.570896 logits|.|=1.739 e[min,max,std]=0.097,0.127,0.010 zone=[0.0, 0.1, 0.9] act=[0.06, 0.01, 0.01, 0.79, 0.13] (ep=91, 39.5s)
[checkpoint] outputs/journal_train/coupled/seed1/ckpt_step24000.pt
[  24000/48000] phase=B route=coupled world=0.0017 w_ema=0.0030 pred=0.0017 smooth=0.0000 | actor=0.0050 b=0.0041 H=0.204 maxpi=0.912 KL=0.016588 logits|.|=2.755 e[min,max,std]=0.002,0.018,0.006 zone=[0.0, 0.06, 0.94] act=[0.21, 0.35, 0.01, 0.39, 0.05] (ep=100, 39.5s)
[  26000/48000] phase=B route=coupled world=0.0172 w_ema=0.0552 pred=0.0172 smooth=0.0000 | actor=0.0079 b=0.0553 H=0.077 maxpi=0.988 KL=0.504103 logits|.|=2.694 e[min,max,std]=0.017,0.028,0.004 zone=[0.0, 0.12, 0.89] act=[0.02, 0.84, 0.0, 0.13, 0.0] (ep=108, 38.8s)
[  28000/48000] phase=B route=coupled world=0.0547 w_ema=0.1019 pred=0.0547 smooth=0.0001 | actor=0.0234 b=0.1020 H=0.140 maxpi=0.975 KL=0.000007 logits|.|=1.727 e[min,max,std]=0.046,0.061,0.005 zone=[0.0, 0.92, 0.08] act=[0.19, 0.8, 0.0, 0.0, 0.01] (ep=116, 39.0s)
[checkpoint] outputs/journal_train/coupled/seed1/ckpt_step30000.pt
[  30000/48000] phase=B route=coupled world=0.0017 w_ema=0.0028 pred=0.0017 smooth=0.0000 | actor=0.0000 b=0.0028 H=0.006 maxpi=0.999 KL=0.000000 logits|.|=3.373 e[min,max,std]=0.002,0.009,0.002 zone=[0.06, 0.26, 0.68] act=[0.25, 0.0, 0.02, 0.69, 0.03] (ep=125, 39.6s)
[  32000/48000] phase=B route=coupled world=0.0014 w_ema=0.0091 pred=0.0014 smooth=0.0000 | actor=0.0003 b=0.0090 H=0.007 maxpi=0.999 KL=0.000000 logits|.|=3.348 e[min,max,std]=0.001,0.006,0.002 zone=[0.0, 0.01, 0.99] act=[0.0, 0.0, 0.0, 1.0, 0.0] (ep=133, 39.3s)
[  34000/48000] phase=B route=coupled world=0.0076 w_ema=0.0042 pred=0.0076 smooth=0.0000 | actor=-0.0001 b=0.0042 H=0.004 maxpi=1.000 KL=0.000000 logits|.|=3.545 e[min,max,std]=0.005,0.016,0.004 zone=[0.0, 0.01, 0.99] act=[0.0, 0.0, 0.0, 1.0, 0.0] (ep=141, 39.3s)
[checkpoint] outputs/journal_train/coupled/seed1/ckpt_step36000.pt
[  36000/48000] phase=B route=coupled world=0.0028 w_ema=0.0029 pred=0.0028 smooth=0.0000 | actor=0.0001 b=0.0030 H=0.038 maxpi=0.994 KL=0.000004 logits|.|=3.222 e[min,max,std]=0.003,0.006,0.001 zone=[0.0, 0.01, 0.99] act=[0.0, 0.0, 0.0, 1.0, 0.0] (ep=150, 39.4s)
[  38000/48000] phase=B route=coupled world=0.0017 w_ema=0.0075 pred=0.0017 smooth=0.0000 | actor=0.0010 b=0.0075 H=0.031 maxpi=0.996 KL=0.000001 logits|.|=3.474 e[min,max,std]=0.002,0.004,0.001 zone=[0.0, 0.01, 0.99] act=[0.0, 0.0, 0.0, 0.99, 0.0] (ep=158, 38.6s)
[  40000/48000] phase=B route=coupled world=0.0045 w_ema=0.0041 pred=0.0045 smooth=0.0000 | actor=-0.0000 b=0.0041 H=0.008 maxpi=0.999 KL=0.000000 logits|.|=3.673 e[min,max,std]=0.004,0.010,0.002 zone=[0.0, 0.01, 0.99] act=[0.0, 0.0, 0.0, 1.0, 0.0] (ep=166, 34.8s)
[checkpoint] outputs/journal_train/coupled/seed1/ckpt_step42000.pt
[  42000/48000] phase=B route=coupled world=0.0025 w_ema=0.0027 pred=0.0025 smooth=0.0000 | actor=0.0000 b=0.0026 H=0.016 maxpi=0.998 KL=0.000000 logits|.|=3.436 e[min,max,std]=0.002,0.013,0.004 zone=[0.0, 0.01, 0.99] act=[0.0, 0.0, 0.0, 1.0, 0.0] (ep=175, 34.8s)
[  44000/48000] phase=B route=coupled world=0.0037 w_ema=0.0256 pred=0.0037 smooth=0.0000 | actor=0.0538 b=0.0260 H=0.380 maxpi=0.823 KL=0.435418 logits|.|=3.332 e[min,max,std]=0.004,0.019,0.005 zone=[0.0, 0.18, 0.82] act=[0.05, 0.46, 0.01, 0.47, 0.01] (ep=183, 34.8s)
[  46000/48000] phase=B route=coupled world=0.0016 w_ema=0.0047 pred=0.0016 smooth=0.0000 | actor=0.0030 b=0.0048 H=0.108 maxpi=0.975 KL=0.070387 logits|.|=3.303 e[min,max,std]=0.002,0.009,0.003 zone=[0.0, 0.07, 0.93] act=[0.03, 0.59, 0.0, 0.37, 0.01] (ep=191, 34.6s)
[checkpoint] outputs/journal_train/coupled/seed1/ckpt_step48000.pt
[  48000/48000] phase=B route=coupled world=0.0020 w_ema=0.0039 pred=0.0020 smooth=0.0002 | actor=0.0040 b=0.0043 H=0.182 maxpi=0.936 KL=0.067225 logits|.|=3.471 e[min,max,std]=0.002,0.010,0.003 zone=[0.0, 0.06, 0.94] act=[0.16, 0.69, 0.0, 0.13, 0.02] (ep=200, 34.7s)
Saved training trajectory to: outputs/journal_train/coupled/seed1/train_traj.parquet
Saved checkpoint to: outputs/journal_train/coupled/seed1/ckpt.pt
