/venv/cear-cemergence/lib/python3.10/runpy.py:126: RuntimeWarning: 'cear_pilot.training.train' found in sys.modules after import of package 'cear_pilot.training', but prior to execution of 'cear_pilot.training.train'; this may result in unpredictable behaviour
  warn(RuntimeWarning(msg))
[checkpoint] outputs/journal_train/coupled/seed15/ckpt_step00000.pt
[   2000/48000] phase=A route=detached world=0.0076 w_ema=0.0315 pred=0.0076 smooth=0.0000 | actor=0.5464 b=0.0328 H=1.609 maxpi=0.201 KL=0.000003 logits|.|=0.029 e[min,max,std]=0.006,0.011,0.002 zone=[0.26, 0.32, 0.42] act=[0.19, 0.2, 0.2, 0.21, 0.2] (ep=8, 35.2s)
[   4000/48000] phase=A route=detached world=0.1321 w_ema=0.0410 pred=0.1321 smooth=0.0000 | actor=-1.4722 b=0.0415 H=1.609 maxpi=0.200 KL=0.000001 logits|.|=0.065 e[min,max,std]=0.124,0.137,0.004 zone=[0.2, 0.43, 0.37] act=[0.2, 0.19, 0.2, 0.2, 0.2] (ep=16, 34.2s)
[   6000/48000] phase=A route=detached world=0.0321 w_ema=0.0955 pred=0.0321 smooth=0.0000 | actor=0.8021 b=0.0968 H=1.609 maxpi=0.200 KL=0.000001 logits|.|=0.048 e[min,max,std]=0.028,0.035,0.003 zone=[0.4, 0.34, 0.26] act=[0.2, 0.2, 0.21, 0.19, 0.2] (ep=25, 34.0s)
[   8000/48000] phase=A route=detached world=0.0605 w_ema=0.2446 pred=0.0605 smooth=0.0000 | actor=1.6442 b=0.2449 H=1.609 maxpi=0.201 KL=0.000005 logits|.|=0.065 e[min,max,std]=0.059,0.064,0.001 zone=[0.36, 0.5, 0.14] act=[0.21, 0.19, 0.22, 0.2, 0.18] (ep=33, 34.0s)
[  10000/48000] phase=A route=detached world=0.5652 w_ema=0.2840 pred=0.5651 smooth=0.0002 | actor=-2.0612 b=0.2848 H=1.609 maxpi=0.201 KL=0.000003 logits|.|=0.059 e[min,max,std]=0.557,0.573,0.005 zone=[0.37, 0.47, 0.16] act=[0.19, 0.2, 0.21, 0.2, 0.2] (ep=41, 34.6s)
[checkpoint] outputs/journal_train/coupled/seed15/ckpt_step12000.pt
[  12000/48000] phase=A route=detached world=0.4387 w_ema=0.3541 pred=0.4386 smooth=0.0003 | actor=-0.5753 b=0.3544 H=1.609 maxpi=0.201 KL=0.000005 logits|.|=0.047 e[min,max,std]=0.427,0.452,0.009 zone=[0.23, 0.36, 0.4] act=[0.2, 0.21, 0.2, 0.22, 0.18] (ep=50, 34.9s)
[  14000/48000] phase=B route=coupled world=0.0012 w_ema=0.0084 pred=0.0012 smooth=0.0000 | actor=0.0059 b=0.0084 H=0.122 maxpi=0.978 KL=0.000249 logits|.|=1.934 e[min,max,std]=0.001,0.006,0.002 zone=[0.06, 0.07, 0.88] act=[0.07, 0.08, 0.04, 0.64, 0.17] (ep=58, 40.5s)
[  16000/48000] phase=B route=coupled world=0.1050 w_ema=0.0980 pred=0.1049 smooth=0.0001 | actor=-0.0309 b=0.0982 H=1.097 maxpi=0.688 KL=0.791883 logits|.|=1.319 e[min,max,std]=0.082,0.110,0.010 zone=[0.01, 0.11, 0.88] act=[0.06, 0.04, 0.05, 0.82, 0.03] (ep=66, 40.5s)
[checkpoint] outputs/journal_train/coupled/seed15/ckpt_step18000.pt
[  18000/48000] phase=B route=coupled world=0.0041 w_ema=0.0027 pred=0.0041 smooth=0.0000 | actor=-0.0012 b=0.0027 H=0.053 maxpi=0.993 KL=0.000030 logits|.|=2.309 e[min,max,std]=0.004,0.011,0.002 zone=[0.0, 0.04, 0.96] act=[0.05, 0.01, 0.01, 0.92, 0.01] (ep=75, 40.4s)
[  20000/48000] phase=B route=coupled world=0.0014 w_ema=0.0093 pred=0.0014 smooth=0.0000 | actor=0.0027 b=0.0092 H=0.063 maxpi=0.978 KL=0.056331 logits|.|=2.155 e[min,max,std]=0.001,0.007,0.002 zone=[0.03, 0.1, 0.87] act=[0.09, 0.1, 0.04, 0.74, 0.02] (ep=83, 40.5s)
[  22000/48000] phase=B route=coupled world=0.0033 w_ema=0.0042 pred=0.0033 smooth=0.0001 | actor=0.0002 b=0.0042 H=0.032 maxpi=0.992 KL=0.002010 logits|.|=2.453 e[min,max,std]=0.003,0.009,0.002 zone=[0.0, 0.03, 0.97] act=[0.01, 0.01, 0.01, 0.96, 0.01] (ep=91, 40.7s)
[checkpoint] outputs/journal_train/coupled/seed15/ckpt_step24000.pt
[  24000/48000] phase=B route=coupled world=0.0053 w_ema=0.0323 pred=0.0053 smooth=0.0000 | actor=0.0025 b=0.0325 H=0.052 maxpi=0.894 KL=0.094806 logits|.|=2.071 e[min,max,std]=0.005,0.026,0.007 zone=[0.0, 0.12, 0.88] act=[0.05, 0.13, 0.02, 0.69, 0.1] (ep=100, 40.7s)
[  26000/48000] phase=B route=coupled world=0.1211 w_ema=0.1122 pred=0.1211 smooth=0.0000 | actor=-0.0290 b=0.1121 H=1.022 maxpi=0.618 KL=0.000146 logits|.|=2.131 e[min,max,std]=0.113,0.152,0.013 zone=[0.11, 0.31, 0.57] act=[0.29, 0.09, 0.01, 0.47, 0.15] (ep=108, 40.9s)
[  28000/48000] phase=B route=coupled world=0.0031 w_ema=0.0084 pred=0.0031 smooth=0.0000 | actor=0.1753 b=0.0107 H=1.001 maxpi=0.484 KL=0.048890 logits|.|=2.432 e[min,max,std]=0.004,0.011,0.002 zone=[0.0, 0.63, 0.37] act=[0.62, 0.17, 0.01, 0.01, 0.19] (ep=116, 41.0s)
[checkpoint] outputs/journal_train/coupled/seed15/ckpt_step30000.pt
[  30000/48000] phase=B route=coupled world=0.0036 w_ema=0.0031 pred=0.0036 smooth=0.0000 | actor=-0.0001 b=0.0031 H=0.024 maxpi=0.993 KL=0.004310 logits|.|=2.896 e[min,max,std]=0.004,0.008,0.002 zone=[0.0, 0.06, 0.94] act=[0.16, 0.05, 0.0, 0.58, 0.2] (ep=125, 41.0s)
[  32000/48000] phase=B route=coupled world=0.0386 w_ema=0.0798 pred=0.0386 smooth=0.0001 | actor=0.6192 b=0.0814 H=0.924 maxpi=0.533 KL=0.231695 logits|.|=3.249 e[min,max,std]=0.036,0.050,0.005 zone=[0.0, 0.21, 0.79] act=[0.16, 0.27, 0.0, 0.25, 0.32] (ep=133, 40.7s)
[  34000/48000] phase=B route=coupled world=0.0447 w_ema=0.0852 pred=0.0447 smooth=0.0001 | actor=0.1368 b=0.0859 H=0.670 maxpi=0.794 KL=0.325419 logits|.|=2.497 e[min,max,std]=0.029,0.049,0.006 zone=[0.0, 0.46, 0.54] act=[0.18, 0.42, 0.0, 0.01, 0.39] (ep=141, 40.8s)
[checkpoint] outputs/journal_train/coupled/seed15/ckpt_step36000.pt
[  36000/48000] phase=B route=coupled world=0.0012 w_ema=0.0062 pred=0.0012 smooth=0.0000 | actor=0.0130 b=0.0067 H=0.393 maxpi=0.894 KL=0.000049 logits|.|=2.072 e[min,max,std]=0.001,0.007,0.002 zone=[0.0, 0.87, 0.13] act=[0.07, 0.19, 0.0, 0.01, 0.74] (ep=150, 41.2s)
[  38000/48000] phase=B route=coupled world=0.1387 w_ema=0.0926 pred=0.1387 smooth=0.0000 | actor=-0.3396 b=0.0942 H=0.835 maxpi=0.671 KL=0.000063 logits|.|=3.736 e[min,max,std]=0.129,0.161,0.011 zone=[0.0, 0.93, 0.07] act=[0.17, 0.11, 0.0, 0.0, 0.71] (ep=158, 40.8s)
[  40000/48000] phase=B route=coupled world=0.1128 w_ema=0.0930 pred=0.1127 smooth=0.0002 | actor=-0.0969 b=0.0948 H=0.861 maxpi=0.675 KL=0.000222 logits|.|=3.838 e[min,max,std]=0.107,0.136,0.010 zone=[0.0, 1.0, 0.0] act=[0.67, 0.14, 0.0, 0.0, 0.19] (ep=166, 41.3s)
[checkpoint] outputs/journal_train/coupled/seed15/ckpt_step42000.pt
[  42000/48000] phase=B route=coupled world=0.1024 w_ema=0.1019 pred=0.1024 smooth=0.0000 | actor=0.0061 b=0.1027 H=0.792 maxpi=0.750 KL=0.000007 logits|.|=2.783 e[min,max,std]=0.100,0.116,0.006 zone=[0.0, 1.0, 0.0] act=[0.49, 0.18, 0.0, 0.0, 0.33] (ep=175, 41.0s)
[  44000/48000] phase=B route=coupled world=0.0615 w_ema=0.1077 pred=0.0615 smooth=0.0001 | actor=1.1681 b=0.1092 H=1.049 maxpi=0.471 KL=0.000015 logits|.|=3.067 e[min,max,std]=0.057,0.066,0.003 zone=[0.0, 1.0, 0.0] act=[0.24, 0.2, 0.0, 0.0, 0.56] (ep=183, 40.8s)
[  46000/48000] phase=B route=coupled world=0.0613 w_ema=0.0950 pred=0.0613 smooth=0.0000 | actor=0.9310 b=0.0986 H=1.106 maxpi=0.422 KL=0.000638 logits|.|=2.169 e[min,max,std]=0.060,0.068,0.003 zone=[0.0, 0.94, 0.06] act=[0.24, 0.38, 0.0, 0.01, 0.36] (ep=191, 41.2s)
[checkpoint] outputs/journal_train/coupled/seed15/ckpt_step48000.pt
[  48000/48000] phase=B route=coupled world=0.0555 w_ema=0.0896 pred=0.0555 smooth=0.0000 | actor=0.2304 b=0.0907 H=0.734 maxpi=0.707 KL=0.000063 logits|.|=2.284 e[min,max,std]=0.054,0.057,0.001 zone=[0.0, 1.0, 0.0] act=[0.29, 0.14, 0.0, 0.0, 0.57] (ep=200, 41.4s)
Saved training trajectory to: outputs/journal_train/coupled/seed15/train_traj.parquet
Saved checkpoint to: outputs/journal_train/coupled/seed15/ckpt.pt
