/venv/cear-cemergence/lib/python3.10/runpy.py:126: RuntimeWarning: 'cear_pilot.training.train' found in sys.modules after import of package 'cear_pilot.training', but prior to execution of 'cear_pilot.training.train'; this may result in unpredictable behaviour
  warn(RuntimeWarning(msg))
[checkpoint] outputs/journal_train/coupled/seed2/ckpt_step00000.pt
[   2000/48000] phase=A route=detached world=0.0630 w_ema=0.1447 pred=0.0630 smooth=0.0000 | actor=0.7370 b=0.1454 H=1.609 maxpi=0.201 KL=0.000008 logits|.|=0.022 e[min,max,std]=0.062,0.066,0.002 zone=[0.17, 0.5, 0.32] act=[0.19, 0.2, 0.2, 0.21, 0.19] (ep=8, 35.6s)
[   4000/48000] phase=A route=detached world=0.0514 w_ema=0.2094 pred=0.0514 smooth=0.0000 | actor=1.2549 b=0.2103 H=1.609 maxpi=0.201 KL=0.000005 logits|.|=0.046 e[min,max,std]=0.050,0.056,0.002 zone=[0.29, 0.35, 0.35] act=[0.21, 0.21, 0.2, 0.2, 0.19] (ep=16, 23.2s)
[   6000/48000] phase=A route=detached world=0.1081 w_ema=0.1216 pred=0.1081 smooth=0.0000 | actor=0.0967 b=0.1221 H=1.609 maxpi=0.200 KL=0.000003 logits|.|=0.051 e[min,max,std]=0.104,0.114,0.004 zone=[0.22, 0.41, 0.37] act=[0.2, 0.2, 0.2, 0.2, 0.19] (ep=25, 22.1s)
[   8000/48000] phase=A route=detached world=0.2363 w_ema=0.2855 pred=0.2363 smooth=0.0000 | actor=0.3894 b=0.2850 H=1.609 maxpi=0.201 KL=0.000008 logits|.|=0.039 e[min,max,std]=0.225,0.255,0.010 zone=[0.34, 0.44, 0.22] act=[0.19, 0.21, 0.2, 0.19, 0.22] (ep=33, 22.4s)
[  10000/48000] phase=A route=detached world=0.5415 w_ema=0.2981 pred=0.5415 smooth=0.0001 | actor=-1.8310 b=0.2998 H=1.609 maxpi=0.200 KL=0.000002 logits|.|=0.035 e[min,max,std]=0.536,0.551,0.007 zone=[0.35, 0.23, 0.42] act=[0.2, 0.19, 0.19, 0.21, 0.21] (ep=41, 21.7s)
[checkpoint] outputs/journal_train/coupled/seed2/ckpt_step12000.pt
[  12000/48000] phase=A route=detached world=0.0466 w_ema=0.0855 pred=0.0466 smooth=0.0001 | actor=0.6884 b=0.0851 H=1.609 maxpi=0.200 KL=0.000001 logits|.|=0.033 e[min,max,std]=0.044,0.051,0.003 zone=[0.18, 0.37, 0.45] act=[0.21, 0.2, 0.18, 0.2, 0.22] (ep=50, 21.9s)
[  14000/48000] phase=B route=coupled world=0.0055 w_ema=0.0136 pred=0.0055 smooth=0.0000 | actor=0.0818 b=0.0141 H=0.869 maxpi=0.672 KL=0.000015 logits|.|=1.308 e[min,max,std]=0.004,0.010,0.002 zone=[0.03, 0.2, 0.77] act=[0.17, 0.23, 0.1, 0.37, 0.14] (ep=58, 27.7s)
[  16000/48000] phase=B route=coupled world=0.0018 w_ema=0.0039 pred=0.0018 smooth=0.0000 | actor=0.0007 b=0.0039 H=0.045 maxpi=0.994 KL=0.000000 logits|.|=2.174 e[min,max,std]=0.002,0.009,0.002 zone=[0.0, 0.01, 0.99] act=[0.04, 0.0, 0.01, 0.94, 0.01] (ep=66, 34.4s)
[checkpoint] outputs/journal_train/coupled/seed2/ckpt_step18000.pt
[  18000/48000] phase=B route=coupled world=0.0018 w_ema=0.0029 pred=0.0018 smooth=0.0000 | actor=0.0013 b=0.0029 H=0.078 maxpi=0.989 KL=0.000001 logits|.|=2.009 e[min,max,std]=0.002,0.007,0.002 zone=[0.0, 0.01, 0.99] act=[0.0, 0.0, 0.0, 1.0, 0.0] (ep=75, 33.9s)
[  20000/48000] phase=B route=coupled world=0.1102 w_ema=0.1054 pred=0.1102 smooth=0.0001 | actor=-0.2891 b=0.1081 H=1.081 maxpi=0.399 KL=0.000437 logits|.|=2.356 e[min,max,std]=0.110,0.125,0.006 zone=[0.02, 0.61, 0.37] act=[0.2, 0.25, 0.01, 0.36, 0.17] (ep=83, 31.4s)
[  22000/48000] phase=B route=coupled world=0.0145 w_ema=0.0926 pred=0.0144 smooth=0.0001 | actor=0.4251 b=0.0934 H=0.709 maxpi=0.680 KL=0.000027 logits|.|=2.407 e[min,max,std]=0.015,0.023,0.003 zone=[0.0, 1.0, 0.0] act=[0.11, 0.57, 0.0, 0.0, 0.32] (ep=91, 39.2s)
[checkpoint] outputs/journal_train/coupled/seed2/ckpt_step24000.pt
[  24000/48000] phase=B route=coupled world=0.0758 w_ema=0.0919 pred=0.0757 smooth=0.0001 | actor=1.3374 b=0.0928 H=0.437 maxpi=0.877 KL=0.000005 logits|.|=2.560 e[min,max,std]=0.072,0.097,0.009 zone=[0.0, 1.0, 0.0] act=[0.09, 0.74, 0.0, 0.0, 0.17] (ep=100, 39.2s)
[  26000/48000] phase=B route=coupled world=0.1016 w_ema=0.1111 pred=0.1016 smooth=0.0001 | actor=0.0311 b=0.1114 H=0.721 maxpi=0.826 KL=0.000066 logits|.|=2.512 e[min,max,std]=0.090,0.105,0.005 zone=[0.0, 1.0, 0.0] act=[0.02, 0.93, 0.0, 0.0, 0.04] (ep=108, 39.3s)
[  28000/48000] phase=B route=coupled world=0.0763 w_ema=0.0861 pred=0.0763 smooth=0.0000 | actor=0.0625 b=0.0855 H=0.752 maxpi=0.715 KL=0.000132 logits|.|=2.403 e[min,max,std]=0.074,0.094,0.007 zone=[0.0, 0.96, 0.04] act=[0.12, 0.78, 0.0, 0.0, 0.1] (ep=116, 39.2s)
[checkpoint] outputs/journal_train/coupled/seed2/ckpt_step30000.pt
[  30000/48000] phase=B route=coupled world=0.0357 w_ema=0.0747 pred=0.0357 smooth=0.0000 | actor=0.3554 b=0.0759 H=0.922 maxpi=0.680 KL=0.000056 logits|.|=1.783 e[min,max,std]=0.032,0.038,0.002 zone=[0.0, 0.93, 0.07] act=[0.36, 0.57, 0.0, 0.01, 0.06] (ep=125, 39.3s)
[  32000/48000] phase=B route=coupled world=0.0014 w_ema=0.0084 pred=0.0014 smooth=0.0000 | actor=0.1187 b=0.0090 H=0.986 maxpi=0.552 KL=0.000296 logits|.|=2.400 e[min,max,std]=0.001,0.006,0.002 zone=[0.0, 0.09, 0.91] act=[0.57, 0.19, 0.0, 0.23, 0.01] (ep=133, 36.6s)
[  34000/48000] phase=B route=coupled world=0.0027 w_ema=0.0041 pred=0.0027 smooth=0.0000 | actor=0.0013 b=0.0041 H=0.121 maxpi=0.980 KL=0.000300 logits|.|=1.930 e[min,max,std]=0.002,0.005,0.001 zone=[0.0, 0.05, 0.95] act=[0.24, 0.1, 0.01, 0.64, 0.01] (ep=141, 33.5s)
[checkpoint] outputs/journal_train/coupled/seed2/ckpt_step36000.pt
[  36000/48000] phase=B route=coupled world=0.0010 w_ema=0.0030 pred=0.0010 smooth=0.0000 | actor=0.0152 b=0.0030 H=0.282 maxpi=0.941 KL=0.000142 logits|.|=2.477 e[min,max,std]=0.001,0.003,0.001 zone=[0.0, 0.01, 0.99] act=[0.04, 0.01, 0.0, 0.95, 0.0] (ep=150, 39.3s)
[  38000/48000] phase=B route=coupled world=0.0017 w_ema=0.0061 pred=0.0017 smooth=0.0000 | actor=0.0090 b=0.0062 H=0.194 maxpi=0.952 KL=0.000038 logits|.|=2.556 e[min,max,std]=0.002,0.010,0.003 zone=[0.0, 0.01, 0.99] act=[0.12, 0.03, 0.0, 0.84, 0.0] (ep=158, 38.9s)
[  40000/48000] phase=B route=coupled world=0.0044 w_ema=0.0036 pred=0.0044 smooth=0.0000 | actor=-0.0018 b=0.0037 H=0.156 maxpi=0.953 KL=0.001183 logits|.|=2.615 e[min,max,std]=0.004,0.008,0.001 zone=[0.0, 0.01, 0.99] act=[0.01, 0.01, 0.0, 0.98, 0.0] (ep=166, 39.3s)
[checkpoint] outputs/journal_train/coupled/seed2/ckpt_step42000.pt
[  42000/48000] phase=B route=coupled world=0.0052 w_ema=0.0028 pred=0.0052 smooth=0.0000 | actor=-0.0005 b=0.0028 H=0.020 maxpi=0.998 KL=0.000025 logits|.|=2.889 e[min,max,std]=0.005,0.011,0.003 zone=[0.0, 0.01, 0.99] act=[0.0, 0.0, 0.0, 0.99, 0.0] (ep=175, 33.8s)
[  44000/48000] phase=B route=coupled world=0.0029 w_ema=0.0049 pred=0.0029 smooth=0.0000 | actor=0.0002 b=0.0049 H=0.013 maxpi=0.998 KL=0.000002 logits|.|=2.875 e[min,max,std]=0.003,0.006,0.001 zone=[0.0, 0.01, 0.99] act=[0.0, 0.0, 0.0, 1.0, 0.0] (ep=183, 27.9s)
[  46000/48000] phase=B route=coupled world=0.0038 w_ema=0.0041 pred=0.0038 smooth=0.0000 | actor=0.0002 b=0.0041 H=0.084 maxpi=0.985 KL=0.000093 logits|.|=2.106 e[min,max,std]=0.003,0.006,0.001 zone=[0.0, 0.01, 0.99] act=[0.0, 0.0, 0.0, 0.99, 0.0] (ep=191, 29.2s)
[checkpoint] outputs/journal_train/coupled/seed2/ckpt_step48000.pt
[  48000/48000] phase=B route=coupled world=0.0017 w_ema=0.0028 pred=0.0017 smooth=0.0000 | actor=0.0013 b=0.0028 H=0.113 maxpi=0.979 KL=0.006768 logits|.|=1.914 e[min,max,std]=0.002,0.014,0.004 zone=[0.0, 0.04, 0.96] act=[0.04, 0.06, 0.01, 0.61, 0.28] (ep=200, 38.6s)
Saved training trajectory to: outputs/journal_train/coupled/seed2/train_traj.parquet
Saved checkpoint to: outputs/journal_train/coupled/seed2/ckpt.pt
