/venv/cear-cemergence/lib/python3.10/runpy.py:126: RuntimeWarning: 'cear_pilot.training.train' found in sys.modules after import of package 'cear_pilot.training', but prior to execution of 'cear_pilot.training.train'; this may result in unpredictable behaviour
  warn(RuntimeWarning(msg))
[checkpoint] outputs/journal_train/default/seed1/ckpt_step00000.pt
[   2000/48000] phase=A route=detached world=0.0346 w_ema=0.0699 pred=0.0346 smooth=0.0000 | actor=0.6035 b=0.0703 H=1.609 maxpi=0.201 KL=0.000008 logits|.|=0.097 e[min,max,std]=0.032,0.040,0.003 zone=[0.37, 0.4, 0.23] act=[0.21, 0.2, 0.2, 0.18, 0.2] (ep=8, 35.4s)
[   4000/48000] phase=A route=detached world=0.0735 w_ema=0.3590 pred=0.0735 smooth=0.0000 | actor=2.0303 b=0.3596 H=1.609 maxpi=0.201 KL=0.000004 logits|.|=0.105 e[min,max,std]=0.064,0.083,0.008 zone=[0.36, 0.31, 0.33] act=[0.19, 0.2, 0.21, 0.2, 0.19] (ep=16, 34.6s)
[   6000/48000] phase=A route=detached world=0.0778 w_ema=0.2951 pred=0.0778 smooth=0.0000 | actor=1.6659 b=0.2959 H=1.609 maxpi=0.201 KL=0.000003 logits|.|=0.102 e[min,max,std]=0.076,0.083,0.003 zone=[0.32, 0.47, 0.21] act=[0.2, 0.19, 0.21, 0.21, 0.2] (ep=25, 34.4s)
[   8000/48000] phase=A route=detached world=0.0730 w_ema=0.0974 pred=0.0729 smooth=0.0002 | actor=0.2602 b=0.0966 H=1.609 maxpi=0.201 KL=0.000008 logits|.|=0.109 e[min,max,std]=0.069,0.077,0.003 zone=[0.2, 0.47, 0.33] act=[0.2, 0.2, 0.2, 0.21, 0.19] (ep=33, 34.3s)
[  10000/48000] phase=A route=detached world=0.0037 w_ema=0.0203 pred=0.0037 smooth=0.0000 | actor=0.1661 b=0.0209 H=1.609 maxpi=0.200 KL=0.000001 logits|.|=0.109 e[min,max,std]=0.003,0.006,0.001 zone=[0.38, 0.38, 0.24] act=[0.2, 0.2, 0.21, 0.19, 0.2] (ep=41, 34.1s)
[checkpoint] outputs/journal_train/default/seed1/ckpt_step12000.pt
[  12000/48000] phase=A route=detached world=0.4297 w_ema=0.1763 pred=0.4296 smooth=0.0003 | actor=-2.6115 b=0.1768 H=1.609 maxpi=0.201 KL=0.000005 logits|.|=0.090 e[min,max,std]=0.415,0.443,0.011 zone=[0.22, 0.41, 0.37] act=[0.2, 0.21, 0.2, 0.19, 0.2] (ep=50, 34.0s)
[  14000/48000] phase=B route=detached world=0.0031 w_ema=0.0074 pred=0.0031 smooth=0.0000 | actor=0.0011 b=0.0075 H=0.058 maxpi=0.988 KL=0.002300 logits|.|=2.008 e[min,max,std]=0.003,0.022,0.006 zone=[0.0, 0.04, 0.96] act=[0.05, 0.04, 0.07, 0.75, 0.09] (ep=58, 34.3s)
[  16000/48000] phase=B route=detached world=0.0050 w_ema=0.0040 pred=0.0050 smooth=0.0000 | actor=-0.0014 b=0.0041 H=0.180 maxpi=0.964 KL=0.005191 logits|.|=1.620 e[min,max,std]=0.005,0.009,0.002 zone=[0.0, 0.02, 0.98] act=[0.01, 0.01, 0.01, 0.97, 0.0] (ep=66, 33.9s)
[checkpoint] outputs/journal_train/default/seed1/ckpt_step18000.pt
[  18000/48000] phase=B route=detached world=0.0011 w_ema=0.0029 pred=0.0011 smooth=0.0000 | actor=0.0018 b=0.0030 H=0.080 maxpi=0.983 KL=0.001720 logits|.|=1.949 e[min,max,std]=0.001,0.008,0.003 zone=[0.0, 0.03, 0.97] act=[0.01, 0.01, 0.02, 0.95, 0.01] (ep=75, 34.0s)
[  20000/48000] phase=B route=detached world=0.0019 w_ema=0.0102 pred=0.0019 smooth=0.0000 | actor=0.0072 b=0.0102 H=0.130 maxpi=0.975 KL=0.016646 logits|.|=1.839 e[min,max,std]=0.002,0.010,0.003 zone=[0.0, 0.05, 0.95] act=[0.04, 0.05, 0.03, 0.86, 0.02] (ep=83, 34.0s)
[  22000/48000] phase=B route=detached world=0.0029 w_ema=0.0040 pred=0.0029 smooth=0.0000 | actor=0.0061 b=0.0042 H=0.463 maxpi=0.870 KL=0.003550 logits|.|=1.188 e[min,max,std]=0.002,0.006,0.001 zone=[0.0, 0.03, 0.97] act=[0.01, 0.01, 0.01, 0.97, 0.01] (ep=91, 34.2s)
[checkpoint] outputs/journal_train/default/seed1/ckpt_step24000.pt
[  24000/48000] phase=B route=detached world=0.0019 w_ema=0.0028 pred=0.0019 smooth=0.0000 | actor=0.0009 b=0.0028 H=0.102 maxpi=0.983 KL=0.000754 logits|.|=1.954 e[min,max,std]=0.002,0.005,0.001 zone=[0.0, 0.03, 0.97] act=[0.01, 0.01, 0.01, 0.97, 0.0] (ep=100, 34.0s)
[  26000/48000] phase=B route=detached world=0.0024 w_ema=0.0075 pred=0.0024 smooth=0.0000 | actor=0.0032 b=0.0074 H=0.091 maxpi=0.980 KL=0.010291 logits|.|=2.069 e[min,max,std]=0.002,0.007,0.002 zone=[0.0, 0.03, 0.97] act=[0.02, 0.04, 0.02, 0.91, 0.02] (ep=108, 33.9s)
[  28000/48000] phase=B route=detached world=0.0017 w_ema=0.0054 pred=0.0017 smooth=0.0000 | actor=0.0032 b=0.0054 H=0.133 maxpi=0.963 KL=0.006080 logits|.|=1.825 e[min,max,std]=0.002,0.014,0.004 zone=[0.0, 0.03, 0.97] act=[0.01, 0.03, 0.01, 0.94, 0.01] (ep=116, 34.2s)
[checkpoint] outputs/journal_train/default/seed1/ckpt_step30000.pt
[  30000/48000] phase=B route=detached world=0.0020 w_ema=0.0029 pred=0.0020 smooth=0.0000 | actor=0.0005 b=0.0029 H=0.069 maxpi=0.987 KL=0.001446 logits|.|=2.304 e[min,max,std]=0.002,0.008,0.002 zone=[0.0, 0.04, 0.96] act=[0.01, 0.04, 0.03, 0.91, 0.02] (ep=125, 34.1s)
[  32000/48000] phase=B route=detached world=0.0016 w_ema=0.0157 pred=0.0016 smooth=0.0000 | actor=0.0005 b=0.0155 H=0.011 maxpi=0.977 KL=0.033714 logits|.|=2.711 e[min,max,std]=0.002,0.005,0.001 zone=[0.0, 0.05, 0.95] act=[0.01, 0.02, 0.01, 0.94, 0.02] (ep=133, 33.8s)
[  34000/48000] phase=B route=detached world=0.0074 w_ema=0.0040 pred=0.0074 smooth=0.0000 | actor=-0.0011 b=0.0039 H=0.038 maxpi=0.986 KL=0.003242 logits|.|=2.262 e[min,max,std]=0.004,0.008,0.001 zone=[0.0, 0.04, 0.96] act=[0.04, 0.03, 0.01, 0.89, 0.03] (ep=141, 34.0s)
[checkpoint] outputs/journal_train/default/seed1/ckpt_step36000.pt
[  36000/48000] phase=B route=detached world=0.0027 w_ema=0.0030 pred=0.0027 smooth=0.0000 | actor=0.0000 b=0.0030 H=0.006 maxpi=0.997 KL=0.000285 logits|.|=3.509 e[min,max,std]=0.003,0.006,0.001 zone=[0.0, 0.02, 0.98] act=[0.02, 0.03, 0.01, 0.89, 0.04] (ep=150, 34.1s)
[  38000/48000] phase=B route=detached world=0.1937 w_ema=0.0277 pred=0.1937 smooth=0.0003 | actor=-0.4060 b=0.0288 H=0.470 maxpi=0.584 KL=0.053405 logits|.|=1.147 e[min,max,std]=0.174,0.196,0.008 zone=[0.0, 0.04, 0.96] act=[0.02, 0.02, 0.01, 0.92, 0.03] (ep=158, 33.4s)
[  40000/48000] phase=B route=detached world=0.0051 w_ema=0.0051 pred=0.0051 smooth=0.0000 | actor=-0.0000 b=0.0051 H=0.085 maxpi=0.979 KL=0.009264 logits|.|=2.155 e[min,max,std]=0.004,0.013,0.003 zone=[0.0, 0.07, 0.93] act=[0.06, 0.09, 0.01, 0.54, 0.31] (ep=166, 21.4s)
[checkpoint] outputs/journal_train/default/seed1/ckpt_step42000.pt
[  42000/48000] phase=B route=detached world=0.0025 w_ema=0.0027 pred=0.0025 smooth=0.0000 | actor=0.0000 b=0.0027 H=0.024 maxpi=0.995 KL=0.000428 logits|.|=2.654 e[min,max,std]=0.002,0.017,0.005 zone=[0.0, 0.05, 0.95] act=[0.02, 0.03, 0.01, 0.76, 0.18] (ep=175, 21.3s)
[  44000/48000] phase=B route=detached world=0.0027 w_ema=0.0144 pred=0.0027 smooth=0.0000 | actor=0.1821 b=0.0149 H=1.051 maxpi=0.824 KL=0.073607 logits|.|=1.739 e[min,max,std]=0.001,0.006,0.002 zone=[0.0, 0.03, 0.97] act=[0.0, 0.01, 0.0, 0.96, 0.02] (ep=183, 21.3s)
[  46000/48000] phase=B route=detached world=0.0016 w_ema=0.0035 pred=0.0016 smooth=0.0000 | actor=0.0007 b=0.0035 H=0.037 maxpi=0.987 KL=0.006387 logits|.|=2.580 e[min,max,std]=0.002,0.007,0.002 zone=[0.0, 0.03, 0.97] act=[0.01, 0.01, 0.01, 0.88, 0.09] (ep=191, 21.3s)
[checkpoint] outputs/journal_train/default/seed1/ckpt_step48000.pt
[  48000/48000] phase=B route=detached world=0.0017 w_ema=0.0028 pred=0.0017 smooth=0.0000 | actor=0.0002 b=0.0028 H=0.020 maxpi=0.999 KL=0.001277 logits|.|=3.367 e[min,max,std]=0.002,0.007,0.002 zone=[0.0, 0.02, 0.98] act=[0.0, 0.01, 0.0, 0.98, 0.01] (ep=200, 22.5s)
Saved training trajectory to: outputs/journal_train/default/seed1/train_traj.parquet
Saved checkpoint to: outputs/journal_train/default/seed1/ckpt.pt
