/venv/cear-cemergence/lib/python3.10/runpy.py:126: RuntimeWarning: 'cear_pilot.training.train' found in sys.modules after import of package 'cear_pilot.training', but prior to execution of 'cear_pilot.training.train'; this may result in unpredictable behaviour
  warn(RuntimeWarning(msg))
[checkpoint] outputs/journal_train/default/seed15/ckpt_step00000.pt
[   2000/48000] phase=A route=detached world=0.0076 w_ema=0.0315 pred=0.0076 smooth=0.0000 | actor=0.5464 b=0.0328 H=1.609 maxpi=0.201 KL=0.000003 logits|.|=0.029 e[min,max,std]=0.006,0.011,0.002 zone=[0.26, 0.32, 0.42] act=[0.19, 0.2, 0.2, 0.21, 0.2] (ep=8, 35.1s)
[   4000/48000] phase=A route=detached world=0.1321 w_ema=0.0410 pred=0.1321 smooth=0.0000 | actor=-1.4722 b=0.0415 H=1.609 maxpi=0.200 KL=0.000001 logits|.|=0.065 e[min,max,std]=0.124,0.137,0.004 zone=[0.2, 0.43, 0.37] act=[0.2, 0.19, 0.2, 0.2, 0.2] (ep=16, 35.2s)
[   6000/48000] phase=A route=detached world=0.0321 w_ema=0.0955 pred=0.0321 smooth=0.0000 | actor=0.8021 b=0.0968 H=1.609 maxpi=0.200 KL=0.000001 logits|.|=0.048 e[min,max,std]=0.028,0.035,0.003 zone=[0.4, 0.34, 0.26] act=[0.2, 0.2, 0.21, 0.19, 0.2] (ep=25, 35.0s)
[   8000/48000] phase=A route=detached world=0.0605 w_ema=0.2446 pred=0.0605 smooth=0.0000 | actor=1.6442 b=0.2449 H=1.609 maxpi=0.201 KL=0.000005 logits|.|=0.065 e[min,max,std]=0.059,0.064,0.001 zone=[0.36, 0.5, 0.14] act=[0.21, 0.19, 0.22, 0.2, 0.18] (ep=33, 35.1s)
[  10000/48000] phase=A route=detached world=0.5652 w_ema=0.2840 pred=0.5651 smooth=0.0002 | actor=-2.0612 b=0.2848 H=1.609 maxpi=0.201 KL=0.000003 logits|.|=0.059 e[min,max,std]=0.557,0.573,0.005 zone=[0.37, 0.47, 0.16] act=[0.19, 0.2, 0.21, 0.2, 0.2] (ep=41, 35.0s)
[checkpoint] outputs/journal_train/default/seed15/ckpt_step12000.pt
[  12000/48000] phase=A route=detached world=0.4387 w_ema=0.3541 pred=0.4386 smooth=0.0003 | actor=-0.5753 b=0.3544 H=1.609 maxpi=0.201 KL=0.000005 logits|.|=0.047 e[min,max,std]=0.427,0.452,0.009 zone=[0.23, 0.36, 0.4] act=[0.2, 0.21, 0.2, 0.22, 0.18] (ep=50, 35.1s)
[  14000/48000] phase=B route=detached world=0.0011 w_ema=0.0097 pred=0.0011 smooth=0.0000 | actor=0.0067 b=0.0098 H=0.132 maxpi=0.970 KL=0.006809 logits|.|=1.822 e[min,max,std]=0.001,0.009,0.003 zone=[0.0, 0.07, 0.93] act=[0.04, 0.07, 0.03, 0.74, 0.12] (ep=58, 35.1s)
[  16000/48000] phase=B route=detached world=0.0029 w_ema=0.0042 pred=0.0029 smooth=0.0000 | actor=0.0008 b=0.0042 H=0.083 maxpi=0.985 KL=0.004025 logits|.|=2.009 e[min,max,std]=0.003,0.004,0.000 zone=[0.0, 0.03, 0.97] act=[0.01, 0.01, 0.01, 0.95, 0.02] (ep=66, 35.2s)
[checkpoint] outputs/journal_train/default/seed15/ckpt_step18000.pt
[  18000/48000] phase=B route=detached world=0.0043 w_ema=0.0028 pred=0.0043 smooth=0.0000 | actor=-0.0005 b=0.0028 H=0.035 maxpi=0.995 KL=0.000279 logits|.|=2.431 e[min,max,std]=0.004,0.008,0.002 zone=[0.0, 0.03, 0.97] act=[0.01, 0.01, 0.0, 0.96, 0.01] (ep=75, 35.6s)
[  20000/48000] phase=B route=detached world=0.0014 w_ema=0.0116 pred=0.0014 smooth=0.0000 | actor=0.0107 b=0.0115 H=0.204 maxpi=0.942 KL=0.015425 logits|.|=1.620 e[min,max,std]=0.001,0.005,0.001 zone=[0.0, 0.02, 0.98] act=[0.0, 0.01, 0.0, 0.97, 0.0] (ep=83, 35.3s)
[  22000/48000] phase=B route=detached world=0.0034 w_ema=0.0040 pred=0.0034 smooth=0.0000 | actor=0.0017 b=0.0039 H=0.264 maxpi=0.934 KL=0.004926 logits|.|=1.523 e[min,max,std]=0.003,0.005,0.001 zone=[0.0, 0.03, 0.97] act=[0.0, 0.03, 0.01, 0.94, 0.01] (ep=91, 35.4s)
[checkpoint] outputs/journal_train/default/seed15/ckpt_step24000.pt
[  24000/48000] phase=B route=detached world=0.0048 w_ema=0.0030 pred=0.0048 smooth=0.0000 | actor=-0.0030 b=0.0031 H=0.147 maxpi=0.976 KL=0.000941 logits|.|=1.921 e[min,max,std]=0.005,0.009,0.001 zone=[0.0, 0.03, 0.97] act=[0.0, 0.02, 0.02, 0.95, 0.01] (ep=100, 35.6s)
[  26000/48000] phase=B route=detached world=0.0033 w_ema=0.0088 pred=0.0033 smooth=0.0000 | actor=0.0018 b=0.0089 H=0.056 maxpi=0.969 KL=0.014386 logits|.|=2.075 e[min,max,std]=0.003,0.006,0.001 zone=[0.0, 0.04, 0.96] act=[0.01, 0.05, 0.02, 0.9, 0.02] (ep=108, 35.5s)
[  28000/48000] phase=B route=detached world=0.0032 w_ema=0.0038 pred=0.0032 smooth=0.0000 | actor=0.0003 b=0.0038 H=0.070 maxpi=0.984 KL=0.004439 logits|.|=2.016 e[min,max,std]=0.003,0.007,0.002 zone=[0.0, 0.03, 0.97] act=[0.01, 0.03, 0.01, 0.95, 0.01] (ep=116, 35.7s)
[checkpoint] outputs/journal_train/default/seed15/ckpt_step30000.pt
[  30000/48000] phase=B route=detached world=0.0035 w_ema=0.0029 pred=0.0035 smooth=0.0000 | actor=-0.0016 b=0.0031 H=0.208 maxpi=0.943 KL=0.001245 logits|.|=1.429 e[min,max,std]=0.003,0.005,0.001 zone=[0.0, 0.03, 0.97] act=[0.04, 0.05, 0.02, 0.88, 0.01] (ep=125, 35.5s)
[  32000/48000] phase=B route=detached world=0.0013 w_ema=0.0097 pred=0.0013 smooth=0.0000 | actor=0.0090 b=0.0098 H=0.219 maxpi=0.954 KL=0.023669 logits|.|=1.704 e[min,max,std]=0.001,0.003,0.001 zone=[0.0, 0.04, 0.96] act=[0.05, 0.05, 0.03, 0.83, 0.04] (ep=133, 28.2s)
[  34000/48000] phase=B route=detached world=0.0029 w_ema=0.0038 pred=0.0029 smooth=0.0000 | actor=0.0011 b=0.0038 H=0.123 maxpi=0.977 KL=0.001778 logits|.|=1.843 e[min,max,std]=0.003,0.006,0.001 zone=[0.0, 0.02, 0.98] act=[0.01, 0.01, 0.01, 0.97, 0.01] (ep=141, 23.4s)
[checkpoint] outputs/journal_train/default/seed15/ckpt_step36000.pt
[  36000/48000] phase=B route=detached world=0.0011 w_ema=0.0030 pred=0.0010 smooth=0.0000 | actor=0.0020 b=0.0031 H=0.098 maxpi=0.975 KL=0.001535 logits|.|=1.716 e[min,max,std]=0.001,0.007,0.002 zone=[0.0, 0.03, 0.97] act=[0.07, 0.03, 0.03, 0.85, 0.03] (ep=150, 22.9s)
[  38000/48000] phase=B route=detached world=0.0036 w_ema=0.0081 pred=0.0036 smooth=0.0000 | actor=0.0695 b=0.0087 H=0.759 maxpi=0.770 KL=0.008363 logits|.|=1.213 e[min,max,std]=0.003,0.010,0.002 zone=[0.0, 0.02, 0.98] act=[0.02, 0.01, 0.0, 0.96, 0.01] (ep=158, 22.6s)
[  40000/48000] phase=B route=detached world=0.0032 w_ema=0.0040 pred=0.0032 smooth=0.0000 | actor=0.0011 b=0.0040 H=0.139 maxpi=0.976 KL=0.005439 logits|.|=1.953 e[min,max,std]=0.003,0.010,0.003 zone=[0.0, 0.04, 0.96] act=[0.03, 0.01, 0.01, 0.94, 0.01] (ep=166, 22.6s)
[checkpoint] outputs/journal_train/default/seed15/ckpt_step42000.pt
[  42000/48000] phase=B route=detached world=0.0036 w_ema=0.0031 pred=0.0036 smooth=0.0000 | actor=-0.0004 b=0.0032 H=0.071 maxpi=0.988 KL=0.001635 logits|.|=2.148 e[min,max,std]=0.004,0.024,0.008 zone=[0.0, 0.02, 0.98] act=[0.01, 0.01, 0.01, 0.98, 0.0] (ep=175, 22.7s)
[  44000/48000] phase=B route=detached world=0.0016 w_ema=0.0115 pred=0.0016 smooth=0.0000 | actor=0.0872 b=0.0121 H=0.724 maxpi=0.762 KL=0.017419 logits|.|=1.153 e[min,max,std]=0.002,0.004,0.001 zone=[0.0, 0.04, 0.96] act=[0.05, 0.05, 0.02, 0.85, 0.03] (ep=183, 22.6s)
[  46000/48000] phase=B route=detached world=0.0018 w_ema=0.0053 pred=0.0018 smooth=0.0000 | actor=0.1352 b=0.0060 H=1.226 maxpi=0.399 KL=0.007363 logits|.|=1.340 e[min,max,std]=0.002,0.014,0.005 zone=[0.0, 0.16, 0.84] act=[0.29, 0.23, 0.03, 0.36, 0.09] (ep=191, 22.6s)
[checkpoint] outputs/journal_train/default/seed15/ckpt_step48000.pt
[  48000/48000] phase=B route=detached world=0.0015 w_ema=0.0029 pred=0.0015 smooth=0.0000 | actor=0.0117 b=0.0032 H=0.362 maxpi=0.823 KL=0.016753 logits|.|=2.020 e[min,max,std]=0.002,0.013,0.004 zone=[0.0, 0.06, 0.94] act=[0.35, 0.2, 0.01, 0.42, 0.02] (ep=200, 22.7s)
Saved training trajectory to: outputs/journal_train/default/seed15/train_traj.parquet
Saved checkpoint to: outputs/journal_train/default/seed15/ckpt.pt
