/venv/cear-cemergence/lib/python3.10/runpy.py:126: RuntimeWarning: 'cear_pilot.training.train' found in sys.modules after import of package 'cear_pilot.training', but prior to execution of 'cear_pilot.training.train'; this may result in unpredictable behaviour
  warn(RuntimeWarning(msg))
[checkpoint] outputs/journal_train/default/seed10/ckpt_step00000.pt
[   2000/48000] phase=A route=detached world=0.0067 w_ema=0.0510 pred=0.0067 smooth=0.0000 | actor=0.7802 b=0.0517 H=1.609 maxpi=0.201 KL=0.000005 logits|.|=0.046 e[min,max,std]=0.005,0.011,0.002 zone=[0.19, 0.53, 0.28] act=[0.2, 0.2, 0.19, 0.21, 0.2] (ep=8, 36.2s)
[   4000/48000] phase=A route=detached world=0.0014 w_ema=0.0164 pred=0.0014 smooth=0.0000 | actor=0.3895 b=0.0176 H=1.609 maxpi=0.200 KL=0.000002 logits|.|=0.046 e[min,max,std]=0.001,0.004,0.001 zone=[0.35, 0.36, 0.3] act=[0.21, 0.2, 0.2, 0.19, 0.19] (ep=16, 35.4s)
[   6000/48000] phase=A route=detached world=0.0223 w_ema=0.0690 pred=0.0223 smooth=0.0000 | actor=0.4992 b=0.0702 H=1.609 maxpi=0.200 KL=0.000002 logits|.|=0.026 e[min,max,std]=0.020,0.028,0.003 zone=[0.26, 0.48, 0.26] act=[0.2, 0.18, 0.2, 0.21, 0.2] (ep=25, 31.2s)
[   8000/48000] phase=A route=detached world=0.8662 w_ema=0.2934 pred=0.8662 smooth=0.0000 | actor=-4.6696 b=0.2967 H=1.609 maxpi=0.201 KL=0.000012 logits|.|=0.040 e[min,max,std]=0.841,0.904,0.022 zone=[0.21, 0.43, 0.36] act=[0.21, 0.19, 0.19, 0.2, 0.2] (ep=33, 24.1s)
[  10000/48000] phase=A route=detached world=0.0030 w_ema=0.0433 pred=0.0030 smooth=0.0000 | actor=0.4318 b=0.0439 H=1.609 maxpi=0.200 KL=0.000000 logits|.|=0.052 e[min,max,std]=0.002,0.005,0.001 zone=[0.45, 0.36, 0.19] act=[0.22, 0.21, 0.2, 0.18, 0.19] (ep=41, 23.5s)
[checkpoint] outputs/journal_train/default/seed10/ckpt_step12000.pt
[  12000/48000] phase=A route=detached world=0.2383 w_ema=0.3331 pred=0.2382 smooth=0.0003 | actor=0.7521 b=0.3344 H=1.609 maxpi=0.201 KL=0.000003 logits|.|=0.023 e[min,max,std]=0.233,0.248,0.006 zone=[0.4, 0.3, 0.3] act=[0.2, 0.22, 0.21, 0.18, 0.2] (ep=50, 23.4s)
[  14000/48000] phase=B route=detached world=0.0018 w_ema=0.0100 pred=0.0018 smooth=0.0000 | actor=0.0016 b=0.0100 H=0.043 maxpi=0.994 KL=0.000009 logits|.|=2.184 e[min,max,std]=0.002,0.006,0.002 zone=[0.04, 0.06, 0.91] act=[0.07, 0.02, 0.1, 0.76, 0.05] (ep=58, 22.5s)
[  16000/48000] phase=B route=detached world=0.0037 w_ema=0.0041 pred=0.0037 smooth=0.0000 | actor=0.0002 b=0.0041 H=0.057 maxpi=0.991 KL=0.000006 logits|.|=2.032 e[min,max,std]=0.003,0.005,0.001 zone=[0.0, 0.01, 0.99] act=[0.0, 0.0, 0.0, 1.0, 0.0] (ep=66, 24.5s)
[checkpoint] outputs/journal_train/default/seed10/ckpt_step18000.pt
[  18000/48000] phase=B route=detached world=0.0012 w_ema=0.0039 pred=0.0012 smooth=0.0000 | actor=0.0134 b=0.0041 H=0.493 maxpi=0.863 KL=0.000082 logits|.|=1.768 e[min,max,std]=0.001,0.004,0.001 zone=[0.0, 0.1, 0.9] act=[0.36, 0.04, 0.01, 0.58, 0.01] (ep=75, 29.6s)
[  20000/48000] phase=B route=detached world=0.0011 w_ema=0.0157 pred=0.0011 smooth=0.0000 | actor=0.4219 b=0.0167 H=1.488 maxpi=0.393 KL=0.005247 logits|.|=0.609 e[min,max,std]=0.001,0.003,0.001 zone=[0.0, 0.07, 0.93] act=[0.16, 0.11, 0.03, 0.67, 0.02] (ep=83, 35.3s)
[  22000/48000] phase=B route=detached world=0.0013 w_ema=0.0039 pred=0.0013 smooth=0.0000 | actor=0.0160 b=0.0042 H=0.458 maxpi=0.860 KL=0.002276 logits|.|=1.387 e[min,max,std]=0.001,0.003,0.001 zone=[0.0, 0.06, 0.93] act=[0.21, 0.11, 0.06, 0.61, 0.02] (ep=91, 35.9s)
[checkpoint] outputs/journal_train/default/seed10/ckpt_step24000.pt
[  24000/48000] phase=B route=detached world=0.0022 w_ema=0.0032 pred=0.0022 smooth=0.0000 | actor=0.0026 b=0.0032 H=0.270 maxpi=0.939 KL=0.000824 logits|.|=1.342 e[min,max,std]=0.002,0.005,0.001 zone=[0.0, 0.1, 0.9] act=[0.17, 0.09, 0.04, 0.66, 0.04] (ep=100, 35.5s)
[  26000/48000] phase=B route=detached world=0.0053 w_ema=0.0085 pred=0.0053 smooth=0.0000 | actor=0.0219 b=0.0086 H=0.656 maxpi=0.779 KL=0.011166 logits|.|=1.008 e[min,max,std]=0.004,0.006,0.001 zone=[0.0, 0.04, 0.96] act=[0.11, 0.07, 0.02, 0.77, 0.02] (ep=108, 35.6s)
[  28000/48000] phase=B route=detached world=0.0045 w_ema=0.0047 pred=0.0045 smooth=0.0000 | actor=-0.0900 b=0.0059 H=1.480 maxpi=0.386 KL=0.021055 logits|.|=0.433 e[min,max,std]=0.003,0.009,0.002 zone=[0.01, 0.06, 0.93] act=[0.11, 0.12, 0.04, 0.68, 0.04] (ep=116, 35.4s)
[checkpoint] outputs/journal_train/default/seed10/ckpt_step30000.pt
[  30000/48000] phase=B route=detached world=0.0029 w_ema=0.0027 pred=0.0029 smooth=0.0000 | actor=-0.0001 b=0.0028 H=0.044 maxpi=0.990 KL=0.000245 logits|.|=2.003 e[min,max,std]=0.003,0.011,0.003 zone=[0.0, 0.03, 0.97] act=[0.03, 0.04, 0.02, 0.89, 0.02] (ep=125, 36.0s)
[  32000/48000] phase=B route=detached world=0.0007 w_ema=0.0154 pred=0.0007 smooth=0.0000 | actor=0.0032 b=0.0153 H=0.061 maxpi=0.974 KL=0.033292 logits|.|=1.876 e[min,max,std]=0.001,0.004,0.001 zone=[0.0, 0.04, 0.96] act=[0.02, 0.01, 0.01, 0.95, 0.01] (ep=133, 35.6s)
[  34000/48000] phase=B route=detached world=0.0015 w_ema=0.0040 pred=0.0015 smooth=0.0000 | actor=0.0068 b=0.0040 H=0.228 maxpi=0.944 KL=0.009779 logits|.|=1.476 e[min,max,std]=0.002,0.006,0.002 zone=[0.0, 0.03, 0.97] act=[0.02, 0.01, 0.03, 0.93, 0.01] (ep=141, 35.5s)
[checkpoint] outputs/journal_train/default/seed10/ckpt_step36000.pt
[  36000/48000] phase=B route=detached world=0.0040 w_ema=0.0029 pred=0.0040 smooth=0.0000 | actor=-0.0017 b=0.0029 H=0.119 maxpi=0.978 KL=0.000325 logits|.|=1.752 e[min,max,std]=0.004,0.007,0.001 zone=[0.0, 0.03, 0.97] act=[0.01, 0.01, 0.01, 0.96, 0.01] (ep=150, 35.6s)
[  38000/48000] phase=B route=detached world=0.0009 w_ema=0.0103 pred=0.0009 smooth=0.0000 | actor=0.0065 b=0.0105 H=0.121 maxpi=0.938 KL=0.018100 logits|.|=1.520 e[min,max,std]=0.001,0.005,0.001 zone=[0.0, 0.03, 0.97] act=[0.01, 0.01, 0.01, 0.94, 0.02] (ep=158, 35.8s)
[  40000/48000] phase=B route=detached world=0.0014 w_ema=0.0048 pred=0.0014 smooth=0.0000 | actor=0.0023 b=0.0048 H=0.114 maxpi=0.975 KL=0.005511 logits|.|=1.734 e[min,max,std]=0.001,0.004,0.001 zone=[0.0, 0.04, 0.96] act=[0.0, 0.01, 0.01, 0.96, 0.01] (ep=166, 35.4s)
[checkpoint] outputs/journal_train/default/seed10/ckpt_step42000.pt
[  42000/48000] phase=B route=detached world=0.0038 w_ema=0.0029 pred=0.0037 smooth=0.0000 | actor=-0.0007 b=0.0029 H=0.078 maxpi=0.986 KL=0.000624 logits|.|=1.901 e[min,max,std]=0.004,0.015,0.004 zone=[0.01, 0.03, 0.96] act=[0.01, 0.01, 0.02, 0.95, 0.01] (ep=175, 35.7s)
[  44000/48000] phase=B route=detached world=0.0016 w_ema=0.0100 pred=0.0016 smooth=0.0000 | actor=0.0069 b=0.0103 H=0.115 maxpi=0.925 KL=0.017738 logits|.|=1.483 e[min,max,std]=0.002,0.006,0.001 zone=[0.0, 0.03, 0.97] act=[0.01, 0.01, 0.01, 0.95, 0.01] (ep=183, 35.5s)
[  46000/48000] phase=B route=detached world=0.0052 w_ema=0.0049 pred=0.0052 smooth=0.0000 | actor=-0.0000 b=0.0049 H=0.008 maxpi=0.995 KL=0.002230 logits|.|=2.914 e[min,max,std]=0.005,0.008,0.001 zone=[0.0, 0.04, 0.96] act=[0.01, 0.01, 0.01, 0.96, 0.01] (ep=191, 35.5s)
[checkpoint] outputs/journal_train/default/seed10/ckpt_step48000.pt
[  48000/48000] phase=B route=detached world=0.0015 w_ema=0.0038 pred=0.0015 smooth=0.0000 | actor=0.0010 b=0.0038 H=0.118 maxpi=0.980 KL=0.001593 logits|.|=1.877 e[min,max,std]=0.001,0.012,0.003 zone=[0.0, 0.03, 0.97] act=[0.02, 0.01, 0.01, 0.95, 0.01] (ep=200, 35.6s)
Saved training trajectory to: outputs/journal_train/default/seed10/train_traj.parquet
Saved checkpoint to: outputs/journal_train/default/seed10/ckpt.pt
