/venv/cear-cemergence/lib/python3.10/runpy.py:126: RuntimeWarning: 'cear_pilot.training.train' found in sys.modules after import of package 'cear_pilot.training', but prior to execution of 'cear_pilot.training.train'; this may result in unpredictable behaviour
  warn(RuntimeWarning(msg))
[   2000/48000] phase=A world=0.0275 w_ema=0.1233 pred=0.0275 smooth=0.0002 | actor=0.9398 b=0.1233 H=1.609 maxpi=0.201 KL=0.000007 logits|.|=0.072 e[min,max,std]=0.022,0.034,0.004 zone=[0.47, 0.33, 0.2] act=[0.18, 0.21, 0.21, 0.19, 0.2] (ep=8, 22.6s)
[   4000/48000] phase=A world=0.0047 w_ema=0.0279 pred=0.0047 smooth=0.0000 | actor=0.3557 b=0.0285 H=1.609 maxpi=0.201 KL=0.000003 logits|.|=0.016 e[min,max,std]=0.003,0.008,0.002 zone=[0.18, 0.42, 0.4] act=[0.2, 0.19, 0.2, 0.21, 0.2] (ep=16, 22.5s)
[   6000/48000] phase=A world=0.4157 w_ema=0.3105 pred=0.4157 smooth=0.0000 | actor=-0.7350 b=0.3114 H=1.609 maxpi=0.201 KL=0.000005 logits|.|=0.052 e[min,max,std]=0.407,0.425,0.007 zone=[0.41, 0.43, 0.16] act=[0.2, 0.21, 0.2, 0.19, 0.19] (ep=25, 22.5s)
[   8000/48000] phase=A world=0.0177 w_ema=0.1086 pred=0.0177 smooth=0.0000 | actor=0.8081 b=0.1091 H=1.609 maxpi=0.201 KL=0.000004 logits|.|=0.044 e[min,max,std]=0.016,0.020,0.001 zone=[0.34, 0.41, 0.25] act=[0.21, 0.19, 0.19, 0.2, 0.2] (ep=33, 22.4s)
[  10000/48000] phase=A world=0.0005 w_ema=0.0304 pred=0.0005 smooth=0.0000 | actor=0.3242 b=0.0310 H=1.609 maxpi=0.200 KL=0.000001 logits|.|=0.064 e[min,max,std]=0.000,0.002,0.000 zone=[0.26, 0.28, 0.46] act=[0.2, 0.2, 0.19, 0.21, 0.19] (ep=41, 22.2s)
[  12000/48000] phase=A world=0.0023 w_ema=0.0243 pred=0.0023 smooth=0.0000 | actor=0.5161 b=0.0243 H=1.609 maxpi=0.200 KL=0.000000 logits|.|=0.071 e[min,max,std]=0.002,0.003,0.001 zone=[0.29, 0.39, 0.32] act=[0.21, 0.18, 0.2, 0.2, 0.21] (ep=50, 22.3s)
[  14000/48000] phase=B world=0.0020 w_ema=0.0091 pred=0.0020 smooth=0.0000 | actor=0.3892 b=0.0097 H=1.302 maxpi=0.470 KL=0.000212 logits|.|=0.793 e[min,max,std]=0.002,0.007,0.002 zone=[0.06, 0.12, 0.82] act=[0.29, 0.2, 0.08, 0.28, 0.15] (ep=58, 22.0s)
[  16000/48000] phase=B world=0.0028 w_ema=0.0041 pred=0.0028 smooth=0.0000 | actor=0.0089 b=0.0051 H=0.381 maxpi=0.887 KL=0.000218 logits|.|=1.596 e[min,max,std]=0.003,0.012,0.003 zone=[0.0, 0.03, 0.97] act=[0.43, 0.1, 0.02, 0.4, 0.05] (ep=66, 22.8s)
[  18000/48000] phase=B world=0.0010 w_ema=0.0031 pred=0.0009 smooth=0.0001 | actor=0.0080 b=0.0032 H=0.313 maxpi=0.921 KL=0.000061 logits|.|=1.933 e[min,max,std]=0.001,0.003,0.001 zone=[0.0, 0.37, 0.63] act=[0.94, 0.01, 0.0, 0.04, 0.0] (ep=75, 22.0s)
[  20000/48000] phase=B world=0.0019 w_ema=0.0043 pred=0.0019 smooth=0.0000 | actor=0.0147 b=0.0045 H=0.356 maxpi=0.910 KL=0.001996 logits|.|=1.201 e[min,max,std]=0.002,0.005,0.001 zone=[0.0, 0.07, 0.93] act=[0.33, 0.06, 0.04, 0.52, 0.05] (ep=83, 22.1s)
[  22000/48000] phase=B world=0.0025 w_ema=0.0034 pred=0.0025 smooth=0.0000 | actor=0.0204 b=0.0037 H=0.640 maxpi=0.746 KL=0.002459 logits|.|=1.472 e[min,max,std]=0.003,0.011,0.003 zone=[0.0, 0.03, 0.97] act=[0.0, 0.07, 0.01, 0.9, 0.01] (ep=91, 22.2s)
[  24000/48000] phase=B world=0.0040 w_ema=0.0029 pred=0.0040 smooth=0.0000 | actor=-0.0022 b=0.0029 H=0.154 maxpi=0.974 KL=0.000574 logits|.|=1.742 e[min,max,std]=0.004,0.010,0.002 zone=[0.0, 0.03, 0.97] act=[0.01, 0.04, 0.01, 0.93, 0.01] (ep=100, 22.2s)
[  26000/48000] phase=B world=0.0030 w_ema=0.0120 pred=0.0029 smooth=0.0000 | actor=0.0302 b=0.0125 H=0.380 maxpi=0.882 KL=0.013937 logits|.|=1.388 e[min,max,std]=0.003,0.008,0.002 zone=[0.0, 0.03, 0.97] act=[0.01, 0.04, 0.02, 0.93, 0.01] (ep=108, 21.4s)
[  28000/48000] phase=B world=0.0018 w_ema=0.0039 pred=0.0018 smooth=0.0000 | actor=0.0016 b=0.0039 H=0.084 maxpi=0.984 KL=0.001135 logits|.|=1.913 e[min,max,std]=0.002,0.003,0.001 zone=[0.0, 0.03, 0.97] act=[0.01, 0.02, 0.02, 0.95, 0.01] (ep=116, 21.1s)
[  30000/48000] phase=B world=0.0009 w_ema=0.0033 pred=0.0009 smooth=0.0000 | actor=0.0042 b=0.0036 H=0.165 maxpi=0.950 KL=0.001226 logits|.|=1.885 e[min,max,std]=0.001,0.005,0.001 zone=[0.0, 0.04, 0.96] act=[0.08, 0.03, 0.02, 0.84, 0.03] (ep=125, 21.1s)
[  32000/48000] phase=B world=0.0028 w_ema=0.0113 pred=0.0028 smooth=0.0000 | actor=0.0032 b=0.0113 H=0.071 maxpi=0.980 KL=0.019988 logits|.|=2.067 e[min,max,std]=0.003,0.006,0.001 zone=[0.0, 0.05, 0.95] act=[0.03, 0.02, 0.02, 0.9, 0.03] (ep=133, 21.2s)
[  34000/48000] phase=B world=0.0016 w_ema=0.0045 pred=0.0016 smooth=0.0000 | actor=0.0066 b=0.0046 H=0.253 maxpi=0.929 KL=0.003004 logits|.|=1.317 e[min,max,std]=0.001,0.005,0.001 zone=[0.0, 0.04, 0.95] act=[0.02, 0.04, 0.04, 0.83, 0.07] (ep=141, 21.1s)
[  36000/48000] phase=B world=0.0023 w_ema=0.0028 pred=0.0023 smooth=0.0000 | actor=0.0013 b=0.0028 H=0.103 maxpi=0.981 KL=0.000516 logits|.|=1.764 e[min,max,std]=0.002,0.006,0.002 zone=[0.0, 0.03, 0.97] act=[0.0, 0.01, 0.01, 0.96, 0.01] (ep=150, 21.2s)
[  38000/48000] phase=B world=0.0006 w_ema=0.0066 pred=0.0006 smooth=0.0000 | actor=0.0252 b=0.0070 H=0.328 maxpi=0.916 KL=0.007543 logits|.|=1.462 e[min,max,std]=0.001,0.010,0.003 zone=[0.0, 0.04, 0.96] act=[0.01, 0.06, 0.01, 0.91, 0.02] (ep=158, 21.1s)
[  40000/48000] phase=B world=0.0017 w_ema=0.0040 pred=0.0017 smooth=0.0000 | actor=0.0049 b=0.0040 H=0.233 maxpi=0.962 KL=0.004687 logits|.|=1.564 e[min,max,std]=0.002,0.005,0.001 zone=[0.0, 0.02, 0.98] act=[0.0, 0.01, 0.01, 0.97, 0.01] (ep=166, 21.2s)
[  42000/48000] phase=B world=0.0035 w_ema=0.0035 pred=0.0035 smooth=0.0000 | actor=0.0000 b=0.0036 H=0.242 maxpi=0.939 KL=0.004326 logits|.|=1.387 e[min,max,std]=0.004,0.005,0.000 zone=[0.0, 0.04, 0.95] act=[0.01, 0.04, 0.03, 0.88, 0.04] (ep=175, 21.1s)
[  44000/48000] phase=B world=0.0023 w_ema=0.0069 pred=0.0023 smooth=0.0000 | actor=0.0073 b=0.0069 H=0.192 maxpi=0.964 KL=0.014946 logits|.|=1.659 e[min,max,std]=0.002,0.006,0.002 zone=[0.0, 0.04, 0.96] act=[0.01, 0.01, 0.01, 0.97, 0.01] (ep=183, 21.1s)
[  46000/48000] phase=B world=0.0015 w_ema=0.0042 pred=0.0015 smooth=0.0000 | actor=-0.1713 b=0.0043 H=0.153 maxpi=0.962 KL=0.003915 logits|.|=1.758 e[min,max,std]=0.002,0.008,0.003 zone=[0.0, 0.03, 0.97] act=[0.01, 0.03, 0.02, 0.86, 0.08] (ep=191, 21.1s)
[  48000/48000] phase=B world=0.0005 w_ema=0.0028 pred=0.0005 smooth=0.0000 | actor=0.0011 b=0.0028 H=0.056 maxpi=0.993 KL=0.001005 logits|.|=2.391 e[min,max,std]=0.001,0.004,0.001 zone=[0.0, 0.04, 0.96] act=[0.01, 0.01, 0.01, 0.96, 0.02] (ep=200, 21.3s)
Saved checkpoint to: outputs/runs/seed13/ckpt.pt
