/venv/cear-cemergence/lib/python3.10/runpy.py:126: RuntimeWarning: 'cear_pilot.training.train' found in sys.modules after import of package 'cear_pilot.training', but prior to execution of 'cear_pilot.training.train'; this may result in unpredictable behaviour
  warn(RuntimeWarning(msg))
[checkpoint] outputs/journal_train/default/seed17/ckpt_step00000.pt
[   2000/48000] phase=A route=detached world=0.1928 w_ema=0.1535 pred=0.1928 smooth=0.0001 | actor=-0.4668 b=0.1544 H=1.609 maxpi=0.201 KL=0.000008 logits|.|=0.022 e[min,max,std]=0.188,0.200,0.005 zone=[0.28, 0.4, 0.32] act=[0.21, 0.19, 0.2, 0.2, 0.21] (ep=8, 35.7s)
[   4000/48000] phase=A route=detached world=0.0124 w_ema=0.0499 pred=0.0124 smooth=0.0000 | actor=0.5696 b=0.0501 H=1.609 maxpi=0.200 KL=0.000002 logits|.|=0.021 e[min,max,std]=0.010,0.015,0.002 zone=[0.37, 0.42, 0.21] act=[0.2, 0.2, 0.21, 0.19, 0.19] (ep=16, 33.8s)
[   6000/48000] phase=A route=detached world=0.0037 w_ema=0.0322 pred=0.0037 smooth=0.0000 | actor=0.2786 b=0.0328 H=1.609 maxpi=0.200 KL=0.000000 logits|.|=0.040 e[min,max,std]=0.002,0.006,0.001 zone=[0.23, 0.39, 0.38] act=[0.18, 0.21, 0.21, 0.21, 0.2] (ep=25, 33.8s)
[   8000/48000] phase=A route=detached world=0.0400 w_ema=0.0488 pred=0.0399 smooth=0.0001 | actor=0.1560 b=0.0493 H=1.609 maxpi=0.201 KL=0.000007 logits|.|=0.029 e[min,max,std]=0.037,0.045,0.003 zone=[0.14, 0.4, 0.46] act=[0.21, 0.21, 0.19, 0.2, 0.19] (ep=33, 34.0s)
[  10000/48000] phase=A route=detached world=0.4442 w_ema=0.3554 pred=0.4441 smooth=0.0005 | actor=-0.7001 b=0.3548 H=1.609 maxpi=0.201 KL=0.000010 logits|.|=0.033 e[min,max,std]=0.432,0.462,0.010 zone=[0.28, 0.49, 0.23] act=[0.19, 0.21, 0.19, 0.2, 0.21] (ep=41, 34.0s)
[checkpoint] outputs/journal_train/default/seed17/ckpt_step12000.pt
[  12000/48000] phase=A route=detached world=0.0109 w_ema=0.0481 pred=0.0109 smooth=0.0000 | actor=0.4735 b=0.0489 H=1.609 maxpi=0.200 KL=0.000000 logits|.|=0.035 e[min,max,std]=0.010,0.013,0.001 zone=[0.31, 0.46, 0.23] act=[0.21, 0.18, 0.2, 0.2, 0.21] (ep=50, 34.0s)
[  14000/48000] phase=B route=detached world=0.0029 w_ema=0.0131 pred=0.0029 smooth=0.0000 | actor=0.1527 b=0.0138 H=1.132 maxpi=0.511 KL=0.000130 logits|.|=1.103 e[min,max,std]=0.003,0.006,0.001 zone=[0.0, 0.12, 0.87] act=[0.11, 0.52, 0.07, 0.26, 0.04] (ep=58, 34.1s)
[  16000/48000] phase=B route=detached world=0.0008 w_ema=0.0038 pred=0.0008 smooth=0.0000 | actor=0.0019 b=0.0038 H=0.059 maxpi=0.991 KL=0.000006 logits|.|=2.157 e[min,max,std]=0.001,0.008,0.003 zone=[0.0, 0.02, 0.98] act=[0.04, 0.1, 0.01, 0.85, 0.0] (ep=66, 34.2s)
[checkpoint] outputs/journal_train/default/seed17/ckpt_step18000.pt
[  18000/48000] phase=B route=detached world=0.0014 w_ema=0.0031 pred=0.0014 smooth=0.0000 | actor=0.0009 b=0.0031 H=0.041 maxpi=0.995 KL=0.000005 logits|.|=2.164 e[min,max,std]=0.001,0.006,0.002 zone=[0.0, 0.01, 0.99] act=[0.0, 0.01, 0.0, 0.99, 0.0] (ep=75, 34.1s)
[  20000/48000] phase=B route=detached world=0.0036 w_ema=0.0109 pred=0.0036 smooth=0.0000 | actor=0.5050 b=0.0110 H=0.300 maxpi=0.904 KL=0.010867 logits|.|=1.863 e[min,max,std]=0.004,0.007,0.001 zone=[0.0, 0.02, 0.98] act=[0.02, 0.0, 0.0, 0.94, 0.03] (ep=83, 34.0s)
[  22000/48000] phase=B route=detached world=0.0028 w_ema=0.0046 pred=0.0028 smooth=0.0000 | actor=0.0013 b=0.0047 H=0.134 maxpi=0.971 KL=0.006309 logits|.|=1.735 e[min,max,std]=0.003,0.007,0.002 zone=[0.0, 0.02, 0.98] act=[0.02, 0.01, 0.01, 0.92, 0.05] (ep=91, 24.6s)
[checkpoint] outputs/journal_train/default/seed17/ckpt_step24000.pt
[  24000/48000] phase=B route=detached world=0.0009 w_ema=0.0033 pred=0.0009 smooth=0.0000 | actor=0.0002 b=0.0033 H=0.013 maxpi=0.997 KL=0.002081 logits|.|=2.672 e[min,max,std]=0.001,0.009,0.003 zone=[0.05, 0.14, 0.81] act=[0.13, 0.04, 0.03, 0.73, 0.06] (ep=100, 23.5s)
[  26000/48000] phase=B route=detached world=0.0026 w_ema=0.0138 pred=0.0026 smooth=0.0000 | actor=0.0005 b=0.0138 H=0.014 maxpi=0.972 KL=0.031803 logits|.|=2.250 e[min,max,std]=0.003,0.007,0.002 zone=[0.0, 0.05, 0.95] act=[0.02, 0.01, 0.01, 0.95, 0.01] (ep=108, 34.0s)
[  28000/48000] phase=B route=detached world=0.0021 w_ema=0.0041 pred=0.0021 smooth=0.0000 | actor=0.0014 b=0.0042 H=0.099 maxpi=0.971 KL=0.012644 logits|.|=1.814 e[min,max,std]=0.002,0.009,0.002 zone=[0.0, 0.04, 0.95] act=[0.02, 0.01, 0.01, 0.96, 0.01] (ep=116, 34.0s)
[checkpoint] outputs/journal_train/default/seed17/ckpt_step30000.pt
[  30000/48000] phase=B route=detached world=0.0046 w_ema=0.0033 pred=0.0046 smooth=0.0000 | actor=-0.0013 b=0.0033 H=0.099 maxpi=0.979 KL=0.007176 logits|.|=1.879 e[min,max,std]=0.005,0.013,0.003 zone=[0.01, 0.06, 0.93] act=[0.03, 0.03, 0.03, 0.88, 0.02] (ep=125, 28.6s)
[  32000/48000] phase=B route=detached world=0.0009 w_ema=0.0096 pred=0.0009 smooth=0.0000 | actor=0.0002 b=0.0095 H=0.006 maxpi=0.977 KL=0.059432 logits|.|=2.808 e[min,max,std]=0.001,0.006,0.002 zone=[0.0, 0.06, 0.94] act=[0.07, 0.03, 0.02, 0.85, 0.04] (ep=133, 22.2s)
[  34000/48000] phase=B route=detached world=0.0026 w_ema=0.0046 pred=0.0026 smooth=0.0000 | actor=0.0002 b=0.0046 H=0.023 maxpi=0.995 KL=0.009836 logits|.|=2.785 e[min,max,std]=0.003,0.031,0.009 zone=[0.0, 0.04, 0.96] act=[0.01, 0.01, 0.01, 0.96, 0.01] (ep=141, 34.2s)
[checkpoint] outputs/journal_train/default/seed17/ckpt_step36000.pt
[  36000/48000] phase=B route=detached world=0.0021 w_ema=0.0035 pred=0.0021 smooth=0.0000 | actor=0.0001 b=0.0035 H=0.015 maxpi=0.998 KL=0.001077 logits|.|=2.838 e[min,max,std]=0.002,0.009,0.002 zone=[0.0, 0.04, 0.96] act=[0.01, 0.01, 0.01, 0.97, 0.01] (ep=150, 34.2s)
[  38000/48000] phase=B route=detached world=0.0006 w_ema=0.0072 pred=0.0006 smooth=0.0000 | actor=0.0020 b=0.0074 H=0.068 maxpi=0.987 KL=0.042571 logits|.|=2.271 e[min,max,std]=0.001,0.010,0.003 zone=[0.01, 0.03, 0.96] act=[0.0, 0.0, 0.01, 0.98, 0.01] (ep=158, 34.1s)
[  40000/48000] phase=B route=detached world=0.0026 w_ema=0.0057 pred=0.0026 smooth=0.0000 | actor=0.0042 b=0.0058 H=0.178 maxpi=0.932 KL=0.008743 logits|.|=1.660 e[min,max,std]=0.003,0.006,0.001 zone=[0.0, 0.13, 0.86] act=[0.09, 0.08, 0.06, 0.57, 0.19] (ep=166, 34.2s)
[checkpoint] outputs/journal_train/default/seed17/ckpt_step42000.pt
[  42000/48000] phase=B route=detached world=0.0018 w_ema=0.0026 pred=0.0018 smooth=0.0000 | actor=0.0001 b=0.0026 H=0.012 maxpi=0.998 KL=0.000427 logits|.|=3.025 e[min,max,std]=0.002,0.007,0.002 zone=[0.0, 0.03, 0.96] act=[0.02, 0.01, 0.01, 0.93, 0.02] (ep=175, 34.0s)
[  44000/48000] phase=B route=detached world=0.0037 w_ema=0.0379 pred=0.0037 smooth=0.0000 | actor=0.0745 b=0.0381 H=0.752 maxpi=0.803 KL=0.125527 logits|.|=1.156 e[min,max,std]=0.003,0.009,0.002 zone=[0.0, 0.03, 0.96] act=[0.01, 0.01, 0.01, 0.95, 0.01] (ep=183, 34.4s)
[  46000/48000] phase=B route=detached world=0.0026 w_ema=0.0036 pred=0.0026 smooth=0.0000 | actor=0.0004 b=0.0035 H=0.051 maxpi=0.990 KL=0.003433 logits|.|=2.348 e[min,max,std]=0.002,0.012,0.004 zone=[0.0, 0.03, 0.97] act=[0.03, 0.03, 0.03, 0.89, 0.02] (ep=191, 34.4s)
[checkpoint] outputs/journal_train/default/seed17/ckpt_step48000.pt
[  48000/48000] phase=B route=detached world=0.0036 w_ema=0.0028 pred=0.0036 smooth=0.0000 | actor=-0.0003 b=0.0029 H=0.041 maxpi=0.984 KL=0.002474 logits|.|=2.150 e[min,max,std]=0.003,0.009,0.002 zone=[0.0, 0.02, 0.98] act=[0.01, 0.01, 0.0, 0.98, 0.01] (ep=200, 34.8s)
Saved training trajectory to: outputs/journal_train/default/seed17/train_traj.parquet
Saved checkpoint to: outputs/journal_train/default/seed17/ckpt.pt
