/venv/cear-cemergence/lib/python3.10/runpy.py:126: RuntimeWarning: 'cear_pilot.training.train' found in sys.modules after import of package 'cear_pilot.training', but prior to execution of 'cear_pilot.training.train'; this may result in unpredictable behaviour
  warn(RuntimeWarning(msg))
[checkpoint] outputs/journal_train/default/seed29/ckpt_step00000.pt
[   2000/48000] phase=A route=detached world=0.7806 w_ema=0.3020 pred=0.7806 smooth=0.0000 | actor=-3.6548 b=0.3020 H=1.609 maxpi=0.201 KL=0.000005 logits|.|=0.086 e[min,max,std]=0.758,0.804,0.018 zone=[0.34, 0.35, 0.3] act=[0.19, 0.2, 0.2, 0.19, 0.21] (ep=8, 35.9s)
[   4000/48000] phase=A route=detached world=0.1056 w_ema=0.3219 pred=0.1056 smooth=0.0000 | actor=1.5994 b=0.3216 H=1.609 maxpi=0.201 KL=0.000002 logits|.|=0.097 e[min,max,std]=0.097,0.115,0.006 zone=[0.26, 0.41, 0.33] act=[0.21, 0.2, 0.2, 0.21, 0.18] (ep=16, 35.0s)
[   6000/48000] phase=A route=detached world=0.0024 w_ema=0.0043 pred=0.0024 smooth=0.0000 | actor=0.0298 b=0.0051 H=1.609 maxpi=0.200 KL=0.000000 logits|.|=0.118 e[min,max,std]=0.002,0.004,0.001 zone=[0.23, 0.26, 0.51] act=[0.2, 0.2, 0.17, 0.22, 0.2] (ep=25, 34.8s)
[   8000/48000] phase=A route=detached world=0.0081 w_ema=0.0349 pred=0.0081 smooth=0.0000 | actor=0.7427 b=0.0353 H=1.609 maxpi=0.201 KL=0.000003 logits|.|=0.105 e[min,max,std]=0.006,0.011,0.002 zone=[0.13, 0.55, 0.32] act=[0.2, 0.21, 0.19, 0.21, 0.19] (ep=33, 34.9s)
[  10000/48000] phase=A route=detached world=0.4262 w_ema=0.1758 pred=0.4261 smooth=0.0002 | actor=-2.5381 b=0.1774 H=1.609 maxpi=0.200 KL=0.000002 logits|.|=0.085 e[min,max,std]=0.414,0.454,0.014 zone=[0.29, 0.47, 0.23] act=[0.2, 0.19, 0.2, 0.2, 0.21] (ep=41, 34.9s)
[checkpoint] outputs/journal_train/default/seed29/ckpt_step12000.pt
[  12000/48000] phase=A route=detached world=0.0789 w_ema=0.1760 pred=0.0789 smooth=0.0001 | actor=0.9566 b=0.1759 H=1.609 maxpi=0.200 KL=0.000002 logits|.|=0.068 e[min,max,std]=0.077,0.083,0.002 zone=[0.34, 0.45, 0.21] act=[0.21, 0.19, 0.21, 0.19, 0.2] (ep=50, 35.2s)
[  14000/48000] phase=B route=detached world=0.1578 w_ema=0.0877 pred=0.1578 smooth=0.0000 | actor=-1.7799 b=0.0881 H=1.123 maxpi=0.430 KL=0.000502 logits|.|=1.714 e[min,max,std]=0.153,0.164,0.004 zone=[0.0, 0.42, 0.58] act=[0.31, 0.31, 0.01, 0.04, 0.34] (ep=58, 35.0s)
[  16000/48000] phase=B route=detached world=0.0052 w_ema=0.0341 pred=0.0052 smooth=0.0000 | actor=0.3143 b=0.0349 H=0.897 maxpi=0.502 KL=0.000203 logits|.|=2.088 e[min,max,std]=0.005,0.010,0.002 zone=[0.0, 0.65, 0.35] act=[0.11, 0.41, 0.0, 0.02, 0.46] (ep=66, 35.2s)
[checkpoint] outputs/journal_train/default/seed29/ckpt_step18000.pt
[  18000/48000] phase=B route=detached world=0.0024 w_ema=0.0037 pred=0.0024 smooth=0.0000 | actor=0.0155 b=0.0059 H=0.944 maxpi=0.637 KL=0.000453 logits|.|=1.497 e[min,max,std]=0.003,0.006,0.001 zone=[0.0, 0.29, 0.71] act=[0.08, 0.55, 0.0, 0.04, 0.32] (ep=75, 35.1s)
[  20000/48000] phase=B route=detached world=0.0027 w_ema=0.0064 pred=0.0027 smooth=0.0000 | actor=0.0252 b=0.0071 H=0.445 maxpi=0.879 KL=0.000294 logits|.|=1.147 e[min,max,std]=0.003,0.019,0.006 zone=[0.01, 0.09, 0.9] act=[0.09, 0.25, 0.04, 0.4, 0.22] (ep=83, 35.4s)
[  22000/48000] phase=B route=detached world=0.0026 w_ema=0.0037 pred=0.0026 smooth=0.0001 | actor=0.0004 b=0.0037 H=0.039 maxpi=0.994 KL=0.000024 logits|.|=2.313 e[min,max,std]=0.002,0.005,0.001 zone=[0.0, 0.01, 0.99] act=[0.01, 0.0, 0.0, 0.98, 0.0] (ep=91, 35.1s)
[checkpoint] outputs/journal_train/default/seed29/ckpt_step24000.pt
[  24000/48000] phase=B route=detached world=0.0028 w_ema=0.0027 pred=0.0028 smooth=0.0000 | actor=-0.0003 b=0.0027 H=0.118 maxpi=0.982 KL=0.000988 logits|.|=1.843 e[min,max,std]=0.003,0.011,0.003 zone=[0.0, 0.04, 0.96] act=[0.01, 0.0, 0.08, 0.9, 0.0] (ep=100, 35.2s)
[  26000/48000] phase=B route=detached world=0.0044 w_ema=0.0181 pred=0.0044 smooth=0.0000 | actor=0.0054 b=0.0185 H=0.144 maxpi=0.962 KL=0.019754 logits|.|=1.756 e[min,max,std]=0.004,0.006,0.001 zone=[0.0, 0.03, 0.96] act=[0.01, 0.0, 0.04, 0.95, 0.0] (ep=108, 35.2s)
[  28000/48000] phase=B route=detached world=0.0013 w_ema=0.0036 pred=0.0013 smooth=0.0000 | actor=0.0032 b=0.0037 H=0.110 maxpi=0.975 KL=0.002601 logits|.|=1.917 e[min,max,std]=0.001,0.013,0.004 zone=[0.01, 0.04, 0.96] act=[0.04, 0.01, 0.04, 0.9, 0.01] (ep=116, 35.5s)
[checkpoint] outputs/journal_train/default/seed29/ckpt_step30000.pt
[  30000/48000] phase=B route=detached world=0.0021 w_ema=0.0033 pred=0.0021 smooth=0.0000 | actor=0.0003 b=0.0035 H=0.037 maxpi=0.992 KL=0.001308 logits|.|=2.436 e[min,max,std]=0.002,0.014,0.004 zone=[0.01, 0.04, 0.95] act=[0.02, 0.0, 0.02, 0.96, 0.01] (ep=125, 35.5s)
[  32000/48000] phase=B route=detached world=0.0021 w_ema=0.0074 pred=0.0021 smooth=0.0000 | actor=0.0105 b=0.0073 H=0.166 maxpi=0.960 KL=0.009010 logits|.|=1.760 e[min,max,std]=0.002,0.010,0.003 zone=[0.01, 0.04, 0.95] act=[0.02, 0.0, 0.02, 0.94, 0.01] (ep=133, 35.4s)
[  34000/48000] phase=B route=detached world=0.0022 w_ema=0.0037 pred=0.0022 smooth=0.0000 | actor=0.0010 b=0.0038 H=0.079 maxpi=0.982 KL=0.004304 logits|.|=2.068 e[min,max,std]=0.002,0.009,0.003 zone=[0.0, 0.04, 0.96] act=[0.02, 0.0, 0.02, 0.94, 0.01] (ep=141, 35.3s)
[checkpoint] outputs/journal_train/default/seed29/ckpt_step36000.pt
[  36000/48000] phase=B route=detached world=0.0013 w_ema=0.0031 pred=0.0013 smooth=0.0000 | actor=0.0006 b=0.0032 H=0.039 maxpi=0.993 KL=0.000980 logits|.|=2.377 e[min,max,std]=0.001,0.008,0.002 zone=[0.0, 0.03, 0.97] act=[0.01, 0.0, 0.01, 0.97, 0.01] (ep=150, 35.4s)
[  38000/48000] phase=B route=detached world=0.0021 w_ema=0.0264 pred=0.0020 smooth=0.0000 | actor=0.0075 b=0.0268 H=0.108 maxpi=0.811 KL=0.051435 logits|.|=1.605 e[min,max,std]=0.002,0.007,0.002 zone=[0.0, 0.05, 0.95] act=[0.05, 0.02, 0.03, 0.86, 0.04] (ep=158, 35.2s)
[  40000/48000] phase=B route=detached world=0.0024 w_ema=0.0058 pred=0.0024 smooth=0.0000 | actor=0.0005 b=0.0058 H=0.029 maxpi=0.984 KL=0.013245 logits|.|=2.466 e[min,max,std]=0.002,0.005,0.001 zone=[0.0, 0.05, 0.95] act=[0.02, 0.01, 0.01, 0.95, 0.01] (ep=166, 35.3s)
[checkpoint] outputs/journal_train/default/seed29/ckpt_step42000.pt
[  42000/48000] phase=B route=detached world=0.0010 w_ema=0.0031 pred=0.0010 smooth=0.0000 | actor=0.0006 b=0.0031 H=0.038 maxpi=0.993 KL=0.002128 logits|.|=2.384 e[min,max,std]=0.001,0.009,0.003 zone=[0.0, 0.04, 0.96] act=[0.01, 0.02, 0.01, 0.96, 0.01] (ep=175, 35.1s)
[  44000/48000] phase=B route=detached world=0.0030 w_ema=0.0188 pred=0.0030 smooth=0.0000 | actor=0.0003 b=0.0185 H=0.011 maxpi=0.985 KL=0.033573 logits|.|=3.148 e[min,max,std]=0.003,0.014,0.004 zone=[0.0, 0.04, 0.96] act=[0.01, 0.01, 0.01, 0.96, 0.0] (ep=183, 35.2s)
[  46000/48000] phase=B route=detached world=0.0011 w_ema=0.0033 pred=0.0011 smooth=0.0000 | actor=0.0002 b=0.0034 H=0.017 maxpi=0.997 KL=0.003387 logits|.|=3.166 e[min,max,std]=0.001,0.010,0.003 zone=[0.0, 0.02, 0.98] act=[0.01, 0.02, 0.0, 0.96, 0.02] (ep=191, 35.4s)
[checkpoint] outputs/journal_train/default/seed29/ckpt_step48000.pt
[  48000/48000] phase=B route=detached world=0.0012 w_ema=0.0032 pred=0.0012 smooth=0.0000 | actor=0.0001 b=0.0032 H=0.010 maxpi=0.997 KL=0.002346 logits|.|=3.080 e[min,max,std]=0.001,0.011,0.003 zone=[0.0, 0.03, 0.97] act=[0.0, 0.01, 0.0, 0.97, 0.01] (ep=200, 35.1s)
Saved training trajectory to: outputs/journal_train/default/seed29/train_traj.parquet
Saved checkpoint to: outputs/journal_train/default/seed29/ckpt.pt
