/venv/cear-cemergence/lib/python3.10/runpy.py:126: RuntimeWarning: 'cear_pilot.training.train' found in sys.modules after import of package 'cear_pilot.training', but prior to execution of 'cear_pilot.training.train'; this may result in unpredictable behaviour
  warn(RuntimeWarning(msg))
[   2000/48000] phase=A world=0.0757 w_ema=0.2724 pred=0.0757 smooth=0.0001 | actor=1.6746 b=0.2747 H=1.609 maxpi=0.202 KL=0.000026 logits|.|=0.075 e[min,max,std]=0.069,0.087,0.006 zone=[0.32, 0.45, 0.23] act=[0.2, 0.22, 0.2, 0.19, 0.2] (ep=8, 22.6s)
[   4000/48000] phase=A world=0.2063 w_ema=0.0262 pred=0.2063 smooth=0.0000 | actor=-2.0995 b=0.0273 H=1.609 maxpi=0.200 KL=0.000001 logits|.|=0.056 e[min,max,std]=0.198,0.218,0.007 zone=[0.25, 0.36, 0.39] act=[0.2, 0.2, 0.2, 0.21, 0.2] (ep=16, 21.4s)
[   6000/48000] phase=A world=0.0036 w_ema=0.0062 pred=0.0036 smooth=0.0000 | actor=0.1000 b=0.0071 H=1.609 maxpi=0.200 KL=0.000000 logits|.|=0.067 e[min,max,std]=0.003,0.005,0.001 zone=[0.19, 0.28, 0.52] act=[0.18, 0.21, 0.19, 0.22, 0.2] (ep=25, 21.1s)
[   8000/48000] phase=A world=0.4350 w_ema=0.2846 pred=0.4350 smooth=0.0000 | actor=-1.5403 b=0.2860 H=1.609 maxpi=0.201 KL=0.000005 logits|.|=0.043 e[min,max,std]=0.426,0.458,0.011 zone=[0.27, 0.49, 0.24] act=[0.2, 0.19, 0.21, 0.2, 0.2] (ep=33, 21.2s)
[  10000/48000] phase=A world=0.2704 w_ema=0.1419 pred=0.2704 smooth=0.0001 | actor=-1.3775 b=0.1433 H=1.609 maxpi=0.200 KL=0.000002 logits|.|=0.036 e[min,max,std]=0.261,0.283,0.007 zone=[0.22, 0.49, 0.29] act=[0.2, 0.19, 0.2, 0.2, 0.2] (ep=41, 21.1s)
[  12000/48000] phase=A world=0.0410 w_ema=0.0841 pred=0.0410 smooth=0.0000 | actor=0.6017 b=0.0848 H=1.609 maxpi=0.200 KL=0.000000 logits|.|=0.036 e[min,max,std]=0.038,0.045,0.003 zone=[0.2, 0.44, 0.36] act=[0.2, 0.19, 0.2, 0.21, 0.2] (ep=50, 21.2s)
[  14000/48000] phase=B world=0.0022 w_ema=0.0101 pred=0.0022 smooth=0.0000 | actor=0.0010 b=0.0101 H=0.023 maxpi=0.997 KL=0.000002 logits|.|=2.549 e[min,max,std]=0.002,0.010,0.003 zone=[0.0, 0.04, 0.96] act=[0.01, 0.07, 0.02, 0.88, 0.02] (ep=58, 21.4s)
[  16000/48000] phase=B world=0.0031 w_ema=0.0044 pred=0.0031 smooth=0.0000 | actor=0.0002 b=0.0044 H=0.016 maxpi=0.998 KL=0.000001 logits|.|=2.679 e[min,max,std]=0.003,0.012,0.004 zone=[0.0, 0.01, 0.99] act=[0.0, 0.0, 0.0, 1.0, 0.0] (ep=66, 21.1s)
[  18000/48000] phase=B world=0.0019 w_ema=0.0028 pred=0.0019 smooth=0.0000 | actor=0.0004 b=0.0028 H=0.043 maxpi=0.994 KL=0.000100 logits|.|=2.322 e[min,max,std]=0.002,0.003,0.000 zone=[0.0, 0.01, 0.99] act=[0.0, 0.0, 0.0, 1.0, 0.0] (ep=75, 21.1s)
[  20000/48000] phase=B world=0.0021 w_ema=0.0068 pred=0.0021 smooth=0.0000 | actor=0.0007 b=0.0067 H=0.029 maxpi=0.986 KL=0.031287 logits|.|=2.317 e[min,max,std]=0.002,0.008,0.002 zone=[0.0, 0.03, 0.97] act=[0.01, 0.01, 0.0, 0.97, 0.01] (ep=83, 21.1s)
[  22000/48000] phase=B world=0.0018 w_ema=0.0050 pred=0.0018 smooth=0.0000 | actor=0.0016 b=0.0051 H=0.089 maxpi=0.981 KL=0.005182 logits|.|=1.896 e[min,max,std]=0.002,0.009,0.003 zone=[0.0, 0.03, 0.97] act=[0.0, 0.0, 0.01, 0.98, 0.01] (ep=91, 21.1s)
[  24000/48000] phase=B world=0.0019 w_ema=0.0027 pred=0.0019 smooth=0.0000 | actor=0.0006 b=0.0027 H=0.061 maxpi=0.989 KL=0.001678 logits|.|=2.097 e[min,max,std]=0.002,0.006,0.001 zone=[0.0, 0.03, 0.97] act=[0.01, 0.01, 0.01, 0.96, 0.01] (ep=100, 21.9s)
[  26000/48000] phase=B world=0.0014 w_ema=0.0080 pred=0.0014 smooth=0.0000 | actor=0.0015 b=0.0079 H=0.034 maxpi=0.995 KL=0.003541 logits|.|=2.539 e[min,max,std]=0.001,0.004,0.001 zone=[0.0, 0.03, 0.97] act=[0.0, 0.01, 0.0, 0.98, 0.0] (ep=108, 22.1s)
[  28000/48000] phase=B world=0.0071 w_ema=0.0165 pred=0.0071 smooth=0.0000 | actor=0.0123 b=0.0167 H=0.608 maxpi=0.867 KL=0.006630 logits|.|=1.242 e[min,max,std]=0.007,0.013,0.003 zone=[0.03, 0.09, 0.88] act=[0.05, 0.03, 0.05, 0.82, 0.05] (ep=116, 22.6s)
[  30000/48000] phase=B world=0.0029 w_ema=0.0032 pred=0.0029 smooth=0.0000 | actor=0.0003 b=0.0034 H=0.062 maxpi=0.986 KL=0.001301 logits|.|=2.133 e[min,max,std]=0.003,0.005,0.001 zone=[0.0, 0.04, 0.95] act=[0.02, 0.03, 0.04, 0.88, 0.04] (ep=125, 21.6s)
[  32000/48000] phase=B world=0.0024 w_ema=0.0185 pred=0.0024 smooth=0.0000 | actor=0.0164 b=0.0186 H=0.224 maxpi=0.947 KL=0.020454 logits|.|=1.658 e[min,max,std]=0.002,0.004,0.000 zone=[0.0, 0.03, 0.97] act=[0.01, 0.01, 0.01, 0.97, 0.01] (ep=133, 20.8s)
[  34000/48000] phase=B world=0.0047 w_ema=0.0054 pred=0.0047 smooth=0.0000 | actor=-0.3197 b=0.0059 H=0.433 maxpi=0.892 KL=0.012751 logits|.|=1.307 e[min,max,std]=0.005,0.008,0.001 zone=[0.0, 0.03, 0.97] act=[0.02, 0.04, 0.02, 0.89, 0.04] (ep=141, 20.7s)
[  36000/48000] phase=B world=0.0026 w_ema=0.0028 pred=0.0026 smooth=0.0000 | actor=0.0051 b=0.0031 H=0.622 maxpi=0.799 KL=0.020323 logits|.|=1.068 e[min,max,std]=0.002,0.005,0.001 zone=[0.0, 0.03, 0.97] act=[0.01, 0.02, 0.01, 0.94, 0.01] (ep=150, 20.1s)
[  38000/48000] phase=B world=0.0027 w_ema=0.0102 pred=0.0027 smooth=0.0000 | actor=0.0117 b=0.0102 H=0.214 maxpi=0.957 KL=0.006678 logits|.|=1.779 e[min,max,std]=0.003,0.009,0.002 zone=[0.0, 0.04, 0.96] act=[0.01, 0.03, 0.02, 0.94, 0.01] (ep=158, 19.0s)
[  40000/48000] phase=B world=0.0016 w_ema=0.0037 pred=0.0016 smooth=0.0000 | actor=0.0006 b=0.0036 H=0.032 maxpi=0.995 KL=0.002679 logits|.|=2.599 e[min,max,std]=0.002,0.009,0.003 zone=[0.0, 0.02, 0.98] act=[0.0, 0.01, 0.0, 0.97, 0.01] (ep=166, 19.5s)
[  42000/48000] phase=B world=0.0018 w_ema=0.0100 pred=0.0018 smooth=0.0000 | actor=0.0964 b=0.0108 H=1.096 maxpi=0.530 KL=0.062556 logits|.|=0.869 e[min,max,std]=0.001,0.003,0.001 zone=[0.0, 0.04, 0.96] act=[0.05, 0.05, 0.02, 0.86, 0.01] (ep=175, 19.9s)
[  44000/48000] phase=B world=0.0045 w_ema=0.0078 pred=0.0045 smooth=0.0000 | actor=0.0199 b=0.0079 H=0.583 maxpi=0.899 KL=0.069483 logits|.|=1.508 e[min,max,std]=0.003,0.007,0.001 zone=[0.0, 0.03, 0.97] act=[0.01, 0.01, 0.01, 0.96, 0.01] (ep=183, 21.1s)
[  46000/48000] phase=B world=0.0009 w_ema=0.0041 pred=0.0009 smooth=0.0000 | actor=0.0049 b=0.0041 H=0.152 maxpi=0.967 KL=0.010013 logits|.|=1.799 e[min,max,std]=0.001,0.006,0.002 zone=[0.0, 0.03, 0.97] act=[0.02, 0.03, 0.01, 0.92, 0.01] (ep=191, 21.0s)
[  48000/48000] phase=B world=0.0029 w_ema=0.0028 pred=0.0029 smooth=0.0000 | actor=-0.0000 b=0.0028 H=0.082 maxpi=0.983 KL=0.000715 logits|.|=2.038 e[min,max,std]=0.003,0.006,0.002 zone=[0.0, 0.02, 0.98] act=[0.01, 0.01, 0.0, 0.98, 0.0] (ep=200, 21.1s)
Saved checkpoint to: outputs/runs/seed26/ckpt.pt
