/venv/cear-cemergence/lib/python3.10/runpy.py:126: RuntimeWarning: 'cear_pilot.training.train' found in sys.modules after import of package 'cear_pilot.training', but prior to execution of 'cear_pilot.training.train'; this may result in unpredictable behaviour
  warn(RuntimeWarning(msg))
[checkpoint] outputs/journal_train/default/seed5/ckpt_step00000.pt
[   2000/48000] phase=A route=detached world=0.0100 w_ema=0.0949 pred=0.0100 smooth=0.0000 | actor=0.8472 b=0.0955 H=1.609 maxpi=0.201 KL=0.000007 logits|.|=0.109 e[min,max,std]=0.010,0.014,0.001 zone=[0.33, 0.37, 0.3] act=[0.19, 0.21, 0.19, 0.19, 0.21] (ep=8, 31.8s)
[   4000/48000] phase=A route=detached world=0.0007 w_ema=0.0209 pred=0.0007 smooth=0.0000 | actor=0.3622 b=0.0220 H=1.609 maxpi=0.200 KL=0.000001 logits|.|=0.112 e[min,max,std]=0.001,0.003,0.001 zone=[0.23, 0.35, 0.41] act=[0.19, 0.2, 0.19, 0.22, 0.2] (ep=16, 31.0s)
[   6000/48000] phase=A route=detached world=0.0787 w_ema=0.1638 pred=0.0786 smooth=0.0000 | actor=0.7706 b=0.1651 H=1.609 maxpi=0.200 KL=0.000002 logits|.|=0.098 e[min,max,std]=0.074,0.087,0.006 zone=[0.29, 0.48, 0.24] act=[0.19, 0.2, 0.2, 0.21, 0.21] (ep=25, 22.1s)
[   8000/48000] phase=A route=detached world=0.0112 w_ema=0.0928 pred=0.0112 smooth=0.0000 | actor=0.6173 b=0.0930 H=1.609 maxpi=0.200 KL=0.000003 logits|.|=0.089 e[min,max,std]=0.010,0.013,0.001 zone=[0.31, 0.43, 0.25] act=[0.18, 0.2, 0.2, 0.21, 0.21] (ep=33, 21.1s)
[  10000/48000] phase=A route=detached world=0.3476 w_ema=0.3128 pred=0.3476 smooth=0.0000 | actor=-0.1934 b=0.3138 H=1.609 maxpi=0.201 KL=0.000007 logits|.|=0.068 e[min,max,std]=0.333,0.367,0.012 zone=[0.27, 0.38, 0.35] act=[0.19, 0.19, 0.21, 0.19, 0.21] (ep=41, 21.6s)
[checkpoint] outputs/journal_train/default/seed5/ckpt_step12000.pt
[  12000/48000] phase=A route=detached world=0.1172 w_ema=0.2416 pred=0.1172 smooth=0.0000 | actor=0.9140 b=0.2429 H=1.609 maxpi=0.201 KL=0.000003 logits|.|=0.072 e[min,max,std]=0.112,0.130,0.007 zone=[0.52, 0.31, 0.17] act=[0.2, 0.2, 0.21, 0.19, 0.19] (ep=50, 23.0s)
[  14000/48000] phase=B route=detached world=0.0034 w_ema=0.0301 pred=0.0034 smooth=0.0000 | actor=0.6623 b=0.0312 H=1.373 maxpi=0.508 KL=0.000747 logits|.|=0.682 e[min,max,std]=0.002,0.009,0.003 zone=[0.0, 0.11, 0.89] act=[0.31, 0.24, 0.08, 0.24, 0.13] (ep=58, 33.8s)
[  16000/48000] phase=B route=detached world=0.0012 w_ema=0.0035 pred=0.0012 smooth=0.0000 | actor=0.1069 b=0.0048 H=1.457 maxpi=0.364 KL=0.000143 logits|.|=0.585 e[min,max,std]=0.001,0.003,0.001 zone=[0.0, 0.06, 0.94] act=[0.13, 0.3, 0.05, 0.29, 0.23] (ep=66, 33.8s)
[checkpoint] outputs/journal_train/default/seed5/ckpt_step18000.pt
[  18000/48000] phase=B route=detached world=0.0029 w_ema=0.0037 pred=0.0029 smooth=0.0000 | actor=0.1139 b=0.0049 H=1.477 maxpi=0.348 KL=0.000166 logits|.|=0.510 e[min,max,std]=0.002,0.009,0.002 zone=[0.0, 0.07, 0.93] act=[0.13, 0.24, 0.05, 0.24, 0.34] (ep=75, 33.7s)
[  20000/48000] phase=B route=detached world=0.0020 w_ema=0.0097 pred=0.0020 smooth=0.0000 | actor=0.0097 b=0.0097 H=0.159 maxpi=0.972 KL=0.000606 logits|.|=1.807 e[min,max,std]=0.002,0.013,0.004 zone=[0.0, 0.03, 0.97] act=[0.04, 0.08, 0.01, 0.76, 0.11] (ep=83, 33.7s)
[  22000/48000] phase=B route=detached world=0.0048 w_ema=0.0033 pred=0.0047 smooth=0.0000 | actor=-0.0002 b=0.0033 H=0.013 maxpi=0.998 KL=0.000032 logits|.|=2.718 e[min,max,std]=0.005,0.015,0.003 zone=[0.0, 0.02, 0.98] act=[0.0, 0.01, 0.0, 0.97, 0.01] (ep=91, 34.0s)
[checkpoint] outputs/journal_train/default/seed5/ckpt_step24000.pt
[  24000/48000] phase=B route=detached world=0.0021 w_ema=0.0034 pred=0.0021 smooth=0.0000 | actor=0.0012 b=0.0034 H=0.101 maxpi=0.985 KL=0.002855 logits|.|=2.022 e[min,max,std]=0.002,0.009,0.003 zone=[0.0, 0.02, 0.98] act=[0.0, 0.01, 0.01, 0.97, 0.01] (ep=100, 33.8s)
[  26000/48000] phase=B route=detached world=0.0035 w_ema=0.0094 pred=0.0035 smooth=0.0000 | actor=0.0013 b=0.0093 H=0.040 maxpi=0.978 KL=0.033664 logits|.|=2.142 e[min,max,std]=0.003,0.007,0.002 zone=[0.0, 0.04, 0.95] act=[0.01, 0.03, 0.02, 0.92, 0.02] (ep=108, 34.0s)
[  28000/48000] phase=B route=detached world=0.0021 w_ema=0.0061 pred=0.0021 smooth=0.0000 | actor=0.0003 b=0.0061 H=0.020 maxpi=0.990 KL=0.010567 logits|.|=2.490 e[min,max,std]=0.002,0.005,0.001 zone=[0.0, 0.04, 0.96] act=[0.02, 0.02, 0.01, 0.94, 0.01] (ep=116, 34.5s)
[checkpoint] outputs/journal_train/default/seed5/ckpt_step30000.pt
[  30000/48000] phase=B route=detached world=0.0039 w_ema=0.0031 pred=0.0039 smooth=0.0000 | actor=-0.0006 b=0.0031 H=0.070 maxpi=0.991 KL=0.001549 logits|.|=2.175 e[min,max,std]=0.004,0.020,0.006 zone=[0.0, 0.02, 0.98] act=[0.01, 0.01, 0.01, 0.97, 0.01] (ep=125, 33.9s)
[  32000/48000] phase=B route=detached world=0.0044 w_ema=0.0106 pred=0.0044 smooth=0.0000 | actor=0.0005 b=0.0107 H=0.022 maxpi=0.981 KL=0.029188 logits|.|=2.469 e[min,max,std]=0.004,0.013,0.003 zone=[0.0, 0.03, 0.97] act=[0.01, 0.01, 0.01, 0.97, 0.01] (ep=133, 33.5s)
[  34000/48000] phase=B route=detached world=0.0021 w_ema=0.0036 pred=0.0021 smooth=0.0000 | actor=0.0002 b=0.0036 H=0.014 maxpi=0.997 KL=0.000189 logits|.|=2.744 e[min,max,std]=0.002,0.007,0.002 zone=[0.0, 0.05, 0.94] act=[0.04, 0.1, 0.02, 0.82, 0.02] (ep=141, 33.6s)
[checkpoint] outputs/journal_train/default/seed5/ckpt_step36000.pt
[  36000/48000] phase=B route=detached world=0.0021 w_ema=0.0028 pred=0.0021 smooth=0.0000 | actor=0.0004 b=0.0028 H=0.038 maxpi=0.995 KL=0.001225 logits|.|=2.450 e[min,max,std]=0.002,0.017,0.006 zone=[0.0, 0.02, 0.98] act=[0.01, 0.01, 0.0, 0.98, 0.01] (ep=150, 33.7s)
[  38000/48000] phase=B route=detached world=0.0016 w_ema=0.0066 pred=0.0016 smooth=0.0000 | actor=0.0005 b=0.0067 H=0.019 maxpi=0.991 KL=0.031913 logits|.|=2.606 e[min,max,std]=0.002,0.018,0.006 zone=[0.0, 0.03, 0.97] act=[0.01, 0.02, 0.01, 0.95, 0.01] (ep=158, 33.8s)
[  40000/48000] phase=B route=detached world=0.0033 w_ema=0.0106 pred=0.0033 smooth=0.0000 | actor=0.2149 b=0.0109 H=1.282 maxpi=0.490 KL=0.030676 logits|.|=1.244 e[min,max,std]=0.002,0.006,0.002 zone=[0.0, 0.08, 0.92] act=[0.16, 0.09, 0.01, 0.7, 0.04] (ep=166, 33.6s)
[checkpoint] outputs/journal_train/default/seed5/ckpt_step42000.pt
[  42000/48000] phase=B route=detached world=0.0440 w_ema=0.0826 pred=0.0440 smooth=0.0001 | actor=0.2028 b=0.0840 H=0.826 maxpi=0.631 KL=0.061042 logits|.|=2.198 e[min,max,std]=0.036,0.050,0.005 zone=[0.06, 0.51, 0.43] act=[0.44, 0.43, 0.02, 0.03, 0.08] (ep=175, 34.1s)
[  44000/48000] phase=B route=detached world=0.0878 w_ema=0.1021 pred=0.0876 smooth=0.0006 | actor=0.3580 b=0.1053 H=0.879 maxpi=0.642 KL=0.160292 logits|.|=2.364 e[min,max,std]=0.074,0.093,0.006 zone=[0.0, 0.36, 0.64] act=[0.61, 0.16, 0.01, 0.17, 0.06] (ep=183, 34.3s)
[  46000/48000] phase=B route=detached world=0.0263 w_ema=0.0898 pred=0.0262 smooth=0.0004 | actor=0.1714 b=0.0899 H=0.468 maxpi=0.941 KL=0.033092 logits|.|=3.004 e[min,max,std]=0.022,0.028,0.002 zone=[0.0, 1.0, 0.0] act=[0.35, 0.6, 0.0, 0.0, 0.05] (ep=191, 34.1s)
[checkpoint] outputs/journal_train/default/seed5/ckpt_step48000.pt
[  48000/48000] phase=B route=detached world=0.0602 w_ema=0.0934 pred=0.0602 smooth=0.0000 | actor=0.0721 b=0.0948 H=0.591 maxpi=0.786 KL=0.003090 logits|.|=3.105 e[min,max,std]=0.043,0.064,0.007 zone=[0.28, 0.72, 0.0] act=[0.03, 0.64, 0.01, 0.0, 0.32] (ep=200, 34.2s)
Saved training trajectory to: outputs/journal_train/default/seed5/train_traj.parquet
Saved checkpoint to: outputs/journal_train/default/seed5/ckpt.pt
