/venv/cear-cemergence/lib/python3.10/runpy.py:126: RuntimeWarning: 'cear_pilot.training.train' found in sys.modules after import of package 'cear_pilot.training', but prior to execution of 'cear_pilot.training.train'; this may result in unpredictable behaviour
  warn(RuntimeWarning(msg))
[checkpoint] outputs/journal_train/default/seed4/ckpt_step00000.pt
[   2000/48000] phase=A route=detached world=0.0061 w_ema=0.0207 pred=0.0061 smooth=0.0000 | actor=0.3306 b=0.0217 H=1.609 maxpi=0.200 KL=0.000001 logits|.|=0.029 e[min,max,std]=0.004,0.010,0.002 zone=[0.27, 0.45, 0.28] act=[0.2, 0.19, 0.2, 0.21, 0.2] (ep=8, 35.5s)
[   4000/48000] phase=A route=detached world=0.0016 w_ema=0.0178 pred=0.0016 smooth=0.0000 | actor=0.2043 b=0.0183 H=1.609 maxpi=0.200 KL=0.000001 logits|.|=0.012 e[min,max,std]=0.002,0.003,0.001 zone=[0.21, 0.39, 0.4] act=[0.2, 0.2, 0.2, 0.2, 0.2] (ep=16, 34.4s)
[   6000/48000] phase=A route=detached world=0.1772 w_ema=0.2082 pred=0.1771 smooth=0.0000 | actor=0.2537 b=0.2092 H=1.609 maxpi=0.200 KL=0.000002 logits|.|=0.036 e[min,max,std]=0.169,0.182,0.005 zone=[0.3, 0.5, 0.2] act=[0.2, 0.22, 0.2, 0.18, 0.2] (ep=25, 34.2s)
[   8000/48000] phase=A route=detached world=0.7327 w_ema=0.3403 pred=0.7327 smooth=0.0000 | actor=-2.8978 b=0.3409 H=1.609 maxpi=0.201 KL=0.000012 logits|.|=0.039 e[min,max,std]=0.726,0.745,0.007 zone=[0.25, 0.39, 0.36] act=[0.22, 0.2, 0.2, 0.2, 0.18] (ep=33, 34.2s)
[  10000/48000] phase=A route=detached world=0.0363 w_ema=0.1336 pred=0.0363 smooth=0.0001 | actor=1.0225 b=0.1326 H=1.609 maxpi=0.200 KL=0.000001 logits|.|=0.035 e[min,max,std]=0.031,0.043,0.004 zone=[0.33, 0.42, 0.26] act=[0.2, 0.2, 0.2, 0.2, 0.19] (ep=41, 34.2s)
[checkpoint] outputs/journal_train/default/seed4/ckpt_step12000.pt
[  12000/48000] phase=A route=detached world=0.3410 w_ema=0.3123 pred=0.3410 smooth=0.0002 | actor=-0.3303 b=0.3123 H=1.609 maxpi=0.201 KL=0.000006 logits|.|=0.029 e[min,max,std]=0.325,0.355,0.010 zone=[0.22, 0.44, 0.34] act=[0.19, 0.21, 0.2, 0.2, 0.2] (ep=50, 35.5s)
[  14000/48000] phase=B route=detached world=0.0048 w_ema=0.0085 pred=0.0048 smooth=0.0000 | actor=0.0585 b=0.0097 H=0.844 maxpi=0.676 KL=0.000602 logits|.|=1.039 e[min,max,std]=0.005,0.010,0.002 zone=[0.01, 0.1, 0.9] act=[0.25, 0.04, 0.08, 0.46, 0.17] (ep=58, 35.0s)
[  16000/48000] phase=B route=detached world=0.0042 w_ema=0.0033 pred=0.0042 smooth=0.0000 | actor=-0.0006 b=0.0033 H=0.058 maxpi=0.992 KL=0.000007 logits|.|=2.202 e[min,max,std]=0.004,0.012,0.003 zone=[0.0, 0.02, 0.98] act=[0.01, 0.0, 0.0, 0.97, 0.01] (ep=66, 34.9s)
[checkpoint] outputs/journal_train/default/seed4/ckpt_step18000.pt
[  18000/48000] phase=B route=detached world=0.0011 w_ema=0.0073 pred=0.0011 smooth=0.0000 | actor=0.0094 b=0.0075 H=0.511 maxpi=0.881 KL=0.004647 logits|.|=1.224 e[min,max,std]=0.001,0.005,0.001 zone=[0.01, 0.04, 0.94] act=[0.03, 0.03, 0.04, 0.87, 0.03] (ep=75, 35.1s)
[  20000/48000] phase=B route=detached world=0.0047 w_ema=0.0068 pred=0.0047 smooth=0.0000 | actor=0.0029 b=0.0070 H=0.192 maxpi=0.969 KL=0.002010 logits|.|=1.703 e[min,max,std]=0.005,0.008,0.001 zone=[0.0, 0.02, 0.98] act=[0.01, 0.01, 0.02, 0.96, 0.01] (ep=83, 35.0s)
[  22000/48000] phase=B route=detached world=0.0022 w_ema=0.0035 pred=0.0022 smooth=0.0000 | actor=0.0011 b=0.0036 H=0.087 maxpi=0.984 KL=0.001471 logits|.|=1.949 e[min,max,std]=0.002,0.009,0.003 zone=[0.0, 0.02, 0.98] act=[0.02, 0.01, 0.01, 0.95, 0.01] (ep=91, 35.0s)
[checkpoint] outputs/journal_train/default/seed4/ckpt_step24000.pt
[  24000/48000] phase=B route=detached world=0.0021 w_ema=0.0025 pred=0.0021 smooth=0.0000 | actor=0.0002 b=0.0025 H=0.058 maxpi=0.991 KL=0.000907 logits|.|=2.140 e[min,max,std]=0.002,0.008,0.002 zone=[0.0, 0.03, 0.97] act=[0.01, 0.01, 0.01, 0.97, 0.01] (ep=100, 35.0s)
[  26000/48000] phase=B route=detached world=0.0024 w_ema=0.0099 pred=0.0024 smooth=0.0000 | actor=0.0009 b=0.0099 H=0.026 maxpi=0.989 KL=0.040895 logits|.|=2.492 e[min,max,std]=0.002,0.010,0.003 zone=[0.0, 0.03, 0.97] act=[0.01, 0.01, 0.01, 0.97, 0.01] (ep=108, 34.9s)
[  28000/48000] phase=B route=detached world=0.0029 w_ema=0.0040 pred=0.0029 smooth=0.0000 | actor=0.0013 b=0.0041 H=0.127 maxpi=0.973 KL=0.006005 logits|.|=1.801 e[min,max,std]=0.003,0.011,0.003 zone=[0.0, 0.03, 0.97] act=[0.02, 0.01, 0.01, 0.95, 0.01] (ep=116, 35.0s)
[checkpoint] outputs/journal_train/default/seed4/ckpt_step30000.pt
[  30000/48000] phase=B route=detached world=0.0028 w_ema=0.0029 pred=0.0028 smooth=0.0000 | actor=0.0000 b=0.0029 H=0.060 maxpi=0.989 KL=0.001199 logits|.|=2.129 e[min,max,std]=0.003,0.007,0.001 zone=[0.0, 0.03, 0.97] act=[0.02, 0.01, 0.01, 0.95, 0.01] (ep=125, 35.3s)
[  32000/48000] phase=B route=detached world=0.0043 w_ema=0.0108 pred=0.0043 smooth=0.0000 | actor=0.0005 b=0.0109 H=0.019 maxpi=0.980 KL=0.017686 logits|.|=2.394 e[min,max,std]=0.004,0.010,0.002 zone=[0.0, 0.03, 0.97] act=[0.01, 0.02, 0.01, 0.95, 0.01] (ep=133, 35.0s)
[  34000/48000] phase=B route=detached world=0.0013 w_ema=0.0051 pred=0.0013 smooth=0.0000 | actor=0.0007 b=0.0051 H=0.037 maxpi=0.987 KL=0.016321 logits|.|=2.383 e[min,max,std]=0.001,0.007,0.002 zone=[0.0, 0.1, 0.9] act=[0.02, 0.13, 0.04, 0.72, 0.1] (ep=141, 35.1s)
[checkpoint] outputs/journal_train/default/seed4/ckpt_step36000.pt
[  36000/48000] phase=B route=detached world=0.0020 w_ema=0.0032 pred=0.0020 smooth=0.0000 | actor=-0.5179 b=0.0033 H=0.166 maxpi=0.967 KL=0.006107 logits|.|=1.715 e[min,max,std]=0.002,0.005,0.001 zone=[0.0, 0.04, 0.96] act=[0.01, 0.02, 0.01, 0.96, 0.01] (ep=150, 35.1s)
[  38000/48000] phase=B route=detached world=0.0013 w_ema=0.0171 pred=0.0013 smooth=0.0000 | actor=0.0030 b=0.0171 H=0.043 maxpi=0.979 KL=0.038639 logits|.|=2.311 e[min,max,std]=0.001,0.003,0.000 zone=[0.0, 0.05, 0.95] act=[0.01, 0.02, 0.01, 0.94, 0.02] (ep=158, 35.0s)
[  40000/48000] phase=B route=detached world=0.0022 w_ema=0.0128 pred=0.0022 smooth=0.0000 | actor=0.0193 b=0.0134 H=0.314 maxpi=0.822 KL=0.044632 logits|.|=1.275 e[min,max,std]=0.002,0.011,0.003 zone=[0.0, 0.05, 0.95] act=[0.0, 0.03, 0.02, 0.91, 0.04] (ep=166, 35.2s)
[checkpoint] outputs/journal_train/default/seed4/ckpt_step42000.pt
[  42000/48000] phase=B route=detached world=0.0014 w_ema=0.0030 pred=0.0014 smooth=0.0000 | actor=0.0011 b=0.0031 H=0.061 maxpi=0.992 KL=0.001189 logits|.|=2.315 e[min,max,std]=0.001,0.006,0.002 zone=[0.0, 0.03, 0.97] act=[0.01, 0.01, 0.0, 0.96, 0.02] (ep=175, 35.3s)
[  44000/48000] phase=B route=detached world=0.0032 w_ema=0.0334 pred=0.0032 smooth=0.0000 | actor=0.0232 b=0.0332 H=0.240 maxpi=0.796 KL=0.082125 logits|.|=1.423 e[min,max,std]=0.003,0.008,0.002 zone=[0.0, 0.06, 0.93] act=[0.02, 0.05, 0.03, 0.85, 0.06] (ep=183, 35.5s)
[  46000/48000] phase=B route=detached world=0.0024 w_ema=0.0051 pred=0.0024 smooth=0.0000 | actor=0.0003 b=0.0051 H=0.019 maxpi=0.992 KL=0.013935 logits|.|=2.615 e[min,max,std]=0.002,0.005,0.001 zone=[0.0, 0.04, 0.96] act=[0.02, 0.02, 0.01, 0.94, 0.01] (ep=191, 35.5s)
[checkpoint] outputs/journal_train/default/seed4/ckpt_step48000.pt
[  48000/48000] phase=B route=detached world=0.0009 w_ema=0.0030 pred=0.0009 smooth=0.0000 | actor=0.0018 b=0.0030 H=0.106 maxpi=0.983 KL=0.001064 logits|.|=2.128 e[min,max,std]=0.001,0.003,0.001 zone=[0.0, 0.03, 0.97] act=[0.02, 0.01, 0.01, 0.95, 0.01] (ep=200, 35.5s)
Saved training trajectory to: outputs/journal_train/default/seed4/train_traj.parquet
Saved checkpoint to: outputs/journal_train/default/seed4/ckpt.pt
