/venv/cear-cemergence/lib/python3.10/runpy.py:126: RuntimeWarning: 'cear_pilot.training.train' found in sys.modules after import of package 'cear_pilot.training', but prior to execution of 'cear_pilot.training.train'; this may result in unpredictable behaviour
  warn(RuntimeWarning(msg))
[checkpoint] outputs/journal_train/coupled/seed29/ckpt_step00000.pt
[   2000/48000] phase=A route=detached world=0.7806 w_ema=0.3020 pred=0.7806 smooth=0.0000 | actor=-3.6548 b=0.3020 H=1.609 maxpi=0.201 KL=0.000005 logits|.|=0.086 e[min,max,std]=0.758,0.804,0.018 zone=[0.34, 0.35, 0.3] act=[0.19, 0.2, 0.2, 0.19, 0.21] (ep=8, 34.9s)
[   4000/48000] phase=A route=detached world=0.1056 w_ema=0.3219 pred=0.1056 smooth=0.0000 | actor=1.5994 b=0.3216 H=1.609 maxpi=0.201 KL=0.000002 logits|.|=0.097 e[min,max,std]=0.097,0.115,0.006 zone=[0.26, 0.41, 0.33] act=[0.21, 0.2, 0.2, 0.21, 0.18] (ep=16, 34.6s)
[   6000/48000] phase=A route=detached world=0.0024 w_ema=0.0043 pred=0.0024 smooth=0.0000 | actor=0.0298 b=0.0051 H=1.609 maxpi=0.200 KL=0.000000 logits|.|=0.118 e[min,max,std]=0.002,0.004,0.001 zone=[0.23, 0.26, 0.51] act=[0.2, 0.2, 0.17, 0.22, 0.2] (ep=25, 34.5s)
[   8000/48000] phase=A route=detached world=0.0081 w_ema=0.0349 pred=0.0081 smooth=0.0000 | actor=0.7427 b=0.0353 H=1.609 maxpi=0.201 KL=0.000003 logits|.|=0.105 e[min,max,std]=0.006,0.011,0.002 zone=[0.13, 0.55, 0.32] act=[0.2, 0.21, 0.19, 0.21, 0.19] (ep=33, 34.9s)
[  10000/48000] phase=A route=detached world=0.4262 w_ema=0.1758 pred=0.4261 smooth=0.0002 | actor=-2.5381 b=0.1774 H=1.609 maxpi=0.200 KL=0.000002 logits|.|=0.085 e[min,max,std]=0.414,0.454,0.014 zone=[0.29, 0.47, 0.23] act=[0.2, 0.19, 0.2, 0.2, 0.21] (ep=41, 34.7s)
[checkpoint] outputs/journal_train/coupled/seed29/ckpt_step12000.pt
[  12000/48000] phase=A route=detached world=0.0789 w_ema=0.1760 pred=0.0789 smooth=0.0001 | actor=0.9566 b=0.1759 H=1.609 maxpi=0.200 KL=0.000002 logits|.|=0.068 e[min,max,std]=0.077,0.083,0.002 zone=[0.34, 0.45, 0.21] act=[0.21, 0.19, 0.21, 0.19, 0.2] (ep=50, 34.9s)
[  14000/48000] phase=B route=coupled world=0.0046 w_ema=0.0069 pred=0.0046 smooth=0.0000 | actor=0.0007 b=0.0070 H=0.050 maxpi=0.992 KL=0.000000 logits|.|=2.122 e[min,max,std]=0.005,0.025,0.008 zone=[0.03, 0.18, 0.8] act=[0.1, 0.08, 0.09, 0.65, 0.08] (ep=58, 40.8s)
[  16000/48000] phase=B route=coupled world=0.0024 w_ema=0.0037 pred=0.0023 smooth=0.0000 | actor=0.0004 b=0.0037 H=0.047 maxpi=0.988 KL=0.000483 logits|.|=2.107 e[min,max,std]=0.002,0.007,0.002 zone=[0.0, 0.01, 0.99] act=[0.0, 0.0, 0.0, 0.99, 0.0] (ep=66, 41.0s)
[checkpoint] outputs/journal_train/coupled/seed29/ckpt_step18000.pt
[  18000/48000] phase=B route=coupled world=0.0021 w_ema=0.0031 pred=0.0021 smooth=0.0000 | actor=0.0008 b=0.0033 H=0.091 maxpi=0.972 KL=0.000026 logits|.|=1.929 e[min,max,std]=0.002,0.013,0.004 zone=[0.0, 0.04, 0.96] act=[0.01, 0.01, 0.01, 0.87, 0.1] (ep=75, 40.8s)
[  20000/48000] phase=B route=coupled world=0.3098 w_ema=0.3192 pred=0.3098 smooth=0.0000 | actor=0.0162 b=0.3187 H=0.999 maxpi=0.569 KL=0.000048 logits|.|=2.257 e[min,max,std]=0.285,0.315,0.013 zone=[0.2, 0.06, 0.74] act=[0.09, 0.14, 0.03, 0.72, 0.01] (ep=83, 40.5s)
[  22000/48000] phase=B route=coupled world=0.0969 w_ema=0.0968 pred=0.0969 smooth=0.0001 | actor=-0.5934 b=0.0986 H=1.015 maxpi=0.607 KL=0.000038 logits|.|=2.055 e[min,max,std]=0.090,0.130,0.015 zone=[0.37, 0.63, 0.0] act=[0.26, 0.54, 0.03, 0.0, 0.17] (ep=91, 40.8s)
[checkpoint] outputs/journal_train/coupled/seed29/ckpt_step24000.pt
[  24000/48000] phase=B route=coupled world=0.1001 w_ema=0.0869 pred=0.1001 smooth=0.0000 | actor=-0.0731 b=0.0903 H=0.987 maxpi=0.538 KL=0.000006 logits|.|=2.465 e[min,max,std]=0.096,0.130,0.012 zone=[0.11, 0.89, 0.0] act=[0.57, 0.28, 0.01, 0.0, 0.14] (ep=100, 40.9s)
[  26000/48000] phase=B route=coupled world=0.7550 w_ema=0.3704 pred=0.7550 smooth=0.0001 | actor=-0.6112 b=0.3754 H=0.821 maxpi=0.713 KL=0.000017 logits|.|=2.042 e[min,max,std]=0.735,0.817,0.032 zone=[0.5, 0.5, 0.0] act=[0.54, 0.35, 0.03, 0.0, 0.08] (ep=108, 40.9s)
[  28000/48000] phase=B route=coupled world=0.0355 w_ema=0.1053 pred=0.0355 smooth=0.0001 | actor=1.7203 b=0.1074 H=0.786 maxpi=0.699 KL=0.000005 logits|.|=1.823 e[min,max,std]=0.031,0.045,0.005 zone=[0.28, 0.72, 0.0] act=[0.52, 0.38, 0.02, 0.0, 0.08] (ep=116, 41.1s)
[checkpoint] outputs/journal_train/coupled/seed29/ckpt_step30000.pt
[  30000/48000] phase=B route=coupled world=0.0738 w_ema=0.0943 pred=0.0738 smooth=0.0000 | actor=0.0646 b=0.0954 H=0.457 maxpi=0.876 KL=0.000002 logits|.|=2.146 e[min,max,std]=0.074,0.097,0.011 zone=[0.06, 0.94, 0.0] act=[0.3, 0.64, 0.01, 0.0, 0.05] (ep=125, 41.0s)
[  32000/48000] phase=B route=coupled world=0.0898 w_ema=0.1211 pred=0.0898 smooth=0.0001 | actor=0.0770 b=0.1228 H=0.688 maxpi=0.716 KL=0.000004 logits|.|=1.929 e[min,max,std]=0.084,0.111,0.010 zone=[0.1, 0.9, 0.0] act=[0.24, 0.73, 0.01, 0.0, 0.02] (ep=133, 40.4s)
[  34000/48000] phase=B route=coupled world=0.0023 w_ema=0.0035 pred=0.0023 smooth=0.0000 | actor=0.0010 b=0.0035 H=0.081 maxpi=0.986 KL=0.000004 logits|.|=2.163 e[min,max,std]=0.002,0.015,0.004 zone=[0.04, 0.37, 0.59] act=[0.08, 0.3, 0.01, 0.6, 0.02] (ep=141, 40.5s)
[checkpoint] outputs/journal_train/coupled/seed29/ckpt_step36000.pt
[  36000/48000] phase=B route=coupled world=0.0013 w_ema=0.0032 pred=0.0013 smooth=0.0001 | actor=0.0006 b=0.0032 H=0.033 maxpi=0.995 KL=0.000024 logits|.|=2.503 e[min,max,std]=0.001,0.008,0.003 zone=[0.0, 0.01, 0.99] act=[0.0, 0.0, 0.01, 0.99, 0.0] (ep=150, 40.9s)
[  38000/48000] phase=B route=coupled world=0.0021 w_ema=0.0093 pred=0.0021 smooth=0.0000 | actor=0.0425 b=0.0094 H=0.476 maxpi=0.884 KL=0.000111 logits|.|=1.130 e[min,max,std]=0.002,0.008,0.002 zone=[0.0, 0.12, 0.87] act=[0.06, 0.17, 0.01, 0.73, 0.02] (ep=158, 40.8s)
[  40000/48000] phase=B route=coupled world=0.0026 w_ema=0.0039 pred=0.0026 smooth=0.0000 | actor=0.0005 b=0.0039 H=0.037 maxpi=0.991 KL=0.000200 logits|.|=2.387 e[min,max,std]=0.003,0.016,0.005 zone=[0.0, 0.01, 0.99] act=[0.01, 0.01, 0.01, 0.97, 0.01] (ep=166, 40.9s)
[checkpoint] outputs/journal_train/coupled/seed29/ckpt_step42000.pt
[  42000/48000] phase=B route=coupled world=0.0009 w_ema=0.0029 pred=0.0009 smooth=0.0000 | actor=0.0009 b=0.0029 H=0.050 maxpi=0.993 KL=0.000031 logits|.|=2.321 e[min,max,std]=0.001,0.007,0.002 zone=[0.0, 0.01, 0.99] act=[0.01, 0.0, 0.0, 0.99, 0.0] (ep=175, 41.1s)
[  44000/48000] phase=B route=coupled world=0.0025 w_ema=0.0083 pred=0.0025 smooth=0.0000 | actor=0.0008 b=0.0083 H=0.029 maxpi=0.988 KL=0.001243 logits|.|=2.422 e[min,max,std]=0.001,0.004,0.001 zone=[0.0, 0.01, 0.98] act=[0.01, 0.01, 0.0, 0.99, 0.0] (ep=183, 40.9s)
[  46000/48000] phase=B route=coupled world=0.0012 w_ema=0.0087 pred=0.0012 smooth=0.0000 | actor=0.2748 b=0.0101 H=1.147 maxpi=0.555 KL=0.000043 logits|.|=1.257 e[min,max,std]=0.002,0.003,0.000 zone=[0.01, 0.07, 0.91] act=[0.2, 0.17, 0.02, 0.61, 0.01] (ep=191, 41.1s)
[checkpoint] outputs/journal_train/coupled/seed29/ckpt_step48000.pt
[  48000/48000] phase=B route=coupled world=0.0012 w_ema=0.0030 pred=0.0012 smooth=0.0000 | actor=0.0007 b=0.0030 H=0.036 maxpi=0.995 KL=0.000377 logits|.|=2.478 e[min,max,std]=0.001,0.021,0.007 zone=[0.0, 0.05, 0.95] act=[0.06, 0.03, 0.01, 0.89, 0.0] (ep=200, 40.9s)
Saved training trajectory to: outputs/journal_train/coupled/seed29/train_traj.parquet
Saved checkpoint to: outputs/journal_train/coupled/seed29/ckpt.pt
