/venv/cear-cemergence/lib/python3.10/runpy.py:126: RuntimeWarning: 'cear_pilot.training.train' found in sys.modules after import of package 'cear_pilot.training', but prior to execution of 'cear_pilot.training.train'; this may result in unpredictable behaviour
  warn(RuntimeWarning(msg))
[checkpoint] outputs/journal_train/coupled/seed8/ckpt_step00000.pt
[   2000/48000] phase=A route=detached world=0.0048 w_ema=0.0349 pred=0.0048 smooth=0.0000 | actor=0.5620 b=0.0355 H=1.609 maxpi=0.202 KL=0.000023 logits|.|=0.054 e[min,max,std]=0.004,0.007,0.001 zone=[0.23, 0.35, 0.41] act=[0.22, 0.2, 0.19, 0.21, 0.19] (ep=8, 35.7s)
[   4000/48000] phase=A route=detached world=0.0366 w_ema=0.1438 pred=0.0366 smooth=0.0000 | actor=1.1615 b=0.1445 H=1.609 maxpi=0.200 KL=0.000001 logits|.|=0.031 e[min,max,std]=0.032,0.044,0.004 zone=[0.13, 0.48, 0.38] act=[0.19, 0.19, 0.19, 0.21, 0.22] (ep=16, 34.8s)
[   6000/48000] phase=A route=detached world=0.0409 w_ema=0.2641 pred=0.0409 smooth=0.0000 | actor=1.9187 b=0.2647 H=1.609 maxpi=0.200 KL=0.000001 logits|.|=0.057 e[min,max,std]=0.037,0.046,0.003 zone=[0.35, 0.39, 0.26] act=[0.2, 0.2, 0.21, 0.2, 0.19] (ep=25, 34.3s)
[   8000/48000] phase=A route=detached world=0.0135 w_ema=0.0713 pred=0.0135 smooth=0.0000 | actor=0.7642 b=0.0723 H=1.609 maxpi=0.201 KL=0.000003 logits|.|=0.019 e[min,max,std]=0.011,0.017,0.002 zone=[0.19, 0.41, 0.4] act=[0.2, 0.21, 0.19, 0.2, 0.2] (ep=33, 34.3s)
[  10000/48000] phase=A route=detached world=0.0126 w_ema=0.0488 pred=0.0126 smooth=0.0000 | actor=0.4167 b=0.0496 H=1.609 maxpi=0.200 KL=0.000002 logits|.|=0.019 e[min,max,std]=0.009,0.016,0.002 zone=[0.31, 0.44, 0.25] act=[0.21, 0.21, 0.19, 0.18, 0.2] (ep=41, 34.5s)
[checkpoint] outputs/journal_train/coupled/seed8/ckpt_step12000.pt
[  12000/48000] phase=A route=detached world=0.1231 w_ema=0.1909 pred=0.1231 smooth=0.0000 | actor=0.5908 b=0.1908 H=1.609 maxpi=0.200 KL=0.000001 logits|.|=0.037 e[min,max,std]=0.113,0.137,0.008 zone=[0.3, 0.36, 0.34] act=[0.21, 0.2, 0.2, 0.2, 0.2] (ep=50, 34.4s)
[  14000/48000] phase=B route=coupled world=0.0048 w_ema=0.0058 pred=0.0048 smooth=0.0000 | actor=0.0006 b=0.0057 H=0.057 maxpi=0.992 KL=0.000001 logits|.|=2.346 e[min,max,std]=0.005,0.012,0.002 zone=[0.0, 0.03, 0.97] act=[0.07, 0.13, 0.02, 0.75, 0.03] (ep=58, 40.3s)
[  16000/48000] phase=B route=coupled world=0.2368 w_ema=0.3514 pred=0.2368 smooth=0.0000 | actor=1.1421 b=0.3536 H=0.923 maxpi=0.720 KL=0.000019 logits|.|=2.200 e[min,max,std]=0.225,0.296,0.030 zone=[0.44, 0.24, 0.32] act=[0.53, 0.05, 0.04, 0.32, 0.06] (ep=66, 39.9s)
[checkpoint] outputs/journal_train/coupled/seed8/ckpt_step18000.pt
[  18000/48000] phase=B route=coupled world=0.0008 w_ema=0.0033 pred=0.0008 smooth=0.0000 | actor=0.0067 b=0.0036 H=0.249 maxpi=0.922 KL=0.011172 logits|.|=2.327 e[min,max,std]=0.001,0.014,0.005 zone=[0.19, 0.39, 0.42] act=[0.55, 0.1, 0.03, 0.22, 0.09] (ep=75, 40.2s)
[  20000/48000] phase=B route=coupled world=0.0014 w_ema=0.0100 pred=0.0014 smooth=0.0000 | actor=0.0174 b=0.0101 H=0.216 maxpi=0.911 KL=0.052094 logits|.|=2.383 e[min,max,std]=0.001,0.016,0.005 zone=[0.0, 0.17, 0.83] act=[0.13, 0.34, 0.02, 0.38, 0.13] (ep=83, 40.1s)
[  22000/48000] phase=B route=coupled world=0.0821 w_ema=0.0882 pred=0.0821 smooth=0.0001 | actor=0.2086 b=0.0893 H=0.808 maxpi=0.539 KL=0.201098 logits|.|=2.198 e[min,max,std]=0.075,0.092,0.007 zone=[0.0, 0.17, 0.83] act=[0.01, 0.21, 0.01, 0.55, 0.22] (ep=91, 40.1s)
[checkpoint] outputs/journal_train/coupled/seed8/ckpt_step24000.pt
[  24000/48000] phase=B route=coupled world=0.0024 w_ema=0.0218 pred=0.0024 smooth=0.0000 | actor=0.0209 b=0.0221 H=0.238 maxpi=0.923 KL=0.171706 logits|.|=2.385 e[min,max,std]=0.002,0.007,0.001 zone=[0.0, 0.38, 0.62] act=[0.01, 0.09, 0.01, 0.04, 0.85] (ep=100, 40.1s)
[  26000/48000] phase=B route=coupled world=0.0011 w_ema=0.0090 pred=0.0011 smooth=0.0000 | actor=0.0311 b=0.0091 H=0.355 maxpi=0.920 KL=0.000291 logits|.|=2.234 e[min,max,std]=0.001,0.008,0.003 zone=[0.0, 0.06, 0.94] act=[0.05, 0.03, 0.07, 0.61, 0.24] (ep=108, 40.2s)
[  28000/48000] phase=B route=coupled world=0.0035 w_ema=0.0047 pred=0.0035 smooth=0.0000 | actor=0.0012 b=0.0047 H=0.109 maxpi=0.971 KL=0.020874 logits|.|=2.485 e[min,max,std]=0.003,0.010,0.003 zone=[0.0, 0.04, 0.96] act=[0.01, 0.02, 0.03, 0.93, 0.01] (ep=116, 39.9s)
[checkpoint] outputs/journal_train/coupled/seed8/ckpt_step30000.pt
[  30000/48000] phase=B route=coupled world=0.0024 w_ema=0.0033 pred=0.0024 smooth=0.0000 | actor=0.0001 b=0.0033 H=0.024 maxpi=0.997 KL=0.008086 logits|.|=2.598 e[min,max,std]=0.002,0.013,0.003 zone=[0.0, 0.07, 0.93] act=[0.0, 0.03, 0.0, 0.06, 0.91] (ep=125, 40.1s)
[  32000/48000] phase=B route=coupled world=0.0150 w_ema=0.0474 pred=0.0150 smooth=0.0000 | actor=0.2189 b=0.0477 H=0.865 maxpi=0.683 KL=0.322302 logits|.|=2.526 e[min,max,std]=0.013,0.022,0.003 zone=[0.02, 0.3, 0.68] act=[0.08, 0.21, 0.01, 0.02, 0.68] (ep=133, 39.9s)
[  34000/48000] phase=B route=coupled world=0.0017 w_ema=0.0047 pred=0.0017 smooth=0.0000 | actor=0.0112 b=0.0050 H=0.304 maxpi=0.722 KL=5.424681 logits|.|=2.446 e[min,max,std]=0.001,0.005,0.001 zone=[0.0, 0.13, 0.87] act=[0.29, 0.43, 0.03, 0.17, 0.07] (ep=141, 40.1s)
[checkpoint] outputs/journal_train/coupled/seed8/ckpt_step36000.pt
[  36000/48000] phase=B route=coupled world=0.0016 w_ema=0.0031 pred=0.0016 smooth=0.0000 | actor=0.0154 b=0.0038 H=0.448 maxpi=0.754 KL=5.584711 logits|.|=2.410 e[min,max,std]=0.001,0.008,0.003 zone=[0.0, 0.07, 0.93] act=[0.39, 0.25, 0.05, 0.28, 0.02] (ep=150, 40.3s)
[  38000/48000] phase=B route=coupled world=0.0034 w_ema=0.0333 pred=0.0034 smooth=0.0000 | actor=0.2931 b=0.0334 H=0.723 maxpi=0.577 KL=0.429049 logits|.|=2.550 e[min,max,std]=0.002,0.012,0.004 zone=[0.0, 0.07, 0.93] act=[0.63, 0.3, 0.01, 0.04, 0.01] (ep=158, 39.7s)
[  40000/48000] phase=B route=coupled world=0.0017 w_ema=0.0042 pred=0.0017 smooth=0.0000 | actor=0.0151 b=0.0047 H=0.580 maxpi=0.693 KL=4.086935 logits|.|=2.918 e[min,max,std]=0.002,0.003,0.001 zone=[0.01, 0.31, 0.68] act=[0.53, 0.3, 0.04, 0.09, 0.03] (ep=166, 40.5s)
[checkpoint] outputs/journal_train/coupled/seed8/ckpt_step42000.pt
[  42000/48000] phase=B route=coupled world=0.0024 w_ema=0.0037 pred=0.0024 smooth=0.0000 | actor=0.0897 b=0.0040 H=0.570 maxpi=0.774 KL=3.967884 logits|.|=2.768 e[min,max,std]=0.002,0.007,0.002 zone=[0.0, 0.14, 0.86] act=[0.33, 0.45, 0.03, 0.17, 0.02] (ep=175, 39.9s)
[  44000/48000] phase=B route=coupled world=0.0012 w_ema=0.0247 pred=0.0012 smooth=0.0000 | actor=0.3429 b=0.0250 H=0.699 maxpi=0.537 KL=0.870780 logits|.|=3.088 e[min,max,std]=0.001,0.005,0.001 zone=[0.0, 0.16, 0.84] act=[0.42, 0.49, 0.01, 0.06, 0.01] (ep=183, 40.4s)
[  46000/48000] phase=B route=coupled world=0.0657 w_ema=0.0945 pred=0.0657 smooth=0.0000 | actor=0.1630 b=0.0948 H=0.630 maxpi=0.657 KL=0.594360 logits|.|=3.038 e[min,max,std]=0.052,0.073,0.007 zone=[0.0, 0.31, 0.69] act=[0.28, 0.49, 0.03, 0.11, 0.09] (ep=191, 40.3s)
[checkpoint] outputs/journal_train/coupled/seed8/ckpt_step48000.pt
[  48000/48000] phase=B route=coupled world=0.0020 w_ema=0.0034 pred=0.0019 smooth=0.0002 | actor=0.2465 b=0.0036 H=0.934 maxpi=0.794 KL=4.489584 logits|.|=3.008 e[min,max,std]=0.001,0.006,0.002 zone=[0.0, 0.11, 0.89] act=[0.82, 0.06, 0.01, 0.07, 0.04] (ep=200, 40.0s)
Saved training trajectory to: outputs/journal_train/coupled/seed8/train_traj.parquet
Saved checkpoint to: outputs/journal_train/coupled/seed8/ckpt.pt
