/venv/cear-cemergence/lib/python3.10/runpy.py:126: RuntimeWarning: 'cear_pilot.training.train' found in sys.modules after import of package 'cear_pilot.training', but prior to execution of 'cear_pilot.training.train'; this may result in unpredictable behaviour
  warn(RuntimeWarning(msg))
[   2000/48000] phase=A world=0.0954 w_ema=0.0680 pred=0.0954 smooth=0.0000 | actor=-0.3909 b=0.0689 H=1.609 maxpi=0.201 KL=0.000005 logits|.|=0.069 e[min,max,std]=0.083,0.105,0.008 zone=[0.4, 0.41, 0.18] act=[0.21, 0.2, 0.2, 0.19, 0.21] (ep=8, 22.5s)
[   4000/48000] phase=A world=0.4726 w_ema=0.3055 pred=0.4726 smooth=0.0000 | actor=-1.3783 b=0.3045 H=1.609 maxpi=0.201 KL=0.000003 logits|.|=0.057 e[min,max,std]=0.454,0.496,0.014 zone=[0.31, 0.38, 0.31] act=[0.21, 0.19, 0.21, 0.2, 0.19] (ep=16, 21.3s)
[   6000/48000] phase=A world=0.4093 w_ema=0.2511 pred=0.4093 smooth=0.0001 | actor=-1.3165 b=0.2519 H=1.609 maxpi=0.201 KL=0.000005 logits|.|=0.022 e[min,max,std]=0.395,0.423,0.012 zone=[0.21, 0.48, 0.31] act=[0.21, 0.19, 0.2, 0.21, 0.19] (ep=25, 21.4s)
[   8000/48000] phase=A world=0.1549 w_ema=0.2302 pred=0.1549 smooth=0.0002 | actor=0.7134 b=0.2309 H=1.609 maxpi=0.201 KL=0.000005 logits|.|=0.030 e[min,max,std]=0.150,0.165,0.005 zone=[0.41, 0.33, 0.26] act=[0.2, 0.2, 0.2, 0.2, 0.2] (ep=33, 21.7s)
[  10000/48000] phase=A world=0.0024 w_ema=0.0223 pred=0.0024 smooth=0.0000 | actor=0.2323 b=0.0230 H=1.609 maxpi=0.200 KL=0.000001 logits|.|=0.034 e[min,max,std]=0.002,0.004,0.001 zone=[0.16, 0.41, 0.43] act=[0.21, 0.2, 0.19, 0.2, 0.2] (ep=41, 21.3s)
[  12000/48000] phase=A world=0.4926 w_ema=0.3340 pred=0.4925 smooth=0.0002 | actor=-1.4038 b=0.3333 H=1.609 maxpi=0.201 KL=0.000003 logits|.|=0.022 e[min,max,std]=0.459,0.505,0.017 zone=[0.45, 0.28, 0.27] act=[0.21, 0.18, 0.21, 0.2, 0.2] (ep=50, 21.3s)
[  14000/48000] phase=B world=0.0034 w_ema=0.0099 pred=0.0034 smooth=0.0000 | actor=0.0027 b=0.0099 H=0.065 maxpi=0.987 KL=0.017556 logits|.|=1.954 e[min,max,std]=0.003,0.005,0.001 zone=[0.05, 0.08, 0.87] act=[0.14, 0.02, 0.07, 0.71, 0.06] (ep=58, 21.8s)
[  16000/48000] phase=B world=0.0045 w_ema=0.0041 pred=0.0045 smooth=0.0000 | actor=-0.0002 b=0.0041 H=0.073 maxpi=0.986 KL=0.004896 logits|.|=1.934 e[min,max,std]=0.004,0.012,0.003 zone=[0.0, 0.03, 0.97] act=[0.01, 0.0, 0.01, 0.98, 0.0] (ep=66, 23.2s)
[  18000/48000] phase=B world=0.0035 w_ema=0.0032 pred=0.0035 smooth=0.0000 | actor=-0.0002 b=0.0031 H=0.058 maxpi=0.992 KL=0.000696 logits|.|=2.071 e[min,max,std]=0.003,0.006,0.001 zone=[0.0, 0.04, 0.96] act=[0.01, 0.01, 0.01, 0.97, 0.01] (ep=75, 21.7s)
[  20000/48000] phase=B world=0.0035 w_ema=0.0117 pred=0.0035 smooth=0.0000 | actor=0.0030 b=0.0116 H=0.083 maxpi=0.962 KL=0.026778 logits|.|=1.763 e[min,max,std]=0.003,0.007,0.002 zone=[0.0, 0.03, 0.97] act=[0.01, 0.01, 0.01, 0.97, 0.01] (ep=83, 21.3s)
[  22000/48000] phase=B world=0.0026 w_ema=0.0061 pred=0.0026 smooth=0.0000 | actor=0.0418 b=0.0064 H=0.844 maxpi=0.802 KL=0.003737 logits|.|=1.109 e[min,max,std]=0.002,0.006,0.002 zone=[0.0, 0.05, 0.95] act=[0.08, 0.04, 0.04, 0.8, 0.04] (ep=91, 21.4s)
[  24000/48000] phase=B world=0.0040 w_ema=0.0028 pred=0.0040 smooth=0.0000 | actor=-0.0026 b=0.0030 H=0.102 maxpi=0.975 KL=0.000232 logits|.|=1.753 e[min,max,std]=0.003,0.010,0.003 zone=[0.0, 0.04, 0.96] act=[0.07, 0.04, 0.02, 0.83, 0.04] (ep=100, 21.4s)
[  26000/48000] phase=B world=0.0036 w_ema=0.0149 pred=0.0036 smooth=0.0000 | actor=0.0138 b=0.0153 H=0.227 maxpi=0.921 KL=0.017680 logits|.|=1.420 e[min,max,std]=0.004,0.007,0.001 zone=[0.0, 0.04, 0.96] act=[0.02, 0.01, 0.01, 0.95, 0.01] (ep=108, 21.4s)
[  28000/48000] phase=B world=0.0049 w_ema=0.0109 pred=0.0049 smooth=0.0000 | actor=0.0725 b=0.0115 H=1.254 maxpi=0.570 KL=0.030067 logits|.|=0.799 e[min,max,std]=0.004,0.007,0.001 zone=[0.0, 0.22, 0.77] act=[0.07, 0.21, 0.05, 0.32, 0.36] (ep=116, 21.4s)
[  30000/48000] phase=B world=0.0018 w_ema=0.0029 pred=0.0018 smooth=0.0000 | actor=0.0024 b=0.0031 H=0.159 maxpi=0.956 KL=0.003191 logits|.|=1.637 e[min,max,std]=0.002,0.020,0.006 zone=[0.0, 0.05, 0.95] act=[0.09, 0.08, 0.02, 0.61, 0.2] (ep=125, 22.2s)
[  32000/48000] phase=B world=0.0045 w_ema=0.0118 pred=0.0045 smooth=0.0000 | actor=0.0151 b=0.0119 H=0.281 maxpi=0.934 KL=0.014268 logits|.|=1.574 e[min,max,std]=0.003,0.012,0.003 zone=[0.0, 0.04, 0.96] act=[0.03, 0.01, 0.01, 0.93, 0.03] (ep=133, 21.9s)
[  34000/48000] phase=B world=0.0032 w_ema=0.0034 pred=0.0032 smooth=0.0000 | actor=0.0004 b=0.0034 H=0.170 maxpi=0.964 KL=0.002430 logits|.|=1.725 e[min,max,std]=0.003,0.012,0.003 zone=[0.0, 0.03, 0.97] act=[0.04, 0.01, 0.01, 0.87, 0.07] (ep=141, 21.5s)
[  36000/48000] phase=B world=0.0047 w_ema=0.0030 pred=0.0047 smooth=0.0000 | actor=-0.0075 b=0.0031 H=0.280 maxpi=0.935 KL=0.000429 logits|.|=1.919 e[min,max,std]=0.005,0.011,0.002 zone=[0.0, 0.03, 0.97] act=[0.07, 0.02, 0.01, 0.78, 0.12] (ep=150, 21.5s)
[  38000/48000] phase=B world=0.0034 w_ema=0.0073 pred=0.0034 smooth=0.0000 | actor=0.0037 b=0.0074 H=0.113 maxpi=0.952 KL=0.031221 logits|.|=1.796 e[min,max,std]=0.002,0.006,0.002 zone=[0.0, 0.03, 0.97] act=[0.01, 0.01, 0.01, 0.95, 0.03] (ep=158, 21.4s)
[  40000/48000] phase=B world=0.0022 w_ema=0.0042 pred=0.0022 smooth=0.0000 | actor=0.0001 b=0.0042 H=0.014 maxpi=0.997 KL=0.008298 logits|.|=2.813 e[min,max,std]=0.002,0.009,0.002 zone=[0.0, 0.03, 0.97] act=[0.01, 0.01, 0.01, 0.97, 0.01] (ep=166, 21.5s)
[  42000/48000] phase=B world=0.0021 w_ema=0.0031 pred=0.0021 smooth=0.0000 | actor=0.0001 b=0.0030 H=0.015 maxpi=0.997 KL=0.001645 logits|.|=2.639 e[min,max,std]=0.002,0.011,0.003 zone=[0.0, 0.03, 0.97] act=[0.01, 0.0, 0.01, 0.98, 0.01] (ep=175, 22.7s)
[  44000/48000] phase=B world=0.0027 w_ema=0.0118 pred=0.0027 smooth=0.0000 | actor=0.0002 b=0.0118 H=0.006 maxpi=0.985 KL=0.039174 logits|.|=2.791 e[min,max,std]=0.003,0.010,0.002 zone=[0.0, 0.03, 0.97] act=[0.01, 0.01, 0.01, 0.97, 0.01] (ep=183, 23.5s)
[  46000/48000] phase=B world=0.0030 w_ema=0.0059 pred=0.0030 smooth=0.0000 | actor=0.0005 b=0.0059 H=0.039 maxpi=0.990 KL=0.009644 logits|.|=2.261 e[min,max,std]=0.003,0.010,0.002 zone=[0.0, 0.03, 0.97] act=[0.01, 0.01, 0.01, 0.97, 0.01] (ep=191, 21.7s)
[  48000/48000] phase=B world=0.0021 w_ema=0.0026 pred=0.0021 smooth=0.0000 | actor=0.0003 b=0.0027 H=0.052 maxpi=0.989 KL=0.002389 logits|.|=2.113 e[min,max,std]=0.002,0.006,0.001 zone=[0.0, 0.03, 0.97] act=[0.01, 0.01, 0.01, 0.96, 0.01] (ep=200, 21.3s)
Saved checkpoint to: outputs/runs/seed14/ckpt.pt
