/venv/cear-cemergence/lib/python3.10/runpy.py:126: RuntimeWarning: 'cear_pilot.training.train' found in sys.modules after import of package 'cear_pilot.training', but prior to execution of 'cear_pilot.training.train'; this may result in unpredictable behaviour
  warn(RuntimeWarning(msg))
[   2000/48000] phase=A world=0.0566 w_ema=0.1338 pred=0.0566 smooth=0.0000 | actor=0.9072 b=0.1354 H=1.609 maxpi=0.201 KL=0.000005 logits|.|=0.036 e[min,max,std]=0.048,0.067,0.008 zone=[0.35, 0.49, 0.16] act=[0.2, 0.21, 0.2, 0.2, 0.19] (ep=8, 21.9s)
[   4000/48000] phase=A world=0.1492 w_ema=0.1392 pred=0.1492 smooth=0.0000 | actor=-0.2183 b=0.1389 H=1.609 maxpi=0.201 KL=0.000003 logits|.|=0.016 e[min,max,std]=0.134,0.161,0.009 zone=[0.34, 0.43, 0.23] act=[0.21, 0.22, 0.2, 0.19, 0.18] (ep=16, 21.2s)
[   6000/48000] phase=A world=0.0157 w_ema=0.0609 pred=0.0157 smooth=0.0000 | actor=0.8319 b=0.0625 H=1.609 maxpi=0.200 KL=0.000001 logits|.|=0.022 e[min,max,std]=0.013,0.018,0.002 zone=[0.23, 0.46, 0.32] act=[0.21, 0.19, 0.2, 0.2, 0.2] (ep=25, 21.2s)
[   8000/48000] phase=A world=0.3263 w_ema=0.2703 pred=0.3263 smooth=0.0001 | actor=-0.5520 b=0.2707 H=1.609 maxpi=0.202 KL=0.000034 logits|.|=0.035 e[min,max,std]=0.316,0.341,0.009 zone=[0.29, 0.4, 0.32] act=[0.19, 0.19, 0.21, 0.21, 0.2] (ep=33, 21.3s)
[  10000/48000] phase=A world=0.4101 w_ema=0.1288 pred=0.4101 smooth=0.0003 | actor=-3.2540 b=0.1302 H=1.609 maxpi=0.200 KL=0.000002 logits|.|=0.017 e[min,max,std]=0.402,0.418,0.005 zone=[0.13, 0.46, 0.41] act=[0.2, 0.2, 0.19, 0.21, 0.19] (ep=41, 22.5s)
[  12000/48000] phase=A world=0.7519 w_ema=0.3244 pred=0.7518 smooth=0.0001 | actor=-3.2840 b=0.3246 H=1.609 maxpi=0.201 KL=0.000004 logits|.|=0.035 e[min,max,std]=0.731,0.766,0.013 zone=[0.41, 0.38, 0.21] act=[0.2, 0.2, 0.2, 0.2, 0.2] (ep=50, 21.1s)
[  14000/48000] phase=B world=0.0027 w_ema=0.0129 pred=0.0027 smooth=0.0000 | actor=0.2766 b=0.0141 H=1.284 maxpi=0.491 KL=0.000672 logits|.|=0.774 e[min,max,std]=0.001,0.013,0.004 zone=[0.39, 0.15, 0.47] act=[0.34, 0.12, 0.24, 0.24, 0.06] (ep=58, 21.1s)
[  16000/48000] phase=B world=0.0026 w_ema=0.0088 pred=0.0026 smooth=0.0000 | actor=0.1579 b=0.0104 H=1.306 maxpi=0.420 KL=0.004314 logits|.|=0.878 e[min,max,std]=0.002,0.014,0.004 zone=[0.0, 0.1, 0.9] act=[0.62, 0.12, 0.04, 0.19, 0.03] (ep=66, 21.1s)
[  18000/48000] phase=B world=0.0025 w_ema=0.0026 pred=0.0025 smooth=0.0000 | actor=0.0025 b=0.0031 H=0.214 maxpi=0.926 KL=0.000077 logits|.|=2.336 e[min,max,std]=0.002,0.019,0.005 zone=[0.0, 0.07, 0.92] act=[0.07, 0.42, 0.02, 0.46, 0.03] (ep=75, 21.1s)
[  20000/48000] phase=B world=0.0030 w_ema=0.0092 pred=0.0030 smooth=0.0000 | actor=0.0054 b=0.0092 H=0.116 maxpi=0.975 KL=0.023183 logits|.|=1.899 e[min,max,std]=0.003,0.010,0.003 zone=[0.0, 0.02, 0.98] act=[0.0, 0.02, 0.0, 0.97, 0.0] (ep=83, 21.1s)
[  22000/48000] phase=B world=0.0682 w_ema=0.2268 pred=0.0681 smooth=0.0000 | actor=1.0799 b=0.2286 H=1.549 maxpi=0.457 KL=0.507110 logits|.|=0.690 e[min,max,std]=0.058,0.078,0.007 zone=[0.03, 0.11, 0.86] act=[0.02, 0.16, 0.07, 0.62, 0.14] (ep=91, 21.2s)
[  24000/48000] phase=B world=0.0025 w_ema=0.0031 pred=0.0025 smooth=0.0000 | actor=0.0007 b=0.0031 H=0.109 maxpi=0.982 KL=0.001094 logits|.|=1.905 e[min,max,std]=0.001,0.005,0.001 zone=[0.01, 0.07, 0.91] act=[0.01, 0.03, 0.02, 0.91, 0.02] (ep=100, 20.9s)
[  26000/48000] phase=B world=0.0040 w_ema=0.0119 pred=0.0040 smooth=0.0001 | actor=0.0032 b=0.0119 H=0.081 maxpi=0.941 KL=0.027205 logits|.|=1.739 e[min,max,std]=0.004,0.009,0.002 zone=[0.0, 0.05, 0.95] act=[0.03, 0.03, 0.02, 0.89, 0.03] (ep=108, 21.0s)
[  28000/48000] phase=B world=0.0027 w_ema=0.0044 pred=0.0027 smooth=0.0000 | actor=0.0005 b=0.0045 H=0.054 maxpi=0.987 KL=0.009111 logits|.|=2.114 e[min,max,std]=0.003,0.008,0.002 zone=[0.0, 0.04, 0.96] act=[0.02, 0.01, 0.02, 0.93, 0.02] (ep=116, 21.1s)
[  30000/48000] phase=B world=0.0050 w_ema=0.0030 pred=0.0050 smooth=0.0000 | actor=-0.0033 b=0.0034 H=0.191 maxpi=0.916 KL=0.004652 logits|.|=1.387 e[min,max,std]=0.005,0.009,0.002 zone=[0.0, 0.05, 0.95] act=[0.01, 0.02, 0.04, 0.9, 0.02] (ep=125, 21.2s)
[  32000/48000] phase=B world=0.0019 w_ema=0.0215 pred=0.0019 smooth=0.0000 | actor=0.0004 b=0.0215 H=0.013 maxpi=0.980 KL=0.018438 logits|.|=2.462 e[min,max,std]=0.002,0.008,0.002 zone=[0.0, 0.03, 0.96] act=[0.0, 0.01, 0.01, 0.96, 0.01] (ep=133, 21.0s)
[  34000/48000] phase=B world=0.0025 w_ema=0.0043 pred=0.0025 smooth=0.0000 | actor=0.0037 b=0.0044 H=0.182 maxpi=0.963 KL=0.001860 logits|.|=1.563 e[min,max,std]=0.001,0.005,0.001 zone=[0.0, 0.02, 0.98] act=[0.0, 0.01, 0.0, 0.98, 0.0] (ep=141, 21.1s)
[  36000/48000] phase=B world=0.0047 w_ema=0.0028 pred=0.0047 smooth=0.0000 | actor=-0.0020 b=0.0029 H=0.091 maxpi=0.982 KL=0.001658 logits|.|=1.831 e[min,max,std]=0.005,0.009,0.001 zone=[0.0, 0.03, 0.97] act=[0.01, 0.01, 0.01, 0.96, 0.01] (ep=150, 21.0s)
[  38000/48000] phase=B world=0.0016 w_ema=0.0123 pred=0.0015 smooth=0.0001 | actor=0.0035 b=0.0123 H=0.079 maxpi=0.968 KL=0.031293 logits|.|=1.922 e[min,max,std]=0.002,0.006,0.002 zone=[0.0, 0.04, 0.96] act=[0.01, 0.01, 0.01, 0.96, 0.01] (ep=158, 21.1s)
[  40000/48000] phase=B world=0.0055 w_ema=0.0077 pred=0.0055 smooth=0.0000 | actor=0.0002 b=0.0077 H=0.049 maxpi=0.989 KL=0.005564 logits|.|=2.240 e[min,max,std]=0.005,0.012,0.002 zone=[0.0, 0.03, 0.96] act=[0.0, 0.0, 0.01, 0.96, 0.02] (ep=166, 21.1s)
[  42000/48000] phase=B world=0.0032 w_ema=0.0028 pred=0.0032 smooth=0.0000 | actor=-0.0040 b=0.0030 H=0.673 maxpi=0.743 KL=0.011494 logits|.|=0.868 e[min,max,std]=0.003,0.006,0.001 zone=[0.0, 0.03, 0.97] act=[0.01, 0.02, 0.02, 0.92, 0.03] (ep=175, 21.1s)
[  44000/48000] phase=B world=0.0021 w_ema=0.0293 pred=0.0021 smooth=0.0000 | actor=0.1027 b=0.0298 H=0.934 maxpi=0.648 KL=0.068064 logits|.|=0.912 e[min,max,std]=0.001,0.005,0.001 zone=[0.0, 0.04, 0.95] act=[0.04, 0.02, 0.03, 0.87, 0.05] (ep=183, 21.0s)
[  46000/48000] phase=B world=0.0020 w_ema=0.0044 pred=0.0020 smooth=0.0000 | actor=0.0021 b=0.0044 H=0.128 maxpi=0.973 KL=0.003289 logits|.|=1.716 e[min,max,std]=0.002,0.007,0.002 zone=[0.0, 0.04, 0.96] act=[0.03, 0.01, 0.03, 0.91, 0.02] (ep=191, 21.3s)
[  48000/48000] phase=B world=0.0010 w_ema=0.0027 pred=0.0010 smooth=0.0000 | actor=0.0011 b=0.0027 H=0.057 maxpi=0.992 KL=0.001179 logits|.|=2.087 e[min,max,std]=0.001,0.007,0.002 zone=[0.0, 0.03, 0.97] act=[0.01, 0.01, 0.01, 0.96, 0.01] (ep=200, 21.2s)
Saved checkpoint to: outputs/runs/seed21/ckpt.pt
