/venv/cear-cemergence/lib/python3.10/runpy.py:126: RuntimeWarning: 'cear_pilot.training.train' found in sys.modules after import of package 'cear_pilot.training', but prior to execution of 'cear_pilot.training.train'; this may result in unpredictable behaviour
  warn(RuntimeWarning(msg))
[   2000/48000] phase=A world=0.0104 w_ema=0.0720 pred=0.0104 smooth=0.0000 | actor=0.7307 b=0.0736 H=1.609 maxpi=0.201 KL=0.000009 logits|.|=0.142 e[min,max,std]=0.009,0.012,0.001 zone=[0.24, 0.47, 0.29] act=[0.2, 0.2, 0.18, 0.2, 0.22] (ep=8, 21.7s)
[   4000/48000] phase=A world=0.0285 w_ema=0.1397 pred=0.0284 smooth=0.0000 | actor=1.1146 b=0.1396 H=1.609 maxpi=0.201 KL=0.000003 logits|.|=0.128 e[min,max,std]=0.025,0.034,0.004 zone=[0.34, 0.41, 0.24] act=[0.19, 0.21, 0.21, 0.19, 0.2] (ep=16, 21.2s)
[   6000/48000] phase=A world=0.1798 w_ema=0.2154 pred=0.1798 smooth=0.0000 | actor=0.2260 b=0.2160 H=1.609 maxpi=0.201 KL=0.000005 logits|.|=0.146 e[min,max,std]=0.168,0.190,0.008 zone=[0.25, 0.39, 0.36] act=[0.2, 0.19, 0.2, 0.22, 0.19] (ep=25, 20.7s)
[   8000/48000] phase=A world=0.1608 w_ema=0.0836 pred=0.1608 smooth=0.0000 | actor=-1.5723 b=0.0839 H=1.609 maxpi=0.201 KL=0.000007 logits|.|=0.126 e[min,max,std]=0.156,0.171,0.005 zone=[0.33, 0.38, 0.28] act=[0.21, 0.18, 0.21, 0.19, 0.21] (ep=33, 21.2s)
[  10000/48000] phase=A world=0.0394 w_ema=0.2130 pred=0.0394 smooth=0.0001 | actor=1.3268 b=0.2135 H=1.609 maxpi=0.201 KL=0.000003 logits|.|=0.112 e[min,max,std]=0.034,0.045,0.004 zone=[0.24, 0.41, 0.35] act=[0.21, 0.2, 0.19, 0.2, 0.2] (ep=41, 19.9s)
[  12000/48000] phase=A world=0.0933 w_ema=0.1024 pred=0.0933 smooth=0.0001 | actor=0.1700 b=0.1036 H=1.609 maxpi=0.200 KL=0.000001 logits|.|=0.099 e[min,max,std]=0.087,0.101,0.005 zone=[0.34, 0.39, 0.27] act=[0.17, 0.2, 0.21, 0.21, 0.2] (ep=50, 21.6s)
[  14000/48000] phase=B world=0.0033 w_ema=0.0155 pred=0.0033 smooth=0.0000 | actor=0.3128 b=0.0166 H=0.999 maxpi=0.575 KL=0.000299 logits|.|=1.312 e[min,max,std]=0.003,0.008,0.002 zone=[0.0, 0.08, 0.92] act=[0.29, 0.06, 0.09, 0.42, 0.15] (ep=58, 22.3s)
[  16000/48000] phase=B world=0.0007 w_ema=0.0056 pred=0.0007 smooth=0.0000 | actor=0.0227 b=0.0063 H=0.412 maxpi=0.853 KL=0.002413 logits|.|=1.654 e[min,max,std]=0.001,0.005,0.002 zone=[0.0, 0.02, 0.98] act=[0.21, 0.01, 0.02, 0.72, 0.03] (ep=66, 21.4s)
[  18000/48000] phase=B world=0.0017 w_ema=0.0029 pred=0.0017 smooth=0.0000 | actor=0.0013 b=0.0029 H=0.102 maxpi=0.983 KL=0.000710 logits|.|=1.838 e[min,max,std]=0.002,0.013,0.004 zone=[0.0, 0.03, 0.97] act=[0.02, 0.0, 0.01, 0.96, 0.0] (ep=75, 21.2s)
[  20000/48000] phase=B world=0.0019 w_ema=0.0209 pred=0.0019 smooth=0.0000 | actor=0.0115 b=0.0209 H=0.195 maxpi=0.795 KL=0.007621 logits|.|=1.207 e[min,max,std]=0.002,0.007,0.002 zone=[0.06, 0.06, 0.88] act=[0.1, 0.07, 0.06, 0.72, 0.05] (ep=83, 21.1s)
[  22000/48000] phase=B world=0.0021 w_ema=0.0040 pred=0.0021 smooth=0.0000 | actor=0.0039 b=0.0042 H=0.215 maxpi=0.946 KL=0.003676 logits|.|=1.521 e[min,max,std]=0.002,0.012,0.004 zone=[0.0, 0.04, 0.96] act=[0.02, 0.02, 0.02, 0.93, 0.01] (ep=91, 21.3s)
[  24000/48000] phase=B world=0.0019 w_ema=0.0030 pred=0.0019 smooth=0.0000 | actor=0.0010 b=0.0031 H=0.092 maxpi=0.985 KL=0.001122 logits|.|=1.981 e[min,max,std]=0.002,0.010,0.003 zone=[0.0, 0.03, 0.97] act=[0.03, 0.05, 0.03, 0.88, 0.02] (ep=100, 21.3s)
[  26000/48000] phase=B world=0.0018 w_ema=0.0153 pred=0.0018 smooth=0.0000 | actor=0.0143 b=0.0154 H=0.257 maxpi=0.951 KL=0.021846 logits|.|=1.608 e[min,max,std]=0.002,0.007,0.002 zone=[0.0, 0.03, 0.97] act=[0.01, 0.01, 0.01, 0.97, 0.0] (ep=108, 21.2s)
[  28000/48000] phase=B world=0.0028 w_ema=0.0043 pred=0.0028 smooth=0.0000 | actor=0.0004 b=0.0043 H=0.049 maxpi=0.991 KL=0.002190 logits|.|=2.224 e[min,max,std]=0.003,0.018,0.005 zone=[0.0, 0.03, 0.96] act=[0.01, 0.01, 0.01, 0.96, 0.01] (ep=116, 21.2s)
[  30000/48000] phase=B world=0.0009 w_ema=0.0030 pred=0.0009 smooth=0.0000 | actor=0.0013 b=0.0031 H=0.047 maxpi=0.990 KL=0.001658 logits|.|=2.163 e[min,max,std]=0.001,0.009,0.003 zone=[0.0, 0.03, 0.97] act=[0.0, 0.01, 0.01, 0.98, 0.01] (ep=125, 21.1s)
[  32000/48000] phase=B world=0.0016 w_ema=0.0087 pred=0.0016 smooth=0.0000 | actor=0.0004 b=0.0087 H=0.017 maxpi=0.986 KL=0.036765 logits|.|=2.631 e[min,max,std]=0.002,0.009,0.002 zone=[0.0, 0.04, 0.96] act=[0.0, 0.01, 0.01, 0.97, 0.0] (ep=133, 22.2s)
[  34000/48000] phase=B world=0.0042 w_ema=0.0096 pred=0.0042 smooth=0.0000 | actor=0.0001 b=0.0097 H=0.012 maxpi=0.982 KL=0.010455 logits|.|=2.762 e[min,max,std]=0.004,0.011,0.002 zone=[0.0, 0.05, 0.95] act=[0.01, 0.02, 0.01, 0.96, 0.01] (ep=141, 22.2s)
[  36000/48000] phase=B world=0.0048 w_ema=0.0032 pred=0.0048 smooth=0.0000 | actor=-0.0006 b=0.0031 H=0.054 maxpi=0.991 KL=0.001039 logits|.|=2.458 e[min,max,std]=0.004,0.013,0.003 zone=[0.0, 0.03, 0.97] act=[0.0, 0.01, 0.01, 0.97, 0.0] (ep=150, 22.5s)
[  38000/48000] phase=B world=0.0027 w_ema=0.0088 pred=0.0027 smooth=0.0000 | actor=0.0005 b=0.0089 H=0.024 maxpi=0.992 KL=0.030840 logits|.|=2.814 e[min,max,std]=0.003,0.011,0.003 zone=[0.0, 0.03, 0.97] act=[0.01, 0.02, 0.01, 0.97, 0.01] (ep=158, 22.5s)
[  40000/48000] phase=B world=0.0037 w_ema=0.0045 pred=0.0037 smooth=0.0000 | actor=0.0001 b=0.0045 H=0.023 maxpi=0.991 KL=0.008725 logits|.|=2.630 e[min,max,std]=0.004,0.010,0.002 zone=[0.0, 0.03, 0.97] act=[0.01, 0.01, 0.01, 0.98, 0.01] (ep=166, 21.1s)
[  42000/48000] phase=B world=0.0015 w_ema=0.0030 pred=0.0015 smooth=0.0000 | actor=0.0001 b=0.0030 H=0.016 maxpi=0.996 KL=0.002093 logits|.|=2.775 e[min,max,std]=0.001,0.014,0.005 zone=[0.04, 0.07, 0.89] act=[0.02, 0.02, 0.03, 0.89, 0.04] (ep=175, 22.0s)
[  44000/48000] phase=B world=0.0041 w_ema=0.0122 pred=0.0041 smooth=0.0000 | actor=0.0002 b=0.0123 H=0.006 maxpi=0.997 KL=0.022722 logits|.|=3.309 e[min,max,std]=0.002,0.024,0.009 zone=[0.0, 0.05, 0.95] act=[0.01, 0.01, 0.03, 0.94, 0.01] (ep=183, 22.4s)
[  46000/48000] phase=B world=0.0017 w_ema=0.0037 pred=0.0017 smooth=0.0000 | actor=0.0003 b=0.0037 H=0.020 maxpi=0.994 KL=0.008851 logits|.|=2.706 e[min,max,std]=0.001,0.007,0.002 zone=[0.0, 0.02, 0.98] act=[0.0, 0.0, 0.01, 0.98, 0.0] (ep=191, 21.6s)
[  48000/48000] phase=B world=0.0031 w_ema=0.0029 pred=0.0031 smooth=0.0000 | actor=-0.0000 b=0.0029 H=0.004 maxpi=1.000 KL=0.000025 logits|.|=3.551 e[min,max,std]=0.003,0.006,0.001 zone=[0.0, 0.02, 0.98] act=[0.0, 0.0, 0.0, 1.0, 0.0] (ep=200, 21.2s)
Saved checkpoint to: outputs/runs/seed27/ckpt.pt
