/venv/cear-cemergence/lib/python3.10/runpy.py:126: RuntimeWarning: 'cear_pilot.training.train' found in sys.modules after import of package 'cear_pilot.training', but prior to execution of 'cear_pilot.training.train'; this may result in unpredictable behaviour
  warn(RuntimeWarning(msg))
[checkpoint] outputs/journal_train/default/seed27/ckpt_step00000.pt
[   2000/48000] phase=A route=detached world=0.0104 w_ema=0.0720 pred=0.0104 smooth=0.0000 | actor=0.7307 b=0.0736 H=1.609 maxpi=0.201 KL=0.000009 logits|.|=0.142 e[min,max,std]=0.009,0.012,0.001 zone=[0.24, 0.47, 0.29] act=[0.2, 0.2, 0.18, 0.2, 0.22] (ep=8, 36.5s)
[   4000/48000] phase=A route=detached world=0.0285 w_ema=0.1397 pred=0.0284 smooth=0.0000 | actor=1.1146 b=0.1396 H=1.609 maxpi=0.201 KL=0.000003 logits|.|=0.128 e[min,max,std]=0.025,0.034,0.004 zone=[0.34, 0.41, 0.24] act=[0.19, 0.21, 0.21, 0.19, 0.2] (ep=16, 34.4s)
[   6000/48000] phase=A route=detached world=0.1798 w_ema=0.2154 pred=0.1798 smooth=0.0000 | actor=0.2260 b=0.2160 H=1.609 maxpi=0.201 KL=0.000005 logits|.|=0.146 e[min,max,std]=0.168,0.190,0.008 zone=[0.25, 0.39, 0.36] act=[0.2, 0.19, 0.2, 0.22, 0.19] (ep=25, 34.3s)
[   8000/48000] phase=A route=detached world=0.1608 w_ema=0.0836 pred=0.1608 smooth=0.0000 | actor=-1.5723 b=0.0839 H=1.609 maxpi=0.201 KL=0.000007 logits|.|=0.126 e[min,max,std]=0.156,0.171,0.005 zone=[0.33, 0.38, 0.28] act=[0.21, 0.18, 0.21, 0.19, 0.21] (ep=33, 34.2s)
[  10000/48000] phase=A route=detached world=0.0394 w_ema=0.2130 pred=0.0394 smooth=0.0001 | actor=1.3268 b=0.2135 H=1.609 maxpi=0.201 KL=0.000003 logits|.|=0.112 e[min,max,std]=0.034,0.045,0.004 zone=[0.24, 0.41, 0.35] act=[0.21, 0.2, 0.19, 0.2, 0.2] (ep=41, 34.1s)
[checkpoint] outputs/journal_train/default/seed27/ckpt_step12000.pt
[  12000/48000] phase=A route=detached world=0.0933 w_ema=0.1024 pred=0.0933 smooth=0.0001 | actor=0.1700 b=0.1036 H=1.609 maxpi=0.200 KL=0.000001 logits|.|=0.099 e[min,max,std]=0.087,0.101,0.005 zone=[0.34, 0.39, 0.27] act=[0.17, 0.2, 0.21, 0.21, 0.2] (ep=50, 34.2s)
[  14000/48000] phase=B route=detached world=0.0033 w_ema=0.0155 pred=0.0033 smooth=0.0000 | actor=0.3128 b=0.0166 H=0.999 maxpi=0.575 KL=0.000299 logits|.|=1.312 e[min,max,std]=0.003,0.008,0.002 zone=[0.0, 0.08, 0.92] act=[0.29, 0.06, 0.09, 0.42, 0.15] (ep=58, 34.1s)
[  16000/48000] phase=B route=detached world=0.0007 w_ema=0.0056 pred=0.0007 smooth=0.0000 | actor=0.0227 b=0.0063 H=0.412 maxpi=0.853 KL=0.002413 logits|.|=1.654 e[min,max,std]=0.001,0.005,0.002 zone=[0.0, 0.02, 0.98] act=[0.21, 0.01, 0.02, 0.72, 0.03] (ep=66, 34.2s)
[checkpoint] outputs/journal_train/default/seed27/ckpt_step18000.pt
[  18000/48000] phase=B route=detached world=0.0017 w_ema=0.0029 pred=0.0017 smooth=0.0000 | actor=0.0013 b=0.0029 H=0.102 maxpi=0.983 KL=0.000710 logits|.|=1.838 e[min,max,std]=0.002,0.013,0.004 zone=[0.0, 0.03, 0.97] act=[0.02, 0.0, 0.01, 0.96, 0.0] (ep=75, 34.2s)
[  20000/48000] phase=B route=detached world=0.0021 w_ema=0.0207 pred=0.0021 smooth=0.0000 | actor=0.0081 b=0.0208 H=0.146 maxpi=0.815 KL=0.007395 logits|.|=1.300 e[min,max,std]=0.002,0.009,0.002 zone=[0.06, 0.06, 0.88] act=[0.1, 0.06, 0.06, 0.72, 0.05] (ep=83, 34.4s)
[  22000/48000] phase=B route=detached world=0.0020 w_ema=0.0040 pred=0.0020 smooth=0.0000 | actor=0.0032 b=0.0040 H=0.193 maxpi=0.959 KL=0.003533 logits|.|=1.598 e[min,max,std]=0.002,0.008,0.002 zone=[0.0, 0.04, 0.96] act=[0.01, 0.01, 0.01, 0.96, 0.01] (ep=91, 34.4s)
[checkpoint] outputs/journal_train/default/seed27/ckpt_step24000.pt
[  24000/48000] phase=B route=detached world=0.0019 w_ema=0.0030 pred=0.0019 smooth=0.0000 | actor=0.0041 b=0.0031 H=0.302 maxpi=0.929 KL=0.000909 logits|.|=1.400 e[min,max,std]=0.002,0.005,0.001 zone=[0.0, 0.03, 0.97] act=[0.03, 0.03, 0.02, 0.91, 0.01] (ep=100, 34.7s)
[  26000/48000] phase=B route=detached world=0.0021 w_ema=0.0175 pred=0.0021 smooth=0.0000 | actor=0.0561 b=0.0176 H=0.657 maxpi=0.882 KL=0.044645 logits|.|=1.317 e[min,max,std]=0.002,0.006,0.001 zone=[0.0, 0.03, 0.97] act=[0.01, 0.02, 0.02, 0.94, 0.01] (ep=108, 34.3s)
[  28000/48000] phase=B route=detached world=0.0028 w_ema=0.0044 pred=0.0028 smooth=0.0000 | actor=0.0012 b=0.0045 H=0.133 maxpi=0.977 KL=0.004006 logits|.|=1.796 e[min,max,std]=0.002,0.005,0.001 zone=[0.01, 0.03, 0.96] act=[0.01, 0.01, 0.02, 0.95, 0.01] (ep=116, 34.4s)
[checkpoint] outputs/journal_train/default/seed27/ckpt_step30000.pt
[  30000/48000] phase=B route=detached world=0.0009 w_ema=0.0030 pred=0.0009 smooth=0.0000 | actor=0.0033 b=0.0032 H=0.092 maxpi=0.975 KL=0.002644 logits|.|=1.831 e[min,max,std]=0.001,0.008,0.003 zone=[0.0, 0.03, 0.97] act=[0.01, 0.02, 0.01, 0.94, 0.01] (ep=125, 34.3s)
[  32000/48000] phase=B route=detached world=0.0017 w_ema=0.0101 pred=0.0017 smooth=0.0000 | actor=0.0027 b=0.0102 H=0.072 maxpi=0.918 KL=0.057326 logits|.|=1.681 e[min,max,std]=0.001,0.003,0.001 zone=[0.0, 0.03, 0.97] act=[0.01, 0.01, 0.01, 0.96, 0.01] (ep=133, 34.6s)
[  34000/48000] phase=B route=detached world=0.0044 w_ema=0.0042 pred=0.0044 smooth=0.0000 | actor=-0.0000 b=0.0043 H=0.062 maxpi=0.990 KL=0.001989 logits|.|=2.221 e[min,max,std]=0.004,0.017,0.005 zone=[0.0, 0.04, 0.96] act=[0.01, 0.01, 0.01, 0.96, 0.01] (ep=141, 34.3s)
[checkpoint] outputs/journal_train/default/seed27/ckpt_step36000.pt
[  36000/48000] phase=B route=detached world=0.0046 w_ema=0.0031 pred=0.0046 smooth=0.0000 | actor=-0.0010 b=0.0031 H=0.087 maxpi=0.986 KL=0.001218 logits|.|=2.083 e[min,max,std]=0.004,0.008,0.001 zone=[0.0, 0.05, 0.95] act=[0.04, 0.13, 0.02, 0.8, 0.01] (ep=150, 34.5s)
[  38000/48000] phase=B route=detached world=0.0031 w_ema=0.0087 pred=0.0031 smooth=0.0000 | actor=0.0062 b=0.0090 H=0.154 maxpi=0.968 KL=0.007691 logits|.|=2.332 e[min,max,std]=0.003,0.021,0.007 zone=[0.0, 0.02, 0.98] act=[0.05, 0.01, 0.0, 0.93, 0.0] (ep=158, 34.3s)
[  40000/48000] phase=B route=detached world=0.0034 w_ema=0.0041 pred=0.0034 smooth=0.0000 | actor=0.0002 b=0.0042 H=0.041 maxpi=0.993 KL=0.004831 logits|.|=2.398 e[min,max,std]=0.003,0.006,0.001 zone=[0.0, 0.02, 0.98] act=[0.02, 0.0, 0.0, 0.98, 0.0] (ep=166, 34.3s)
[checkpoint] outputs/journal_train/default/seed27/ckpt_step42000.pt
[  42000/48000] phase=B route=detached world=0.0018 w_ema=0.0027 pred=0.0018 smooth=0.0000 | actor=0.0004 b=0.0027 H=0.041 maxpi=0.992 KL=0.001627 logits|.|=2.456 e[min,max,std]=0.002,0.013,0.004 zone=[0.0, 0.03, 0.97] act=[0.01, 0.01, 0.0, 0.98, 0.0] (ep=175, 34.9s)
[  44000/48000] phase=B route=detached world=0.0042 w_ema=0.0182 pred=0.0042 smooth=0.0000 | actor=0.0006 b=0.0181 H=0.017 maxpi=0.982 KL=0.025124 logits|.|=2.741 e[min,max,std]=0.004,0.009,0.002 zone=[0.0, 0.06, 0.94] act=[0.03, 0.02, 0.02, 0.93, 0.0] (ep=183, 35.0s)
[  46000/48000] phase=B route=detached world=0.0019 w_ema=0.0082 pred=0.0019 smooth=0.0000 | actor=0.0018 b=0.0083 H=0.063 maxpi=0.947 KL=0.016219 logits|.|=1.898 e[min,max,std]=0.002,0.011,0.003 zone=[0.0, 0.07, 0.93] act=[0.01, 0.03, 0.02, 0.93, 0.0] (ep=191, 34.8s)
[checkpoint] outputs/journal_train/default/seed27/ckpt_step48000.pt
[  48000/48000] phase=B route=detached world=0.0026 w_ema=0.0030 pred=0.0026 smooth=0.0000 | actor=0.0007 b=0.0031 H=0.186 maxpi=0.973 KL=0.002805 logits|.|=1.598 e[min,max,std]=0.002,0.004,0.001 zone=[0.01, 0.03, 0.96] act=[0.01, 0.03, 0.01, 0.94, 0.0] (ep=200, 34.9s)
Saved training trajectory to: outputs/journal_train/default/seed27/train_traj.parquet
Saved checkpoint to: outputs/journal_train/default/seed27/ckpt.pt
