/venv/cear-cemergence/lib/python3.10/runpy.py:126: RuntimeWarning: 'cear_pilot.training.train' found in sys.modules after import of package 'cear_pilot.training', but prior to execution of 'cear_pilot.training.train'; this may result in unpredictable behaviour
  warn(RuntimeWarning(msg))
[   2000/48000] phase=A world=0.0067 w_ema=0.0510 pred=0.0067 smooth=0.0000 | actor=0.7802 b=0.0517 H=1.609 maxpi=0.201 KL=0.000005 logits|.|=0.046 e[min,max,std]=0.005,0.011,0.002 zone=[0.19, 0.53, 0.28] act=[0.2, 0.2, 0.19, 0.21, 0.2] (ep=8, 21.4s)
[   4000/48000] phase=A world=0.0014 w_ema=0.0164 pred=0.0014 smooth=0.0000 | actor=0.3895 b=0.0176 H=1.609 maxpi=0.200 KL=0.000002 logits|.|=0.046 e[min,max,std]=0.001,0.004,0.001 zone=[0.35, 0.36, 0.3] act=[0.21, 0.2, 0.2, 0.19, 0.19] (ep=16, 21.6s)
[   6000/48000] phase=A world=0.0223 w_ema=0.0690 pred=0.0223 smooth=0.0000 | actor=0.4992 b=0.0702 H=1.609 maxpi=0.200 KL=0.000002 logits|.|=0.026 e[min,max,std]=0.020,0.028,0.003 zone=[0.26, 0.48, 0.26] act=[0.2, 0.18, 0.2, 0.21, 0.2] (ep=25, 22.4s)
[   8000/48000] phase=A world=0.8662 w_ema=0.2934 pred=0.8662 smooth=0.0000 | actor=-4.6696 b=0.2967 H=1.609 maxpi=0.201 KL=0.000012 logits|.|=0.040 e[min,max,std]=0.841,0.904,0.022 zone=[0.21, 0.43, 0.36] act=[0.21, 0.19, 0.19, 0.2, 0.2] (ep=33, 21.8s)
[  10000/48000] phase=A world=0.0030 w_ema=0.0433 pred=0.0030 smooth=0.0000 | actor=0.4318 b=0.0439 H=1.609 maxpi=0.200 KL=0.000000 logits|.|=0.052 e[min,max,std]=0.002,0.005,0.001 zone=[0.45, 0.36, 0.19] act=[0.22, 0.21, 0.2, 0.18, 0.19] (ep=41, 22.2s)
[  12000/48000] phase=A world=0.2383 w_ema=0.3331 pred=0.2382 smooth=0.0003 | actor=0.7521 b=0.3344 H=1.609 maxpi=0.201 KL=0.000003 logits|.|=0.023 e[min,max,std]=0.233,0.248,0.006 zone=[0.4, 0.3, 0.3] act=[0.2, 0.22, 0.21, 0.18, 0.2] (ep=50, 22.2s)
[  14000/48000] phase=B world=0.0018 w_ema=0.0100 pred=0.0018 smooth=0.0000 | actor=0.0016 b=0.0100 H=0.043 maxpi=0.994 KL=0.000009 logits|.|=2.184 e[min,max,std]=0.002,0.006,0.002 zone=[0.04, 0.06, 0.91] act=[0.07, 0.02, 0.1, 0.76, 0.05] (ep=58, 22.3s)
[  16000/48000] phase=B world=0.0037 w_ema=0.0041 pred=0.0037 smooth=0.0000 | actor=0.0002 b=0.0041 H=0.057 maxpi=0.991 KL=0.000006 logits|.|=2.032 e[min,max,std]=0.003,0.005,0.001 zone=[0.0, 0.01, 0.99] act=[0.0, 0.0, 0.0, 1.0, 0.0] (ep=66, 21.3s)
[  18000/48000] phase=B world=0.0012 w_ema=0.0039 pred=0.0012 smooth=0.0000 | actor=0.0134 b=0.0041 H=0.493 maxpi=0.863 KL=0.000082 logits|.|=1.768 e[min,max,std]=0.001,0.004,0.001 zone=[0.0, 0.1, 0.9] act=[0.36, 0.04, 0.01, 0.58, 0.01] (ep=75, 20.9s)
[  20000/48000] phase=B world=0.0011 w_ema=0.0157 pred=0.0011 smooth=0.0000 | actor=0.4219 b=0.0167 H=1.488 maxpi=0.393 KL=0.005245 logits|.|=0.609 e[min,max,std]=0.001,0.003,0.001 zone=[0.0, 0.07, 0.93] act=[0.16, 0.11, 0.03, 0.67, 0.02] (ep=83, 21.4s)
[  22000/48000] phase=B world=0.0013 w_ema=0.0039 pred=0.0013 smooth=0.0000 | actor=0.0160 b=0.0042 H=0.458 maxpi=0.860 KL=0.002273 logits|.|=1.387 e[min,max,std]=0.001,0.003,0.001 zone=[0.0, 0.06, 0.93] act=[0.21, 0.11, 0.06, 0.61, 0.02] (ep=91, 21.3s)
[  24000/48000] phase=B world=0.0679 w_ema=0.1831 pred=0.0679 smooth=0.0001 | actor=1.6038 b=0.1833 H=1.467 maxpi=0.427 KL=0.110378 logits|.|=0.878 e[min,max,std]=0.060,0.075,0.006 zone=[0.08, 0.21, 0.7] act=[0.24, 0.13, 0.05, 0.45, 0.13] (ep=100, 21.1s)
[  26000/48000] phase=B world=0.0056 w_ema=0.0103 pred=0.0056 smooth=0.0000 | actor=0.5447 b=0.0110 H=0.690 maxpi=0.753 KL=0.013766 logits|.|=1.053 e[min,max,std]=0.006,0.012,0.002 zone=[0.01, 0.09, 0.9] act=[0.28, 0.12, 0.01, 0.52, 0.06] (ep=108, 21.1s)
[  28000/48000] phase=B world=0.0041 w_ema=0.0046 pred=0.0041 smooth=0.0000 | actor=0.0017 b=0.0046 H=0.404 maxpi=0.868 KL=0.008335 logits|.|=1.280 e[min,max,std]=0.004,0.008,0.002 zone=[0.0, 0.06, 0.94] act=[0.09, 0.1, 0.02, 0.7, 0.09] (ep=116, 21.4s)
[  30000/48000] phase=B world=0.0029 w_ema=0.0029 pred=0.0029 smooth=0.0000 | actor=0.0000 b=0.0029 H=0.045 maxpi=0.990 KL=0.002057 logits|.|=1.929 e[min,max,std]=0.003,0.009,0.003 zone=[0.0, 0.02, 0.98] act=[0.01, 0.02, 0.0, 0.96, 0.0] (ep=125, 22.2s)
[  32000/48000] phase=B world=0.0006 w_ema=0.0354 pred=0.0006 smooth=0.0000 | actor=0.0024 b=0.0351 H=0.053 maxpi=0.966 KL=0.038334 logits|.|=1.852 e[min,max,std]=0.001,0.003,0.001 zone=[0.01, 0.04, 0.95] act=[0.01, 0.01, 0.02, 0.94, 0.01] (ep=133, 21.6s)
[  34000/48000] phase=B world=0.0017 w_ema=0.0036 pred=0.0017 smooth=0.0000 | actor=0.0042 b=0.0036 H=0.166 maxpi=0.946 KL=0.012241 logits|.|=1.493 e[min,max,std]=0.002,0.004,0.001 zone=[0.0, 0.02, 0.98] act=[0.02, 0.02, 0.02, 0.94, 0.01] (ep=141, 22.0s)
[  36000/48000] phase=B world=0.0040 w_ema=0.0029 pred=0.0040 smooth=0.0000 | actor=-0.0045 b=0.0030 H=0.256 maxpi=0.927 KL=0.002221 logits|.|=1.588 e[min,max,std]=0.004,0.007,0.001 zone=[0.0, 0.04, 0.96] act=[0.01, 0.06, 0.03, 0.89, 0.01] (ep=150, 21.5s)
[  38000/48000] phase=B world=0.0008 w_ema=0.0102 pred=0.0008 smooth=0.0000 | actor=0.0290 b=0.0107 H=0.380 maxpi=0.822 KL=0.038089 logits|.|=1.396 e[min,max,std]=0.001,0.004,0.001 zone=[0.0, 0.04, 0.96] act=[0.01, 0.12, 0.03, 0.77, 0.06] (ep=158, 21.4s)
[  40000/48000] phase=B world=0.0015 w_ema=0.0047 pred=0.0015 smooth=0.0000 | actor=0.1263 b=0.0055 H=1.401 maxpi=0.576 KL=0.014173 logits|.|=0.676 e[min,max,std]=0.001,0.004,0.001 zone=[0.0, 0.04, 0.96] act=[0.01, 0.06, 0.02, 0.89, 0.02] (ep=166, 21.2s)
[  42000/48000] phase=B world=0.0039 w_ema=0.0028 pred=0.0039 smooth=0.0000 | actor=-0.0030 b=0.0028 H=0.194 maxpi=0.965 KL=0.001339 logits|.|=1.610 e[min,max,std]=0.004,0.006,0.001 zone=[0.0, 0.03, 0.97] act=[0.01, 0.05, 0.01, 0.9, 0.02] (ep=175, 21.3s)
[  44000/48000] phase=B world=0.0018 w_ema=0.0066 pred=0.0018 smooth=0.0001 | actor=0.0024 b=0.0066 H=0.065 maxpi=0.980 KL=0.003011 logits|.|=1.868 e[min,max,std]=0.002,0.006,0.002 zone=[0.0, 0.04, 0.96] act=[0.01, 0.01, 0.01, 0.95, 0.01] (ep=183, 21.2s)
[  46000/48000] phase=B world=0.0055 w_ema=0.0046 pred=0.0055 smooth=0.0000 | actor=-0.0001 b=0.0045 H=0.024 maxpi=0.990 KL=0.003920 logits|.|=2.242 e[min,max,std]=0.005,0.017,0.004 zone=[0.0, 0.03, 0.97] act=[0.01, 0.02, 0.01, 0.96, 0.02] (ep=191, 21.2s)
[  48000/48000] phase=B world=0.0014 w_ema=0.0032 pred=0.0014 smooth=0.0000 | actor=0.0135 b=0.0032 H=0.358 maxpi=0.922 KL=0.002243 logits|.|=1.741 e[min,max,std]=0.001,0.009,0.003 zone=[0.0, 0.03, 0.97] act=[0.01, 0.03, 0.01, 0.92, 0.03] (ep=200, 21.8s)
Saved checkpoint to: outputs/runs/seed10/ckpt.pt
