/venv/cear-cemergence/lib/python3.10/runpy.py:126: RuntimeWarning: 'cear_pilot.training.train' found in sys.modules after import of package 'cear_pilot.training', but prior to execution of 'cear_pilot.training.train'; this may result in unpredictable behaviour
  warn(RuntimeWarning(msg))
[checkpoint] outputs/journal_train/default/seed7/ckpt_step00000.pt
[   2000/48000] phase=A route=detached world=0.6130 w_ema=0.2738 pred=0.6130 smooth=0.0000 | actor=-2.9657 b=0.2747 H=1.609 maxpi=0.201 KL=0.000015 logits|.|=0.065 e[min,max,std]=0.605,0.626,0.009 zone=[0.28, 0.41, 0.31] act=[0.2, 0.2, 0.2, 0.19, 0.21] (ep=8, 35.5s)
[   4000/48000] phase=A route=detached world=0.0026 w_ema=0.0315 pred=0.0026 smooth=0.0000 | actor=0.3285 b=0.0320 H=1.609 maxpi=0.200 KL=0.000002 logits|.|=0.070 e[min,max,std]=0.002,0.004,0.001 zone=[0.41, 0.33, 0.26] act=[0.17, 0.2, 0.2, 0.2, 0.22] (ep=16, 33.9s)
[   6000/48000] phase=A route=detached world=0.7497 w_ema=0.1539 pred=0.7497 smooth=0.0000 | actor=-5.6989 b=0.1540 H=1.609 maxpi=0.200 KL=0.000002 logits|.|=0.060 e[min,max,std]=0.727,0.763,0.013 zone=[0.1, 0.39, 0.51] act=[0.19, 0.2, 0.2, 0.21, 0.2] (ep=25, 33.6s)
[   8000/48000] phase=A route=detached world=0.0710 w_ema=0.2382 pred=0.0710 smooth=0.0000 | actor=1.5347 b=0.2389 H=1.609 maxpi=0.201 KL=0.000011 logits|.|=0.064 e[min,max,std]=0.065,0.077,0.004 zone=[0.33, 0.45, 0.23] act=[0.2, 0.2, 0.21, 0.2, 0.2] (ep=33, 33.1s)
[  10000/48000] phase=A route=detached world=0.0032 w_ema=0.0726 pred=0.0032 smooth=0.0000 | actor=0.6989 b=0.0728 H=1.609 maxpi=0.200 KL=0.000001 logits|.|=0.067 e[min,max,std]=0.002,0.005,0.001 zone=[0.38, 0.45, 0.16] act=[0.19, 0.19, 0.22, 0.19, 0.21] (ep=41, 33.0s)
[checkpoint] outputs/journal_train/default/seed7/ckpt_step12000.pt
[  12000/48000] phase=A route=detached world=0.0049 w_ema=0.0730 pred=0.0049 smooth=0.0000 | actor=0.8238 b=0.0736 H=1.609 maxpi=0.200 KL=0.000002 logits|.|=0.052 e[min,max,std]=0.004,0.007,0.001 zone=[0.17, 0.44, 0.39] act=[0.19, 0.2, 0.19, 0.21, 0.21] (ep=50, 24.5s)
[  14000/48000] phase=B route=detached world=0.0038 w_ema=0.0130 pred=0.0038 smooth=0.0000 | actor=0.0117 b=0.0131 H=0.060 maxpi=0.989 KL=0.000247 logits|.|=2.057 e[min,max,std]=0.004,0.017,0.005 zone=[0.02, 0.07, 0.9] act=[0.06, 0.07, 0.06, 0.78, 0.04] (ep=58, 20.5s)
[  16000/48000] phase=B route=detached world=0.0025 w_ema=0.0037 pred=0.0025 smooth=0.0000 | actor=0.0001 b=0.0037 H=0.016 maxpi=0.998 KL=0.000025 logits|.|=2.633 e[min,max,std]=0.003,0.013,0.004 zone=[0.0, 0.01, 0.99] act=[0.0, 0.0, 0.0, 0.99, 0.0] (ep=66, 20.4s)
[checkpoint] outputs/journal_train/default/seed7/ckpt_step18000.pt
[  18000/48000] phase=B route=detached world=0.0022 w_ema=0.0028 pred=0.0022 smooth=0.0000 | actor=0.0001 b=0.0028 H=0.018 maxpi=0.998 KL=0.000006 logits|.|=2.590 e[min,max,std]=0.002,0.003,0.000 zone=[0.0, 0.02, 0.98] act=[0.0, 0.0, 0.0, 1.0, 0.0] (ep=75, 20.5s)
[  20000/48000] phase=B route=detached world=0.3736 w_ema=0.3654 pred=0.3736 smooth=0.0000 | actor=-0.0417 b=0.3661 H=1.401 maxpi=0.441 KL=0.023138 logits|.|=1.066 e[min,max,std]=0.355,0.393,0.012 zone=[0.6, 0.05, 0.36] act=[0.32, 0.11, 0.17, 0.27, 0.13] (ep=83, 32.4s)
[  22000/48000] phase=B route=detached world=0.4203 w_ema=0.3640 pred=0.4203 smooth=0.0001 | actor=-0.4761 b=0.3634 H=0.719 maxpi=0.656 KL=0.033104 logits|.|=1.434 e[min,max,std]=0.382,0.424,0.018 zone=[0.98, 0.02, 0.0] act=[0.12, 0.24, 0.56, 0.01, 0.07] (ep=91, 32.9s)
[checkpoint] outputs/journal_train/default/seed7/ckpt_step24000.pt
[  24000/48000] phase=B route=detached world=0.0996 w_ema=0.0714 pred=0.0996 smooth=0.0001 | actor=-0.3942 b=0.0742 H=1.308 maxpi=0.296 KL=0.029290 logits|.|=0.324 e[min,max,std]=0.089,0.111,0.008 zone=[0.77, 0.12, 0.11] act=[0.15, 0.39, 0.31, 0.06, 0.09] (ep=100, 33.3s)
[  26000/48000] phase=B route=detached world=0.0025 w_ema=0.0072 pred=0.0025 smooth=0.0000 | actor=0.0076 b=0.0071 H=0.169 maxpi=0.969 KL=0.021857 logits|.|=1.666 e[min,max,std]=0.003,0.021,0.006 zone=[0.06, 0.08, 0.86] act=[0.06, 0.06, 0.05, 0.75, 0.07] (ep=108, 33.9s)
[  28000/48000] phase=B route=detached world=0.0012 w_ema=0.0032 pred=0.0012 smooth=0.0000 | actor=0.0027 b=0.0032 H=0.090 maxpi=0.988 KL=0.002357 logits|.|=1.965 e[min,max,std]=0.001,0.009,0.003 zone=[0.0, 0.01, 0.98] act=[0.0, 0.01, 0.0, 0.99, 0.01] (ep=116, 33.9s)
[checkpoint] outputs/journal_train/default/seed7/ckpt_step30000.pt
[  30000/48000] phase=B route=detached world=0.0023 w_ema=0.0029 pred=0.0023 smooth=0.0000 | actor=0.0006 b=0.0031 H=0.069 maxpi=0.982 KL=0.003925 logits|.|=1.805 e[min,max,std]=0.002,0.012,0.004 zone=[0.0, 0.08, 0.92] act=[0.01, 0.26, 0.03, 0.68, 0.03] (ep=125, 33.8s)
[  32000/48000] phase=B route=detached world=0.0052 w_ema=0.0218 pred=0.0052 smooth=0.0000 | actor=0.0104 b=0.0220 H=0.226 maxpi=0.880 KL=0.026726 logits|.|=1.398 e[min,max,std]=0.005,0.010,0.002 zone=[0.0, 0.03, 0.97] act=[0.0, 0.02, 0.01, 0.96, 0.01] (ep=133, 34.2s)
[  34000/48000] phase=B route=detached world=0.0017 w_ema=0.0054 pred=0.0017 smooth=0.0000 | actor=0.0123 b=0.0055 H=0.451 maxpi=0.863 KL=0.008955 logits|.|=0.963 e[min,max,std]=0.002,0.004,0.001 zone=[0.01, 0.04, 0.96] act=[0.01, 0.04, 0.02, 0.92, 0.01] (ep=141, 34.0s)
[checkpoint] outputs/journal_train/default/seed7/ckpt_step36000.pt
[  36000/48000] phase=B route=detached world=0.0017 w_ema=0.0033 pred=0.0016 smooth=0.0000 | actor=0.0087 b=0.0035 H=0.426 maxpi=0.891 KL=0.003615 logits|.|=1.236 e[min,max,std]=0.002,0.003,0.001 zone=[0.0, 0.04, 0.96] act=[0.01, 0.04, 0.02, 0.9, 0.03] (ep=150, 34.0s)
[  38000/48000] phase=B route=detached world=0.0018 w_ema=0.0239 pred=0.0018 smooth=0.0000 | actor=0.0329 b=0.0241 H=0.305 maxpi=0.870 KL=0.015464 logits|.|=1.470 e[min,max,std]=0.002,0.006,0.002 zone=[0.0, 0.04, 0.96] act=[0.01, 0.05, 0.02, 0.91, 0.01] (ep=158, 34.0s)
[  40000/48000] phase=B route=detached world=0.0024 w_ema=0.0037 pred=0.0024 smooth=0.0000 | actor=0.0011 b=0.0037 H=0.065 maxpi=0.987 KL=0.004344 logits|.|=1.934 e[min,max,std]=0.002,0.006,0.001 zone=[0.0, 0.03, 0.97] act=[0.01, 0.03, 0.02, 0.93, 0.01] (ep=166, 33.9s)
[checkpoint] outputs/journal_train/default/seed7/ckpt_step42000.pt
[  42000/48000] phase=B route=detached world=0.0020 w_ema=0.0031 pred=0.0020 smooth=0.0000 | actor=0.0039 b=0.0032 H=0.219 maxpi=0.933 KL=0.003371 logits|.|=1.312 e[min,max,std]=0.002,0.005,0.001 zone=[0.0, 0.03, 0.97] act=[0.01, 0.01, 0.01, 0.95, 0.01] (ep=175, 34.2s)
[  44000/48000] phase=B route=detached world=0.0011 w_ema=0.0145 pred=0.0011 smooth=0.0000 | actor=0.0495 b=0.0147 H=0.564 maxpi=0.836 KL=0.029741 logits|.|=1.494 e[min,max,std]=0.001,0.006,0.002 zone=[0.0, 0.04, 0.96] act=[0.04, 0.01, 0.04, 0.9, 0.01] (ep=183, 34.1s)
[  46000/48000] phase=B route=detached world=0.0026 w_ema=0.0045 pred=0.0026 smooth=0.0000 | actor=0.0064 b=0.0052 H=0.263 maxpi=0.859 KL=0.020312 logits|.|=1.430 e[min,max,std]=0.003,0.008,0.002 zone=[0.0, 0.03, 0.97] act=[0.03, 0.01, 0.04, 0.91, 0.01] (ep=191, 33.9s)
[checkpoint] outputs/journal_train/default/seed7/ckpt_step48000.pt
[  48000/48000] phase=B route=detached world=0.0030 w_ema=0.0042 pred=0.0030 smooth=0.0000 | actor=0.0007 b=0.0043 H=0.095 maxpi=0.969 KL=0.005739 logits|.|=1.723 e[min,max,std]=0.003,0.014,0.004 zone=[0.0, 0.07, 0.93] act=[0.08, 0.04, 0.02, 0.83, 0.03] (ep=200, 34.2s)
Saved training trajectory to: outputs/journal_train/default/seed7/train_traj.parquet
Saved checkpoint to: outputs/journal_train/default/seed7/ckpt.pt
