/venv/cear-cemergence/lib/python3.10/runpy.py:126: RuntimeWarning: 'cear_pilot.training.train' found in sys.modules after import of package 'cear_pilot.training', but prior to execution of 'cear_pilot.training.train'; this may result in unpredictable behaviour
  warn(RuntimeWarning(msg))
[checkpoint] outputs/journal_train/coupled/seed3/ckpt_step00000.pt
[   2000/48000] phase=A route=detached world=0.5452 w_ema=0.2428 pred=0.5452 smooth=0.0000 | actor=-2.5512 b=0.2436 H=1.609 maxpi=0.201 KL=0.000013 logits|.|=0.032 e[min,max,std]=0.517,0.567,0.019 zone=[0.22, 0.49, 0.29] act=[0.2, 0.21, 0.19, 0.2, 0.21] (ep=8, 30.0s)
[   4000/48000] phase=A route=detached world=0.0034 w_ema=0.0260 pred=0.0034 smooth=0.0000 | actor=0.6109 b=0.0265 H=1.609 maxpi=0.200 KL=0.000001 logits|.|=0.029 e[min,max,std]=0.003,0.005,0.001 zone=[0.27, 0.4, 0.33] act=[0.2, 0.2, 0.19, 0.21, 0.2] (ep=16, 34.6s)
[   6000/48000] phase=A route=detached world=0.0031 w_ema=0.0245 pred=0.0031 smooth=0.0000 | actor=0.3561 b=0.0250 H=1.609 maxpi=0.200 KL=0.000001 logits|.|=0.028 e[min,max,std]=0.003,0.004,0.001 zone=[0.52, 0.34, 0.14] act=[0.2, 0.2, 0.21, 0.19, 0.2] (ep=25, 34.3s)
[   8000/48000] phase=A route=detached world=0.0188 w_ema=0.0720 pred=0.0188 smooth=0.0000 | actor=0.9360 b=0.0728 H=1.609 maxpi=0.200 KL=0.000002 logits|.|=0.013 e[min,max,std]=0.018,0.024,0.002 zone=[0.19, 0.53, 0.28] act=[0.19, 0.21, 0.2, 0.21, 0.19] (ep=33, 34.3s)
[  10000/48000] phase=A route=detached world=0.3672 w_ema=0.3108 pred=0.3672 smooth=0.0000 | actor=-0.4324 b=0.3100 H=1.609 maxpi=0.201 KL=0.000005 logits|.|=0.042 e[min,max,std]=0.359,0.381,0.008 zone=[0.34, 0.38, 0.28] act=[0.18, 0.23, 0.21, 0.2, 0.19] (ep=41, 34.5s)
[checkpoint] outputs/journal_train/coupled/seed3/ckpt_step12000.pt
[  12000/48000] phase=A route=detached world=0.0011 w_ema=0.0071 pred=0.0011 smooth=0.0000 | actor=0.1043 b=0.0079 H=1.609 maxpi=0.200 KL=0.000001 logits|.|=0.114 e[min,max,std]=0.001,0.003,0.001 zone=[0.48, 0.38, 0.15] act=[0.19, 0.2, 0.21, 0.2, 0.21] (ep=50, 34.4s)
[  14000/48000] phase=B route=coupled world=0.0017 w_ema=0.0103 pred=0.0017 smooth=0.0000 | actor=0.1450 b=0.0119 H=1.103 maxpi=0.606 KL=0.000036 logits|.|=1.030 e[min,max,std]=0.002,0.004,0.001 zone=[0.0, 0.08, 0.92] act=[0.06, 0.21, 0.06, 0.43, 0.25] (ep=58, 39.7s)
[  16000/48000] phase=B route=coupled world=0.0041 w_ema=0.0454 pred=0.0041 smooth=0.0000 | actor=0.0833 b=0.0456 H=0.445 maxpi=0.875 KL=0.000094 logits|.|=1.372 e[min,max,std]=0.004,0.022,0.006 zone=[0.0, 0.11, 0.89] act=[0.07, 0.38, 0.05, 0.31, 0.19] (ep=66, 37.6s)
[checkpoint] outputs/journal_train/coupled/seed3/ckpt_step18000.pt
[  18000/48000] phase=B route=coupled world=0.0017 w_ema=0.0034 pred=0.0017 smooth=0.0000 | actor=0.0722 b=0.0040 H=0.752 maxpi=0.622 KL=0.000004 logits|.|=2.091 e[min,max,std]=0.002,0.016,0.005 zone=[0.0, 0.1, 0.9] act=[0.01, 0.78, 0.01, 0.18, 0.02] (ep=75, 30.1s)
[  20000/48000] phase=B route=coupled world=0.0035 w_ema=0.0118 pred=0.0034 smooth=0.0000 | actor=0.0042 b=0.0118 H=0.088 maxpi=0.985 KL=0.000001 logits|.|=2.106 e[min,max,std]=0.003,0.016,0.004 zone=[0.0, 0.02, 0.98] act=[0.0, 0.12, 0.0, 0.85, 0.03] (ep=83, 31.1s)
[  22000/48000] phase=B route=coupled world=0.1588 w_ema=0.3561 pred=0.1588 smooth=0.0000 | actor=2.4705 b=0.3558 H=0.906 maxpi=0.713 KL=0.000198 logits|.|=1.469 e[min,max,std]=0.153,0.190,0.014 zone=[0.5, 0.05, 0.45] act=[0.11, 0.02, 0.14, 0.44, 0.28] (ep=91, 40.3s)
[checkpoint] outputs/journal_train/coupled/seed3/ckpt_step24000.pt
[  24000/48000] phase=B route=coupled world=0.0023 w_ema=0.0031 pred=0.0023 smooth=0.0000 | actor=0.0006 b=0.0031 H=0.078 maxpi=0.988 KL=0.000001 logits|.|=2.153 e[min,max,std]=0.001,0.005,0.001 zone=[0.54, 0.07, 0.38] act=[0.05, 0.02, 0.1, 0.39, 0.43] (ep=100, 40.8s)
[  26000/48000] phase=B route=coupled world=0.0048 w_ema=0.0074 pred=0.0048 smooth=0.0000 | actor=0.0004 b=0.0073 H=0.026 maxpi=0.997 KL=0.000000 logits|.|=2.432 e[min,max,std]=0.005,0.011,0.002 zone=[0.0, 0.01, 0.99] act=[0.0, 0.0, 0.0, 0.99, 0.0] (ep=108, 40.1s)
[  28000/48000] phase=B route=coupled world=0.0040 w_ema=0.0043 pred=0.0040 smooth=0.0000 | actor=0.0001 b=0.0043 H=0.031 maxpi=0.996 KL=0.000000 logits|.|=2.351 e[min,max,std]=0.004,0.009,0.002 zone=[0.0, 0.01, 0.99] act=[0.0, 0.0, 0.0, 1.0, 0.0] (ep=116, 40.3s)
[checkpoint] outputs/journal_train/coupled/seed3/ckpt_step30000.pt
[  30000/48000] phase=B route=coupled world=0.0008 w_ema=0.0026 pred=0.0008 smooth=0.0000 | actor=0.0014 b=0.0025 H=0.052 maxpi=0.993 KL=0.000000 logits|.|=2.204 e[min,max,std]=0.001,0.006,0.002 zone=[0.0, 0.01, 0.99] act=[0.01, 0.0, 0.01, 0.97, 0.01] (ep=125, 40.3s)
[  32000/48000] phase=B route=coupled world=0.0023 w_ema=0.0049 pred=0.0023 smooth=0.0000 | actor=0.0989 b=0.0051 H=1.083 maxpi=0.603 KL=0.000212 logits|.|=1.160 e[min,max,std]=0.002,0.005,0.001 zone=[0.0, 0.01, 0.99] act=[0.01, 0.0, 0.01, 0.91, 0.06] (ep=133, 39.7s)
[  34000/48000] phase=B route=coupled world=0.0030 w_ema=0.0049 pred=0.0030 smooth=0.0000 | actor=0.0008 b=0.0049 H=0.045 maxpi=0.993 KL=0.000033 logits|.|=2.272 e[min,max,std]=0.003,0.010,0.003 zone=[0.08, 0.05, 0.87] act=[0.04, 0.01, 0.03, 0.82, 0.11] (ep=141, 39.9s)
[checkpoint] outputs/journal_train/coupled/seed3/ckpt_step36000.pt
[  36000/48000] phase=B route=coupled world=0.0053 w_ema=0.0028 pred=0.0053 smooth=0.0000 | actor=-0.0013 b=0.0029 H=0.039 maxpi=0.973 KL=0.002032 logits|.|=1.896 e[min,max,std]=0.005,0.010,0.002 zone=[0.0, 0.09, 0.91] act=[0.06, 0.02, 0.02, 0.57, 0.33] (ep=150, 40.5s)
[  38000/48000] phase=B route=coupled world=0.0013 w_ema=0.0092 pred=0.0013 smooth=0.0000 | actor=0.0012 b=0.0091 H=0.034 maxpi=0.980 KL=0.048373 logits|.|=2.351 e[min,max,std]=0.001,0.015,0.006 zone=[0.0, 0.04, 0.96] act=[0.04, 0.01, 0.01, 0.82, 0.12] (ep=158, 40.9s)
[  40000/48000] phase=B route=coupled world=0.0076 w_ema=0.0033 pred=0.0076 smooth=0.0000 | actor=-0.0010 b=0.0033 H=0.024 maxpi=0.997 KL=0.008565 logits|.|=2.588 e[min,max,std]=0.008,0.012,0.002 zone=[0.0, 0.03, 0.97] act=[0.01, 0.0, 0.0, 0.97, 0.01] (ep=166, 40.8s)
[checkpoint] outputs/journal_train/coupled/seed3/ckpt_step42000.pt
[  42000/48000] phase=B route=coupled world=0.0004 w_ema=0.0033 pred=0.0004 smooth=0.0000 | actor=0.0004 b=0.0033 H=0.026 maxpi=0.996 KL=0.000571 logits|.|=2.440 e[min,max,std]=0.000,0.011,0.004 zone=[0.0, 0.03, 0.97] act=[0.01, 0.0, 0.0, 0.98, 0.01] (ep=175, 40.6s)
[  44000/48000] phase=B route=coupled world=0.0199 w_ema=0.0829 pred=0.0199 smooth=0.0001 | actor=1.1346 b=0.0836 H=0.665 maxpi=0.823 KL=0.745991 logits|.|=1.947 e[min,max,std]=0.019,0.027,0.003 zone=[0.01, 0.15, 0.84] act=[0.05, 0.01, 0.01, 0.59, 0.34] (ep=183, 40.3s)
[  46000/48000] phase=B route=coupled world=0.1109 w_ema=0.1145 pred=0.1109 smooth=0.0001 | actor=0.0082 b=0.1162 H=0.474 maxpi=0.846 KL=0.133609 logits|.|=2.485 e[min,max,std]=0.109,0.154,0.017 zone=[0.07, 0.74, 0.19] act=[0.64, 0.01, 0.01, 0.01, 0.32] (ep=191, 40.2s)
[checkpoint] outputs/journal_train/coupled/seed3/ckpt_step48000.pt
[  48000/48000] phase=B route=coupled world=0.0010 w_ema=0.0175 pred=0.0010 smooth=0.0000 | actor=0.0323 b=0.0182 H=0.469 maxpi=0.839 KL=0.108908 logits|.|=1.967 e[min,max,std]=0.001,0.006,0.002 zone=[0.27, 0.67, 0.06] act=[0.42, 0.31, 0.02, 0.01, 0.24] (ep=200, 40.2s)
Saved training trajectory to: outputs/journal_train/coupled/seed3/train_traj.parquet
Saved checkpoint to: outputs/journal_train/coupled/seed3/ckpt.pt
