/venv/cear-cemergence/lib/python3.10/runpy.py:126: RuntimeWarning: 'cear_pilot.training.train' found in sys.modules after import of package 'cear_pilot.training', but prior to execution of 'cear_pilot.training.train'; this may result in unpredictable behaviour
  warn(RuntimeWarning(msg))
[checkpoint] outputs/journal_train/default/seed19/ckpt_step00000.pt
[   2000/48000] phase=A route=detached world=0.0478 w_ema=0.1006 pred=0.0478 smooth=0.0000 | actor=0.9510 b=0.1007 H=1.609 maxpi=0.201 KL=0.000008 logits|.|=0.144 e[min,max,std]=0.046,0.052,0.002 zone=[0.17, 0.45, 0.38] act=[0.2, 0.19, 0.2, 0.21, 0.2] (ep=8, 34.3s)
[   4000/48000] phase=A route=detached world=0.4839 w_ema=0.3272 pred=0.4839 smooth=0.0000 | actor=-1.3052 b=0.3294 H=1.609 maxpi=0.201 KL=0.000003 logits|.|=0.129 e[min,max,std]=0.464,0.502,0.016 zone=[0.41, 0.38, 0.22] act=[0.19, 0.2, 0.21, 0.19, 0.2] (ep=16, 33.0s)
[   6000/48000] phase=A route=detached world=0.0054 w_ema=0.0347 pred=0.0054 smooth=0.0000 | actor=0.8290 b=0.0355 H=1.609 maxpi=0.200 KL=0.000002 logits|.|=0.116 e[min,max,std]=0.004,0.008,0.002 zone=[0.19, 0.33, 0.49] act=[0.19, 0.19, 0.19, 0.21, 0.21] (ep=25, 32.8s)
[   8000/48000] phase=A route=detached world=0.0883 w_ema=0.0966 pred=0.0883 smooth=0.0002 | actor=0.0507 b=0.0967 H=1.609 maxpi=0.200 KL=0.000001 logits|.|=0.137 e[min,max,std]=0.081,0.096,0.005 zone=[0.37, 0.39, 0.24] act=[0.21, 0.19, 0.2, 0.19, 0.2] (ep=33, 33.1s)
[  10000/48000] phase=A route=detached world=0.0896 w_ema=0.2151 pred=0.0896 smooth=0.0001 | actor=1.0902 b=0.2181 H=1.609 maxpi=0.201 KL=0.000004 logits|.|=0.131 e[min,max,std]=0.085,0.096,0.005 zone=[0.46, 0.29, 0.25] act=[0.2, 0.19, 0.22, 0.2, 0.2] (ep=41, 32.7s)
[checkpoint] outputs/journal_train/default/seed19/ckpt_step12000.pt
[  12000/48000] phase=A route=detached world=0.1365 w_ema=0.2894 pred=0.1364 smooth=0.0004 | actor=1.2630 b=0.2881 H=1.609 maxpi=0.201 KL=0.000007 logits|.|=0.131 e[min,max,std]=0.127,0.156,0.010 zone=[0.2, 0.53, 0.27] act=[0.21, 0.2, 0.19, 0.2, 0.2] (ep=50, 32.9s)
[  14000/48000] phase=B route=detached world=0.0016 w_ema=0.0107 pred=0.0016 smooth=0.0000 | actor=0.0079 b=0.0110 H=0.162 maxpi=0.977 KL=0.000018 logits|.|=1.944 e[min,max,std]=0.002,0.008,0.002 zone=[0.0, 0.05, 0.95] act=[0.08, 0.08, 0.07, 0.71, 0.07] (ep=58, 33.0s)
[  16000/48000] phase=B route=detached world=0.0045 w_ema=0.0033 pred=0.0045 smooth=0.0000 | actor=-0.0005 b=0.0033 H=0.043 maxpi=0.994 KL=0.000002 logits|.|=2.487 e[min,max,std]=0.004,0.010,0.002 zone=[0.0, 0.01, 0.99] act=[0.0, 0.0, 0.0, 0.99, 0.0] (ep=66, 33.0s)
[checkpoint] outputs/journal_train/default/seed19/ckpt_step18000.pt
[  18000/48000] phase=B route=detached world=0.0028 w_ema=0.0028 pred=0.0028 smooth=0.0000 | actor=0.0000 b=0.0029 H=0.009 maxpi=0.999 KL=0.000000 logits|.|=3.090 e[min,max,std]=0.003,0.006,0.001 zone=[0.0, 0.01, 0.99] act=[0.0, 0.0, 0.0, 1.0, 0.0] (ep=75, 33.1s)
[  20000/48000] phase=B route=detached world=0.0027 w_ema=0.0084 pred=0.0027 smooth=0.0000 | actor=0.0004 b=0.0084 H=0.016 maxpi=0.998 KL=0.000010 logits|.|=2.919 e[min,max,std]=0.001,0.005,0.001 zone=[0.0, 0.01, 0.99] act=[0.0, 0.0, 0.0, 1.0, 0.0] (ep=83, 33.1s)
[  22000/48000] phase=B route=detached world=0.0023 w_ema=0.0043 pred=0.0023 smooth=0.0000 | actor=0.0114 b=0.0049 H=0.329 maxpi=0.879 KL=0.007027 logits|.|=1.362 e[min,max,std]=0.002,0.018,0.005 zone=[0.0, 0.01, 0.99] act=[0.01, 0.01, 0.0, 0.96, 0.01] (ep=91, 32.9s)
[checkpoint] outputs/journal_train/default/seed19/ckpt_step24000.pt
[  24000/48000] phase=B route=detached world=0.0037 w_ema=0.0030 pred=0.0037 smooth=0.0000 | actor=-0.0001 b=0.0030 H=0.025 maxpi=0.997 KL=0.001955 logits|.|=2.642 e[min,max,std]=0.004,0.010,0.003 zone=[0.0, 0.02, 0.98] act=[0.01, 0.01, 0.0, 0.98, 0.0] (ep=100, 33.2s)
[  26000/48000] phase=B route=detached world=0.0026 w_ema=0.0080 pred=0.0026 smooth=0.0000 | actor=0.2984 b=0.0088 H=1.145 maxpi=0.639 KL=0.109501 logits|.|=1.156 e[min,max,std]=0.002,0.006,0.001 zone=[0.0, 0.03, 0.97] act=[0.02, 0.04, 0.01, 0.84, 0.08] (ep=108, 33.0s)
[  28000/48000] phase=B route=detached world=0.0082 w_ema=0.0089 pred=0.0082 smooth=0.0000 | actor=0.0259 b=0.0099 H=1.275 maxpi=0.450 KL=0.082117 logits|.|=0.858 e[min,max,std]=0.008,0.020,0.004 zone=[0.0, 0.02, 0.98] act=[0.02, 0.04, 0.01, 0.91, 0.03] (ep=116, 33.7s)
[checkpoint] outputs/journal_train/default/seed19/ckpt_step30000.pt
[  30000/48000] phase=B route=detached world=0.0016 w_ema=0.0029 pred=0.0016 smooth=0.0000 | actor=0.0007 b=0.0030 H=0.071 maxpi=0.980 KL=0.005839 logits|.|=1.962 e[min,max,std]=0.002,0.007,0.002 zone=[0.0, 0.04, 0.96] act=[0.04, 0.07, 0.01, 0.83, 0.05] (ep=125, 33.7s)
[  32000/48000] phase=B route=detached world=0.0034 w_ema=0.0421 pred=0.0034 smooth=0.0000 | actor=0.0095 b=0.0421 H=0.089 maxpi=0.733 KL=0.171966 logits|.|=1.593 e[min,max,std]=0.003,0.013,0.003 zone=[0.0, 0.05, 0.95] act=[0.02, 0.08, 0.01, 0.82, 0.06] (ep=133, 33.6s)
[  34000/48000] phase=B route=detached world=0.0018 w_ema=0.0048 pred=0.0018 smooth=0.0000 | actor=0.0007 b=0.0048 H=0.045 maxpi=0.984 KL=0.016949 logits|.|=2.284 e[min,max,std]=0.002,0.006,0.001 zone=[0.0, 0.03, 0.97] act=[0.01, 0.01, 0.01, 0.96, 0.01] (ep=141, 28.0s)
[checkpoint] outputs/journal_train/default/seed19/ckpt_step36000.pt
[  36000/48000] phase=B route=detached world=0.1944 w_ema=0.0222 pred=0.1939 smooth=0.0019 | actor=-4.2299 b=0.0235 H=1.382 maxpi=0.370 KL=0.040714 logits|.|=1.756 e[min,max,std]=0.168,0.205,0.014 zone=[0.0, 0.3, 0.7] act=[0.22, 0.33, 0.01, 0.2, 0.24] (ep=150, 33.8s)
[  38000/48000] phase=B route=detached world=0.1167 w_ema=0.0865 pred=0.1166 smooth=0.0003 | actor=-0.6899 b=0.0893 H=0.827 maxpi=0.628 KL=0.199729 logits|.|=2.216 e[min,max,std]=0.104,0.125,0.007 zone=[0.0, 0.11, 0.89] act=[0.36, 0.06, 0.0, 0.42, 0.16] (ep=158, 34.1s)
[  40000/48000] phase=B route=detached world=0.0015 w_ema=0.0093 pred=0.0015 smooth=0.0000 | actor=0.0185 b=0.0106 H=0.362 maxpi=0.882 KL=0.056108 logits|.|=1.890 e[min,max,std]=0.002,0.018,0.006 zone=[0.01, 0.69, 0.3] act=[0.8, 0.09, 0.01, 0.02, 0.08] (ep=166, 33.9s)
[checkpoint] outputs/journal_train/default/seed19/ckpt_step42000.pt
[  42000/48000] phase=B route=detached world=0.0038 w_ema=0.0035 pred=0.0038 smooth=0.0000 | actor=-0.0000 b=0.0036 H=0.028 maxpi=0.986 KL=0.016351 logits|.|=2.312 e[min,max,std]=0.004,0.012,0.003 zone=[0.0, 0.4, 0.6] act=[0.75, 0.09, 0.0, 0.12, 0.03] (ep=175, 33.6s)
[  44000/48000] phase=B route=detached world=0.0042 w_ema=0.0151 pred=0.0042 smooth=0.0000 | actor=0.2163 b=0.0165 H=1.106 maxpi=0.556 KL=0.222336 logits|.|=1.974 e[min,max,std]=0.003,0.013,0.003 zone=[0.0, 0.09, 0.91] act=[0.44, 0.06, 0.0, 0.43, 0.07] (ep=183, 33.7s)
[  46000/48000] phase=B route=detached world=0.0018 w_ema=0.0050 pred=0.0018 smooth=0.0000 | actor=0.0000 b=0.0050 H=0.001 maxpi=0.997 KL=0.024630 logits|.|=3.819 e[min,max,std]=0.002,0.009,0.003 zone=[0.0, 0.04, 0.96] act=[0.04, 0.12, 0.01, 0.65, 0.18] (ep=191, 33.7s)
[checkpoint] outputs/journal_train/default/seed19/ckpt_step48000.pt
[  48000/48000] phase=B route=detached world=0.0025 w_ema=0.0028 pred=0.0025 smooth=0.0000 | actor=0.0000 b=0.0028 H=0.001 maxpi=1.000 KL=0.000595 logits|.|=3.904 e[min,max,std]=0.002,0.017,0.005 zone=[0.0, 0.06, 0.94] act=[0.0, 0.08, 0.01, 0.73, 0.19] (ep=200, 33.9s)
Saved training trajectory to: outputs/journal_train/default/seed19/train_traj.parquet
Saved checkpoint to: outputs/journal_train/default/seed19/ckpt.pt
