/venv/cear-cemergence/lib/python3.10/runpy.py:126: RuntimeWarning: 'cear_pilot.training.train' found in sys.modules after import of package 'cear_pilot.training', but prior to execution of 'cear_pilot.training.train'; this may result in unpredictable behaviour
  warn(RuntimeWarning(msg))
[checkpoint] outputs/journal_train/coupled/seed17/ckpt_step00000.pt
[   2000/48000] phase=A route=detached world=0.1928 w_ema=0.1535 pred=0.1928 smooth=0.0001 | actor=-0.4668 b=0.1544 H=1.609 maxpi=0.201 KL=0.000008 logits|.|=0.022 e[min,max,std]=0.188,0.200,0.005 zone=[0.28, 0.4, 0.32] act=[0.21, 0.19, 0.2, 0.2, 0.21] (ep=8, 35.1s)
[   4000/48000] phase=A route=detached world=0.0124 w_ema=0.0499 pred=0.0124 smooth=0.0000 | actor=0.5696 b=0.0501 H=1.609 maxpi=0.200 KL=0.000002 logits|.|=0.021 e[min,max,std]=0.010,0.015,0.002 zone=[0.37, 0.42, 0.21] act=[0.2, 0.2, 0.21, 0.19, 0.19] (ep=16, 33.6s)
[   6000/48000] phase=A route=detached world=0.0037 w_ema=0.0322 pred=0.0037 smooth=0.0000 | actor=0.2786 b=0.0328 H=1.609 maxpi=0.200 KL=0.000000 logits|.|=0.040 e[min,max,std]=0.002,0.006,0.001 zone=[0.23, 0.39, 0.38] act=[0.18, 0.21, 0.21, 0.21, 0.2] (ep=25, 33.0s)
[   8000/48000] phase=A route=detached world=0.0400 w_ema=0.0488 pred=0.0399 smooth=0.0001 | actor=0.1560 b=0.0493 H=1.609 maxpi=0.201 KL=0.000007 logits|.|=0.029 e[min,max,std]=0.037,0.045,0.003 zone=[0.14, 0.4, 0.46] act=[0.21, 0.21, 0.19, 0.2, 0.19] (ep=33, 22.9s)
[  10000/48000] phase=A route=detached world=0.4442 w_ema=0.3554 pred=0.4441 smooth=0.0005 | actor=-0.7001 b=0.3548 H=1.609 maxpi=0.201 KL=0.000010 logits|.|=0.033 e[min,max,std]=0.432,0.462,0.010 zone=[0.28, 0.49, 0.23] act=[0.19, 0.21, 0.19, 0.2, 0.21] (ep=41, 22.0s)
[checkpoint] outputs/journal_train/coupled/seed17/ckpt_step12000.pt
[  12000/48000] phase=A route=detached world=0.0109 w_ema=0.0481 pred=0.0109 smooth=0.0000 | actor=0.4735 b=0.0489 H=1.609 maxpi=0.200 KL=0.000000 logits|.|=0.035 e[min,max,std]=0.010,0.013,0.001 zone=[0.31, 0.46, 0.23] act=[0.21, 0.18, 0.2, 0.2, 0.21] (ep=50, 22.6s)
[  14000/48000] phase=B route=coupled world=0.0421 w_ema=0.0798 pred=0.0421 smooth=0.0000 | actor=0.2742 b=0.0817 H=1.378 maxpi=0.553 KL=0.000391 logits|.|=1.112 e[min,max,std]=0.030,0.058,0.011 zone=[0.01, 0.34, 0.65] act=[0.31, 0.13, 0.04, 0.09, 0.44] (ep=58, 39.7s)
[  16000/48000] phase=B route=coupled world=0.0288 w_ema=0.0986 pred=0.0288 smooth=0.0000 | actor=1.1055 b=0.1031 H=1.315 maxpi=0.419 KL=0.000354 logits|.|=0.914 e[min,max,std]=0.028,0.034,0.002 zone=[0.03, 0.24, 0.74] act=[0.3, 0.12, 0.05, 0.14, 0.39] (ep=66, 39.4s)
[checkpoint] outputs/journal_train/coupled/seed17/ckpt_step18000.pt
[  18000/48000] phase=B route=coupled world=0.0014 w_ema=0.0030 pred=0.0014 smooth=0.0000 | actor=0.0004 b=0.0030 H=0.023 maxpi=0.997 KL=0.000000 logits|.|=2.051 e[min,max,std]=0.001,0.014,0.004 zone=[0.0, 0.02, 0.98] act=[0.01, 0.04, 0.02, 0.92, 0.01] (ep=75, 39.7s)
[  20000/48000] phase=B route=coupled world=0.0037 w_ema=0.0085 pred=0.0037 smooth=0.0000 | actor=0.0003 b=0.0084 H=0.017 maxpi=0.998 KL=0.000000 logits|.|=2.150 e[min,max,std]=0.004,0.007,0.001 zone=[0.0, 0.01, 0.99] act=[0.0, 0.0, 0.0, 0.99, 0.0] (ep=83, 39.7s)
[  22000/48000] phase=B route=coupled world=0.0022 w_ema=0.0039 pred=0.0022 smooth=0.0000 | actor=0.0002 b=0.0039 H=0.025 maxpi=0.997 KL=0.000000 logits|.|=2.095 e[min,max,std]=0.002,0.008,0.002 zone=[0.0, 0.01, 0.99] act=[0.0, 0.0, 0.0, 1.0, 0.0] (ep=91, 39.7s)
[checkpoint] outputs/journal_train/coupled/seed17/ckpt_step24000.pt
[  24000/48000] phase=B route=coupled world=0.0008 w_ema=0.0030 pred=0.0008 smooth=0.0000 | actor=0.0001 b=0.0030 H=0.005 maxpi=0.999 KL=0.000000 logits|.|=2.607 e[min,max,std]=0.001,0.005,0.001 zone=[0.0, 0.01, 0.99] act=[0.0, 0.0, 0.0, 1.0, 0.0] (ep=100, 34.6s)
[  26000/48000] phase=B route=coupled world=0.0026 w_ema=0.0075 pred=0.0026 smooth=0.0000 | actor=0.0001 b=0.0074 H=0.006 maxpi=0.999 KL=0.000000 logits|.|=2.507 e[min,max,std]=0.003,0.009,0.002 zone=[0.0, 0.01, 0.99] act=[0.0, 0.0, 0.0, 1.0, 0.0] (ep=108, 34.3s)
[  28000/48000] phase=B route=coupled world=0.0030 w_ema=0.0366 pred=0.0030 smooth=0.0000 | actor=0.0470 b=0.0368 H=0.304 maxpi=0.816 KL=0.004074 logits|.|=1.711 e[min,max,std]=0.003,0.011,0.003 zone=[0.0, 0.04, 0.96] act=[0.01, 0.01, 0.01, 0.94, 0.03] (ep=116, 40.0s)
[checkpoint] outputs/journal_train/coupled/seed17/ckpt_step30000.pt
[  30000/48000] phase=B route=coupled world=0.0047 w_ema=0.0031 pred=0.0047 smooth=0.0000 | actor=-0.0016 b=0.0031 H=0.078 maxpi=0.989 KL=0.000000 logits|.|=1.986 e[min,max,std]=0.005,0.009,0.002 zone=[0.0, 0.01, 0.99] act=[0.0, 0.0, 0.01, 0.99, 0.0] (ep=125, 40.0s)
[  32000/48000] phase=B route=coupled world=0.0009 w_ema=0.0077 pred=0.0009 smooth=0.0000 | actor=0.0004 b=0.0076 H=0.010 maxpi=0.999 KL=0.000000 logits|.|=2.338 e[min,max,std]=0.001,0.007,0.002 zone=[0.0, 0.01, 0.99] act=[0.01, 0.0, 0.0, 0.99, 0.0] (ep=133, 40.0s)
[  34000/48000] phase=B route=coupled world=0.0025 w_ema=0.0039 pred=0.0025 smooth=0.0000 | actor=0.0000 b=0.0039 H=0.003 maxpi=1.000 KL=-0.000000 logits|.|=2.725 e[min,max,std]=0.002,0.016,0.005 zone=[0.0, 0.01, 0.99] act=[0.0, 0.0, 0.0, 1.0, 0.0] (ep=141, 40.1s)
[checkpoint] outputs/journal_train/coupled/seed17/ckpt_step36000.pt
[  36000/48000] phase=B route=coupled world=0.0021 w_ema=0.0032 pred=0.0021 smooth=0.0000 | actor=0.0000 b=0.0032 H=0.002 maxpi=1.000 KL=0.000000 logits|.|=2.864 e[min,max,std]=0.002,0.005,0.001 zone=[0.0, 0.01, 0.99] act=[0.0, 0.0, 0.0, 1.0, 0.0] (ep=150, 40.0s)
[  38000/48000] phase=B route=coupled world=0.0006 w_ema=0.0070 pred=0.0006 smooth=0.0000 | actor=0.0001 b=0.0069 H=0.005 maxpi=1.000 KL=0.000000 logits|.|=2.717 e[min,max,std]=0.001,0.010,0.004 zone=[0.0, 0.01, 0.99] act=[0.0, 0.0, 0.0, 1.0, 0.0] (ep=158, 39.8s)
[  40000/48000] phase=B route=coupled world=0.0027 w_ema=0.0032 pred=0.0027 smooth=0.0000 | actor=0.0000 b=0.0032 H=0.007 maxpi=0.999 KL=0.000000 logits|.|=2.544 e[min,max,std]=0.003,0.007,0.002 zone=[0.0, 0.01, 0.99] act=[0.0, 0.0, 0.0, 1.0, 0.0] (ep=166, 40.2s)
[checkpoint] outputs/journal_train/coupled/seed17/ckpt_step42000.pt
[  42000/48000] phase=B route=coupled world=0.0016 w_ema=0.0026 pred=0.0016 smooth=0.0000 | actor=0.0002 b=0.0026 H=0.017 maxpi=0.998 KL=0.000000 logits|.|=2.345 e[min,max,std]=0.002,0.005,0.001 zone=[0.0, 0.01, 0.99] act=[0.0, 0.0, 0.0, 1.0, 0.0] (ep=175, 40.5s)
[  44000/48000] phase=B route=coupled world=0.0036 w_ema=0.0084 pred=0.0036 smooth=0.0000 | actor=0.0003 b=0.0083 H=0.012 maxpi=0.999 KL=0.000000 logits|.|=2.418 e[min,max,std]=0.004,0.016,0.004 zone=[0.0, 0.01, 0.99] act=[0.0, 0.0, 0.0, 1.0, 0.0] (ep=183, 40.1s)
[  46000/48000] phase=B route=coupled world=0.0029 w_ema=0.0031 pred=0.0029 smooth=0.0000 | actor=0.0000 b=0.0031 H=0.007 maxpi=0.999 KL=0.000000 logits|.|=2.519 e[min,max,std]=0.003,0.007,0.001 zone=[0.0, 0.01, 0.99] act=[0.0, 0.0, 0.0, 1.0, 0.0] (ep=191, 40.5s)
[checkpoint] outputs/journal_train/coupled/seed17/ckpt_step48000.pt
[  48000/48000] phase=B route=coupled world=0.0036 w_ema=0.0028 pred=0.0036 smooth=0.0000 | actor=-0.0001 b=0.0028 H=0.016 maxpi=0.998 KL=0.000000 logits|.|=2.594 e[min,max,std]=0.002,0.008,0.002 zone=[0.0, 0.01, 0.99] act=[0.0, 0.0, 0.0, 1.0, 0.0] (ep=200, 40.1s)
Saved training trajectory to: outputs/journal_train/coupled/seed17/train_traj.parquet
Saved checkpoint to: outputs/journal_train/coupled/seed17/ckpt.pt
