/venv/cear-cemergence/lib/python3.10/runpy.py:126: RuntimeWarning: 'cear_pilot.training.train' found in sys.modules after import of package 'cear_pilot.training', but prior to execution of 'cear_pilot.training.train'; this may result in unpredictable behaviour
  warn(RuntimeWarning(msg))
[   2000/48000] phase=A world=0.0999 w_ema=0.2068 pred=0.0999 smooth=0.0000 | actor=0.9507 b=0.2066 H=1.609 maxpi=0.201 KL=0.000005 logits|.|=0.007 e[min,max,std]=0.095,0.114,0.007 zone=[0.21, 0.47, 0.32] act=[0.22, 0.19, 0.2, 0.19, 0.2] (ep=8, 22.0s)
[   4000/48000] phase=A world=0.1018 w_ema=0.3331 pred=0.1018 smooth=0.0001 | actor=1.7544 b=0.3334 H=1.609 maxpi=0.201 KL=0.000004 logits|.|=0.009 e[min,max,std]=0.087,0.118,0.010 zone=[0.3, 0.35, 0.35] act=[0.2, 0.2, 0.19, 0.19, 0.21] (ep=16, 21.0s)
[   6000/48000] phase=A world=0.0014 w_ema=0.0039 pred=0.0014 smooth=0.0000 | actor=0.0960 b=0.0049 H=1.609 maxpi=0.200 KL=0.000001 logits|.|=0.008 e[min,max,std]=0.001,0.003,0.001 zone=[0.25, 0.36, 0.39] act=[0.2, 0.2, 0.2, 0.21, 0.19] (ep=25, 21.1s)
[   8000/48000] phase=A world=0.2012 w_ema=0.1753 pred=0.2012 smooth=0.0000 | actor=-0.3256 b=0.1761 H=1.609 maxpi=0.201 KL=0.000003 logits|.|=0.006 e[min,max,std]=0.191,0.216,0.010 zone=[0.36, 0.38, 0.26] act=[0.22, 0.19, 0.2, 0.2, 0.18] (ep=33, 21.0s)
[  10000/48000] phase=A world=0.3929 w_ema=0.3461 pred=0.3928 smooth=0.0006 | actor=-0.4955 b=0.3467 H=1.609 maxpi=0.201 KL=0.000006 logits|.|=0.010 e[min,max,std]=0.381,0.410,0.011 zone=[0.39, 0.4, 0.21] act=[0.19, 0.21, 0.2, 0.19, 0.2] (ep=41, 21.4s)
[  12000/48000] phase=A world=0.0041 w_ema=0.0390 pred=0.0041 smooth=0.0000 | actor=0.4487 b=0.0393 H=1.609 maxpi=0.200 KL=0.000000 logits|.|=0.011 e[min,max,std]=0.004,0.006,0.001 zone=[0.35, 0.4, 0.25] act=[0.19, 0.22, 0.2, 0.2, 0.18] (ep=50, 22.1s)
[  14000/48000] phase=B world=0.0025 w_ema=0.0121 pred=0.0025 smooth=0.0000 | actor=0.0057 b=0.0121 H=0.111 maxpi=0.978 KL=0.001960 logits|.|=1.829 e[min,max,std]=0.002,0.006,0.001 zone=[0.01, 0.07, 0.92] act=[0.11, 0.03, 0.07, 0.75, 0.05] (ep=58, 22.2s)
[  16000/48000] phase=B world=0.0051 w_ema=0.0049 pred=0.0051 smooth=0.0000 | actor=-0.0017 b=0.0054 H=0.904 maxpi=0.682 KL=0.001437 logits|.|=1.266 e[min,max,std]=0.005,0.006,0.000 zone=[0.0, 0.03, 0.97] act=[0.07, 0.01, 0.02, 0.88, 0.02] (ep=66, 21.2s)
[  18000/48000] phase=B world=0.0018 w_ema=0.0027 pred=0.0018 smooth=0.0000 | actor=0.0043 b=0.0029 H=0.230 maxpi=0.943 KL=0.000560 logits|.|=1.422 e[min,max,std]=0.002,0.007,0.002 zone=[0.0, 0.03, 0.97] act=[0.06, 0.01, 0.01, 0.91, 0.02] (ep=75, 22.2s)
[  20000/48000] phase=B world=0.0037 w_ema=0.0088 pred=0.0037 smooth=0.0000 | actor=0.0031 b=0.0090 H=0.124 maxpi=0.962 KL=0.011437 logits|.|=1.809 e[min,max,std]=0.004,0.008,0.002 zone=[0.0, 0.03, 0.97] act=[0.04, 0.01, 0.01, 0.93, 0.01] (ep=83, 22.4s)
[  22000/48000] phase=B world=0.0037 w_ema=0.0051 pred=0.0037 smooth=0.0000 | actor=0.0060 b=0.0055 H=0.366 maxpi=0.909 KL=0.003622 logits|.|=1.269 e[min,max,std]=0.003,0.015,0.004 zone=[0.0, 0.04, 0.96] act=[0.03, 0.03, 0.01, 0.91, 0.02] (ep=91, 22.6s)
[  24000/48000] phase=B world=0.0009 w_ema=0.0030 pred=0.0009 smooth=0.0000 | actor=0.0034 b=0.0031 H=0.159 maxpi=0.970 KL=0.003280 logits|.|=1.684 e[min,max,std]=0.001,0.007,0.002 zone=[0.0, 0.03, 0.96] act=[0.01, 0.02, 0.01, 0.96, 0.01] (ep=100, 21.5s)
[  26000/48000] phase=B world=0.0035 w_ema=0.0126 pred=0.0035 smooth=0.0001 | actor=0.0012 b=0.0126 H=0.038 maxpi=0.976 KL=0.061652 logits|.|=2.195 e[min,max,std]=0.004,0.006,0.001 zone=[0.0, 0.04, 0.96] act=[0.01, 0.01, 0.01, 0.96, 0.01] (ep=108, 21.1s)
[  28000/48000] phase=B world=0.0029 w_ema=0.0033 pred=0.0029 smooth=0.0000 | actor=0.0014 b=0.0034 H=0.222 maxpi=0.941 KL=0.003283 logits|.|=1.438 e[min,max,std]=0.003,0.006,0.001 zone=[0.0, 0.03, 0.96] act=[0.01, 0.01, 0.01, 0.95, 0.01] (ep=116, 21.1s)
[  30000/48000] phase=B world=0.0019 w_ema=0.0031 pred=0.0019 smooth=0.0000 | actor=0.0016 b=0.0031 H=0.115 maxpi=0.979 KL=0.001048 logits|.|=1.776 e[min,max,std]=0.002,0.005,0.001 zone=[0.0, 0.03, 0.97] act=[0.01, 0.01, 0.01, 0.96, 0.01] (ep=125, 21.1s)
[  32000/48000] phase=B world=0.0042 w_ema=0.0107 pred=0.0042 smooth=0.0000 | actor=0.0020 b=0.0106 H=0.080 maxpi=0.973 KL=0.023119 logits|.|=2.004 e[min,max,std]=0.004,0.011,0.002 zone=[0.0, 0.04, 0.96] act=[0.01, 0.02, 0.01, 0.95, 0.01] (ep=133, 21.1s)
[  34000/48000] phase=B world=0.0039 w_ema=0.0050 pred=0.0039 smooth=0.0000 | actor=0.0018 b=0.0051 H=0.222 maxpi=0.932 KL=0.004480 logits|.|=1.495 e[min,max,std]=0.003,0.006,0.001 zone=[0.0, 0.03, 0.97] act=[0.01, 0.02, 0.01, 0.95, 0.01] (ep=141, 21.1s)
[  36000/48000] phase=B world=0.0040 w_ema=0.0031 pred=0.0040 smooth=0.0000 | actor=-0.0184 b=0.0035 H=0.725 maxpi=0.724 KL=0.017176 logits|.|=0.839 e[min,max,std]=0.003,0.004,0.001 zone=[0.05, 0.09, 0.86] act=[0.07, 0.04, 0.05, 0.81, 0.03] (ep=150, 21.1s)
[  38000/48000] phase=B world=0.0051 w_ema=0.0097 pred=0.0051 smooth=0.0000 | actor=0.0069 b=0.0097 H=0.201 maxpi=0.929 KL=0.033493 logits|.|=1.792 e[min,max,std]=0.005,0.008,0.001 zone=[0.0, 0.02, 0.98] act=[0.01, 0.03, 0.01, 0.95, 0.0] (ep=158, 21.1s)
[  40000/48000] phase=B world=0.0010 w_ema=0.0044 pred=0.0010 smooth=0.0000 | actor=0.0047 b=0.0044 H=0.134 maxpi=0.975 KL=0.000151 logits|.|=1.853 e[min,max,std]=0.001,0.006,0.002 zone=[0.0, 0.04, 0.96] act=[0.04, 0.03, 0.01, 0.92, 0.01] (ep=166, 21.0s)
[  42000/48000] phase=B world=0.0018 w_ema=0.0031 pred=0.0018 smooth=0.0000 | actor=0.0049 b=0.0033 H=0.268 maxpi=0.952 KL=0.003610 logits|.|=1.606 e[min,max,std]=0.002,0.008,0.002 zone=[0.0, 0.02, 0.98] act=[0.03, 0.02, 0.02, 0.93, 0.01] (ep=175, 21.3s)
[  44000/48000] phase=B world=0.0018 w_ema=0.0105 pred=0.0018 smooth=0.0000 | actor=0.8037 b=0.0106 H=0.172 maxpi=0.957 KL=0.008583 logits|.|=1.747 e[min,max,std]=0.002,0.007,0.002 zone=[0.0, 0.04, 0.96] act=[0.02, 0.01, 0.02, 0.95, 0.01] (ep=183, 22.1s)
[  46000/48000] phase=B world=0.0056 w_ema=0.0036 pred=0.0056 smooth=0.0000 | actor=-0.0017 b=0.0037 H=0.079 maxpi=0.985 KL=0.001664 logits|.|=2.131 e[min,max,std]=0.006,0.012,0.002 zone=[0.0, 0.02, 0.97] act=[0.01, 0.0, 0.01, 0.97, 0.0] (ep=191, 22.2s)
[  48000/48000] phase=B world=0.0013 w_ema=0.0028 pred=0.0013 smooth=0.0000 | actor=0.0017 b=0.0030 H=0.063 maxpi=0.981 KL=0.001546 logits|.|=2.030 e[min,max,std]=0.001,0.008,0.003 zone=[0.0, 0.04, 0.96] act=[0.08, 0.01, 0.04, 0.8, 0.07] (ep=200, 21.1s)
Saved checkpoint to: outputs/runs/seed20/ckpt.pt
