/venv/cear-cemergence/lib/python3.10/runpy.py:126: RuntimeWarning: 'cear_pilot.training.train' found in sys.modules after import of package 'cear_pilot.training', but prior to execution of 'cear_pilot.training.train'; this may result in unpredictable behaviour
  warn(RuntimeWarning(msg))
[checkpoint] outputs/journal_train/coupled/seed18/ckpt_step00000.pt
[   2000/48000] phase=A route=detached world=0.5716 w_ema=0.2225 pred=0.5716 smooth=0.0001 | actor=-3.0890 b=0.2234 H=1.609 maxpi=0.201 KL=0.000008 logits|.|=0.093 e[min,max,std]=0.546,0.595,0.018 zone=[0.3, 0.43, 0.27] act=[0.19, 0.2, 0.22, 0.21, 0.18] (ep=8, 34.3s)
[   4000/48000] phase=A route=detached world=0.0685 w_ema=0.0529 pred=0.0685 smooth=0.0000 | actor=-0.2070 b=0.0553 H=1.609 maxpi=0.200 KL=0.000002 logits|.|=0.058 e[min,max,std]=0.061,0.080,0.007 zone=[0.24, 0.45, 0.31] act=[0.21, 0.2, 0.2, 0.2, 0.19] (ep=16, 33.2s)
[   6000/48000] phase=A route=detached world=0.0026 w_ema=0.0157 pred=0.0026 smooth=0.0000 | actor=0.2073 b=0.0166 H=1.609 maxpi=0.200 KL=0.000001 logits|.|=0.063 e[min,max,std]=0.003,0.006,0.001 zone=[0.4, 0.36, 0.24] act=[0.2, 0.21, 0.2, 0.19, 0.2] (ep=25, 33.2s)
[   8000/48000] phase=A route=detached world=0.2324 w_ema=0.2629 pred=0.2324 smooth=0.0000 | actor=0.3147 b=0.2635 H=1.609 maxpi=0.201 KL=0.000008 logits|.|=0.080 e[min,max,std]=0.225,0.250,0.009 zone=[0.3, 0.43, 0.27] act=[0.2, 0.21, 0.19, 0.19, 0.21] (ep=33, 33.1s)
[  10000/48000] phase=A route=detached world=0.0488 w_ema=0.1309 pred=0.0488 smooth=0.0000 | actor=0.9715 b=0.1329 H=1.609 maxpi=0.201 KL=0.000002 logits|.|=0.078 e[min,max,std]=0.042,0.054,0.004 zone=[0.38, 0.38, 0.25] act=[0.19, 0.2, 0.2, 0.2, 0.21] (ep=41, 33.8s)
[checkpoint] outputs/journal_train/coupled/seed18/ckpt_step12000.pt
[  12000/48000] phase=A route=detached world=0.0190 w_ema=0.0824 pred=0.0190 smooth=0.0000 | actor=0.6029 b=0.0829 H=1.609 maxpi=0.200 KL=0.000002 logits|.|=0.085 e[min,max,std]=0.018,0.022,0.002 zone=[0.33, 0.41, 0.26] act=[0.21, 0.21, 0.19, 0.18, 0.21] (ep=50, 24.0s)
[  14000/48000] phase=B route=coupled world=0.0050 w_ema=0.0372 pred=0.0050 smooth=0.0000 | actor=0.8828 b=0.0383 H=1.585 maxpi=0.266 KL=0.003763 logits|.|=0.223 e[min,max,std]=0.004,0.008,0.002 zone=[0.04, 0.17, 0.79] act=[0.1, 0.43, 0.05, 0.19, 0.23] (ep=58, 27.2s)
[  16000/48000] phase=B route=coupled world=0.0024 w_ema=0.0079 pred=0.0024 smooth=0.0000 | actor=0.0300 b=0.0084 H=0.676 maxpi=0.777 KL=0.000334 logits|.|=0.903 e[min,max,std]=0.001,0.007,0.002 zone=[0.02, 0.13, 0.85] act=[0.13, 0.14, 0.09, 0.22, 0.41] (ep=66, 34.1s)
[checkpoint] outputs/journal_train/coupled/seed18/ckpt_step18000.pt
[  18000/48000] phase=B route=coupled world=0.1020 w_ema=0.1074 pred=0.1019 smooth=0.0003 | actor=0.1592 b=0.1090 H=1.441 maxpi=0.477 KL=0.106469 logits|.|=0.595 e[min,max,std]=0.093,0.127,0.011 zone=[0.01, 0.35, 0.64] act=[0.09, 0.07, 0.05, 0.09, 0.69] (ep=75, 38.8s)
[  20000/48000] phase=B route=coupled world=0.0030 w_ema=0.0066 pred=0.0030 smooth=0.0000 | actor=0.0040 b=0.0073 H=0.108 maxpi=0.977 KL=0.000214 logits|.|=2.058 e[min,max,std]=0.003,0.078,0.024 zone=[0.11, 0.08, 0.81] act=[0.12, 0.02, 0.06, 0.57, 0.23] (ep=83, 38.8s)
[  22000/48000] phase=B route=coupled world=0.0020 w_ema=0.0132 pred=0.0020 smooth=0.0001 | actor=0.0161 b=0.0138 H=0.306 maxpi=0.863 KL=0.281463 logits|.|=1.946 e[min,max,std]=0.002,0.008,0.002 zone=[0.03, 0.13, 0.84] act=[0.1, 0.18, 0.03, 0.62, 0.06] (ep=91, 38.9s)
[checkpoint] outputs/journal_train/coupled/seed18/ckpt_step24000.pt
[  24000/48000] phase=B route=coupled world=0.0021 w_ema=0.0029 pred=0.0021 smooth=0.0000 | actor=0.0051 b=0.0035 H=0.224 maxpi=0.901 KL=0.004211 logits|.|=1.525 e[min,max,std]=0.002,0.011,0.003 zone=[0.0, 0.09, 0.91] act=[0.15, 0.4, 0.01, 0.28, 0.16] (ep=100, 39.1s)
[  26000/48000] phase=B route=coupled world=0.0023 w_ema=0.0171 pred=0.0023 smooth=0.0000 | actor=0.0155 b=0.0173 H=0.201 maxpi=0.956 KL=0.198322 logits|.|=2.231 e[min,max,std]=0.002,0.014,0.004 zone=[0.02, 0.23, 0.76] act=[0.4, 0.04, 0.02, 0.11, 0.43] (ep=108, 39.0s)
[  28000/48000] phase=B route=coupled world=0.0020 w_ema=0.0051 pred=0.0020 smooth=0.0000 | actor=0.0032 b=0.0052 H=0.122 maxpi=0.977 KL=0.014899 logits|.|=2.171 e[min,max,std]=0.002,0.012,0.003 zone=[0.01, 0.15, 0.84] act=[0.95, 0.01, 0.01, 0.02, 0.01] (ep=116, 39.1s)
[checkpoint] outputs/journal_train/coupled/seed18/ckpt_step30000.pt
[  30000/48000] phase=B route=coupled world=0.0021 w_ema=0.0042 pred=0.0021 smooth=0.0000 | actor=0.0427 b=0.0070 H=0.972 maxpi=0.513 KL=0.080344 logits|.|=2.302 e[min,max,std]=0.002,0.006,0.001 zone=[0.01, 0.16, 0.84] act=[0.44, 0.49, 0.01, 0.03, 0.03] (ep=125, 39.1s)
[  32000/48000] phase=B route=coupled world=0.0887 w_ema=0.0569 pred=0.0887 smooth=0.0001 | actor=-0.0598 b=0.0577 H=0.420 maxpi=0.754 KL=0.615748 logits|.|=1.819 e[min,max,std]=0.086,0.122,0.012 zone=[0.01, 0.11, 0.88] act=[0.69, 0.09, 0.03, 0.12, 0.06] (ep=133, 39.4s)
[  34000/48000] phase=B route=coupled world=0.0020 w_ema=0.0040 pred=0.0020 smooth=0.0001 | actor=0.0169 b=0.0046 H=0.472 maxpi=0.837 KL=0.083123 logits|.|=2.458 e[min,max,std]=0.002,0.008,0.002 zone=[0.0, 0.05, 0.95] act=[0.25, 0.05, 0.02, 0.37, 0.31] (ep=141, 38.9s)
[checkpoint] outputs/journal_train/coupled/seed18/ckpt_step36000.pt
[  36000/48000] phase=B route=coupled world=0.0010 w_ema=0.0030 pred=0.0010 smooth=0.0000 | actor=0.0008 b=0.0031 H=0.042 maxpi=0.991 KL=0.003805 logits|.|=2.198 e[min,max,std]=0.001,0.019,0.006 zone=[0.0, 0.05, 0.95] act=[0.24, 0.01, 0.0, 0.48, 0.27] (ep=150, 39.7s)
[  38000/48000] phase=B route=coupled world=0.0030 w_ema=0.0099 pred=0.0029 smooth=0.0000 | actor=0.0046 b=0.0099 H=0.111 maxpi=0.984 KL=2.853764 logits|.|=2.834 e[min,max,std]=0.003,0.012,0.003 zone=[0.0, 0.02, 0.98] act=[0.34, 0.01, 0.0, 0.6, 0.04] (ep=158, 40.1s)
[  40000/48000] phase=B route=coupled world=0.0019 w_ema=0.0190 pred=0.0019 smooth=0.0000 | actor=0.0018 b=0.0190 H=0.036 maxpi=0.994 KL=0.238456 logits|.|=2.957 e[min,max,std]=0.002,0.007,0.002 zone=[0.0, 0.05, 0.95] act=[0.55, 0.0, 0.0, 0.44, 0.01] (ep=166, 40.4s)
[checkpoint] outputs/journal_train/coupled/seed18/ckpt_step42000.pt
[  42000/48000] phase=B route=coupled world=0.0007 w_ema=0.0027 pred=0.0007 smooth=0.0000 | actor=0.0010 b=0.0027 H=0.036 maxpi=0.995 KL=0.010020 logits|.|=2.944 e[min,max,std]=0.001,0.007,0.002 zone=[0.0, 0.02, 0.98] act=[0.64, 0.0, 0.0, 0.36, 0.0] (ep=175, 38.8s)
[  44000/48000] phase=B route=coupled world=0.0064 w_ema=0.0508 pred=0.0064 smooth=0.0001 | actor=0.0007 b=0.0510 H=0.008 maxpi=0.969 KL=0.932699 logits|.|=2.822 e[min,max,std]=0.006,0.028,0.008 zone=[0.0, 0.06, 0.94] act=[0.49, 0.0, 0.0, 0.51, 0.0] (ep=183, 38.7s)
[  46000/48000] phase=B route=coupled world=0.0006 w_ema=0.0043 pred=0.0006 smooth=0.0000 | actor=0.0006 b=0.0043 H=0.024 maxpi=0.981 KL=2.733287 logits|.|=2.527 e[min,max,std]=0.000,0.011,0.004 zone=[0.0, 0.03, 0.97] act=[0.04, 0.0, 0.0, 0.83, 0.13] (ep=191, 38.8s)
[checkpoint] outputs/journal_train/coupled/seed18/ckpt_step48000.pt
[  48000/48000] phase=B route=coupled world=0.0020 w_ema=0.0032 pred=0.0020 smooth=0.0000 | actor=0.0004 b=0.0034 H=0.036 maxpi=0.991 KL=0.780948 logits|.|=2.849 e[min,max,std]=0.002,0.007,0.002 zone=[0.0, 0.04, 0.96] act=[0.01, 0.0, 0.01, 0.25, 0.73] (ep=200, 38.9s)
Saved training trajectory to: outputs/journal_train/coupled/seed18/train_traj.parquet
Saved checkpoint to: outputs/journal_train/coupled/seed18/ckpt.pt
