/venv/cear-cemergence/lib/python3.10/runpy.py:126: RuntimeWarning: 'cear_pilot.training.train' found in sys.modules after import of package 'cear_pilot.training', but prior to execution of 'cear_pilot.training.train'; this may result in unpredictable behaviour
  warn(RuntimeWarning(msg))
[checkpoint] outputs/journal_train/default/seed8/ckpt_step00000.pt
[   2000/48000] phase=A route=detached world=0.0048 w_ema=0.0349 pred=0.0048 smooth=0.0000 | actor=0.5620 b=0.0355 H=1.609 maxpi=0.202 KL=0.000023 logits|.|=0.054 e[min,max,std]=0.004,0.007,0.001 zone=[0.23, 0.35, 0.41] act=[0.22, 0.2, 0.19, 0.21, 0.19] (ep=8, 35.4s)
[   4000/48000] phase=A route=detached world=0.0366 w_ema=0.1438 pred=0.0366 smooth=0.0000 | actor=1.1615 b=0.1445 H=1.609 maxpi=0.200 KL=0.000001 logits|.|=0.031 e[min,max,std]=0.032,0.044,0.004 zone=[0.13, 0.48, 0.38] act=[0.19, 0.19, 0.19, 0.21, 0.22] (ep=16, 32.7s)
[   6000/48000] phase=A route=detached world=0.0409 w_ema=0.2641 pred=0.0409 smooth=0.0000 | actor=1.9187 b=0.2647 H=1.609 maxpi=0.200 KL=0.000001 logits|.|=0.057 e[min,max,std]=0.037,0.046,0.003 zone=[0.35, 0.39, 0.26] act=[0.2, 0.2, 0.21, 0.2, 0.19] (ep=25, 33.5s)
[   8000/48000] phase=A route=detached world=0.0135 w_ema=0.0713 pred=0.0135 smooth=0.0000 | actor=0.7642 b=0.0723 H=1.609 maxpi=0.201 KL=0.000003 logits|.|=0.019 e[min,max,std]=0.011,0.017,0.002 zone=[0.19, 0.41, 0.4] act=[0.2, 0.21, 0.19, 0.2, 0.2] (ep=33, 34.0s)
[  10000/48000] phase=A route=detached world=0.0126 w_ema=0.0488 pred=0.0126 smooth=0.0000 | actor=0.4167 b=0.0496 H=1.609 maxpi=0.200 KL=0.000002 logits|.|=0.019 e[min,max,std]=0.009,0.016,0.002 zone=[0.31, 0.44, 0.25] act=[0.21, 0.21, 0.19, 0.18, 0.2] (ep=41, 34.3s)
[checkpoint] outputs/journal_train/default/seed8/ckpt_step12000.pt
[  12000/48000] phase=A route=detached world=0.1231 w_ema=0.1909 pred=0.1231 smooth=0.0000 | actor=0.5908 b=0.1908 H=1.609 maxpi=0.200 KL=0.000001 logits|.|=0.037 e[min,max,std]=0.113,0.137,0.008 zone=[0.3, 0.36, 0.34] act=[0.21, 0.2, 0.2, 0.2, 0.2] (ep=50, 34.1s)
[  14000/48000] phase=B route=detached world=0.0048 w_ema=0.0062 pred=0.0048 smooth=0.0000 | actor=0.0762 b=0.0066 H=0.967 maxpi=0.505 KL=0.000946 logits|.|=1.962 e[min,max,std]=0.004,0.010,0.002 zone=[0.0, 0.04, 0.96] act=[0.08, 0.37, 0.03, 0.48, 0.03] (ep=58, 34.4s)
[  16000/48000] phase=B route=detached world=0.0022 w_ema=0.0039 pred=0.0022 smooth=0.0000 | actor=0.0046 b=0.0041 H=0.186 maxpi=0.950 KL=0.003346 logits|.|=2.452 e[min,max,std]=0.002,0.006,0.002 zone=[0.0, 0.03, 0.97] act=[0.02, 0.21, 0.0, 0.76, 0.0] (ep=66, 34.3s)
[checkpoint] outputs/journal_train/default/seed8/ckpt_step18000.pt
[  18000/48000] phase=B route=detached world=0.0008 w_ema=0.0033 pred=0.0008 smooth=0.0000 | actor=0.0034 b=0.0035 H=0.219 maxpi=0.953 KL=0.001971 logits|.|=1.731 e[min,max,std]=0.001,0.007,0.002 zone=[0.01, 0.03, 0.96] act=[0.01, 0.03, 0.01, 0.95, 0.01] (ep=75, 34.2s)
[  20000/48000] phase=B route=detached world=0.0012 w_ema=0.0088 pred=0.0012 smooth=0.0000 | actor=0.0042 b=0.0090 H=0.092 maxpi=0.976 KL=0.030203 logits|.|=2.199 e[min,max,std]=0.001,0.006,0.002 zone=[0.0, 0.04, 0.96] act=[0.01, 0.01, 0.0, 0.97, 0.01] (ep=83, 34.2s)
[  22000/48000] phase=B route=detached world=0.0024 w_ema=0.0062 pred=0.0024 smooth=0.0000 | actor=0.0007 b=0.0063 H=0.063 maxpi=0.987 KL=0.006130 logits|.|=2.235 e[min,max,std]=0.002,0.008,0.002 zone=[0.0, 0.04, 0.96] act=[0.0, 0.01, 0.01, 0.97, 0.01] (ep=91, 34.5s)
[checkpoint] outputs/journal_train/default/seed8/ckpt_step24000.pt
[  24000/48000] phase=B route=detached world=0.0024 w_ema=0.0033 pred=0.0024 smooth=0.0000 | actor=0.0003 b=0.0033 H=0.060 maxpi=0.991 KL=0.000901 logits|.|=2.279 e[min,max,std]=0.002,0.011,0.003 zone=[0.0, 0.05, 0.95] act=[0.01, 0.01, 0.01, 0.95, 0.01] (ep=100, 34.4s)
[  26000/48000] phase=B route=detached world=0.0010 w_ema=0.0117 pred=0.0010 smooth=0.0000 | actor=0.0043 b=0.0123 H=0.088 maxpi=0.956 KL=0.028113 logits|.|=1.974 e[min,max,std]=0.001,0.010,0.003 zone=[0.01, 0.05, 0.94] act=[0.01, 0.01, 0.02, 0.95, 0.01] (ep=108, 34.3s)
[  28000/48000] phase=B route=detached world=0.0037 w_ema=0.0077 pred=0.0037 smooth=0.0000 | actor=0.0002 b=0.0077 H=0.018 maxpi=0.992 KL=0.007350 logits|.|=2.726 e[min,max,std]=0.004,0.016,0.004 zone=[0.02, 0.05, 0.94] act=[0.01, 0.0, 0.02, 0.95, 0.02] (ep=116, 34.3s)
[checkpoint] outputs/journal_train/default/seed8/ckpt_step30000.pt
[  30000/48000] phase=B route=detached world=0.0024 w_ema=0.0031 pred=0.0024 smooth=0.0000 | actor=0.0003 b=0.0031 H=0.058 maxpi=0.991 KL=0.000710 logits|.|=2.380 e[min,max,std]=0.002,0.015,0.004 zone=[0.0, 0.04, 0.95] act=[0.01, 0.01, 0.01, 0.96, 0.01] (ep=125, 34.4s)
[  32000/48000] phase=B route=detached world=0.0014 w_ema=0.0156 pred=0.0014 smooth=0.0000 | actor=0.0127 b=0.0156 H=0.189 maxpi=0.929 KL=0.023975 logits|.|=1.761 e[min,max,std]=0.001,0.010,0.003 zone=[0.0, 0.04, 0.96] act=[0.02, 0.01, 0.01, 0.95, 0.01] (ep=133, 34.5s)
[  34000/48000] phase=B route=detached world=0.0017 w_ema=0.0048 pred=0.0017 smooth=0.0000 | actor=0.0043 b=0.0049 H=0.240 maxpi=0.947 KL=0.002592 logits|.|=1.751 e[min,max,std]=0.002,0.008,0.002 zone=[0.01, 0.05, 0.94] act=[0.03, 0.02, 0.02, 0.91, 0.02] (ep=141, 34.7s)
[checkpoint] outputs/journal_train/default/seed8/ckpt_step36000.pt
[  36000/48000] phase=B route=detached world=0.0015 w_ema=0.0028 pred=0.0015 smooth=0.0000 | actor=0.0011 b=0.0027 H=0.089 maxpi=0.986 KL=0.000348 logits|.|=2.241 e[min,max,std]=0.001,0.007,0.002 zone=[0.0, 0.04, 0.96] act=[0.01, 0.02, 0.01, 0.94, 0.02] (ep=150, 34.5s)
[  38000/48000] phase=B route=detached world=0.0031 w_ema=0.0156 pred=0.0031 smooth=0.0000 | actor=0.0088 b=0.0156 H=0.179 maxpi=0.950 KL=0.015031 logits|.|=1.802 e[min,max,std]=0.003,0.009,0.002 zone=[0.0, 0.04, 0.96] act=[0.01, 0.01, 0.01, 0.96, 0.01] (ep=158, 34.3s)
[  40000/48000] phase=B route=detached world=0.0015 w_ema=0.0039 pred=0.0015 smooth=0.0000 | actor=0.0056 b=0.0040 H=0.234 maxpi=0.953 KL=0.006325 logits|.|=1.814 e[min,max,std]=0.001,0.007,0.002 zone=[0.0, 0.04, 0.96] act=[0.02, 0.01, 0.01, 0.95, 0.01] (ep=166, 34.7s)
[checkpoint] outputs/journal_train/default/seed8/ckpt_step42000.pt
[  42000/48000] phase=B route=detached world=0.0028 w_ema=0.0028 pred=0.0028 smooth=0.0000 | actor=0.0003 b=0.0029 H=0.131 maxpi=0.968 KL=0.000828 logits|.|=2.559 e[min,max,std]=0.003,0.015,0.004 zone=[0.01, 0.04, 0.96] act=[0.08, 0.02, 0.01, 0.88, 0.01] (ep=175, 34.8s)
[  44000/48000] phase=B route=detached world=0.0011 w_ema=0.0161 pred=0.0011 smooth=0.0000 | actor=0.1574 b=0.0166 H=0.960 maxpi=0.786 KL=0.064923 logits|.|=1.618 e[min,max,std]=0.001,0.009,0.003 zone=[0.0, 0.05, 0.94] act=[0.09, 0.01, 0.01, 0.87, 0.01] (ep=183, 34.2s)
[  46000/48000] phase=B route=detached world=0.0022 w_ema=0.0051 pred=0.0022 smooth=0.0000 | actor=0.0017 b=0.0051 H=0.090 maxpi=0.977 KL=0.002547 logits|.|=2.584 e[min,max,std]=0.002,0.015,0.004 zone=[0.0, 0.04, 0.95] act=[0.05, 0.01, 0.01, 0.93, 0.01] (ep=191, 34.4s)
[checkpoint] outputs/journal_train/default/seed8/ckpt_step48000.pt
[  48000/48000] phase=B route=detached world=0.0018 w_ema=0.0033 pred=0.0018 smooth=0.0000 | actor=0.0009 b=0.0034 H=0.051 maxpi=0.988 KL=0.001240 logits|.|=2.485 e[min,max,std]=0.002,0.008,0.002 zone=[0.0, 0.03, 0.97] act=[0.02, 0.0, 0.0, 0.98, 0.0] (ep=200, 34.7s)
Saved training trajectory to: outputs/journal_train/default/seed8/train_traj.parquet
Saved checkpoint to: outputs/journal_train/default/seed8/ckpt.pt
