/venv/cear-cemergence/lib/python3.10/runpy.py:126: RuntimeWarning: 'cear_pilot.training.train' found in sys.modules after import of package 'cear_pilot.training', but prior to execution of 'cear_pilot.training.train'; this may result in unpredictable behaviour
  warn(RuntimeWarning(msg))
[   2000/48000] phase=A world=0.0230 w_ema=0.0535 pred=0.0230 smooth=0.0000 | actor=0.5552 b=0.0546 H=1.609 maxpi=0.201 KL=0.000005 logits|.|=0.029 e[min,max,std]=0.022,0.027,0.002 zone=[0.21, 0.49, 0.3] act=[0.2, 0.2, 0.21, 0.21, 0.18] (ep=8, 23.1s)
[   4000/48000] phase=A world=0.0114 w_ema=0.0609 pred=0.0114 smooth=0.0001 | actor=0.8010 b=0.0611 H=1.609 maxpi=0.201 KL=0.000014 logits|.|=0.022 e[min,max,std]=0.009,0.016,0.002 zone=[0.23, 0.51, 0.27] act=[0.2, 0.2, 0.19, 0.2, 0.21] (ep=16, 21.4s)
[   6000/48000] phase=A world=0.2347 w_ema=0.0334 pred=0.2347 smooth=0.0000 | actor=-4.1637 b=0.0340 H=1.609 maxpi=0.200 KL=0.000000 logits|.|=0.018 e[min,max,std]=0.232,0.240,0.003 zone=[0.17, 0.42, 0.41] act=[0.21, 0.2, 0.19, 0.2, 0.2] (ep=25, 21.0s)
[   8000/48000] phase=A world=0.0997 w_ema=0.2489 pred=0.0996 smooth=0.0001 | actor=1.1450 b=0.2499 H=1.609 maxpi=0.201 KL=0.000021 logits|.|=0.025 e[min,max,std]=0.093,0.108,0.005 zone=[0.33, 0.42, 0.24] act=[0.19, 0.2, 0.2, 0.21, 0.2] (ep=33, 21.5s)
[  10000/48000] phase=A world=0.0010 w_ema=0.0142 pred=0.0010 smooth=0.0000 | actor=0.4622 b=0.0149 H=1.609 maxpi=0.200 KL=0.000001 logits|.|=0.010 e[min,max,std]=0.001,0.002,0.000 zone=[0.26, 0.35, 0.39] act=[0.19, 0.2, 0.19, 0.21, 0.2] (ep=41, 21.8s)
[  12000/48000] phase=A world=0.4999 w_ema=0.2554 pred=0.4999 smooth=0.0000 | actor=-2.0680 b=0.2553 H=1.609 maxpi=0.201 KL=0.000008 logits|.|=0.024 e[min,max,std]=0.484,0.515,0.010 zone=[0.3, 0.3, 0.4] act=[0.2, 0.2, 0.2, 0.2, 0.2] (ep=50, 21.9s)
[  14000/48000] phase=B world=0.0018 w_ema=0.0145 pred=0.0018 smooth=0.0000 | actor=1.0566 b=0.0155 H=1.281 maxpi=0.426 KL=0.000565 logits|.|=0.914 e[min,max,std]=0.002,0.007,0.002 zone=[0.0, 0.11, 0.89] act=[0.08, 0.3, 0.09, 0.28, 0.26] (ep=58, 21.7s)
[  16000/48000] phase=B world=0.0042 w_ema=0.0034 pred=0.0042 smooth=0.0000 | actor=0.0003 b=0.0044 H=0.094 maxpi=0.975 KL=0.001363 logits|.|=1.931 e[min,max,std]=0.004,0.020,0.006 zone=[0.0, 0.05, 0.95] act=[0.04, 0.28, 0.02, 0.5, 0.15] (ep=66, 20.5s)
[  18000/48000] phase=B world=0.0022 w_ema=0.0031 pred=0.0022 smooth=0.0000 | actor=0.0002 b=0.0031 H=0.019 maxpi=0.997 KL=0.000333 logits|.|=2.638 e[min,max,std]=0.002,0.006,0.001 zone=[0.0, 0.02, 0.98] act=[0.0, 0.01, 0.0, 0.98, 0.01] (ep=75, 20.7s)
[  20000/48000] phase=B world=0.0035 w_ema=0.0094 pred=0.0035 smooth=0.0000 | actor=0.0214 b=0.0097 H=0.440 maxpi=0.875 KL=0.036121 logits|.|=1.607 e[min,max,std]=0.004,0.006,0.001 zone=[0.0, 0.04, 0.96] act=[0.02, 0.11, 0.01, 0.84, 0.01] (ep=83, 20.7s)
[  22000/48000] phase=B world=0.0022 w_ema=0.0051 pred=0.0022 smooth=0.0000 | actor=0.1044 b=0.0065 H=1.397 maxpi=0.451 KL=0.080212 logits|.|=0.589 e[min,max,std]=0.002,0.007,0.002 zone=[0.0, 0.05, 0.95] act=[0.05, 0.1, 0.02, 0.8, 0.03] (ep=91, 20.6s)
[  24000/48000] phase=B world=0.0039 w_ema=0.0030 pred=0.0039 smooth=0.0000 | actor=-0.0005 b=0.0030 H=0.051 maxpi=0.991 KL=0.000939 logits|.|=2.243 e[min,max,std]=0.004,0.010,0.002 zone=[0.01, 0.08, 0.91] act=[0.04, 0.09, 0.02, 0.81, 0.04] (ep=100, 20.9s)
[  26000/48000] phase=B world=0.0043 w_ema=0.0403 pred=0.0043 smooth=0.0000 | actor=0.0063 b=0.0403 H=0.116 maxpi=0.786 KL=0.112755 logits|.|=1.389 e[min,max,std]=0.004,0.014,0.003 zone=[0.01, 0.04, 0.95] act=[0.03, 0.04, 0.02, 0.88, 0.04] (ep=108, 20.6s)
[  28000/48000] phase=B world=0.0018 w_ema=0.0043 pred=0.0018 smooth=0.0000 | actor=0.0058 b=0.0044 H=0.283 maxpi=0.942 KL=0.021592 logits|.|=1.590 e[min,max,std]=0.002,0.004,0.001 zone=[0.0, 0.05, 0.95] act=[0.03, 0.02, 0.02, 0.89, 0.03] (ep=116, 20.6s)
[  30000/48000] phase=B world=0.0020 w_ema=0.0029 pred=0.0020 smooth=0.0000 | actor=0.0038 b=0.0029 H=0.248 maxpi=0.964 KL=0.001225 logits|.|=1.770 e[min,max,std]=0.002,0.006,0.001 zone=[0.0, 0.04, 0.96] act=[0.01, 0.01, 0.01, 0.95, 0.01] (ep=125, 20.6s)
[  32000/48000] phase=B world=0.0017 w_ema=0.0059 pred=0.0017 smooth=0.0000 | actor=0.0006 b=0.0059 H=0.026 maxpi=0.990 KL=0.009766 logits|.|=2.638 e[min,max,std]=0.002,0.006,0.001 zone=[0.0, 0.03, 0.97] act=[0.01, 0.01, 0.01, 0.95, 0.02] (ep=133, 20.6s)
[  34000/48000] phase=B world=0.0033 w_ema=0.0031 pred=0.0033 smooth=0.0000 | actor=-0.0000 b=0.0031 H=0.016 maxpi=0.996 KL=0.001089 logits|.|=2.703 e[min,max,std]=0.001,0.004,0.001 zone=[0.0, 0.02, 0.98] act=[0.01, 0.01, 0.0, 0.98, 0.01] (ep=141, 21.3s)
[  36000/48000] phase=B world=0.0019 w_ema=0.0035 pred=0.0019 smooth=0.0000 | actor=0.0003 b=0.0037 H=0.043 maxpi=0.994 KL=0.001355 logits|.|=2.373 e[min,max,std]=0.002,0.011,0.003 zone=[0.0, 0.03, 0.97] act=[0.01, 0.01, 0.02, 0.96, 0.01] (ep=150, 21.5s)
[  38000/48000] phase=B world=0.0025 w_ema=0.0092 pred=0.0025 smooth=0.0000 | actor=0.0026 b=0.0093 H=0.066 maxpi=0.986 KL=0.016559 logits|.|=2.190 e[min,max,std]=0.002,0.008,0.002 zone=[0.0, 0.03, 0.97] act=[0.0, 0.0, 0.01, 0.97, 0.01] (ep=158, 21.9s)
[  40000/48000] phase=B world=0.0008 w_ema=0.0031 pred=0.0008 smooth=0.0000 | actor=0.0019 b=0.0031 H=0.058 maxpi=0.992 KL=0.000659 logits|.|=2.228 e[min,max,std]=0.001,0.004,0.001 zone=[0.0, 0.03, 0.97] act=[0.03, 0.0, 0.01, 0.95, 0.01] (ep=166, 21.7s)
[  42000/48000] phase=B world=0.0015 w_ema=0.0030 pred=0.0015 smooth=0.0000 | actor=0.0008 b=0.0031 H=0.070 maxpi=0.990 KL=0.003719 logits|.|=2.080 e[min,max,std]=0.001,0.011,0.004 zone=[0.0, 0.04, 0.96] act=[0.01, 0.01, 0.01, 0.96, 0.01] (ep=175, 21.5s)
[  44000/48000] phase=B world=0.0035 w_ema=0.0052 pred=0.0035 smooth=0.0000 | actor=0.0020 b=0.0053 H=0.127 maxpi=0.979 KL=0.004205 logits|.|=1.869 e[min,max,std]=0.003,0.017,0.004 zone=[0.0, 0.04, 0.96] act=[0.01, 0.01, 0.01, 0.97, 0.01] (ep=183, 20.7s)
[  46000/48000] phase=B world=0.0024 w_ema=0.0039 pred=0.0024 smooth=0.0000 | actor=0.0002 b=0.0039 H=0.020 maxpi=0.997 KL=0.000845 logits|.|=2.657 e[min,max,std]=0.002,0.010,0.003 zone=[0.0, 0.03, 0.97] act=[0.04, 0.01, 0.03, 0.83, 0.08] (ep=191, 20.6s)
[  48000/48000] phase=B world=0.0030 w_ema=0.0029 pred=0.0030 smooth=0.0000 | actor=-0.0001 b=0.0030 H=0.113 maxpi=0.990 KL=0.003231 logits|.|=2.182 e[min,max,std]=0.003,0.006,0.001 zone=[0.0, 0.02, 0.98] act=[0.0, 0.01, 0.0, 0.97, 0.01] (ep=200, 20.7s)
Saved checkpoint to: outputs/runs/seed30/ckpt.pt
