/venv/cear-cemergence/lib/python3.10/runpy.py:126: RuntimeWarning: 'cear_pilot.training.train' found in sys.modules after import of package 'cear_pilot.training', but prior to execution of 'cear_pilot.training.train'; this may result in unpredictable behaviour
  warn(RuntimeWarning(msg))
[checkpoint] outputs/journal_train/coupled/seed30/ckpt_step00000.pt
[   2000/48000] phase=A route=detached world=0.0230 w_ema=0.0535 pred=0.0230 smooth=0.0000 | actor=0.5552 b=0.0546 H=1.609 maxpi=0.201 KL=0.000005 logits|.|=0.029 e[min,max,std]=0.022,0.027,0.002 zone=[0.21, 0.49, 0.3] act=[0.2, 0.2, 0.21, 0.21, 0.18] (ep=8, 36.8s)
[   4000/48000] phase=A route=detached world=0.0114 w_ema=0.0609 pred=0.0114 smooth=0.0001 | actor=0.8010 b=0.0611 H=1.609 maxpi=0.201 KL=0.000014 logits|.|=0.022 e[min,max,std]=0.009,0.016,0.002 zone=[0.23, 0.51, 0.27] act=[0.2, 0.2, 0.19, 0.2, 0.21] (ep=16, 34.5s)
[   6000/48000] phase=A route=detached world=0.2347 w_ema=0.0334 pred=0.2347 smooth=0.0000 | actor=-4.1637 b=0.0340 H=1.609 maxpi=0.200 KL=0.000000 logits|.|=0.018 e[min,max,std]=0.232,0.240,0.003 zone=[0.17, 0.42, 0.41] act=[0.21, 0.2, 0.19, 0.2, 0.2] (ep=25, 35.2s)
[   8000/48000] phase=A route=detached world=0.0997 w_ema=0.2489 pred=0.0996 smooth=0.0001 | actor=1.1450 b=0.2499 H=1.609 maxpi=0.201 KL=0.000021 logits|.|=0.025 e[min,max,std]=0.093,0.108,0.005 zone=[0.33, 0.42, 0.24] act=[0.19, 0.2, 0.2, 0.21, 0.2] (ep=33, 36.9s)
[  10000/48000] phase=A route=detached world=0.0010 w_ema=0.0142 pred=0.0010 smooth=0.0000 | actor=0.4622 b=0.0149 H=1.609 maxpi=0.200 KL=0.000001 logits|.|=0.010 e[min,max,std]=0.001,0.002,0.000 zone=[0.26, 0.35, 0.39] act=[0.19, 0.2, 0.19, 0.21, 0.2] (ep=41, 36.1s)
[checkpoint] outputs/journal_train/coupled/seed30/ckpt_step12000.pt
[  12000/48000] phase=A route=detached world=0.4999 w_ema=0.2554 pred=0.4999 smooth=0.0000 | actor=-2.0680 b=0.2553 H=1.609 maxpi=0.201 KL=0.000008 logits|.|=0.024 e[min,max,std]=0.484,0.515,0.010 zone=[0.3, 0.3, 0.4] act=[0.2, 0.2, 0.2, 0.2, 0.2] (ep=50, 34.8s)
[  14000/48000] phase=B route=coupled world=0.0016 w_ema=0.0086 pred=0.0016 smooth=0.0000 | actor=0.0009 b=0.0085 H=0.023 maxpi=0.997 KL=0.000000 logits|.|=2.545 e[min,max,std]=0.002,0.021,0.007 zone=[0.0, 0.03, 0.97] act=[0.02, 0.02, 0.03, 0.89, 0.04] (ep=58, 40.4s)
[  16000/48000] phase=B route=coupled world=0.0043 w_ema=0.0036 pred=0.0043 smooth=0.0000 | actor=-0.0001 b=0.0038 H=0.015 maxpi=0.998 KL=0.000001 logits|.|=2.794 e[min,max,std]=0.004,0.009,0.002 zone=[0.0, 0.02, 0.98] act=[0.01, 0.1, 0.01, 0.88, 0.01] (ep=66, 40.9s)
[checkpoint] outputs/journal_train/coupled/seed30/ckpt_step18000.pt
[  18000/48000] phase=B route=coupled world=0.0024 w_ema=0.0030 pred=0.0024 smooth=0.0000 | actor=0.0001 b=0.0030 H=0.014 maxpi=0.998 KL=0.000040 logits|.|=2.816 e[min,max,std]=0.002,0.007,0.002 zone=[0.0, 0.01, 0.99] act=[0.0, 0.0, 0.0, 1.0, 0.0] (ep=75, 37.6s)
[  20000/48000] phase=B route=coupled world=0.0037 w_ema=0.0056 pred=0.0037 smooth=0.0000 | actor=0.0001 b=0.0056 H=0.006 maxpi=0.999 KL=0.000007 logits|.|=3.027 e[min,max,std]=0.004,0.020,0.006 zone=[0.0, 0.04, 0.96] act=[0.01, 0.01, 0.01, 0.97, 0.01] (ep=83, 40.2s)
[  22000/48000] phase=B route=coupled world=0.0022 w_ema=0.0042 pred=0.0022 smooth=0.0000 | actor=0.0842 b=0.0047 H=1.056 maxpi=0.518 KL=0.033058 logits|.|=2.929 e[min,max,std]=0.002,0.008,0.002 zone=[0.01, 0.13, 0.86] act=[0.14, 0.22, 0.01, 0.56, 0.07] (ep=91, 40.4s)
[checkpoint] outputs/journal_train/coupled/seed30/ckpt_step24000.pt
[  24000/48000] phase=B route=coupled world=0.0041 w_ema=0.0047 pred=0.0041 smooth=0.0000 | actor=0.0219 b=0.0056 H=0.969 maxpi=0.466 KL=0.095676 logits|.|=2.843 e[min,max,std]=0.004,0.009,0.002 zone=[0.0, 0.04, 0.96] act=[0.11, 0.11, 0.02, 0.71, 0.05] (ep=100, 40.6s)
[  26000/48000] phase=B route=coupled world=0.1527 w_ema=0.0887 pred=0.1527 smooth=0.0000 | actor=-0.9657 b=0.0899 H=1.127 maxpi=0.490 KL=0.051718 logits|.|=1.665 e[min,max,std]=0.151,0.174,0.008 zone=[0.0, 0.1, 0.9] act=[0.2, 0.18, 0.01, 0.57, 0.04] (ep=108, 40.4s)
[  28000/48000] phase=B route=coupled world=0.0018 w_ema=0.0045 pred=0.0018 smooth=0.0000 | actor=0.0014 b=0.0045 H=0.045 maxpi=0.991 KL=0.000347 logits|.|=3.168 e[min,max,std]=0.002,0.010,0.003 zone=[0.03, 0.38, 0.59] act=[0.08, 0.19, 0.03, 0.5, 0.19] (ep=116, 38.8s)
[checkpoint] outputs/journal_train/coupled/seed30/ckpt_step30000.pt
[  30000/48000] phase=B route=coupled world=0.0020 w_ema=0.0029 pred=0.0020 smooth=0.0000 | actor=0.0003 b=0.0029 H=0.032 maxpi=0.995 KL=0.000495 logits|.|=3.231 e[min,max,std]=0.002,0.013,0.004 zone=[0.0, 0.03, 0.97] act=[0.0, 0.0, 0.04, 0.94, 0.02] (ep=125, 41.9s)
[  32000/48000] phase=B route=coupled world=0.0026 w_ema=0.0237 pred=0.0026 smooth=0.0000 | actor=0.0186 b=0.0236 H=0.202 maxpi=0.835 KL=0.000596 logits|.|=1.830 e[min,max,std]=0.003,0.010,0.003 zone=[0.0, 0.04, 0.96] act=[0.0, 0.01, 0.02, 0.87, 0.09] (ep=133, 42.2s)
[  34000/48000] phase=B route=coupled world=0.0036 w_ema=0.0031 pred=0.0036 smooth=0.0000 | actor=-0.0001 b=0.0032 H=0.015 maxpi=0.995 KL=0.000339 logits|.|=3.410 e[min,max,std]=0.004,0.009,0.002 zone=[0.0, 0.03, 0.97] act=[0.0, 0.0, 0.02, 0.96, 0.02] (ep=141, 39.3s)
[checkpoint] outputs/journal_train/coupled/seed30/ckpt_step36000.pt
[  36000/48000] phase=B route=coupled world=0.0015 w_ema=0.0034 pred=0.0015 smooth=0.0000 | actor=0.0002 b=0.0036 H=0.019 maxpi=0.996 KL=0.000875 logits|.|=3.151 e[min,max,std]=0.001,0.011,0.003 zone=[0.0, 0.03, 0.97] act=[0.0, 0.0, 0.01, 0.96, 0.02] (ep=150, 41.5s)
[  38000/48000] phase=B route=coupled world=0.0027 w_ema=0.0099 pred=0.0027 smooth=0.0000 | actor=0.0004 b=0.0100 H=0.011 maxpi=0.935 KL=0.014689 logits|.|=2.687 e[min,max,std]=0.003,0.011,0.003 zone=[0.0, 0.05, 0.95] act=[0.01, 0.0, 0.01, 0.96, 0.01] (ep=158, 42.1s)
[  40000/48000] phase=B route=coupled world=0.0007 w_ema=0.0034 pred=0.0007 smooth=0.0000 | actor=0.0004 b=0.0034 H=0.015 maxpi=0.993 KL=0.000678 logits|.|=2.898 e[min,max,std]=0.001,0.011,0.004 zone=[0.0, 0.07, 0.93] act=[0.02, 0.0, 0.02, 0.92, 0.04] (ep=166, 38.5s)
[checkpoint] outputs/journal_train/coupled/seed30/ckpt_step42000.pt
[  42000/48000] phase=B route=coupled world=0.0016 w_ema=0.0043 pred=0.0016 smooth=0.0000 | actor=0.1419 b=0.0071 H=0.953 maxpi=0.575 KL=0.032064 logits|.|=2.419 e[min,max,std]=0.003,0.007,0.002 zone=[0.0, 0.06, 0.94] act=[0.1, 0.1, 0.02, 0.63, 0.15] (ep=175, 40.8s)
[  44000/48000] phase=B route=coupled world=0.0037 w_ema=0.0198 pred=0.0037 smooth=0.0000 | actor=0.0177 b=0.0200 H=0.230 maxpi=0.962 KL=0.508074 logits|.|=2.878 e[min,max,std]=0.004,0.029,0.009 zone=[0.0, 0.21, 0.79] act=[0.06, 0.05, 0.0, 0.24, 0.65] (ep=183, 42.0s)
[  46000/48000] phase=B route=coupled world=0.0024 w_ema=0.0059 pred=0.0024 smooth=0.0000 | actor=0.0002 b=0.0060 H=0.009 maxpi=0.936 KL=1.071620 logits|.|=3.334 e[min,max,std]=0.002,0.010,0.003 zone=[0.0, 0.05, 0.95] act=[0.01, 0.1, 0.0, 0.53, 0.36] (ep=191, 39.3s)
[checkpoint] outputs/journal_train/coupled/seed30/ckpt_step48000.pt
[  48000/48000] phase=B route=coupled world=0.0035 w_ema=0.0033 pred=0.0035 smooth=0.0000 | actor=-0.0000 b=0.0034 H=0.007 maxpi=0.997 KL=0.209117 logits|.|=3.106 e[min,max,std]=0.004,0.036,0.013 zone=[0.0, 0.08, 0.92] act=[0.0, 0.25, 0.0, 0.71, 0.04] (ep=200, 41.0s)
Saved training trajectory to: outputs/journal_train/coupled/seed30/train_traj.parquet
Saved checkpoint to: outputs/journal_train/coupled/seed30/ckpt.pt
