/venv/cear-cemergence/lib/python3.10/runpy.py:126: RuntimeWarning: 'cear_pilot.training.train' found in sys.modules after import of package 'cear_pilot.training', but prior to execution of 'cear_pilot.training.train'; this may result in unpredictable behaviour
  warn(RuntimeWarning(msg))
[   2000/48000] phase=A world=0.0478 w_ema=0.1006 pred=0.0478 smooth=0.0000 | actor=0.9510 b=0.1007 H=1.609 maxpi=0.201 KL=0.000008 logits|.|=0.144 e[min,max,std]=0.046,0.052,0.002 zone=[0.17, 0.45, 0.38] act=[0.2, 0.19, 0.2, 0.21, 0.2] (ep=8, 23.7s)
[   4000/48000] phase=A world=0.4839 w_ema=0.3272 pred=0.4839 smooth=0.0000 | actor=-1.3052 b=0.3294 H=1.609 maxpi=0.201 KL=0.000003 logits|.|=0.129 e[min,max,std]=0.464,0.502,0.016 zone=[0.41, 0.38, 0.22] act=[0.19, 0.2, 0.21, 0.19, 0.2] (ep=16, 22.9s)
[   6000/48000] phase=A world=0.0054 w_ema=0.0347 pred=0.0054 smooth=0.0000 | actor=0.8290 b=0.0355 H=1.609 maxpi=0.200 KL=0.000002 logits|.|=0.116 e[min,max,std]=0.004,0.008,0.002 zone=[0.19, 0.33, 0.49] act=[0.19, 0.19, 0.19, 0.21, 0.21] (ep=25, 22.5s)
[   8000/48000] phase=A world=0.0883 w_ema=0.0966 pred=0.0883 smooth=0.0002 | actor=0.0507 b=0.0967 H=1.609 maxpi=0.200 KL=0.000001 logits|.|=0.137 e[min,max,std]=0.081,0.096,0.005 zone=[0.37, 0.39, 0.24] act=[0.21, 0.19, 0.2, 0.19, 0.2] (ep=33, 21.7s)
[  10000/48000] phase=A world=0.0896 w_ema=0.2151 pred=0.0896 smooth=0.0001 | actor=1.0902 b=0.2181 H=1.609 maxpi=0.201 KL=0.000004 logits|.|=0.131 e[min,max,std]=0.085,0.096,0.005 zone=[0.46, 0.29, 0.25] act=[0.2, 0.19, 0.22, 0.2, 0.2] (ep=41, 21.2s)
[  12000/48000] phase=A world=0.1365 w_ema=0.2894 pred=0.1364 smooth=0.0004 | actor=1.2630 b=0.2881 H=1.609 maxpi=0.201 KL=0.000007 logits|.|=0.131 e[min,max,std]=0.127,0.156,0.010 zone=[0.2, 0.53, 0.27] act=[0.21, 0.2, 0.19, 0.2, 0.2] (ep=50, 21.3s)
[  14000/48000] phase=B world=0.0016 w_ema=0.0107 pred=0.0016 smooth=0.0000 | actor=0.0079 b=0.0110 H=0.162 maxpi=0.977 KL=0.000018 logits|.|=1.944 e[min,max,std]=0.002,0.008,0.002 zone=[0.0, 0.05, 0.95] act=[0.08, 0.08, 0.07, 0.71, 0.07] (ep=58, 21.1s)
[  16000/48000] phase=B world=0.0045 w_ema=0.0033 pred=0.0045 smooth=0.0000 | actor=-0.0005 b=0.0033 H=0.043 maxpi=0.994 KL=0.000002 logits|.|=2.487 e[min,max,std]=0.004,0.010,0.002 zone=[0.0, 0.01, 0.99] act=[0.0, 0.0, 0.0, 0.99, 0.0] (ep=66, 21.2s)
[  18000/48000] phase=B world=0.0028 w_ema=0.0028 pred=0.0028 smooth=0.0000 | actor=0.0000 b=0.0029 H=0.009 maxpi=0.999 KL=0.000000 logits|.|=3.090 e[min,max,std]=0.003,0.006,0.001 zone=[0.0, 0.01, 0.99] act=[0.0, 0.0, 0.0, 1.0, 0.0] (ep=75, 21.1s)
[  20000/48000] phase=B world=0.0027 w_ema=0.0084 pred=0.0027 smooth=0.0000 | actor=0.0004 b=0.0084 H=0.016 maxpi=0.998 KL=0.000010 logits|.|=2.919 e[min,max,std]=0.001,0.005,0.001 zone=[0.0, 0.01, 0.99] act=[0.0, 0.0, 0.0, 1.0, 0.0] (ep=83, 18.9s)
[  22000/48000] phase=B world=0.0023 w_ema=0.0043 pred=0.0023 smooth=0.0000 | actor=0.0114 b=0.0049 H=0.330 maxpi=0.879 KL=0.007030 logits|.|=1.361 e[min,max,std]=0.002,0.018,0.005 zone=[0.0, 0.01, 0.99] act=[0.01, 0.01, 0.0, 0.96, 0.01] (ep=91, 19.6s)
[  24000/48000] phase=B world=0.0037 w_ema=0.0030 pred=0.0037 smooth=0.0000 | actor=-0.0001 b=0.0030 H=0.020 maxpi=0.997 KL=0.001943 logits|.|=2.730 e[min,max,std]=0.004,0.012,0.003 zone=[0.0, 0.02, 0.98] act=[0.01, 0.01, 0.0, 0.98, 0.01] (ep=100, 21.3s)
[  26000/48000] phase=B world=0.0031 w_ema=0.0098 pred=0.0031 smooth=0.0000 | actor=0.0077 b=0.0100 H=0.173 maxpi=0.931 KL=0.024126 logits|.|=1.577 e[min,max,std]=0.003,0.006,0.001 zone=[0.0, 0.02, 0.98] act=[0.01, 0.02, 0.01, 0.95, 0.01] (ep=108, 21.1s)
[  28000/48000] phase=B world=0.0081 w_ema=0.0050 pred=0.0081 smooth=0.0000 | actor=-0.0042 b=0.0052 H=0.221 maxpi=0.954 KL=0.006763 logits|.|=1.738 e[min,max,std]=0.007,0.011,0.001 zone=[0.0, 0.03, 0.97] act=[0.01, 0.01, 0.01, 0.95, 0.02] (ep=116, 21.1s)
[  30000/48000] phase=B world=0.0016 w_ema=0.0029 pred=0.0016 smooth=0.0000 | actor=0.0006 b=0.0029 H=0.062 maxpi=0.990 KL=0.002740 logits|.|=2.251 e[min,max,std]=0.002,0.003,0.001 zone=[0.0, 0.05, 0.95] act=[0.05, 0.08, 0.03, 0.79, 0.05] (ep=125, 21.2s)
[  32000/48000] phase=B world=0.0024 w_ema=0.0105 pred=0.0024 smooth=0.0000 | actor=0.0257 b=0.0106 H=0.346 maxpi=0.918 KL=0.017770 logits|.|=1.667 e[min,max,std]=0.002,0.008,0.002 zone=[0.0, 0.03, 0.97] act=[0.01, 0.03, 0.01, 0.93, 0.02] (ep=133, 21.2s)
[  34000/48000] phase=B world=0.0018 w_ema=0.0037 pred=0.0018 smooth=0.0000 | actor=0.0022 b=0.0037 H=0.127 maxpi=0.974 KL=0.002648 logits|.|=1.915 e[min,max,std]=0.002,0.004,0.001 zone=[0.0, 0.03, 0.97] act=[0.01, 0.03, 0.01, 0.94, 0.01] (ep=141, 21.1s)
[  36000/48000] phase=B world=0.0020 w_ema=0.0032 pred=0.0020 smooth=0.0000 | actor=0.0052 b=0.0034 H=0.266 maxpi=0.937 KL=0.002261 logits|.|=1.489 e[min,max,std]=0.001,0.004,0.001 zone=[0.0, 0.04, 0.96] act=[0.02, 0.05, 0.02, 0.85, 0.05] (ep=150, 21.4s)
[  38000/48000] phase=B world=0.0028 w_ema=0.0117 pred=0.0028 smooth=0.0000 | actor=0.0059 b=0.0118 H=0.146 maxpi=0.943 KL=0.032351 logits|.|=1.859 e[min,max,std]=0.002,0.008,0.002 zone=[0.0, 0.03, 0.97] act=[0.01, 0.02, 0.01, 0.95, 0.02] (ep=158, 21.5s)
[  40000/48000] phase=B world=0.0017 w_ema=0.0030 pred=0.0017 smooth=0.0000 | actor=0.0005 b=0.0030 H=0.036 maxpi=0.993 KL=0.001254 logits|.|=2.443 e[min,max,std]=0.002,0.009,0.002 zone=[0.0, 0.02, 0.98] act=[0.0, 0.01, 0.0, 0.98, 0.0] (ep=166, 21.8s)
[  42000/48000] phase=B world=0.0040 w_ema=0.0034 pred=0.0040 smooth=0.0000 | actor=-0.0011 b=0.0035 H=0.218 maxpi=0.955 KL=0.001866 logits|.|=1.567 e[min,max,std]=0.003,0.005,0.001 zone=[0.0, 0.04, 0.95] act=[0.01, 0.02, 0.01, 0.94, 0.02] (ep=175, 22.2s)
[  44000/48000] phase=B world=0.0042 w_ema=0.0091 pred=0.0042 smooth=0.0000 | actor=0.0331 b=0.0093 H=0.709 maxpi=0.854 KL=0.009694 logits|.|=1.174 e[min,max,std]=0.004,0.009,0.002 zone=[0.0, 0.04, 0.96] act=[0.01, 0.02, 0.01, 0.93, 0.03] (ep=183, 21.3s)
[  46000/48000] phase=B world=0.0019 w_ema=0.0042 pred=0.0019 smooth=0.0000 | actor=0.0009 b=0.0042 H=0.066 maxpi=0.989 KL=0.001918 logits|.|=2.216 e[min,max,std]=0.002,0.009,0.002 zone=[0.0, 0.03, 0.97] act=[0.01, 0.02, 0.01, 0.94, 0.02] (ep=191, 21.1s)
[  48000/48000] phase=B world=0.0023 w_ema=0.0104 pred=0.0023 smooth=0.0000 | actor=0.0578 b=0.0129 H=0.913 maxpi=0.664 KL=0.071238 logits|.|=1.512 e[min,max,std]=0.004,0.006,0.001 zone=[0.08, 0.28, 0.64] act=[0.35, 0.14, 0.05, 0.33, 0.12] (ep=200, 19.2s)
Saved checkpoint to: outputs/runs/seed19/ckpt.pt
