/venv/cear-cemergence/lib/python3.10/runpy.py:126: RuntimeWarning: 'cear_pilot.training.train' found in sys.modules after import of package 'cear_pilot.training', but prior to execution of 'cear_pilot.training.train'; this may result in unpredictable behaviour
  warn(RuntimeWarning(msg))
[checkpoint] outputs/journal_train/coupled/seed12/ckpt_step00000.pt
[   2000/48000] phase=A route=detached world=0.0604 w_ema=0.1048 pred=0.0604 smooth=0.0000 | actor=0.6035 b=0.1063 H=1.609 maxpi=0.201 KL=0.000006 logits|.|=0.020 e[min,max,std]=0.053,0.068,0.006 zone=[0.2, 0.48, 0.33] act=[0.2, 0.18, 0.19, 0.2, 0.22] (ep=8, 34.9s)
[   4000/48000] phase=A route=detached world=0.3979 w_ema=0.3411 pred=0.3979 smooth=0.0000 | actor=-0.5133 b=0.3407 H=1.609 maxpi=0.201 KL=0.000003 logits|.|=0.025 e[min,max,std]=0.376,0.409,0.012 zone=[0.36, 0.49, 0.15] act=[0.2, 0.2, 0.21, 0.21, 0.18] (ep=16, 34.0s)
[   6000/48000] phase=A route=detached world=0.0845 w_ema=0.2551 pred=0.0845 smooth=0.0000 | actor=1.4052 b=0.2571 H=1.609 maxpi=0.201 KL=0.000003 logits|.|=0.031 e[min,max,std]=0.079,0.093,0.004 zone=[0.35, 0.49, 0.15] act=[0.21, 0.2, 0.2, 0.2, 0.2] (ep=25, 34.1s)
[   8000/48000] phase=A route=detached world=0.1140 w_ema=0.3137 pred=0.1140 smooth=0.0000 | actor=1.3641 b=0.3165 H=1.609 maxpi=0.201 KL=0.000003 logits|.|=0.030 e[min,max,std]=0.108,0.126,0.006 zone=[0.26, 0.43, 0.31] act=[0.21, 0.2, 0.19, 0.2, 0.2] (ep=33, 34.2s)
[  10000/48000] phase=A route=detached world=0.5504 w_ema=0.2623 pred=0.5504 smooth=0.0000 | actor=-2.3065 b=0.2651 H=1.609 maxpi=0.200 KL=0.000001 logits|.|=0.034 e[min,max,std]=0.521,0.561,0.015 zone=[0.33, 0.52, 0.14] act=[0.21, 0.2, 0.19, 0.18, 0.21] (ep=41, 34.1s)
[checkpoint] outputs/journal_train/coupled/seed12/ckpt_step12000.pt
[  12000/48000] phase=A route=detached world=0.1511 w_ema=0.0100 pred=0.1511 smooth=0.0000 | actor=-4.7598 b=0.0110 H=1.609 maxpi=0.200 KL=0.000000 logits|.|=0.028 e[min,max,std]=0.134,0.161,0.010 zone=[0.28, 0.39, 0.33] act=[0.2, 0.22, 0.2, 0.19, 0.2] (ep=50, 34.1s)
[  14000/48000] phase=B route=coupled world=0.0012 w_ema=0.0170 pred=0.0012 smooth=0.0000 | actor=0.7450 b=0.0179 H=1.195 maxpi=0.464 KL=0.000024 logits|.|=1.183 e[min,max,std]=0.002,0.016,0.005 zone=[0.05, 0.26, 0.69] act=[0.19, 0.22, 0.08, 0.21, 0.3] (ep=58, 38.6s)
[  16000/48000] phase=B route=coupled world=0.0015 w_ema=0.0054 pred=0.0015 smooth=0.0000 | actor=0.0376 b=0.0057 H=0.831 maxpi=0.685 KL=0.000007 logits|.|=1.772 e[min,max,std]=0.001,0.008,0.003 zone=[0.0, 0.08, 0.92] act=[0.36, 0.42, 0.02, 0.19, 0.0] (ep=66, 38.6s)
[checkpoint] outputs/journal_train/coupled/seed12/ckpt_step18000.pt
[  18000/48000] phase=B route=coupled world=0.0007 w_ema=0.0031 pred=0.0007 smooth=0.0000 | actor=0.0467 b=0.0037 H=0.820 maxpi=0.698 KL=0.000004 logits|.|=1.732 e[min,max,std]=0.001,0.006,0.002 zone=[0.0, 0.1, 0.9] act=[0.2, 0.64, 0.02, 0.14, 0.0] (ep=75, 38.7s)
[  20000/48000] phase=B route=coupled world=0.0009 w_ema=0.0070 pred=0.0009 smooth=0.0000 | actor=0.0164 b=0.0073 H=0.329 maxpi=0.909 KL=0.000003 logits|.|=1.627 e[min,max,std]=0.001,0.012,0.004 zone=[0.0, 0.02, 0.98] act=[0.07, 0.34, 0.01, 0.58, 0.0] (ep=83, 38.6s)
[  22000/48000] phase=B route=coupled world=0.0027 w_ema=0.0031 pred=0.0027 smooth=0.0000 | actor=0.0002 b=0.0031 H=0.055 maxpi=0.992 KL=0.000000 logits|.|=2.348 e[min,max,std]=0.003,0.018,0.006 zone=[0.0, 0.01, 0.99] act=[0.01, 0.0, 0.0, 0.98, 0.0] (ep=91, 39.3s)
[checkpoint] outputs/journal_train/coupled/seed12/ckpt_step24000.pt
[  24000/48000] phase=B route=coupled world=0.0049 w_ema=0.0028 pred=0.0049 smooth=0.0000 | actor=-0.0011 b=0.0028 H=0.033 maxpi=0.995 KL=0.000000 logits|.|=2.774 e[min,max,std]=0.005,0.017,0.005 zone=[0.0, 0.01, 0.99] act=[0.0, 0.0, 0.0, 0.99, 0.0] (ep=100, 39.6s)
[  26000/48000] phase=B route=coupled world=0.0027 w_ema=0.0085 pred=0.0027 smooth=0.0000 | actor=0.0011 b=0.0085 H=0.027 maxpi=0.996 KL=0.000000 logits|.|=2.845 e[min,max,std]=0.003,0.007,0.002 zone=[0.0, 0.01, 0.99] act=[0.0, 0.0, 0.0, 1.0, 0.0] (ep=108, 39.3s)
[  28000/48000] phase=B route=coupled world=0.0013 w_ema=0.0033 pred=0.0013 smooth=0.0000 | actor=0.0013 b=0.0033 H=0.046 maxpi=0.990 KL=0.000001 logits|.|=2.517 e[min,max,std]=0.001,0.006,0.002 zone=[0.0, 0.01, 0.99] act=[0.01, 0.0, 0.0, 0.99, 0.0] (ep=116, 39.0s)
[checkpoint] outputs/journal_train/coupled/seed12/ckpt_step30000.pt
[  30000/48000] phase=B route=coupled world=0.0014 w_ema=0.0030 pred=0.0014 smooth=0.0000 | actor=-0.2993 b=0.0031 H=0.387 maxpi=0.900 KL=0.003949 logits|.|=1.790 e[min,max,std]=0.001,0.006,0.002 zone=[0.0, 0.03, 0.97] act=[0.03, 0.02, 0.01, 0.83, 0.11] (ep=125, 32.0s)
[  32000/48000] phase=B route=coupled world=0.1338 w_ema=0.0876 pred=0.1337 smooth=0.0002 | actor=-0.0119 b=0.0875 H=0.098 maxpi=0.951 KL=0.958719 logits|.|=2.156 e[min,max,std]=0.133,0.159,0.008 zone=[0.0, 0.28, 0.72] act=[0.05, 0.05, 0.02, 0.22, 0.65] (ep=133, 27.9s)
[  34000/48000] phase=B route=coupled world=0.0034 w_ema=0.0060 pred=0.0034 smooth=0.0000 | actor=0.0019 b=0.0067 H=0.142 maxpi=0.966 KL=0.020866 logits|.|=1.699 e[min,max,std]=0.003,0.009,0.002 zone=[0.03, 0.58, 0.39] act=[0.11, 0.11, 0.02, 0.14, 0.62] (ep=141, 28.2s)
[checkpoint] outputs/journal_train/coupled/seed12/ckpt_step36000.pt
[  36000/48000] phase=B route=coupled world=0.0012 w_ema=0.0030 pred=0.0012 smooth=0.0000 | actor=0.0007 b=0.0030 H=0.033 maxpi=0.995 KL=0.003821 logits|.|=2.233 e[min,max,std]=0.001,0.005,0.001 zone=[0.0, 0.02, 0.98] act=[0.0, 0.0, 0.0, 0.98, 0.01] (ep=150, 28.2s)
[  38000/48000] phase=B route=coupled world=0.0080 w_ema=0.0336 pred=0.0080 smooth=0.0000 | actor=0.3363 b=0.0344 H=1.177 maxpi=0.659 KL=0.000787 logits|.|=1.316 e[min,max,std]=0.006,0.011,0.002 zone=[0.0, 0.08, 0.92] act=[0.01, 0.03, 0.0, 0.5, 0.46] (ep=158, 27.2s)
[  40000/48000] phase=B route=coupled world=0.0031 w_ema=0.0048 pred=0.0031 smooth=0.0002 | actor=0.0104 b=0.0050 H=0.474 maxpi=0.857 KL=0.042211 logits|.|=2.500 e[min,max,std]=0.003,0.006,0.001 zone=[0.0, 0.02, 0.98] act=[0.01, 0.06, 0.0, 0.91, 0.01] (ep=166, 34.3s)
[checkpoint] outputs/journal_train/coupled/seed12/ckpt_step42000.pt
[  42000/48000] phase=B route=coupled world=0.0038 w_ema=0.0030 pred=0.0038 smooth=0.0000 | actor=-0.0002 b=0.0030 H=0.018 maxpi=0.998 KL=0.004583 logits|.|=2.714 e[min,max,std]=0.004,0.021,0.006 zone=[0.0, 0.2, 0.8] act=[0.03, 0.29, 0.0, 0.18, 0.5] (ep=175, 39.1s)
[  44000/48000] phase=B route=coupled world=0.0033 w_ema=0.0135 pred=0.0033 smooth=0.0000 | actor=0.0021 b=0.0135 H=0.031 maxpi=0.996 KL=0.000191 logits|.|=2.741 e[min,max,std]=0.003,0.012,0.003 zone=[0.0, 0.04, 0.96] act=[0.0, 0.0, 0.0, 0.86, 0.14] (ep=183, 39.3s)
[  46000/48000] phase=B route=coupled world=0.0028 w_ema=0.0039 pred=0.0028 smooth=0.0000 | actor=0.0000 b=0.0039 H=0.004 maxpi=1.000 KL=0.000001 logits|.|=3.144 e[min,max,std]=0.003,0.014,0.004 zone=[0.0, 0.01, 0.99] act=[0.0, 0.0, 0.0, 1.0, 0.0] (ep=191, 38.9s)
[checkpoint] outputs/journal_train/coupled/seed12/ckpt_step48000.pt
[  48000/48000] phase=B route=coupled world=0.0028 w_ema=0.0026 pred=0.0028 smooth=0.0000 | actor=-0.0000 b=0.0026 H=0.002 maxpi=1.000 KL=0.000000 logits|.|=3.340 e[min,max,std]=0.003,0.004,0.000 zone=[0.0, 0.01, 0.99] act=[0.0, 0.0, 0.0, 1.0, 0.0] (ep=200, 38.9s)
Saved training trajectory to: outputs/journal_train/coupled/seed12/train_traj.parquet
Saved checkpoint to: outputs/journal_train/coupled/seed12/ckpt.pt
