/venv/cear-cemergence/lib/python3.10/runpy.py:126: RuntimeWarning: 'cear_pilot.training.train' found in sys.modules after import of package 'cear_pilot.training', but prior to execution of 'cear_pilot.training.train'; this may result in unpredictable behaviour
  warn(RuntimeWarning(msg))
[checkpoint] outputs/journal_train/coupled/seed24/ckpt_step00000.pt
[   2000/48000] phase=A route=detached world=0.0594 w_ema=0.0415 pred=0.0594 smooth=0.0000 | actor=-0.4274 b=0.0431 H=1.609 maxpi=0.201 KL=0.000007 logits|.|=0.031 e[min,max,std]=0.055,0.067,0.005 zone=[0.21, 0.39, 0.39] act=[0.21, 0.2, 0.2, 0.22, 0.19] (ep=8, 34.9s)
[   4000/48000] phase=A route=detached world=0.2621 w_ema=0.2458 pred=0.2621 smooth=0.0000 | actor=-0.1344 b=0.2473 H=1.609 maxpi=0.201 KL=0.000004 logits|.|=0.034 e[min,max,std]=0.252,0.280,0.010 zone=[0.33, 0.49, 0.18] act=[0.21, 0.2, 0.21, 0.2, 0.19] (ep=16, 25.1s)
[   6000/48000] phase=A route=detached world=0.0040 w_ema=0.0068 pred=0.0040 smooth=0.0000 | actor=0.0326 b=0.0077 H=1.609 maxpi=0.200 KL=0.000000 logits|.|=0.034 e[min,max,std]=0.003,0.006,0.001 zone=[0.27, 0.33, 0.4] act=[0.2, 0.22, 0.2, 0.2, 0.19] (ep=25, 25.7s)
[   8000/48000] phase=A route=detached world=0.0143 w_ema=0.0868 pred=0.0143 smooth=0.0000 | actor=0.6431 b=0.0877 H=1.609 maxpi=0.200 KL=0.000001 logits|.|=0.064 e[min,max,std]=0.011,0.020,0.003 zone=[0.47, 0.41, 0.12] act=[0.21, 0.21, 0.2, 0.18, 0.2] (ep=33, 22.4s)
[  10000/48000] phase=A route=detached world=0.0029 w_ema=0.0137 pred=0.0029 smooth=0.0000 | actor=0.2546 b=0.0145 H=1.609 maxpi=0.200 KL=0.000000 logits|.|=0.038 e[min,max,std]=0.001,0.005,0.002 zone=[0.35, 0.37, 0.27] act=[0.19, 0.2, 0.2, 0.2, 0.2] (ep=41, 23.6s)
[checkpoint] outputs/journal_train/coupled/seed24/ckpt_step12000.pt
[  12000/48000] phase=A route=detached world=0.5676 w_ema=0.2619 pred=0.5675 smooth=0.0001 | actor=-2.5753 b=0.2631 H=1.609 maxpi=0.200 KL=0.000001 logits|.|=0.026 e[min,max,std]=0.555,0.581,0.010 zone=[0.43, 0.44, 0.13] act=[0.2, 0.18, 0.21, 0.19, 0.22] (ep=50, 27.3s)
[  14000/48000] phase=B route=coupled world=0.0023 w_ema=0.0066 pred=0.0023 smooth=0.0000 | actor=0.0042 b=0.0067 H=0.144 maxpi=0.971 KL=0.005077 logits|.|=1.744 e[min,max,std]=0.002,0.006,0.001 zone=[0.02, 0.07, 0.91] act=[0.1, 0.2, 0.04, 0.58, 0.09] (ep=58, 39.5s)
[  16000/48000] phase=B route=coupled world=0.1585 w_ema=0.0937 pred=0.1585 smooth=0.0001 | actor=-3.5732 b=0.0945 H=0.481 maxpi=0.864 KL=0.000017 logits|.|=2.317 e[min,max,std]=0.154,0.216,0.023 zone=[0.0, 0.59, 0.41] act=[0.73, 0.13, 0.01, 0.1, 0.03] (ep=66, 39.5s)
[checkpoint] outputs/journal_train/coupled/seed24/ckpt_step18000.pt
[  18000/48000] phase=B route=coupled world=0.0885 w_ema=0.0910 pred=0.0885 smooth=0.0000 | actor=-0.0008 b=0.0915 H=0.626 maxpi=0.622 KL=0.000034 logits|.|=2.742 e[min,max,std]=0.072,0.092,0.006 zone=[0.17, 0.83, 0.0] act=[0.74, 0.25, 0.01, 0.0, 0.01] (ep=75, 40.0s)
[  20000/48000] phase=B route=coupled world=0.0642 w_ema=0.1055 pred=0.0642 smooth=0.0000 | actor=0.2337 b=0.1078 H=0.644 maxpi=0.751 KL=0.000020 logits|.|=2.520 e[min,max,std]=0.052,0.066,0.005 zone=[0.02, 0.98, 0.0] act=[0.23, 0.76, 0.0, 0.0, 0.0] (ep=83, 39.6s)
[  22000/48000] phase=B route=coupled world=0.0199 w_ema=0.0845 pred=0.0199 smooth=0.0001 | actor=0.9664 b=0.0858 H=0.722 maxpi=0.526 KL=0.000012 logits|.|=2.930 e[min,max,std]=0.020,0.039,0.008 zone=[0.0, 1.0, 0.0] act=[0.29, 0.71, 0.0, 0.0, 0.0] (ep=91, 39.7s)
[checkpoint] outputs/journal_train/coupled/seed24/ckpt_step24000.pt
[  24000/48000] phase=B route=coupled world=0.0409 w_ema=0.0982 pred=0.0409 smooth=0.0000 | actor=0.3581 b=0.0989 H=0.663 maxpi=0.677 KL=0.000059 logits|.|=2.548 e[min,max,std]=0.025,0.050,0.008 zone=[0.0, 1.0, 0.0] act=[0.68, 0.31, 0.0, 0.0, 0.0] (ep=100, 39.9s)
[  26000/48000] phase=B route=coupled world=0.0027 w_ema=0.0119 pred=0.0027 smooth=0.0000 | actor=0.0023 b=0.0119 H=0.062 maxpi=0.990 KL=0.000002 logits|.|=2.090 e[min,max,std]=0.003,0.010,0.002 zone=[0.0, 0.17, 0.83] act=[0.03, 0.33, 0.0, 0.63, 0.01] (ep=108, 39.5s)
[  28000/48000] phase=B route=coupled world=0.0014 w_ema=0.0032 pred=0.0014 smooth=0.0000 | actor=0.0005 b=0.0032 H=0.037 maxpi=0.996 KL=0.000001 logits|.|=2.365 e[min,max,std]=0.001,0.015,0.005 zone=[0.0, 0.01, 0.99] act=[0.0, 0.0, 0.0, 0.99, 0.0] (ep=116, 39.9s)
[checkpoint] outputs/journal_train/coupled/seed24/ckpt_step30000.pt
[  30000/48000] phase=B route=coupled world=0.0030 w_ema=0.0028 pred=0.0030 smooth=0.0000 | actor=-0.0001 b=0.0028 H=0.044 maxpi=0.994 KL=0.000000 logits|.|=2.365 e[min,max,std]=0.003,0.010,0.003 zone=[0.0, 0.01, 0.99] act=[0.0, 0.0, 0.0, 0.99, 0.01] (ep=125, 39.9s)
[  32000/48000] phase=B route=coupled world=0.0041 w_ema=0.0061 pred=0.0041 smooth=0.0000 | actor=0.0002 b=0.0060 H=0.032 maxpi=0.996 KL=0.000000 logits|.|=2.308 e[min,max,std]=0.003,0.008,0.002 zone=[0.0, 0.01, 0.99] act=[0.0, 0.0, 0.0, 1.0, 0.0] (ep=133, 40.0s)
[  34000/48000] phase=B route=coupled world=0.0022 w_ema=0.0035 pred=0.0022 smooth=0.0000 | actor=0.0004 b=0.0035 H=0.035 maxpi=0.995 KL=0.000000 logits|.|=2.277 e[min,max,std]=0.002,0.005,0.001 zone=[0.0, 0.01, 0.99] act=[0.0, 0.0, 0.0, 0.99, 0.0] (ep=141, 40.6s)
[checkpoint] outputs/journal_train/coupled/seed24/ckpt_step36000.pt
[  36000/48000] phase=B route=coupled world=0.0022 w_ema=0.0038 pred=0.0022 smooth=0.0000 | actor=0.0023 b=0.0040 H=0.166 maxpi=0.961 KL=0.000001 logits|.|=2.222 e[min,max,std]=0.002,0.007,0.002 zone=[0.0, 0.09, 0.91] act=[0.0, 0.63, 0.0, 0.36, 0.0] (ep=150, 40.6s)
[  38000/48000] phase=B route=coupled world=0.1782 w_ema=0.1532 pred=0.1781 smooth=0.0000 | actor=-0.0083 b=0.1534 H=0.285 maxpi=0.868 KL=0.000169 logits|.|=2.108 e[min,max,std]=0.164,0.190,0.008 zone=[0.47, 0.23, 0.3] act=[0.47, 0.46, 0.03, 0.02, 0.02] (ep=158, 40.3s)
[  40000/48000] phase=B route=coupled world=0.5455 w_ema=0.1565 pred=0.5454 smooth=0.0001 | actor=-0.4715 b=0.1566 H=0.440 maxpi=0.868 KL=0.000019 logits|.|=2.664 e[min,max,std]=0.542,0.582,0.017 zone=[0.25, 0.75, 0.0] act=[0.86, 0.12, 0.01, 0.0, 0.01] (ep=166, 39.9s)
[checkpoint] outputs/journal_train/coupled/seed24/ckpt_step42000.pt
[  42000/48000] phase=B route=coupled world=0.0875 w_ema=0.0866 pred=0.0875 smooth=0.0000 | actor=0.0233 b=0.0881 H=0.557 maxpi=0.792 KL=0.000008 logits|.|=3.079 e[min,max,std]=0.081,0.105,0.008 zone=[0.07, 0.93, 0.0] act=[0.72, 0.27, 0.01, 0.0, 0.0] (ep=175, 39.9s)
[  44000/48000] phase=B route=coupled world=0.1431 w_ema=0.1069 pred=0.1431 smooth=0.0000 | actor=-0.0655 b=0.1088 H=0.366 maxpi=0.896 KL=0.000003 logits|.|=3.179 e[min,max,std]=0.134,0.175,0.014 zone=[0.0, 1.0, 0.0] act=[0.86, 0.14, 0.0, 0.0, 0.0] (ep=183, 39.6s)
[  46000/48000] phase=B route=coupled world=0.0358 w_ema=0.0881 pred=0.0358 smooth=0.0000 | actor=0.8533 b=0.0893 H=0.709 maxpi=0.526 KL=0.000012 logits|.|=3.329 e[min,max,std]=0.029,0.050,0.007 zone=[0.0, 1.0, 0.0] act=[0.66, 0.34, 0.0, 0.0, 0.0] (ep=191, 39.8s)
[checkpoint] outputs/journal_train/coupled/seed24/ckpt_step48000.pt
[  48000/48000] phase=B route=coupled world=0.0856 w_ema=0.0937 pred=0.0856 smooth=0.0001 | actor=0.0564 b=0.0948 H=0.472 maxpi=0.825 KL=0.000004 logits|.|=3.446 e[min,max,std]=0.082,0.123,0.015 zone=[0.0, 1.0, 0.0] act=[0.25, 0.74, 0.0, 0.0, 0.0] (ep=200, 40.1s)
Saved training trajectory to: outputs/journal_train/coupled/seed24/train_traj.parquet
Saved checkpoint to: outputs/journal_train/coupled/seed24/ckpt.pt
