/venv/cear-cemergence/lib/python3.10/runpy.py:126: RuntimeWarning: 'cear_pilot.training.train' found in sys.modules after import of package 'cear_pilot.training', but prior to execution of 'cear_pilot.training.train'; this may result in unpredictable behaviour
  warn(RuntimeWarning(msg))
[checkpoint] outputs/journal_train/default/seed14/ckpt_step00000.pt
[   2000/48000] phase=A route=detached world=0.0954 w_ema=0.0680 pred=0.0954 smooth=0.0000 | actor=-0.3909 b=0.0689 H=1.609 maxpi=0.201 KL=0.000005 logits|.|=0.069 e[min,max,std]=0.083,0.105,0.008 zone=[0.4, 0.41, 0.18] act=[0.21, 0.2, 0.2, 0.19, 0.21] (ep=8, 26.7s)
[   4000/48000] phase=A route=detached world=0.4726 w_ema=0.3055 pred=0.4726 smooth=0.0000 | actor=-1.3783 b=0.3045 H=1.609 maxpi=0.201 KL=0.000003 logits|.|=0.057 e[min,max,std]=0.454,0.496,0.014 zone=[0.31, 0.38, 0.31] act=[0.21, 0.19, 0.21, 0.2, 0.19] (ep=16, 25.3s)
[   6000/48000] phase=A route=detached world=0.4093 w_ema=0.2511 pred=0.4093 smooth=0.0001 | actor=-1.3165 b=0.2519 H=1.609 maxpi=0.201 KL=0.000005 logits|.|=0.022 e[min,max,std]=0.395,0.423,0.012 zone=[0.21, 0.48, 0.31] act=[0.21, 0.19, 0.2, 0.21, 0.19] (ep=25, 33.8s)
[   8000/48000] phase=A route=detached world=0.1549 w_ema=0.2302 pred=0.1549 smooth=0.0002 | actor=0.7134 b=0.2309 H=1.609 maxpi=0.201 KL=0.000005 logits|.|=0.030 e[min,max,std]=0.150,0.165,0.005 zone=[0.41, 0.33, 0.26] act=[0.2, 0.2, 0.2, 0.2, 0.2] (ep=33, 34.6s)
[  10000/48000] phase=A route=detached world=0.0024 w_ema=0.0223 pred=0.0024 smooth=0.0000 | actor=0.2323 b=0.0230 H=1.609 maxpi=0.200 KL=0.000001 logits|.|=0.034 e[min,max,std]=0.002,0.004,0.001 zone=[0.16, 0.41, 0.43] act=[0.21, 0.2, 0.19, 0.2, 0.2] (ep=41, 34.6s)
[checkpoint] outputs/journal_train/default/seed14/ckpt_step12000.pt
[  12000/48000] phase=A route=detached world=0.4926 w_ema=0.3340 pred=0.4925 smooth=0.0002 | actor=-1.4038 b=0.3333 H=1.609 maxpi=0.201 KL=0.000003 logits|.|=0.022 e[min,max,std]=0.459,0.505,0.017 zone=[0.45, 0.28, 0.27] act=[0.21, 0.18, 0.21, 0.2, 0.2] (ep=50, 34.7s)
[  14000/48000] phase=B route=detached world=0.0034 w_ema=0.0099 pred=0.0034 smooth=0.0000 | actor=0.0027 b=0.0099 H=0.065 maxpi=0.987 KL=0.017556 logits|.|=1.954 e[min,max,std]=0.003,0.005,0.001 zone=[0.05, 0.08, 0.87] act=[0.14, 0.02, 0.07, 0.71, 0.06] (ep=58, 34.7s)
[  16000/48000] phase=B route=detached world=0.0045 w_ema=0.0041 pred=0.0045 smooth=0.0000 | actor=-0.0002 b=0.0041 H=0.073 maxpi=0.986 KL=0.004897 logits|.|=1.934 e[min,max,std]=0.004,0.012,0.003 zone=[0.0, 0.03, 0.97] act=[0.01, 0.0, 0.01, 0.98, 0.0] (ep=66, 34.7s)
[checkpoint] outputs/journal_train/default/seed14/ckpt_step18000.pt
[  18000/48000] phase=B route=detached world=0.0035 w_ema=0.0032 pred=0.0035 smooth=0.0000 | actor=-0.0002 b=0.0031 H=0.059 maxpi=0.992 KL=0.000721 logits|.|=2.065 e[min,max,std]=0.003,0.006,0.001 zone=[0.0, 0.04, 0.96] act=[0.01, 0.01, 0.01, 0.97, 0.01] (ep=75, 34.6s)
[  20000/48000] phase=B route=detached world=0.0034 w_ema=0.0127 pred=0.0034 smooth=0.0000 | actor=0.0031 b=0.0125 H=0.079 maxpi=0.970 KL=0.031831 logits|.|=1.847 e[min,max,std]=0.002,0.006,0.002 zone=[0.0, 0.03, 0.97] act=[0.01, 0.01, 0.01, 0.97, 0.01] (ep=83, 34.7s)
[  22000/48000] phase=B route=detached world=0.0025 w_ema=0.0061 pred=0.0025 smooth=0.0000 | actor=0.1043 b=0.0070 H=1.376 maxpi=0.506 KL=0.005637 logits|.|=0.653 e[min,max,std]=0.002,0.006,0.002 zone=[0.0, 0.04, 0.96] act=[0.09, 0.04, 0.05, 0.76, 0.06] (ep=91, 34.6s)
[checkpoint] outputs/journal_train/default/seed14/ckpt_step24000.pt
[  24000/48000] phase=B route=detached world=0.0040 w_ema=0.0028 pred=0.0040 smooth=0.0000 | actor=-0.0010 b=0.0031 H=0.054 maxpi=0.985 KL=0.000227 logits|.|=1.915 e[min,max,std]=0.004,0.013,0.004 zone=[0.0, 0.05, 0.95] act=[0.09, 0.04, 0.03, 0.79, 0.05] (ep=100, 34.7s)
[  26000/48000] phase=B route=detached world=0.0033 w_ema=0.0149 pred=0.0033 smooth=0.0000 | actor=0.0026 b=0.0150 H=0.054 maxpi=0.963 KL=0.028960 logits|.|=1.982 e[min,max,std]=0.003,0.007,0.001 zone=[0.0, 0.03, 0.97] act=[0.01, 0.01, 0.0, 0.97, 0.0] (ep=108, 34.7s)
[  28000/48000] phase=B route=detached world=0.0056 w_ema=0.0043 pred=0.0056 smooth=0.0000 | actor=-0.0015 b=0.0044 H=0.136 maxpi=0.974 KL=0.008088 logits|.|=1.831 e[min,max,std]=0.004,0.008,0.001 zone=[0.0, 0.04, 0.96] act=[0.02, 0.02, 0.01, 0.94, 0.01] (ep=116, 35.1s)
[checkpoint] outputs/journal_train/default/seed14/ckpt_step30000.pt
[  30000/48000] phase=B route=detached world=0.0017 w_ema=0.0029 pred=0.0017 smooth=0.0000 | actor=0.0004 b=0.0029 H=0.032 maxpi=0.995 KL=0.001440 logits|.|=2.324 e[min,max,std]=0.001,0.004,0.001 zone=[0.0, 0.04, 0.96] act=[0.01, 0.01, 0.01, 0.96, 0.01] (ep=125, 35.0s)
[  32000/48000] phase=B route=detached world=0.0045 w_ema=0.0192 pred=0.0044 smooth=0.0000 | actor=0.0382 b=0.0194 H=0.551 maxpi=0.902 KL=0.039309 logits|.|=1.434 e[min,max,std]=0.004,0.015,0.004 zone=[0.0, 0.03, 0.96] act=[0.02, 0.01, 0.0, 0.96, 0.01] (ep=133, 35.0s)
[  34000/48000] phase=B route=detached world=0.0035 w_ema=0.0038 pred=0.0035 smooth=0.0000 | actor=0.0001 b=0.0039 H=0.054 maxpi=0.985 KL=0.009417 logits|.|=2.139 e[min,max,std]=0.004,0.006,0.001 zone=[0.0, 0.04, 0.96] act=[0.02, 0.01, 0.0, 0.96, 0.02] (ep=141, 34.8s)
[checkpoint] outputs/journal_train/default/seed14/ckpt_step36000.pt
[  36000/48000] phase=B route=detached world=0.0048 w_ema=0.0031 pred=0.0048 smooth=0.0000 | actor=-0.0051 b=0.0031 H=0.215 maxpi=0.962 KL=0.001984 logits|.|=1.908 e[min,max,std]=0.005,0.017,0.005 zone=[0.0, 0.03, 0.97] act=[0.01, 0.01, 0.0, 0.93, 0.05] (ep=150, 34.7s)
[  38000/48000] phase=B route=detached world=0.0034 w_ema=0.0074 pred=0.0034 smooth=0.0000 | actor=0.0228 b=0.0077 H=0.536 maxpi=0.825 KL=0.057365 logits|.|=1.268 e[min,max,std]=0.003,0.004,0.000 zone=[0.0, 0.03, 0.97] act=[0.02, 0.01, 0.0, 0.93, 0.04] (ep=158, 34.9s)
[  40000/48000] phase=B route=detached world=0.0023 w_ema=0.0040 pred=0.0023 smooth=0.0000 | actor=0.0004 b=0.0040 H=0.037 maxpi=0.993 KL=0.005153 logits|.|=2.431 e[min,max,std]=0.002,0.006,0.002 zone=[0.0, 0.03, 0.97] act=[0.01, 0.01, 0.0, 0.97, 0.02] (ep=166, 34.1s)
[checkpoint] outputs/journal_train/default/seed14/ckpt_step42000.pt
[  42000/48000] phase=B route=detached world=0.0021 w_ema=0.0029 pred=0.0021 smooth=0.0000 | actor=0.0004 b=0.0029 H=0.052 maxpi=0.991 KL=0.001125 logits|.|=2.154 e[min,max,std]=0.002,0.005,0.001 zone=[0.0, 0.03, 0.97] act=[0.01, 0.01, 0.0, 0.97, 0.01] (ep=175, 22.2s)
[  44000/48000] phase=B route=detached world=0.0030 w_ema=0.0080 pred=0.0030 smooth=0.0000 | actor=0.3212 b=0.0095 H=1.479 maxpi=0.529 KL=0.046810 logits|.|=0.882 e[min,max,std]=0.003,0.006,0.001 zone=[0.0, 0.03, 0.97] act=[0.01, 0.01, 0.01, 0.96, 0.02] (ep=183, 21.6s)
[  46000/48000] phase=B route=detached world=0.0030 w_ema=0.0054 pred=0.0030 smooth=0.0000 | actor=0.0017 b=0.0057 H=0.111 maxpi=0.957 KL=0.009751 logits|.|=1.701 e[min,max,std]=0.003,0.008,0.002 zone=[0.0, 0.03, 0.97] act=[0.02, 0.01, 0.01, 0.95, 0.01] (ep=191, 21.5s)
[checkpoint] outputs/journal_train/default/seed14/ckpt_step48000.pt
[  48000/48000] phase=B route=detached world=0.0020 w_ema=0.0028 pred=0.0020 smooth=0.0000 | actor=0.0000 b=0.0029 H=0.005 maxpi=0.999 KL=0.001008 logits|.|=3.007 e[min,max,std]=0.001,0.005,0.001 zone=[0.0, 0.03, 0.97] act=[0.01, 0.01, 0.0, 0.96, 0.01] (ep=200, 26.9s)
Saved training trajectory to: outputs/journal_train/default/seed14/train_traj.parquet
Saved checkpoint to: outputs/journal_train/default/seed14/ckpt.pt
