/venv/cear-cemergence/lib/python3.10/runpy.py:126: RuntimeWarning: 'cear_pilot.training.train' found in sys.modules after import of package 'cear_pilot.training', but prior to execution of 'cear_pilot.training.train'; this may result in unpredictable behaviour
  warn(RuntimeWarning(msg))
[checkpoint] outputs/journal_train/coupled/seed16/ckpt_step00000.pt
[   2000/48000] phase=A route=detached world=0.1333 w_ema=0.1464 pred=0.1333 smooth=0.0000 | actor=0.1027 b=0.1476 H=1.609 maxpi=0.201 KL=0.000008 logits|.|=0.031 e[min,max,std]=0.126,0.146,0.007 zone=[0.29, 0.35, 0.36] act=[0.19, 0.19, 0.21, 0.2, 0.2] (ep=8, 35.1s)
[   4000/48000] phase=A route=detached world=0.0433 w_ema=0.1076 pred=0.0433 smooth=0.0000 | actor=0.8484 b=0.1086 H=1.609 maxpi=0.201 KL=0.000003 logits|.|=0.017 e[min,max,std]=0.028,0.053,0.009 zone=[0.27, 0.5, 0.22] act=[0.19, 0.2, 0.21, 0.2, 0.2] (ep=16, 33.7s)
[   6000/48000] phase=A route=detached world=0.3675 w_ema=0.2961 pred=0.3675 smooth=0.0000 | actor=-0.5265 b=0.2963 H=1.609 maxpi=0.201 KL=0.000004 logits|.|=0.043 e[min,max,std]=0.364,0.374,0.004 zone=[0.38, 0.43, 0.2] act=[0.21, 0.2, 0.2, 0.19, 0.2] (ep=25, 33.8s)
[   8000/48000] phase=A route=detached world=0.0063 w_ema=0.0509 pred=0.0063 smooth=0.0000 | actor=0.6504 b=0.0517 H=1.609 maxpi=0.200 KL=0.000002 logits|.|=0.035 e[min,max,std]=0.005,0.011,0.002 zone=[0.31, 0.43, 0.26] act=[0.2, 0.2, 0.2, 0.2, 0.19] (ep=33, 34.4s)
[  10000/48000] phase=A route=detached world=0.2065 w_ema=0.1891 pred=0.2064 smooth=0.0002 | actor=-0.1419 b=0.1895 H=1.609 maxpi=0.200 KL=0.000002 logits|.|=0.015 e[min,max,std]=0.193,0.218,0.008 zone=[0.44, 0.44, 0.11] act=[0.21, 0.2, 0.21, 0.18, 0.21] (ep=41, 34.2s)
[checkpoint] outputs/journal_train/coupled/seed16/ckpt_step12000.pt
[  12000/48000] phase=A route=detached world=0.1041 w_ema=0.2800 pred=0.1041 smooth=0.0001 | actor=1.5222 b=0.2809 H=1.609 maxpi=0.201 KL=0.000003 logits|.|=0.024 e[min,max,std]=0.099,0.114,0.005 zone=[0.29, 0.44, 0.27] act=[0.22, 0.21, 0.19, 0.19, 0.2] (ep=50, 34.4s)
[  14000/48000] phase=B route=coupled world=0.2485 w_ema=0.0461 pred=0.2485 smooth=0.0002 | actor=-4.9248 b=0.0475 H=1.494 maxpi=0.488 KL=0.016496 logits|.|=0.794 e[min,max,std]=0.222,0.271,0.018 zone=[0.0, 0.06, 0.94] act=[0.09, 0.08, 0.04, 0.74, 0.06] (ep=58, 39.5s)
[  16000/48000] phase=B route=coupled world=0.0017 w_ema=0.0033 pred=0.0017 smooth=0.0000 | actor=0.0004 b=0.0033 H=0.034 maxpi=0.994 KL=0.002113 logits|.|=2.441 e[min,max,std]=0.002,0.022,0.008 zone=[0.0, 0.06, 0.94] act=[0.06, 0.08, 0.02, 0.79, 0.05] (ep=66, 39.5s)
[checkpoint] outputs/journal_train/coupled/seed16/ckpt_step18000.pt
[  18000/48000] phase=B route=coupled world=0.2954 w_ema=0.3320 pred=0.2954 smooth=0.0002 | actor=0.1196 b=0.3346 H=0.934 maxpi=0.646 KL=0.009719 logits|.|=1.628 e[min,max,std]=0.288,0.338,0.020 zone=[0.15, 0.11, 0.74] act=[0.04, 0.22, 0.01, 0.63, 0.1] (ep=75, 39.5s)
[  20000/48000] phase=B route=coupled world=0.0013 w_ema=0.0106 pred=0.0013 smooth=0.0000 | actor=0.0012 b=0.0106 H=0.026 maxpi=0.979 KL=0.045302 logits|.|=2.342 e[min,max,std]=0.001,0.007,0.002 zone=[0.09, 0.41, 0.5] act=[0.04, 0.28, 0.01, 0.52, 0.16] (ep=83, 39.9s)
[  22000/48000] phase=B route=coupled world=0.3652 w_ema=0.3182 pred=0.3651 smooth=0.0001 | actor=-0.2680 b=0.3205 H=1.090 maxpi=0.616 KL=1.116456 logits|.|=1.239 e[min,max,std]=0.340,0.385,0.017 zone=[0.05, 0.05, 0.9] act=[0.01, 0.02, 0.03, 0.92, 0.02] (ep=91, 39.6s)
[checkpoint] outputs/journal_train/coupled/seed16/ckpt_step24000.pt
[  24000/48000] phase=B route=coupled world=0.0030 w_ema=0.0030 pred=0.0030 smooth=0.0000 | actor=0.0000 b=0.0030 H=0.045 maxpi=0.994 KL=0.001453 logits|.|=2.388 e[min,max,std]=0.003,0.017,0.005 zone=[0.09, 0.03, 0.88] act=[0.01, 0.02, 0.04, 0.91, 0.02] (ep=100, 40.1s)
[  26000/48000] phase=B route=coupled world=0.2535 w_ema=0.3666 pred=0.2535 smooth=0.0000 | actor=0.1802 b=0.3674 H=0.692 maxpi=0.783 KL=0.000528 logits|.|=1.643 e[min,max,std]=0.247,0.309,0.024 zone=[0.95, 0.04, 0.01] act=[0.27, 0.01, 0.62, 0.03, 0.06] (ep=108, 39.5s)
[  28000/48000] phase=B route=coupled world=0.9300 w_ema=0.3795 pred=0.9299 smooth=0.0004 | actor=-1.3438 b=0.3817 H=0.985 maxpi=0.636 KL=0.000104 logits|.|=2.132 e[min,max,std]=0.917,0.975,0.026 zone=[0.98, 0.02, 0.0] act=[0.2, 0.01, 0.72, 0.0, 0.06] (ep=116, 40.2s)
[checkpoint] outputs/journal_train/coupled/seed16/ckpt_step30000.pt
[  30000/48000] phase=B route=coupled world=0.0171 w_ema=0.0946 pred=0.0171 smooth=0.0000 | actor=0.4564 b=0.0950 H=1.217 maxpi=0.496 KL=0.590339 logits|.|=1.431 e[min,max,std]=0.015,0.024,0.003 zone=[0.71, 0.27, 0.02] act=[0.54, 0.14, 0.08, 0.01, 0.23] (ep=125, 40.3s)
[  32000/48000] phase=B route=coupled world=0.0646 w_ema=0.0917 pred=0.0646 smooth=0.0002 | actor=0.7152 b=0.0926 H=1.347 maxpi=0.503 KL=0.234691 logits|.|=1.002 e[min,max,std]=0.050,0.067,0.006 zone=[0.01, 0.27, 0.72] act=[0.21, 0.35, 0.03, 0.13, 0.29] (ep=133, 40.2s)
[  34000/48000] phase=B route=coupled world=0.0029 w_ema=0.0036 pred=0.0029 smooth=0.0000 | actor=0.0004 b=0.0036 H=0.099 maxpi=0.983 KL=0.006584 logits|.|=2.141 e[min,max,std]=0.003,0.010,0.002 zone=[0.0, 0.05, 0.95] act=[0.04, 0.08, 0.0, 0.73, 0.14] (ep=141, 40.3s)
[checkpoint] outputs/journal_train/coupled/seed16/ckpt_step36000.pt
[  36000/48000] phase=B route=coupled world=0.0065 w_ema=0.0030 pred=0.0065 smooth=0.0000 | actor=-0.0013 b=0.0030 H=0.033 maxpi=0.995 KL=0.000140 logits|.|=2.624 e[min,max,std]=0.006,0.009,0.001 zone=[0.0, 0.01, 0.99] act=[0.0, 0.01, 0.0, 0.98, 0.01] (ep=150, 40.3s)
[  38000/48000] phase=B route=coupled world=0.0327 w_ema=0.0819 pred=0.0327 smooth=0.0000 | actor=0.7779 b=0.0820 H=0.804 maxpi=0.649 KL=0.579470 logits|.|=1.946 e[min,max,std]=0.032,0.037,0.002 zone=[0.0, 0.09, 0.91] act=[0.03, 0.15, 0.01, 0.62, 0.19] (ep=158, 40.4s)
[  40000/48000] phase=B route=coupled world=0.0020 w_ema=0.0099 pred=0.0020 smooth=0.0000 | actor=0.0068 b=0.0094 H=0.164 maxpi=0.964 KL=0.328427 logits|.|=2.750 e[min,max,std]=0.002,0.013,0.004 zone=[0.09, 0.18, 0.73] act=[0.31, 0.11, 0.06, 0.26, 0.26] (ep=166, 40.5s)
[checkpoint] outputs/journal_train/coupled/seed16/ckpt_step42000.pt
[  42000/48000] phase=B route=coupled world=0.0015 w_ema=0.0030 pred=0.0015 smooth=0.0000 | actor=0.0005 b=0.0030 H=0.044 maxpi=0.993 KL=0.002811 logits|.|=2.769 e[min,max,std]=0.002,0.006,0.002 zone=[0.0, 0.05, 0.95] act=[0.37, 0.01, 0.0, 0.61, 0.01] (ep=175, 40.3s)
[  44000/48000] phase=B route=coupled world=0.0012 w_ema=0.0090 pred=0.0012 smooth=0.0000 | actor=0.0004 b=0.0091 H=0.012 maxpi=0.986 KL=0.790021 logits|.|=3.252 e[min,max,std]=0.001,0.007,0.002 zone=[0.0, 0.03, 0.97] act=[0.33, 0.01, 0.0, 0.63, 0.02] (ep=183, 40.4s)
[  46000/48000] phase=B route=coupled world=0.0029 w_ema=0.0041 pred=0.0029 smooth=0.0000 | actor=0.0003 b=0.0041 H=0.030 maxpi=0.995 KL=0.000135 logits|.|=3.103 e[min,max,std]=0.003,0.006,0.001 zone=[0.0, 0.02, 0.98] act=[0.01, 0.0, 0.0, 0.99, 0.0] (ep=191, 40.4s)
[checkpoint] outputs/journal_train/coupled/seed16/ckpt_step48000.pt
[  48000/48000] phase=B route=coupled world=0.0051 w_ema=0.0029 pred=0.0051 smooth=0.0000 | actor=-0.0006 b=0.0029 H=0.019 maxpi=0.998 KL=0.000001 logits|.|=3.141 e[min,max,std]=0.005,0.009,0.001 zone=[0.0, 0.01, 0.99] act=[0.0, 0.0, 0.0, 0.99, 0.0] (ep=200, 40.3s)
Saved training trajectory to: outputs/journal_train/coupled/seed16/train_traj.parquet
Saved checkpoint to: outputs/journal_train/coupled/seed16/ckpt.pt
