/venv/cear-cemergence/lib/python3.10/runpy.py:126: RuntimeWarning: 'cear_pilot.training.train' found in sys.modules after import of package 'cear_pilot.training', but prior to execution of 'cear_pilot.training.train'; this may result in unpredictable behaviour
  warn(RuntimeWarning(msg))
[checkpoint] outputs/journal_train/default/seed24/ckpt_step00000.pt
[   2000/48000] phase=A route=detached world=0.0594 w_ema=0.0415 pred=0.0594 smooth=0.0000 | actor=-0.4274 b=0.0431 H=1.609 maxpi=0.201 KL=0.000007 logits|.|=0.031 e[min,max,std]=0.055,0.067,0.005 zone=[0.21, 0.39, 0.39] act=[0.21, 0.2, 0.2, 0.22, 0.19] (ep=8, 36.6s)
[   4000/48000] phase=A route=detached world=0.2621 w_ema=0.2458 pred=0.2621 smooth=0.0000 | actor=-0.1344 b=0.2473 H=1.609 maxpi=0.201 KL=0.000004 logits|.|=0.034 e[min,max,std]=0.252,0.280,0.010 zone=[0.33, 0.49, 0.18] act=[0.21, 0.2, 0.21, 0.2, 0.19] (ep=16, 34.9s)
[   6000/48000] phase=A route=detached world=0.0040 w_ema=0.0068 pred=0.0040 smooth=0.0000 | actor=0.0326 b=0.0077 H=1.609 maxpi=0.200 KL=0.000000 logits|.|=0.034 e[min,max,std]=0.003,0.006,0.001 zone=[0.27, 0.33, 0.4] act=[0.2, 0.22, 0.2, 0.2, 0.19] (ep=25, 35.2s)
[   8000/48000] phase=A route=detached world=0.0143 w_ema=0.0868 pred=0.0143 smooth=0.0000 | actor=0.6431 b=0.0877 H=1.609 maxpi=0.200 KL=0.000001 logits|.|=0.064 e[min,max,std]=0.011,0.020,0.003 zone=[0.47, 0.41, 0.12] act=[0.21, 0.21, 0.2, 0.18, 0.2] (ep=33, 35.2s)
[  10000/48000] phase=A route=detached world=0.0029 w_ema=0.0137 pred=0.0029 smooth=0.0000 | actor=0.2546 b=0.0145 H=1.609 maxpi=0.200 KL=0.000000 logits|.|=0.038 e[min,max,std]=0.001,0.005,0.002 zone=[0.35, 0.37, 0.27] act=[0.19, 0.2, 0.2, 0.2, 0.2] (ep=41, 35.4s)
[checkpoint] outputs/journal_train/default/seed24/ckpt_step12000.pt
[  12000/48000] phase=A route=detached world=0.5676 w_ema=0.2619 pred=0.5675 smooth=0.0001 | actor=-2.5753 b=0.2631 H=1.609 maxpi=0.200 KL=0.000001 logits|.|=0.026 e[min,max,std]=0.555,0.581,0.010 zone=[0.43, 0.44, 0.13] act=[0.2, 0.18, 0.21, 0.19, 0.22] (ep=50, 35.4s)
[  14000/48000] phase=B route=detached world=0.0025 w_ema=0.0063 pred=0.0025 smooth=0.0000 | actor=0.0005 b=0.0063 H=0.025 maxpi=0.997 KL=0.000001 logits|.|=2.354 e[min,max,std]=0.003,0.010,0.003 zone=[0.02, 0.06, 0.91] act=[0.07, 0.2, 0.02, 0.69, 0.02] (ep=58, 35.3s)
[  16000/48000] phase=B route=detached world=0.0046 w_ema=0.0038 pred=0.0046 smooth=0.0000 | actor=-0.0000 b=0.0038 H=0.007 maxpi=0.999 KL=0.000000 logits|.|=2.948 e[min,max,std]=0.005,0.017,0.004 zone=[0.0, 0.01, 0.99] act=[0.0, 0.0, 0.0, 1.0, 0.0] (ep=66, 35.1s)
[checkpoint] outputs/journal_train/default/seed24/ckpt_step18000.pt
[  18000/48000] phase=B route=detached world=0.0035 w_ema=0.0028 pred=0.0035 smooth=0.0000 | actor=-0.0001 b=0.0028 H=0.005 maxpi=0.999 KL=0.000000 logits|.|=3.055 e[min,max,std]=0.003,0.006,0.001 zone=[0.0, 0.01, 0.99] act=[0.0, 0.0, 0.0, 1.0, 0.0] (ep=75, 35.3s)
[  20000/48000] phase=B route=detached world=0.0019 w_ema=0.0097 pred=0.0019 smooth=0.0000 | actor=0.0002 b=0.0096 H=0.008 maxpi=0.999 KL=0.000000 logits|.|=2.929 e[min,max,std]=0.002,0.007,0.002 zone=[0.0, 0.01, 0.99] act=[0.0, 0.0, 0.0, 1.0, 0.0] (ep=83, 35.1s)
[  22000/48000] phase=B route=detached world=0.0004 w_ema=0.0027 pred=0.0004 smooth=0.0000 | actor=0.0001 b=0.0027 H=0.003 maxpi=1.000 KL=0.000000 logits|.|=3.285 e[min,max,std]=0.000,0.002,0.000 zone=[0.0, 0.01, 0.99] act=[0.0, 0.0, 0.0, 1.0, 0.0] (ep=91, 35.4s)
[checkpoint] outputs/journal_train/default/seed24/ckpt_step24000.pt
[  24000/48000] phase=B route=detached world=0.0016 w_ema=0.0029 pred=0.0016 smooth=0.0000 | actor=0.0004 b=0.0029 H=0.020 maxpi=0.998 KL=0.000005 logits|.|=2.407 e[min,max,std]=0.002,0.005,0.001 zone=[0.0, 0.01, 0.99] act=[0.0, 0.0, 0.0, 1.0, 0.0] (ep=100, 35.2s)
[  26000/48000] phase=B route=detached world=0.0024 w_ema=0.0091 pred=0.0024 smooth=0.0000 | actor=0.0051 b=0.0094 H=0.144 maxpi=0.958 KL=0.012670 logits|.|=1.430 e[min,max,std]=0.002,0.006,0.001 zone=[0.0, 0.03, 0.97] act=[0.03, 0.02, 0.04, 0.89, 0.03] (ep=108, 35.4s)
[  28000/48000] phase=B route=detached world=0.0016 w_ema=0.0074 pred=0.0016 smooth=0.0000 | actor=0.0127 b=0.0078 H=0.366 maxpi=0.862 KL=0.003868 logits|.|=1.029 e[min,max,std]=0.002,0.003,0.000 zone=[0.0, 0.06, 0.94] act=[0.03, 0.02, 0.06, 0.81, 0.07] (ep=116, 35.3s)
[checkpoint] outputs/journal_train/default/seed24/ckpt_step30000.pt
[  30000/48000] phase=B route=detached world=0.0029 w_ema=0.0028 pred=0.0029 smooth=0.0000 | actor=0.0003 b=0.0028 H=0.279 maxpi=0.944 KL=0.002102 logits|.|=1.364 e[min,max,std]=0.003,0.017,0.005 zone=[0.0, 0.03, 0.97] act=[0.01, 0.01, 0.02, 0.93, 0.03] (ep=125, 35.2s)
[  32000/48000] phase=B route=detached world=0.0041 w_ema=0.0108 pred=0.0041 smooth=0.0000 | actor=0.0002 b=0.0106 H=0.013 maxpi=0.987 KL=0.022613 logits|.|=2.345 e[min,max,std]=0.003,0.016,0.005 zone=[0.0, 0.02, 0.98] act=[0.0, 0.01, 0.0, 0.97, 0.02] (ep=133, 35.4s)
[  34000/48000] phase=B route=detached world=0.0022 w_ema=0.0078 pred=0.0022 smooth=0.0000 | actor=0.0712 b=0.0091 H=0.986 maxpi=0.531 KL=0.097591 logits|.|=1.674 e[min,max,std]=0.001,0.009,0.003 zone=[0.0, 0.06, 0.94] act=[0.11, 0.03, 0.01, 0.58, 0.27] (ep=141, 35.3s)
[checkpoint] outputs/journal_train/default/seed24/ckpt_step36000.pt
[  36000/48000] phase=B route=detached world=0.0024 w_ema=0.0029 pred=0.0024 smooth=0.0000 | actor=0.0001 b=0.0029 H=0.018 maxpi=0.997 KL=0.000947 logits|.|=2.263 e[min,max,std]=0.002,0.008,0.002 zone=[0.0, 0.05, 0.95] act=[0.05, 0.03, 0.01, 0.85, 0.06] (ep=150, 35.3s)
[  38000/48000] phase=B route=detached world=0.0045 w_ema=0.0073 pred=0.0045 smooth=0.0000 | actor=0.0014 b=0.0074 H=0.073 maxpi=0.970 KL=0.051660 logits|.|=1.681 e[min,max,std]=0.004,0.019,0.005 zone=[0.0, 0.02, 0.98] act=[0.0, 0.0, 0.0, 0.99, 0.0] (ep=158, 35.2s)
[  40000/48000] phase=B route=detached world=0.0022 w_ema=0.0161 pred=0.0022 smooth=0.0000 | actor=0.0067 b=0.0161 H=0.143 maxpi=0.948 KL=0.039704 logits|.|=2.071 e[min,max,std]=0.002,0.010,0.003 zone=[0.0, 0.2, 0.8] act=[0.11, 0.75, 0.01, 0.11, 0.02] (ep=166, 35.4s)
[checkpoint] outputs/journal_train/default/seed24/ckpt_step42000.pt
[  42000/48000] phase=B route=detached world=0.0027 w_ema=0.0134 pred=0.0027 smooth=0.0000 | actor=0.0044 b=0.0136 H=0.118 maxpi=0.961 KL=0.030556 logits|.|=1.844 e[min,max,std]=0.003,0.017,0.005 zone=[0.0, 0.21, 0.79] act=[0.12, 0.71, 0.0, 0.14, 0.03] (ep=175, 35.4s)
[  44000/48000] phase=B route=detached world=0.0043 w_ema=0.0132 pred=0.0043 smooth=0.0000 | actor=0.0025 b=0.0135 H=0.058 maxpi=0.917 KL=0.124069 logits|.|=2.507 e[min,max,std]=0.004,0.017,0.004 zone=[0.0, 0.18, 0.82] act=[0.16, 0.75, 0.0, 0.05, 0.04] (ep=183, 35.4s)
[  46000/48000] phase=B route=detached world=0.0035 w_ema=0.0403 pred=0.0035 smooth=0.0001 | actor=0.0023 b=0.0411 H=0.023 maxpi=0.716 KL=0.559834 logits|.|=1.881 e[min,max,std]=0.003,0.015,0.004 zone=[0.0, 0.17, 0.83] act=[0.16, 0.22, 0.01, 0.44, 0.16] (ep=191, 35.4s)
[checkpoint] outputs/journal_train/default/seed24/ckpt_step48000.pt
[  48000/48000] phase=B route=detached world=0.0021 w_ema=0.0033 pred=0.0021 smooth=0.0000 | actor=0.0019 b=0.0034 H=0.159 maxpi=0.987 KL=0.028075 logits|.|=1.941 e[min,max,std]=0.002,0.009,0.002 zone=[0.0, 0.05, 0.95] act=[0.05, 0.02, 0.01, 0.72, 0.2] (ep=200, 35.5s)
Saved training trajectory to: outputs/journal_train/default/seed24/train_traj.parquet
Saved checkpoint to: outputs/journal_train/default/seed24/ckpt.pt
