/venv/cear-cemergence/lib/python3.10/runpy.py:126: RuntimeWarning: 'cear_pilot.training.train' found in sys.modules after import of package 'cear_pilot.training', but prior to execution of 'cear_pilot.training.train'; this may result in unpredictable behaviour
  warn(RuntimeWarning(msg))
[checkpoint] outputs/journal_train/coupled/seed9/ckpt_step00000.pt
[   2000/48000] phase=A route=detached world=0.1060 w_ema=0.2300 pred=0.1060 smooth=0.0000 | actor=1.0433 b=0.2284 H=1.609 maxpi=0.202 KL=0.000043 logits|.|=0.078 e[min,max,std]=0.098,0.112,0.005 zone=[0.15, 0.39, 0.45] act=[0.2, 0.21, 0.18, 0.21, 0.2] (ep=8, 34.7s)
[   4000/48000] phase=A route=detached world=0.0917 w_ema=0.1913 pred=0.0917 smooth=0.0000 | actor=0.8604 b=0.1920 H=1.609 maxpi=0.201 KL=0.000005 logits|.|=0.058 e[min,max,std]=0.087,0.095,0.003 zone=[0.29, 0.36, 0.35] act=[0.2, 0.21, 0.2, 0.19, 0.19] (ep=16, 32.5s)
[   6000/48000] phase=A route=detached world=0.5179 w_ema=0.3475 pred=0.5179 smooth=0.0000 | actor=-1.1794 b=0.3474 H=1.609 maxpi=0.200 KL=0.000002 logits|.|=0.059 e[min,max,std]=0.489,0.543,0.018 zone=[0.29, 0.46, 0.26] act=[0.2, 0.21, 0.2, 0.19, 0.19] (ep=25, 22.5s)
[   8000/48000] phase=A route=detached world=0.4671 w_ema=0.3467 pred=0.4671 smooth=0.0000 | actor=-0.7672 b=0.3473 H=1.609 maxpi=0.201 KL=0.000005 logits|.|=0.046 e[min,max,std]=0.444,0.492,0.020 zone=[0.38, 0.37, 0.25] act=[0.2, 0.21, 0.2, 0.19, 0.2] (ep=33, 21.5s)
[  10000/48000] phase=A route=detached world=0.0012 w_ema=0.0489 pred=0.0012 smooth=0.0000 | actor=0.4286 b=0.0499 H=1.609 maxpi=0.200 KL=0.000002 logits|.|=0.041 e[min,max,std]=0.002,0.003,0.001 zone=[0.29, 0.32, 0.39] act=[0.21, 0.21, 0.19, 0.19, 0.2] (ep=41, 21.3s)
[checkpoint] outputs/journal_train/coupled/seed9/ckpt_step12000.pt
[  12000/48000] phase=A route=detached world=0.0040 w_ema=0.0768 pred=0.0040 smooth=0.0000 | actor=0.6264 b=0.0767 H=1.609 maxpi=0.200 KL=0.000001 logits|.|=0.056 e[min,max,std]=0.003,0.005,0.001 zone=[0.23, 0.44, 0.34] act=[0.2, 0.19, 0.19, 0.2, 0.22] (ep=50, 21.3s)
[  14000/48000] phase=B route=coupled world=0.0035 w_ema=0.0135 pred=0.0035 smooth=0.0000 | actor=0.0032 b=0.0134 H=0.061 maxpi=0.991 KL=0.000000 logits|.|=1.961 e[min,max,std]=0.002,0.005,0.001 zone=[0.01, 0.04, 0.96] act=[0.01, 0.03, 0.02, 0.94, 0.01] (ep=58, 36.2s)
[  16000/48000] phase=B route=coupled world=0.0017 w_ema=0.0036 pred=0.0017 smooth=0.0000 | actor=0.0002 b=0.0036 H=0.020 maxpi=0.998 KL=0.000000 logits|.|=2.433 e[min,max,std]=0.002,0.006,0.002 zone=[0.0, 0.01, 0.99] act=[0.0, 0.0, 0.0, 0.99, 0.0] (ep=66, 36.7s)
[checkpoint] outputs/journal_train/coupled/seed9/ckpt_step18000.pt
[  18000/48000] phase=B route=coupled world=0.0046 w_ema=0.0028 pred=0.0046 smooth=0.0000 | actor=-0.0008 b=0.0030 H=0.041 maxpi=0.987 KL=0.000003 logits|.|=1.996 e[min,max,std]=0.005,0.016,0.004 zone=[0.0, 0.02, 0.98] act=[0.03, 0.0, 0.01, 0.95, 0.01] (ep=75, 39.4s)
[  20000/48000] phase=B route=coupled world=0.0020 w_ema=0.0095 pred=0.0020 smooth=0.0000 | actor=0.0122 b=0.0096 H=0.213 maxpi=0.948 KL=0.000169 logits|.|=1.521 e[min,max,std]=0.002,0.009,0.002 zone=[0.0, 0.01, 0.99] act=[0.0, 0.0, 0.0, 0.99, 0.0] (ep=83, 34.4s)
[  22000/48000] phase=B route=coupled world=0.0014 w_ema=0.0036 pred=0.0014 smooth=0.0000 | actor=0.0011 b=0.0036 H=0.063 maxpi=0.990 KL=0.000014 logits|.|=1.924 e[min,max,std]=0.001,0.006,0.002 zone=[0.0, 0.01, 0.99] act=[0.01, 0.0, 0.0, 0.99, 0.0] (ep=91, 38.9s)
[checkpoint] outputs/journal_train/coupled/seed9/ckpt_step24000.pt
[  24000/48000] phase=B route=coupled world=0.0024 w_ema=0.0034 pred=0.0024 smooth=0.0000 | actor=-0.1854 b=0.0035 H=0.089 maxpi=0.984 KL=0.000834 logits|.|=1.614 e[min,max,std]=0.002,0.006,0.001 zone=[0.0, 0.02, 0.98] act=[0.02, 0.03, 0.02, 0.91, 0.02] (ep=100, 39.2s)
[  26000/48000] phase=B route=coupled world=0.0015 w_ema=0.0166 pred=0.0015 smooth=0.0000 | actor=0.1117 b=0.0169 H=0.904 maxpi=0.898 KL=0.014770 logits|.|=1.267 e[min,max,std]=0.002,0.004,0.001 zone=[0.0, 0.07, 0.93] act=[0.12, 0.07, 0.03, 0.72, 0.06] (ep=108, 39.2s)
[  28000/48000] phase=B route=coupled world=0.0030 w_ema=0.0037 pred=0.0030 smooth=0.0000 | actor=0.0008 b=0.0038 H=0.146 maxpi=0.975 KL=0.000008 logits|.|=1.443 e[min,max,std]=0.003,0.017,0.005 zone=[0.0, 0.08, 0.92] act=[0.2, 0.12, 0.04, 0.56, 0.09] (ep=116, 39.0s)
[checkpoint] outputs/journal_train/coupled/seed9/ckpt_step30000.pt
[  30000/48000] phase=B route=coupled world=0.0708 w_ema=0.0937 pred=0.0708 smooth=0.0000 | actor=0.1674 b=0.0944 H=0.917 maxpi=0.602 KL=0.002722 logits|.|=1.534 e[min,max,std]=0.068,0.082,0.005 zone=[0.02, 0.21, 0.76] act=[0.12, 0.07, 0.01, 0.76, 0.03] (ep=125, 40.2s)
[  32000/48000] phase=B route=coupled world=0.0555 w_ema=0.1100 pred=0.0555 smooth=0.0001 | actor=1.5995 b=0.1108 H=0.858 maxpi=0.795 KL=0.000184 logits|.|=1.440 e[min,max,std]=0.053,0.064,0.004 zone=[0.05, 0.39, 0.56] act=[0.5, 0.12, 0.01, 0.34, 0.03] (ep=133, 39.4s)
[  34000/48000] phase=B route=coupled world=0.0016 w_ema=0.0042 pred=0.0016 smooth=0.0000 | actor=0.0009 b=0.0043 H=0.038 maxpi=0.994 KL=0.000000 logits|.|=1.952 e[min,max,std]=0.002,0.007,0.002 zone=[0.0, 0.33, 0.67] act=[0.48, 0.05, 0.01, 0.44, 0.02] (ep=141, 39.4s)
[checkpoint] outputs/journal_train/coupled/seed9/ckpt_step36000.pt
[  36000/48000] phase=B route=coupled world=0.0036 w_ema=0.0029 pred=0.0036 smooth=0.0000 | actor=-0.0002 b=0.0029 H=0.031 maxpi=0.996 KL=0.000000 logits|.|=2.219 e[min,max,std]=0.004,0.018,0.005 zone=[0.0, 0.01, 0.99] act=[0.0, 0.0, 0.0, 1.0, 0.0] (ep=150, 39.8s)
[  38000/48000] phase=B route=coupled world=0.0033 w_ema=0.0097 pred=0.0033 smooth=0.0000 | actor=0.0021 b=0.0098 H=0.049 maxpi=0.994 KL=0.000002 logits|.|=2.626 e[min,max,std]=0.003,0.009,0.002 zone=[0.0, 0.01, 0.99] act=[0.0, 0.0, 0.0, 1.0, 0.0] (ep=158, 39.8s)
[  40000/48000] phase=B route=coupled world=0.0039 w_ema=0.0035 pred=0.0039 smooth=0.0000 | actor=-0.0001 b=0.0035 H=0.049 maxpi=0.994 KL=0.000000 logits|.|=1.832 e[min,max,std]=0.004,0.010,0.003 zone=[0.0, 0.01, 0.99] act=[0.0, 0.0, 0.0, 1.0, 0.0] (ep=166, 40.1s)
[checkpoint] outputs/journal_train/coupled/seed9/ckpt_step42000.pt
[  42000/48000] phase=B route=coupled world=0.0020 w_ema=0.0032 pred=0.0020 smooth=0.0000 | actor=0.0003 b=0.0032 H=0.035 maxpi=0.994 KL=0.000052 logits|.|=1.748 e[min,max,std]=0.002,0.015,0.005 zone=[0.0, 0.03, 0.97] act=[0.12, 0.0, 0.0, 0.87, 0.0] (ep=175, 40.2s)
[  44000/48000] phase=B route=coupled world=0.0022 w_ema=0.0065 pred=0.0022 smooth=0.0000 | actor=0.0002 b=0.0064 H=0.008 maxpi=0.999 KL=0.000000 logits|.|=2.312 e[min,max,std]=0.002,0.018,0.005 zone=[0.0, 0.01, 0.99] act=[0.0, 0.0, 0.0, 1.0, 0.0] (ep=183, 39.8s)
[  46000/48000] phase=B route=coupled world=0.0017 w_ema=0.0034 pred=0.0017 smooth=0.0000 | actor=0.0001 b=0.0034 H=0.011 maxpi=0.999 KL=0.000000 logits|.|=2.169 e[min,max,std]=0.002,0.004,0.001 zone=[0.0, 0.01, 0.99] act=[0.0, 0.0, 0.0, 1.0, 0.0] (ep=191, 39.8s)
[checkpoint] outputs/journal_train/coupled/seed9/ckpt_step48000.pt
[  48000/48000] phase=B route=coupled world=0.0011 w_ema=0.0027 pred=0.0011 smooth=0.0000 | actor=0.0004 b=0.0027 H=0.020 maxpi=0.998 KL=0.000000 logits|.|=2.014 e[min,max,std]=0.001,0.005,0.002 zone=[0.0, 0.01, 0.99] act=[0.0, 0.0, 0.0, 1.0, 0.0] (ep=200, 40.4s)
Saved training trajectory to: outputs/journal_train/coupled/seed9/train_traj.parquet
Saved checkpoint to: outputs/journal_train/coupled/seed9/ckpt.pt
