/venv/cear-cemergence/lib/python3.10/runpy.py:126: RuntimeWarning: 'cear_pilot.training.train' found in sys.modules after import of package 'cear_pilot.training', but prior to execution of 'cear_pilot.training.train'; this may result in unpredictable behaviour
  warn(RuntimeWarning(msg))
[checkpoint] outputs/journal_train/coupled/seed27/ckpt_step00000.pt
[   2000/48000] phase=A route=detached world=0.0104 w_ema=0.0720 pred=0.0104 smooth=0.0000 | actor=0.7307 b=0.0736 H=1.609 maxpi=0.201 KL=0.000009 logits|.|=0.142 e[min,max,std]=0.009,0.012,0.001 zone=[0.24, 0.47, 0.29] act=[0.2, 0.2, 0.18, 0.2, 0.22] (ep=8, 36.4s)
[   4000/48000] phase=A route=detached world=0.0285 w_ema=0.1397 pred=0.0284 smooth=0.0000 | actor=1.1146 b=0.1396 H=1.609 maxpi=0.201 KL=0.000003 logits|.|=0.128 e[min,max,std]=0.025,0.034,0.004 zone=[0.34, 0.41, 0.24] act=[0.19, 0.21, 0.21, 0.19, 0.2] (ep=16, 35.3s)
[   6000/48000] phase=A route=detached world=0.1798 w_ema=0.2154 pred=0.1798 smooth=0.0000 | actor=0.2260 b=0.2160 H=1.609 maxpi=0.201 KL=0.000005 logits|.|=0.146 e[min,max,std]=0.168,0.190,0.008 zone=[0.25, 0.39, 0.36] act=[0.2, 0.19, 0.2, 0.22, 0.19] (ep=25, 35.2s)
[   8000/48000] phase=A route=detached world=0.1608 w_ema=0.0836 pred=0.1608 smooth=0.0000 | actor=-1.5723 b=0.0839 H=1.609 maxpi=0.201 KL=0.000007 logits|.|=0.126 e[min,max,std]=0.156,0.171,0.005 zone=[0.33, 0.38, 0.28] act=[0.21, 0.18, 0.21, 0.19, 0.21] (ep=33, 35.2s)
[  10000/48000] phase=A route=detached world=0.0394 w_ema=0.2130 pred=0.0394 smooth=0.0001 | actor=1.3268 b=0.2135 H=1.609 maxpi=0.201 KL=0.000003 logits|.|=0.112 e[min,max,std]=0.034,0.045,0.004 zone=[0.24, 0.41, 0.35] act=[0.21, 0.2, 0.19, 0.2, 0.2] (ep=41, 34.9s)
[checkpoint] outputs/journal_train/coupled/seed27/ckpt_step12000.pt
[  12000/48000] phase=A route=detached world=0.0933 w_ema=0.1024 pred=0.0933 smooth=0.0001 | actor=0.1700 b=0.1036 H=1.609 maxpi=0.200 KL=0.000001 logits|.|=0.099 e[min,max,std]=0.087,0.101,0.005 zone=[0.34, 0.39, 0.27] act=[0.17, 0.2, 0.21, 0.21, 0.2] (ep=50, 34.9s)
[  14000/48000] phase=B route=coupled world=0.0038 w_ema=0.0135 pred=0.0038 smooth=0.0000 | actor=0.4237 b=0.0154 H=1.115 maxpi=0.595 KL=0.000031 logits|.|=0.947 e[min,max,std]=0.005,0.009,0.002 zone=[0.0, 0.11, 0.89] act=[0.19, 0.08, 0.09, 0.39, 0.26] (ep=58, 40.7s)
[  16000/48000] phase=B route=coupled world=0.0007 w_ema=0.0044 pred=0.0007 smooth=0.0000 | actor=0.0009 b=0.0043 H=0.041 maxpi=0.994 KL=0.000000 logits|.|=2.221 e[min,max,std]=0.001,0.010,0.003 zone=[0.0, 0.01, 0.99] act=[0.02, 0.01, 0.01, 0.95, 0.02] (ep=66, 40.8s)
[checkpoint] outputs/journal_train/coupled/seed27/ckpt_step18000.pt
[  18000/48000] phase=B route=coupled world=0.0017 w_ema=0.0028 pred=0.0017 smooth=0.0000 | actor=0.0002 b=0.0027 H=0.018 maxpi=0.998 KL=0.000000 logits|.|=2.588 e[min,max,std]=0.002,0.009,0.003 zone=[0.0, 0.01, 0.99] act=[0.0, 0.0, 0.0, 1.0, 0.0] (ep=75, 40.7s)
[  20000/48000] phase=B route=coupled world=0.0026 w_ema=0.0110 pred=0.0026 smooth=0.0000 | actor=0.0006 b=0.0110 H=0.014 maxpi=0.998 KL=0.000000 logits|.|=2.643 e[min,max,std]=0.003,0.012,0.003 zone=[0.0, 0.01, 0.99] act=[0.0, 0.0, 0.0, 1.0, 0.0] (ep=83, 39.2s)
[  22000/48000] phase=B route=coupled world=0.0940 w_ema=0.1287 pred=0.0940 smooth=0.0001 | actor=0.0020 b=0.1302 H=0.060 maxpi=0.496 KL=1.654462 logits|.|=1.340 e[min,max,std]=0.062,0.094,0.012 zone=[0.02, 0.06, 0.92] act=[0.01, 0.01, 0.02, 0.94, 0.02] (ep=91, 39.1s)
[checkpoint] outputs/journal_train/coupled/seed27/ckpt_step24000.pt
[  24000/48000] phase=B route=coupled world=0.0025 w_ema=0.0048 pred=0.0025 smooth=0.0000 | actor=0.0464 b=0.0053 H=1.087 maxpi=0.704 KL=2.496295 logits|.|=0.948 e[min,max,std]=0.002,0.005,0.001 zone=[0.0, 0.26, 0.74] act=[0.29, 0.05, 0.04, 0.57, 0.04] (ep=100, 38.9s)
[  26000/48000] phase=B route=coupled world=0.0018 w_ema=0.0214 pred=0.0018 smooth=0.0000 | actor=0.0751 b=0.0216 H=0.675 maxpi=0.706 KL=2.579431 logits|.|=1.033 e[min,max,std]=0.001,0.005,0.002 zone=[0.0, 0.05, 0.95] act=[0.32, 0.09, 0.1, 0.4, 0.09] (ep=108, 39.8s)
[  28000/48000] phase=B route=coupled world=0.0027 w_ema=0.0042 pred=0.0027 smooth=0.0000 | actor=0.0047 b=0.0042 H=0.363 maxpi=0.921 KL=0.000105 logits|.|=1.368 e[min,max,std]=0.003,0.005,0.001 zone=[0.0, 0.05, 0.95] act=[0.28, 0.08, 0.07, 0.48, 0.09] (ep=116, 39.9s)
[checkpoint] outputs/journal_train/coupled/seed27/ckpt_step30000.pt
[  30000/48000] phase=B route=coupled world=0.0010 w_ema=0.0029 pred=0.0010 smooth=0.0000 | actor=0.0093 b=0.0031 H=0.201 maxpi=0.955 KL=0.000001 logits|.|=1.863 e[min,max,std]=0.001,0.007,0.002 zone=[0.0, 0.01, 0.99] act=[0.01, 0.03, 0.0, 0.94, 0.02] (ep=125, 39.7s)
[  32000/48000] phase=B route=coupled world=0.0016 w_ema=0.0054 pred=0.0016 smooth=0.0000 | actor=0.0007 b=0.0053 H=0.028 maxpi=0.996 KL=0.000000 logits|.|=2.742 e[min,max,std]=0.002,0.005,0.002 zone=[0.0, 0.01, 0.99] act=[0.0, 0.01, 0.0, 0.99, 0.0] (ep=133, 39.7s)
[  34000/48000] phase=B route=coupled world=0.0043 w_ema=0.0039 pred=0.0043 smooth=0.0000 | actor=-0.0002 b=0.0040 H=0.051 maxpi=0.993 KL=0.000000 logits|.|=2.702 e[min,max,std]=0.004,0.008,0.001 zone=[0.0, 0.01, 0.99] act=[0.0, 0.0, 0.0, 0.99, 0.0] (ep=141, 39.9s)
[checkpoint] outputs/journal_train/coupled/seed27/ckpt_step36000.pt
[  36000/48000] phase=B route=coupled world=0.0050 w_ema=0.0028 pred=0.0050 smooth=0.0000 | actor=-0.0058 b=0.0028 H=0.169 maxpi=0.970 KL=0.000000 logits|.|=2.046 e[min,max,std]=0.005,0.006,0.001 zone=[0.0, 0.01, 0.99] act=[0.0, 0.01, 0.0, 0.98, 0.0] (ep=150, 39.9s)
[  38000/48000] phase=B route=coupled world=0.0028 w_ema=0.0061 pred=0.0028 smooth=0.0000 | actor=0.0010 b=0.0060 H=0.046 maxpi=0.994 KL=0.000000 logits|.|=2.268 e[min,max,std]=0.002,0.005,0.001 zone=[0.0, 0.01, 0.99] act=[0.0, 0.03, 0.0, 0.95, 0.01] (ep=158, 40.2s)
[  40000/48000] phase=B route=coupled world=0.0035 w_ema=0.0040 pred=0.0035 smooth=0.0000 | actor=0.0000 b=0.0040 H=0.011 maxpi=0.999 KL=0.000000 logits|.|=2.772 e[min,max,std]=0.004,0.009,0.002 zone=[0.0, 0.01, 0.99] act=[0.0, 0.0, 0.0, 1.0, 0.0] (ep=166, 40.2s)
[checkpoint] outputs/journal_train/coupled/seed27/ckpt_step42000.pt
[  42000/48000] phase=B route=coupled world=0.0018 w_ema=0.0025 pred=0.0018 smooth=0.0000 | actor=0.0000 b=0.0025 H=0.006 maxpi=0.999 KL=-0.000000 logits|.|=3.105 e[min,max,std]=0.002,0.009,0.003 zone=[0.0, 0.01, 0.99] act=[0.0, 0.0, 0.0, 1.0, 0.0] (ep=175, 39.9s)
[  44000/48000] phase=B route=coupled world=0.0037 w_ema=0.0109 pred=0.0037 smooth=0.0000 | actor=0.0001 b=0.0109 H=0.005 maxpi=1.000 KL=0.000000 logits|.|=3.104 e[min,max,std]=0.004,0.009,0.002 zone=[0.0, 0.01, 0.99] act=[0.0, 0.0, 0.0, 1.0, 0.0] (ep=183, 40.3s)
[  46000/48000] phase=B route=coupled world=0.0017 w_ema=0.0032 pred=0.0017 smooth=0.0000 | actor=0.0005 b=0.0032 H=0.028 maxpi=0.996 KL=0.000000 logits|.|=2.624 e[min,max,std]=0.002,0.004,0.001 zone=[0.0, 0.01, 0.99] act=[0.0, 0.0, 0.0, 1.0, 0.0] (ep=191, 39.6s)
[checkpoint] outputs/journal_train/coupled/seed27/ckpt_step48000.pt
[  48000/48000] phase=B route=coupled world=0.0672 w_ema=0.2242 pred=0.0672 smooth=0.0000 | actor=0.4158 b=0.2266 H=1.064 maxpi=0.681 KL=0.001847 logits|.|=1.139 e[min,max,std]=0.062,0.089,0.011 zone=[0.8, 0.12, 0.09] act=[0.17, 0.53, 0.22, 0.06, 0.02] (ep=200, 39.6s)
Saved training trajectory to: outputs/journal_train/coupled/seed27/train_traj.parquet
Saved checkpoint to: outputs/journal_train/coupled/seed27/ckpt.pt
