/venv/cear-cemergence/lib/python3.10/runpy.py:126: RuntimeWarning: 'cear_pilot.training.train' found in sys.modules after import of package 'cear_pilot.training', but prior to execution of 'cear_pilot.training.train'; this may result in unpredictable behaviour
  warn(RuntimeWarning(msg))
[checkpoint] outputs/journal_train/coupled/seed4/ckpt_step00000.pt
[   2000/48000] phase=A route=detached world=0.0061 w_ema=0.0207 pred=0.0061 smooth=0.0000 | actor=0.3306 b=0.0217 H=1.609 maxpi=0.200 KL=0.000001 logits|.|=0.029 e[min,max,std]=0.004,0.010,0.002 zone=[0.27, 0.45, 0.28] act=[0.2, 0.19, 0.2, 0.21, 0.2] (ep=8, 34.1s)
[   4000/48000] phase=A route=detached world=0.0016 w_ema=0.0178 pred=0.0016 smooth=0.0000 | actor=0.2043 b=0.0183 H=1.609 maxpi=0.200 KL=0.000001 logits|.|=0.012 e[min,max,std]=0.002,0.003,0.001 zone=[0.21, 0.39, 0.4] act=[0.2, 0.2, 0.2, 0.2, 0.2] (ep=16, 33.0s)
[   6000/48000] phase=A route=detached world=0.1772 w_ema=0.2082 pred=0.1771 smooth=0.0000 | actor=0.2537 b=0.2092 H=1.609 maxpi=0.200 KL=0.000002 logits|.|=0.036 e[min,max,std]=0.169,0.182,0.005 zone=[0.3, 0.5, 0.2] act=[0.2, 0.22, 0.2, 0.18, 0.2] (ep=25, 33.0s)
[   8000/48000] phase=A route=detached world=0.7327 w_ema=0.3403 pred=0.7327 smooth=0.0000 | actor=-2.8978 b=0.3409 H=1.609 maxpi=0.201 KL=0.000012 logits|.|=0.039 e[min,max,std]=0.726,0.745,0.007 zone=[0.25, 0.39, 0.36] act=[0.22, 0.2, 0.2, 0.2, 0.18] (ep=33, 33.0s)
[  10000/48000] phase=A route=detached world=0.0363 w_ema=0.1336 pred=0.0363 smooth=0.0001 | actor=1.0225 b=0.1326 H=1.609 maxpi=0.200 KL=0.000001 logits|.|=0.035 e[min,max,std]=0.031,0.043,0.004 zone=[0.33, 0.42, 0.26] act=[0.2, 0.2, 0.2, 0.2, 0.19] (ep=41, 33.6s)
[checkpoint] outputs/journal_train/coupled/seed4/ckpt_step12000.pt
[  12000/48000] phase=A route=detached world=0.3410 w_ema=0.3123 pred=0.3410 smooth=0.0002 | actor=-0.3303 b=0.3123 H=1.609 maxpi=0.201 KL=0.000006 logits|.|=0.029 e[min,max,std]=0.325,0.355,0.010 zone=[0.22, 0.44, 0.34] act=[0.19, 0.21, 0.2, 0.2, 0.2] (ep=50, 33.6s)
[  14000/48000] phase=B route=coupled world=0.0048 w_ema=0.0096 pred=0.0048 smooth=0.0000 | actor=0.0423 b=0.0102 H=0.678 maxpi=0.759 KL=0.000122 logits|.|=0.929 e[min,max,std]=0.005,0.011,0.002 zone=[0.02, 0.08, 0.9] act=[0.14, 0.06, 0.1, 0.62, 0.09] (ep=58, 38.5s)
[  16000/48000] phase=B route=coupled world=0.4254 w_ema=0.2815 pred=0.4254 smooth=0.0001 | actor=-0.5217 b=0.2801 H=0.969 maxpi=0.598 KL=0.000214 logits|.|=1.895 e[min,max,std]=0.404,0.452,0.018 zone=[0.17, 0.38, 0.45] act=[0.34, 0.07, 0.03, 0.43, 0.13] (ep=66, 38.2s)
[checkpoint] outputs/journal_train/coupled/seed4/ckpt_step18000.pt
[  18000/48000] phase=B route=coupled world=0.0011 w_ema=0.0034 pred=0.0011 smooth=0.0001 | actor=0.0034 b=0.0034 H=0.118 maxpi=0.977 KL=0.002194 logits|.|=2.175 e[min,max,std]=0.001,0.008,0.003 zone=[0.07, 0.22, 0.71] act=[0.25, 0.03, 0.02, 0.46, 0.24] (ep=75, 38.6s)
[  20000/48000] phase=B route=coupled world=0.0051 w_ema=0.0101 pred=0.0051 smooth=0.0000 | actor=0.0059 b=0.0103 H=0.198 maxpi=0.967 KL=0.101964 logits|.|=1.971 e[min,max,std]=0.005,0.023,0.006 zone=[0.0, 0.08, 0.92] act=[0.05, 0.02, 0.02, 0.76, 0.17] (ep=83, 38.5s)
[  22000/48000] phase=B route=coupled world=0.0025 w_ema=0.0092 pred=0.0025 smooth=0.0000 | actor=0.0100 b=0.0091 H=0.219 maxpi=0.935 KL=0.255906 logits|.|=2.178 e[min,max,std]=0.002,0.014,0.004 zone=[0.0, 0.03, 0.97] act=[0.06, 0.02, 0.02, 0.66, 0.24] (ep=91, 38.4s)
[checkpoint] outputs/journal_train/coupled/seed4/ckpt_step24000.pt
[  24000/48000] phase=B route=coupled world=0.0022 w_ema=0.0027 pred=0.0022 smooth=0.0000 | actor=0.0278 b=0.0037 H=0.827 maxpi=0.613 KL=0.003444 logits|.|=1.581 e[min,max,std]=0.002,0.006,0.002 zone=[0.0, 0.06, 0.94] act=[0.16, 0.25, 0.07, 0.45, 0.07] (ep=100, 38.2s)
[  26000/48000] phase=B route=coupled world=0.0024 w_ema=0.0116 pred=0.0024 smooth=0.0000 | actor=0.0055 b=0.0116 H=0.120 maxpi=0.961 KL=0.204697 logits|.|=2.435 e[min,max,std]=0.003,0.011,0.003 zone=[0.0, 0.13, 0.87] act=[0.38, 0.16, 0.04, 0.39, 0.04] (ep=108, 38.3s)
[  28000/48000] phase=B route=coupled world=0.0027 w_ema=0.0039 pred=0.0027 smooth=0.0000 | actor=0.0029 b=0.0040 H=0.189 maxpi=0.953 KL=0.007059 logits|.|=2.659 e[min,max,std]=0.003,0.009,0.002 zone=[0.0, 0.03, 0.97] act=[0.03, 0.05, 0.01, 0.55, 0.36] (ep=116, 38.5s)
[checkpoint] outputs/journal_train/coupled/seed4/ckpt_step30000.pt
[  30000/48000] phase=B route=coupled world=0.0029 w_ema=0.0034 pred=0.0029 smooth=0.0000 | actor=0.0211 b=0.0041 H=0.388 maxpi=0.808 KL=0.028828 logits|.|=2.806 e[min,max,std]=0.001,0.009,0.003 zone=[0.0, 0.07, 0.93] act=[0.02, 0.17, 0.02, 0.44, 0.36] (ep=125, 38.5s)
[  32000/48000] phase=B route=coupled world=0.0045 w_ema=0.0099 pred=0.0045 smooth=0.0000 | actor=0.0007 b=0.0098 H=0.034 maxpi=0.992 KL=0.168677 logits|.|=2.792 e[min,max,std]=0.005,0.008,0.001 zone=[0.0, 0.06, 0.94] act=[0.01, 0.07, 0.0, 0.72, 0.2] (ep=133, 38.4s)
[  34000/48000] phase=B route=coupled world=0.0011 w_ema=0.0149 pred=0.0011 smooth=0.0000 | actor=0.1579 b=0.0156 H=0.738 maxpi=0.622 KL=0.085085 logits|.|=2.319 e[min,max,std]=0.002,0.012,0.004 zone=[0.0, 0.1, 0.9] act=[0.2, 0.2, 0.02, 0.33, 0.25] (ep=141, 38.5s)
[checkpoint] outputs/journal_train/coupled/seed4/ckpt_step36000.pt
[  36000/48000] phase=B route=coupled world=0.0020 w_ema=0.0033 pred=0.0020 smooth=0.0000 | actor=0.2901 b=0.0037 H=0.490 maxpi=0.859 KL=0.008413 logits|.|=1.646 e[min,max,std]=0.002,0.006,0.001 zone=[0.0, 0.17, 0.83] act=[0.03, 0.23, 0.01, 0.03, 0.7] (ep=150, 38.6s)
[  38000/48000] phase=B route=coupled world=0.0012 w_ema=0.0162 pred=0.0012 smooth=0.0000 | actor=0.0437 b=0.0165 H=0.328 maxpi=0.906 KL=0.226505 logits|.|=2.529 e[min,max,std]=0.001,0.017,0.005 zone=[0.0, 0.2, 0.8] act=[0.01, 0.44, 0.03, 0.22, 0.29] (ep=158, 38.4s)
[  40000/48000] phase=B route=coupled world=0.0021 w_ema=0.0036 pred=0.0021 smooth=0.0000 | actor=0.0030 b=0.0037 H=0.180 maxpi=0.960 KL=0.013607 logits|.|=2.239 e[min,max,std]=0.002,0.013,0.004 zone=[0.0, 0.05, 0.95] act=[0.01, 0.62, 0.02, 0.32, 0.03] (ep=166, 38.0s)
[checkpoint] outputs/journal_train/coupled/seed4/ckpt_step42000.pt
[  42000/48000] phase=B route=coupled world=0.0015 w_ema=0.0031 pred=0.0015 smooth=0.0001 | actor=0.0006 b=0.0031 H=0.044 maxpi=0.978 KL=0.161853 logits|.|=2.713 e[min,max,std]=0.002,0.008,0.002 zone=[0.0, 0.06, 0.94] act=[0.01, 0.28, 0.01, 0.65, 0.06] (ep=175, 37.8s)
[  44000/48000] phase=B route=coupled world=0.0026 w_ema=0.0124 pred=0.0026 smooth=0.0000 | actor=0.1363 b=0.0134 H=0.713 maxpi=0.644 KL=0.434937 logits|.|=3.327 e[min,max,std]=0.002,0.012,0.004 zone=[0.0, 0.03, 0.97] act=[0.0, 0.06, 0.0, 0.83, 0.1] (ep=183, 38.1s)
[  46000/48000] phase=B route=coupled world=0.0026 w_ema=0.0043 pred=0.0026 smooth=0.0000 | actor=0.0003 b=0.0043 H=0.023 maxpi=0.986 KL=0.046058 logits|.|=3.545 e[min,max,std]=0.003,0.004,0.001 zone=[0.0, 0.04, 0.96] act=[0.0, 0.14, 0.0, 0.75, 0.11] (ep=191, 38.2s)
[checkpoint] outputs/journal_train/coupled/seed4/ckpt_step48000.pt
[  48000/48000] phase=B route=coupled world=0.0010 w_ema=0.0031 pred=0.0010 smooth=0.0000 | actor=0.0005 b=0.0031 H=0.027 maxpi=0.995 KL=0.003026 logits|.|=3.443 e[min,max,std]=0.001,0.004,0.001 zone=[0.0, 0.03, 0.97] act=[0.01, 0.13, 0.0, 0.75, 0.11] (ep=200, 38.5s)
Saved training trajectory to: outputs/journal_train/coupled/seed4/train_traj.parquet
Saved checkpoint to: outputs/journal_train/coupled/seed4/ckpt.pt
