/venv/cear-cemergence/lib/python3.10/runpy.py:126: RuntimeWarning: 'cear_pilot.training.train' found in sys.modules after import of package 'cear_pilot.training', but prior to execution of 'cear_pilot.training.train'; this may result in unpredictable behaviour
  warn(RuntimeWarning(msg))
[checkpoint] outputs/journal_train/default/seed26/ckpt_step00000.pt
[   2000/48000] phase=A route=detached world=0.0757 w_ema=0.2724 pred=0.0757 smooth=0.0001 | actor=1.6746 b=0.2747 H=1.609 maxpi=0.202 KL=0.000026 logits|.|=0.075 e[min,max,std]=0.069,0.087,0.006 zone=[0.32, 0.45, 0.23] act=[0.2, 0.22, 0.2, 0.19, 0.2] (ep=8, 35.3s)
[   4000/48000] phase=A route=detached world=0.2063 w_ema=0.0262 pred=0.2063 smooth=0.0000 | actor=-2.0995 b=0.0273 H=1.609 maxpi=0.200 KL=0.000001 logits|.|=0.056 e[min,max,std]=0.198,0.218,0.007 zone=[0.25, 0.36, 0.39] act=[0.2, 0.2, 0.2, 0.21, 0.2] (ep=16, 34.8s)
[   6000/48000] phase=A route=detached world=0.0036 w_ema=0.0062 pred=0.0036 smooth=0.0000 | actor=0.1000 b=0.0071 H=1.609 maxpi=0.200 KL=0.000000 logits|.|=0.067 e[min,max,std]=0.003,0.005,0.001 zone=[0.19, 0.28, 0.52] act=[0.18, 0.21, 0.19, 0.22, 0.2] (ep=25, 34.9s)
[   8000/48000] phase=A route=detached world=0.4350 w_ema=0.2846 pred=0.4350 smooth=0.0000 | actor=-1.5403 b=0.2860 H=1.609 maxpi=0.201 KL=0.000005 logits|.|=0.043 e[min,max,std]=0.426,0.458,0.011 zone=[0.27, 0.49, 0.24] act=[0.2, 0.19, 0.21, 0.2, 0.2] (ep=33, 34.7s)
[  10000/48000] phase=A route=detached world=0.2704 w_ema=0.1419 pred=0.2704 smooth=0.0001 | actor=-1.3775 b=0.1433 H=1.609 maxpi=0.200 KL=0.000002 logits|.|=0.036 e[min,max,std]=0.261,0.283,0.007 zone=[0.22, 0.49, 0.29] act=[0.2, 0.19, 0.2, 0.2, 0.2] (ep=41, 34.8s)
[checkpoint] outputs/journal_train/default/seed26/ckpt_step12000.pt
[  12000/48000] phase=A route=detached world=0.0410 w_ema=0.0841 pred=0.0410 smooth=0.0000 | actor=0.6017 b=0.0848 H=1.609 maxpi=0.200 KL=0.000000 logits|.|=0.036 e[min,max,std]=0.038,0.045,0.003 zone=[0.2, 0.44, 0.36] act=[0.2, 0.19, 0.2, 0.21, 0.2] (ep=50, 34.8s)
[  14000/48000] phase=B route=detached world=0.0022 w_ema=0.0101 pred=0.0022 smooth=0.0000 | actor=0.0010 b=0.0101 H=0.023 maxpi=0.997 KL=0.000002 logits|.|=2.549 e[min,max,std]=0.002,0.010,0.003 zone=[0.0, 0.04, 0.96] act=[0.01, 0.07, 0.02, 0.88, 0.02] (ep=58, 34.6s)
[  16000/48000] phase=B route=detached world=0.0031 w_ema=0.0044 pred=0.0031 smooth=0.0000 | actor=0.0002 b=0.0044 H=0.016 maxpi=0.998 KL=0.000001 logits|.|=2.679 e[min,max,std]=0.003,0.012,0.004 zone=[0.0, 0.01, 0.99] act=[0.0, 0.0, 0.0, 1.0, 0.0] (ep=66, 34.7s)
[checkpoint] outputs/journal_train/default/seed26/ckpt_step18000.pt
[  18000/48000] phase=B route=detached world=0.0019 w_ema=0.0028 pred=0.0019 smooth=0.0000 | actor=0.0004 b=0.0028 H=0.043 maxpi=0.994 KL=0.000100 logits|.|=2.321 e[min,max,std]=0.002,0.003,0.000 zone=[0.0, 0.01, 0.99] act=[0.0, 0.0, 0.0, 1.0, 0.0] (ep=75, 34.8s)
[  20000/48000] phase=B route=detached world=0.0021 w_ema=0.0080 pred=0.0021 smooth=0.0000 | actor=0.0017 b=0.0080 H=0.055 maxpi=0.978 KL=0.032000 logits|.|=2.055 e[min,max,std]=0.002,0.008,0.002 zone=[0.0, 0.03, 0.97] act=[0.0, 0.01, 0.0, 0.97, 0.01] (ep=83, 34.8s)
[  22000/48000] phase=B route=detached world=0.0018 w_ema=0.0053 pred=0.0018 smooth=0.0000 | actor=0.0030 b=0.0058 H=0.131 maxpi=0.962 KL=0.005412 logits|.|=1.586 e[min,max,std]=0.002,0.010,0.003 zone=[0.0, 0.03, 0.97] act=[0.01, 0.01, 0.01, 0.97, 0.01] (ep=91, 34.8s)
[checkpoint] outputs/journal_train/default/seed26/ckpt_step24000.pt
[  24000/48000] phase=B route=detached world=0.0019 w_ema=0.0027 pred=0.0019 smooth=0.0000 | actor=0.0005 b=0.0027 H=0.058 maxpi=0.989 KL=0.001483 logits|.|=1.997 e[min,max,std]=0.002,0.007,0.002 zone=[0.0, 0.03, 0.97] act=[0.01, 0.01, 0.03, 0.94, 0.01] (ep=100, 34.7s)
[  26000/48000] phase=B route=detached world=0.0014 w_ema=0.0098 pred=0.0014 smooth=0.0000 | actor=0.0020 b=0.0098 H=0.046 maxpi=0.990 KL=0.011060 logits|.|=2.401 e[min,max,std]=0.001,0.004,0.001 zone=[0.0, 0.03, 0.97] act=[0.0, 0.0, 0.0, 0.99, 0.0] (ep=108, 34.7s)
[  28000/48000] phase=B route=detached world=0.0075 w_ema=0.0060 pred=0.0075 smooth=0.0000 | actor=-0.0071 b=0.0063 H=1.061 maxpi=0.843 KL=0.015934 logits|.|=1.171 e[min,max,std]=0.007,0.011,0.001 zone=[0.01, 0.04, 0.95] act=[0.02, 0.02, 0.03, 0.89, 0.03] (ep=116, 34.8s)
[checkpoint] outputs/journal_train/default/seed26/ckpt_step30000.pt
[  30000/48000] phase=B route=detached world=0.0028 w_ema=0.0029 pred=0.0028 smooth=0.0000 | actor=0.0001 b=0.0030 H=0.018 maxpi=0.997 KL=0.000296 logits|.|=2.664 e[min,max,std]=0.003,0.006,0.001 zone=[0.0, 0.04, 0.96] act=[0.01, 0.01, 0.01, 0.96, 0.01] (ep=125, 34.8s)
[  32000/48000] phase=B route=detached world=0.0023 w_ema=0.0190 pred=0.0023 smooth=0.0000 | actor=0.0151 b=0.0189 H=0.215 maxpi=0.939 KL=0.032298 logits|.|=1.664 e[min,max,std]=0.002,0.004,0.001 zone=[0.0, 0.04, 0.96] act=[0.01, 0.01, 0.01, 0.96, 0.01] (ep=133, 34.8s)
[  34000/48000] phase=B route=detached world=0.0047 w_ema=0.0055 pred=0.0047 smooth=0.0000 | actor=-0.1277 b=0.0057 H=0.302 maxpi=0.919 KL=0.007751 logits|.|=1.597 e[min,max,std]=0.005,0.013,0.003 zone=[0.0, 0.04, 0.95] act=[0.03, 0.05, 0.03, 0.81, 0.09] (ep=141, 35.1s)
[checkpoint] outputs/journal_train/default/seed26/ckpt_step36000.pt
[  36000/48000] phase=B route=detached world=0.0024 w_ema=0.0028 pred=0.0024 smooth=0.0000 | actor=0.0003 b=0.0029 H=0.089 maxpi=0.984 KL=0.001222 logits|.|=2.129 e[min,max,std]=0.002,0.009,0.002 zone=[0.0, 0.03, 0.97] act=[0.01, 0.01, 0.01, 0.95, 0.02] (ep=150, 35.1s)
[  38000/48000] phase=B route=detached world=0.0025 w_ema=0.0149 pred=0.0025 smooth=0.0000 | actor=0.0106 b=0.0148 H=0.169 maxpi=0.957 KL=0.026183 logits|.|=1.900 e[min,max,std]=0.002,0.005,0.001 zone=[0.0, 0.03, 0.97] act=[0.02, 0.03, 0.02, 0.9, 0.03] (ep=158, 34.9s)
[  40000/48000] phase=B route=detached world=0.0017 w_ema=0.0038 pred=0.0017 smooth=0.0000 | actor=0.2713 b=0.0040 H=0.917 maxpi=0.714 KL=0.003683 logits|.|=0.994 e[min,max,std]=0.002,0.002,0.000 zone=[0.0, 0.03, 0.97] act=[0.01, 0.02, 0.04, 0.89, 0.04] (ep=166, 35.0s)
[checkpoint] outputs/journal_train/default/seed26/ckpt_step42000.pt
[  42000/48000] phase=B route=detached world=0.0019 w_ema=0.0027 pred=0.0019 smooth=0.0000 | actor=0.1456 b=0.0032 H=1.467 maxpi=0.461 KL=0.007542 logits|.|=0.400 e[min,max,std]=0.002,0.006,0.002 zone=[0.0, 0.03, 0.97] act=[0.03, 0.02, 0.06, 0.84, 0.05] (ep=175, 35.1s)
[  44000/48000] phase=B route=detached world=0.0047 w_ema=0.0080 pred=0.0046 smooth=0.0000 | actor=0.1249 b=0.0084 H=1.362 maxpi=0.679 KL=0.016511 logits|.|=0.736 e[min,max,std]=0.004,0.007,0.001 zone=[0.0, 0.03, 0.97] act=[0.05, 0.04, 0.05, 0.8, 0.07] (ep=183, 35.2s)
