/venv/cear-cemergence/lib/python3.10/runpy.py:126: RuntimeWarning: 'cear_pilot.training.train' found in sys.modules after import of package 'cear_pilot.training', but prior to execution of 'cear_pilot.training.train'; this may result in unpredictable behaviour
  warn(RuntimeWarning(msg))
[checkpoint] outputs/journal_train/default/seed20/ckpt_step00000.pt
[   2000/48000] phase=A route=detached world=0.0999 w_ema=0.2068 pred=0.0999 smooth=0.0000 | actor=0.9507 b=0.2066 H=1.609 maxpi=0.201 KL=0.000005 logits|.|=0.007 e[min,max,std]=0.095,0.114,0.007 zone=[0.21, 0.47, 0.32] act=[0.22, 0.19, 0.2, 0.19, 0.2] (ep=8, 34.6s)
[   4000/48000] phase=A route=detached world=0.1018 w_ema=0.3331 pred=0.1018 smooth=0.0001 | actor=1.7544 b=0.3334 H=1.609 maxpi=0.201 KL=0.000004 logits|.|=0.009 e[min,max,std]=0.087,0.118,0.010 zone=[0.3, 0.35, 0.35] act=[0.2, 0.2, 0.19, 0.19, 0.21] (ep=16, 34.5s)
[   6000/48000] phase=A route=detached world=0.0014 w_ema=0.0039 pred=0.0014 smooth=0.0000 | actor=0.0960 b=0.0049 H=1.609 maxpi=0.200 KL=0.000001 logits|.|=0.008 e[min,max,std]=0.001,0.003,0.001 zone=[0.25, 0.36, 0.39] act=[0.2, 0.2, 0.2, 0.21, 0.19] (ep=25, 34.2s)
[   8000/48000] phase=A route=detached world=0.2012 w_ema=0.1753 pred=0.2012 smooth=0.0000 | actor=-0.3256 b=0.1761 H=1.609 maxpi=0.201 KL=0.000003 logits|.|=0.006 e[min,max,std]=0.191,0.216,0.010 zone=[0.36, 0.38, 0.26] act=[0.22, 0.19, 0.2, 0.2, 0.18] (ep=33, 34.3s)
[  10000/48000] phase=A route=detached world=0.3929 w_ema=0.3461 pred=0.3928 smooth=0.0006 | actor=-0.4955 b=0.3467 H=1.609 maxpi=0.201 KL=0.000006 logits|.|=0.010 e[min,max,std]=0.381,0.410,0.011 zone=[0.39, 0.4, 0.21] act=[0.19, 0.21, 0.2, 0.19, 0.2] (ep=41, 34.8s)
[checkpoint] outputs/journal_train/default/seed20/ckpt_step12000.pt
[  12000/48000] phase=A route=detached world=0.0041 w_ema=0.0390 pred=0.0041 smooth=0.0000 | actor=0.4487 b=0.0393 H=1.609 maxpi=0.200 KL=0.000000 logits|.|=0.011 e[min,max,std]=0.004,0.006,0.001 zone=[0.35, 0.4, 0.25] act=[0.19, 0.22, 0.2, 0.2, 0.18] (ep=50, 33.7s)
[  14000/48000] phase=B route=detached world=0.0025 w_ema=0.0121 pred=0.0025 smooth=0.0000 | actor=0.0057 b=0.0121 H=0.111 maxpi=0.978 KL=0.001960 logits|.|=1.829 e[min,max,std]=0.002,0.006,0.001 zone=[0.01, 0.07, 0.92] act=[0.11, 0.03, 0.07, 0.75, 0.05] (ep=58, 34.0s)
[  16000/48000] phase=B route=detached world=0.0051 w_ema=0.0043 pred=0.0051 smooth=0.0000 | actor=-0.0020 b=0.0044 H=0.325 maxpi=0.922 KL=0.001805 logits|.|=1.615 e[min,max,std]=0.005,0.007,0.001 zone=[0.0, 0.03, 0.97] act=[0.03, 0.01, 0.01, 0.93, 0.01] (ep=66, 33.9s)
[checkpoint] outputs/journal_train/default/seed20/ckpt_step18000.pt
[  18000/48000] phase=B route=detached world=0.0017 w_ema=0.0027 pred=0.0017 smooth=0.0000 | actor=0.0048 b=0.0029 H=0.221 maxpi=0.935 KL=0.000566 logits|.|=1.402 e[min,max,std]=0.001,0.007,0.002 zone=[0.0, 0.03, 0.97] act=[0.03, 0.01, 0.01, 0.94, 0.02] (ep=75, 34.2s)
[  20000/48000] phase=B route=detached world=0.0037 w_ema=0.0089 pred=0.0037 smooth=0.0000 | actor=0.0055 b=0.0090 H=0.194 maxpi=0.940 KL=0.009805 logits|.|=1.806 e[min,max,std]=0.004,0.008,0.001 zone=[0.0, 0.03, 0.97] act=[0.06, 0.01, 0.01, 0.91, 0.01] (ep=83, 34.5s)
[  22000/48000] phase=B route=detached world=0.0037 w_ema=0.0059 pred=0.0037 smooth=0.0000 | actor=0.0082 b=0.0062 H=0.445 maxpi=0.896 KL=0.005204 logits|.|=1.276 e[min,max,std]=0.003,0.017,0.005 zone=[0.0, 0.05, 0.95] act=[0.06, 0.02, 0.02, 0.9, 0.01] (ep=91, 34.2s)
[checkpoint] outputs/journal_train/default/seed20/ckpt_step24000.pt
[  24000/48000] phase=B route=detached world=0.0008 w_ema=0.0031 pred=0.0008 smooth=0.0000 | actor=0.0026 b=0.0031 H=0.128 maxpi=0.978 KL=0.003270 logits|.|=1.844 e[min,max,std]=0.001,0.008,0.002 zone=[0.0, 0.04, 0.95] act=[0.01, 0.01, 0.01, 0.95, 0.01] (ep=100, 29.4s)
[  26000/48000] phase=B route=detached world=0.0036 w_ema=0.0154 pred=0.0036 smooth=0.0000 | actor=0.0011 b=0.0154 H=0.027 maxpi=0.967 KL=0.029880 logits|.|=2.339 e[min,max,std]=0.003,0.004,0.000 zone=[0.0, 0.06, 0.94] act=[0.03, 0.01, 0.02, 0.92, 0.01] (ep=108, 21.4s)
[  28000/48000] phase=B route=detached world=0.0029 w_ema=0.0037 pred=0.0029 smooth=0.0000 | actor=0.0011 b=0.0037 H=0.147 maxpi=0.970 KL=0.003856 logits|.|=1.807 e[min,max,std]=0.003,0.007,0.001 zone=[0.0, 0.03, 0.97] act=[0.02, 0.01, 0.01, 0.97, 0.01] (ep=116, 21.6s)
[checkpoint] outputs/journal_train/default/seed20/ckpt_step30000.pt
[  30000/48000] phase=B route=detached world=0.0016 w_ema=0.0030 pred=0.0016 smooth=0.0000 | actor=0.0023 b=0.0031 H=0.118 maxpi=0.974 KL=0.000602 logits|.|=1.844 e[min,max,std]=0.002,0.009,0.002 zone=[0.01, 0.04, 0.95] act=[0.04, 0.0, 0.02, 0.93, 0.01] (ep=125, 21.6s)
[  32000/48000] phase=B route=detached world=0.0039 w_ema=0.0113 pred=0.0039 smooth=0.0000 | actor=0.0060 b=0.0114 H=0.174 maxpi=0.948 KL=0.022436 logits|.|=1.716 e[min,max,std]=0.004,0.008,0.001 zone=[0.0, 0.03, 0.97] act=[0.02, 0.01, 0.01, 0.95, 0.01] (ep=133, 21.4s)
[  34000/48000] phase=B route=detached world=0.0039 w_ema=0.0043 pred=0.0039 smooth=0.0000 | actor=0.0004 b=0.0044 H=0.089 maxpi=0.978 KL=0.005002 logits|.|=2.039 e[min,max,std]=0.002,0.008,0.002 zone=[0.0, 0.04, 0.96] act=[0.03, 0.01, 0.01, 0.94, 0.01] (ep=141, 22.8s)
[checkpoint] outputs/journal_train/default/seed20/ckpt_step36000.pt
[  36000/48000] phase=B route=detached world=0.0035 w_ema=0.0035 pred=0.0035 smooth=0.0000 | actor=0.0001 b=0.0037 H=0.265 maxpi=0.942 KL=0.002122 logits|.|=1.517 e[min,max,std]=0.004,0.008,0.001 zone=[0.0, 0.04, 0.95] act=[0.02, 0.01, 0.01, 0.95, 0.01] (ep=150, 22.3s)
[  38000/48000] phase=B route=detached world=0.0054 w_ema=0.0130 pred=0.0054 smooth=0.0000 | actor=0.0115 b=0.0131 H=0.260 maxpi=0.936 KL=0.026301 logits|.|=1.607 e[min,max,std]=0.005,0.006,0.000 zone=[0.0, 0.04, 0.96] act=[0.02, 0.01, 0.01, 0.96, 0.01] (ep=158, 21.4s)
[  40000/48000] phase=B route=detached world=0.0011 w_ema=0.0048 pred=0.0011 smooth=0.0000 | actor=0.0052 b=0.0048 H=0.143 maxpi=0.962 KL=0.004808 logits|.|=1.975 e[min,max,std]=0.001,0.007,0.002 zone=[0.0, 0.03, 0.97] act=[0.04, 0.02, 0.02, 0.9, 0.02] (ep=166, 21.4s)
[checkpoint] outputs/journal_train/default/seed20/ckpt_step42000.pt
[  42000/48000] phase=B route=detached world=0.0019 w_ema=0.0031 pred=0.0019 smooth=0.0000 | actor=0.0009 b=0.0032 H=0.080 maxpi=0.984 KL=0.002928 logits|.|=2.210 e[min,max,std]=0.002,0.009,0.002 zone=[0.0, 0.04, 0.96] act=[0.03, 0.01, 0.01, 0.93, 0.01] (ep=175, 21.4s)
[  44000/48000] phase=B route=detached world=0.0018 w_ema=0.0117 pred=0.0018 smooth=0.0000 | actor=0.0157 b=0.0115 H=0.247 maxpi=0.949 KL=0.003168 logits|.|=1.852 e[min,max,std]=0.002,0.006,0.002 zone=[0.0, 0.04, 0.96] act=[0.01, 0.0, 0.01, 0.98, 0.01] (ep=183, 21.4s)
[  46000/48000] phase=B route=detached world=0.0053 w_ema=0.0055 pred=0.0053 smooth=0.0000 | actor=0.0008 b=0.0057 H=0.451 maxpi=0.878 KL=0.009763 logits|.|=1.350 e[min,max,std]=0.005,0.008,0.001 zone=[0.0, 0.03, 0.97] act=[0.03, 0.01, 0.01, 0.95, 0.0] (ep=191, 21.4s)
[checkpoint] outputs/journal_train/default/seed20/ckpt_step48000.pt
[  48000/48000] phase=B route=detached world=0.0015 w_ema=0.0028 pred=0.0015 smooth=0.0000 | actor=0.0167 b=0.0030 H=0.391 maxpi=0.884 KL=0.002645 logits|.|=1.966 e[min,max,std]=0.001,0.006,0.001 zone=[0.0, 0.04, 0.95] act=[0.21, 0.03, 0.04, 0.7, 0.03] (ep=200, 21.5s)
Saved training trajectory to: outputs/journal_train/default/seed20/train_traj.parquet
Saved checkpoint to: outputs/journal_train/default/seed20/ckpt.pt
