/venv/cear-cemergence/lib/python3.10/runpy.py:126: RuntimeWarning: 'cear_pilot.training.train' found in sys.modules after import of package 'cear_pilot.training', but prior to execution of 'cear_pilot.training.train'; this may result in unpredictable behaviour
  warn(RuntimeWarning(msg))
[checkpoint] outputs/journal_train/default/seed21/ckpt_step00000.pt
[   2000/48000] phase=A route=detached world=0.0566 w_ema=0.1338 pred=0.0566 smooth=0.0000 | actor=0.9072 b=0.1354 H=1.609 maxpi=0.201 KL=0.000005 logits|.|=0.036 e[min,max,std]=0.048,0.067,0.008 zone=[0.35, 0.49, 0.16] act=[0.2, 0.21, 0.2, 0.2, 0.19] (ep=8, 35.3s)
[   4000/48000] phase=A route=detached world=0.1492 w_ema=0.1392 pred=0.1492 smooth=0.0000 | actor=-0.2183 b=0.1389 H=1.609 maxpi=0.201 KL=0.000003 logits|.|=0.016 e[min,max,std]=0.134,0.161,0.009 zone=[0.34, 0.43, 0.23] act=[0.21, 0.22, 0.2, 0.19, 0.18] (ep=16, 34.4s)
[   6000/48000] phase=A route=detached world=0.0157 w_ema=0.0609 pred=0.0157 smooth=0.0000 | actor=0.8319 b=0.0625 H=1.609 maxpi=0.200 KL=0.000001 logits|.|=0.022 e[min,max,std]=0.013,0.018,0.002 zone=[0.23, 0.46, 0.32] act=[0.21, 0.19, 0.2, 0.2, 0.2] (ep=25, 34.4s)
[   8000/48000] phase=A route=detached world=0.3263 w_ema=0.2703 pred=0.3263 smooth=0.0001 | actor=-0.5520 b=0.2707 H=1.609 maxpi=0.202 KL=0.000034 logits|.|=0.035 e[min,max,std]=0.316,0.341,0.009 zone=[0.29, 0.4, 0.32] act=[0.19, 0.19, 0.21, 0.21, 0.2] (ep=33, 34.5s)
[  10000/48000] phase=A route=detached world=0.4101 w_ema=0.1288 pred=0.4101 smooth=0.0003 | actor=-3.2540 b=0.1302 H=1.609 maxpi=0.200 KL=0.000002 logits|.|=0.017 e[min,max,std]=0.402,0.418,0.005 zone=[0.13, 0.46, 0.41] act=[0.2, 0.2, 0.19, 0.21, 0.19] (ep=41, 34.4s)
[checkpoint] outputs/journal_train/default/seed21/ckpt_step12000.pt
[  12000/48000] phase=A route=detached world=0.7519 w_ema=0.3244 pred=0.7518 smooth=0.0001 | actor=-3.2840 b=0.3246 H=1.609 maxpi=0.201 KL=0.000004 logits|.|=0.035 e[min,max,std]=0.731,0.766,0.013 zone=[0.41, 0.38, 0.21] act=[0.2, 0.2, 0.2, 0.2, 0.2] (ep=50, 34.1s)
[  14000/48000] phase=B route=detached world=0.0027 w_ema=0.0129 pred=0.0027 smooth=0.0000 | actor=0.2766 b=0.0141 H=1.284 maxpi=0.491 KL=0.000672 logits|.|=0.774 e[min,max,std]=0.001,0.013,0.004 zone=[0.39, 0.15, 0.47] act=[0.34, 0.12, 0.24, 0.24, 0.06] (ep=58, 34.1s)
[  16000/48000] phase=B route=detached world=0.0026 w_ema=0.0088 pred=0.0026 smooth=0.0000 | actor=0.1579 b=0.0104 H=1.306 maxpi=0.420 KL=0.004314 logits|.|=0.879 e[min,max,std]=0.002,0.014,0.004 zone=[0.0, 0.1, 0.9] act=[0.62, 0.12, 0.04, 0.19, 0.03] (ep=66, 34.2s)
[checkpoint] outputs/journal_train/default/seed21/ckpt_step18000.pt
[  18000/48000] phase=B route=detached world=0.0025 w_ema=0.0026 pred=0.0025 smooth=0.0000 | actor=0.0025 b=0.0031 H=0.214 maxpi=0.926 KL=0.000077 logits|.|=2.336 e[min,max,std]=0.002,0.019,0.005 zone=[0.0, 0.07, 0.92] act=[0.07, 0.42, 0.02, 0.46, 0.03] (ep=75, 34.3s)
[  20000/48000] phase=B route=detached world=0.0030 w_ema=0.0092 pred=0.0030 smooth=0.0000 | actor=0.0054 b=0.0092 H=0.115 maxpi=0.975 KL=0.023095 logits|.|=1.903 e[min,max,std]=0.003,0.010,0.003 zone=[0.0, 0.02, 0.98] act=[0.0, 0.02, 0.0, 0.97, 0.0] (ep=83, 34.7s)
[  22000/48000] phase=B route=detached world=0.0012 w_ema=0.0061 pred=0.0012 smooth=0.0000 | actor=0.0244 b=0.0066 H=0.506 maxpi=0.787 KL=0.005830 logits|.|=1.143 e[min,max,std]=0.001,0.004,0.001 zone=[0.01, 0.07, 0.92] act=[0.01, 0.13, 0.06, 0.71, 0.09] (ep=91, 34.8s)
[checkpoint] outputs/journal_train/default/seed21/ckpt_step24000.pt
[  24000/48000] phase=B route=detached world=0.0026 w_ema=0.0030 pred=0.0026 smooth=0.0000 | actor=0.0004 b=0.0031 H=0.084 maxpi=0.986 KL=0.001012 logits|.|=1.921 e[min,max,std]=0.002,0.003,0.000 zone=[0.0, 0.03, 0.97] act=[0.0, 0.02, 0.01, 0.95, 0.02] (ep=100, 34.8s)
[  26000/48000] phase=B route=detached world=0.0041 w_ema=0.0184 pred=0.0041 smooth=0.0001 | actor=0.0099 b=0.0188 H=0.161 maxpi=0.893 KL=0.020998 logits|.|=1.458 e[min,max,std]=0.004,0.017,0.004 zone=[0.0, 0.06, 0.94] act=[0.02, 0.04, 0.03, 0.86, 0.05] (ep=108, 34.6s)
[  28000/48000] phase=B route=detached world=0.0028 w_ema=0.0048 pred=0.0028 smooth=0.0000 | actor=0.0008 b=0.0048 H=0.084 maxpi=0.979 KL=0.012321 logits|.|=1.932 e[min,max,std]=0.003,0.007,0.002 zone=[0.0, 0.05, 0.95] act=[0.01, 0.01, 0.01, 0.94, 0.02] (ep=116, 34.9s)
[checkpoint] outputs/journal_train/default/seed21/ckpt_step30000.pt
[  30000/48000] phase=B route=detached world=0.0050 w_ema=0.0028 pred=0.0050 smooth=0.0000 | actor=-0.0029 b=0.0029 H=0.120 maxpi=0.977 KL=0.002350 logits|.|=1.899 e[min,max,std]=0.005,0.011,0.002 zone=[0.0, 0.04, 0.96] act=[0.01, 0.01, 0.01, 0.96, 0.01] (ep=125, 35.2s)
[  32000/48000] phase=B route=detached world=0.0020 w_ema=0.0291 pred=0.0020 smooth=0.0000 | actor=0.8512 b=0.0291 H=0.238 maxpi=0.906 KL=0.035094 logits|.|=1.496 e[min,max,std]=0.002,0.007,0.002 zone=[0.01, 0.04, 0.95] act=[0.01, 0.03, 0.02, 0.92, 0.03] (ep=133, 34.7s)
[  34000/48000] phase=B route=detached world=0.0026 w_ema=0.0047 pred=0.0026 smooth=0.0000 | actor=0.0021 b=0.0048 H=0.105 maxpi=0.981 KL=0.003226 logits|.|=2.056 e[min,max,std]=0.002,0.007,0.002 zone=[0.0, 0.03, 0.97] act=[0.01, 0.02, 0.01, 0.96, 0.01] (ep=141, 34.0s)
[checkpoint] outputs/journal_train/default/seed21/ckpt_step36000.pt
[  36000/48000] phase=B route=detached world=0.0046 w_ema=0.0028 pred=0.0046 smooth=0.0000 | actor=-0.0117 b=0.0030 H=0.484 maxpi=0.871 KL=0.001669 logits|.|=1.198 e[min,max,std]=0.005,0.009,0.002 zone=[0.0, 0.03, 0.97] act=[0.01, 0.05, 0.02, 0.87, 0.05] (ep=150, 34.1s)
[  38000/48000] phase=B route=detached world=0.0016 w_ema=0.0086 pred=0.0016 smooth=0.0000 | actor=0.0021 b=0.0086 H=0.055 maxpi=0.982 KL=0.014097 logits|.|=2.132 e[min,max,std]=0.002,0.013,0.004 zone=[0.0, 0.04, 0.96] act=[0.01, 0.02, 0.01, 0.93, 0.03] (ep=158, 34.2s)
[  40000/48000] phase=B route=detached world=0.0052 w_ema=0.0051 pred=0.0052 smooth=0.0001 | actor=-0.0000 b=0.0051 H=0.105 maxpi=0.981 KL=0.004937 logits|.|=2.045 e[min,max,std]=0.005,0.011,0.003 zone=[0.0, 0.03, 0.97] act=[0.01, 0.01, 0.01, 0.97, 0.01] (ep=166, 34.3s)
[checkpoint] outputs/journal_train/default/seed21/ckpt_step42000.pt
[  42000/48000] phase=B route=detached world=0.0033 w_ema=0.0028 pred=0.0033 smooth=0.0000 | actor=-0.0015 b=0.0028 H=0.215 maxpi=0.955 KL=0.000563 logits|.|=1.553 e[min,max,std]=0.003,0.006,0.001 zone=[0.0, 0.03, 0.97] act=[0.01, 0.03, 0.01, 0.92, 0.03] (ep=175, 34.9s)
[  44000/48000] phase=B route=detached world=0.0023 w_ema=0.0121 pred=0.0023 smooth=0.0000 | actor=0.0058 b=0.0121 H=0.139 maxpi=0.949 KL=0.015213 logits|.|=1.644 e[min,max,std]=0.002,0.006,0.001 zone=[0.0, 0.03, 0.97] act=[0.01, 0.01, 0.01, 0.94, 0.03] (ep=183, 35.0s)
[  46000/48000] phase=B route=detached world=0.0022 w_ema=0.0041 pred=0.0022 smooth=0.0000 | actor=0.0099 b=0.0044 H=0.433 maxpi=0.905 KL=0.009636 logits|.|=1.274 e[min,max,std]=0.002,0.008,0.002 zone=[0.0, 0.03, 0.97] act=[0.04, 0.02, 0.03, 0.86, 0.05] (ep=191, 34.9s)
[checkpoint] outputs/journal_train/default/seed21/ckpt_step48000.pt
[  48000/48000] phase=B route=detached world=0.0010 w_ema=0.0026 pred=0.0010 smooth=0.0000 | actor=0.0017 b=0.0026 H=0.075 maxpi=0.989 KL=0.000340 logits|.|=2.074 e[min,max,std]=0.001,0.007,0.002 zone=[0.0, 0.03, 0.97] act=[0.01, 0.01, 0.01, 0.96, 0.01] (ep=200, 35.0s)
Saved training trajectory to: outputs/journal_train/default/seed21/train_traj.parquet
Saved checkpoint to: outputs/journal_train/default/seed21/ckpt.pt
