/venv/cear-cemergence/lib/python3.10/runpy.py:126: RuntimeWarning: 'cear_pilot.training.train' found in sys.modules after import of package 'cear_pilot.training', but prior to execution of 'cear_pilot.training.train'; this may result in unpredictable behaviour
  warn(RuntimeWarning(msg))
[checkpoint] outputs/journal_train/default/seed22/ckpt_step00000.pt
[   2000/48000] phase=A route=detached world=0.0024 w_ema=0.0406 pred=0.0024 smooth=0.0000 | actor=0.4209 b=0.0415 H=1.609 maxpi=0.201 KL=0.000011 logits|.|=0.060 e[min,max,std]=0.003,0.004,0.000 zone=[0.49, 0.37, 0.13] act=[0.21, 0.21, 0.2, 0.18, 0.2] (ep=8, 35.8s)
[   4000/48000] phase=A route=detached world=0.0975 w_ema=0.2346 pred=0.0975 smooth=0.0000 | actor=1.2923 b=0.2355 H=1.609 maxpi=0.201 KL=0.000012 logits|.|=0.092 e[min,max,std]=0.090,0.103,0.005 zone=[0.28, 0.41, 0.3] act=[0.22, 0.2, 0.2, 0.19, 0.19] (ep=16, 34.5s)
[   6000/48000] phase=A route=detached world=0.3709 w_ema=0.2551 pred=0.3708 smooth=0.0001 | actor=-1.2162 b=0.2555 H=1.609 maxpi=0.201 KL=0.000024 logits|.|=0.094 e[min,max,std]=0.362,0.381,0.006 zone=[0.28, 0.41, 0.31] act=[0.2, 0.2, 0.2, 0.2, 0.2] (ep=25, 34.5s)
[   8000/48000] phase=A route=detached world=0.0574 w_ema=0.1421 pred=0.0574 smooth=0.0000 | actor=0.7572 b=0.1420 H=1.609 maxpi=0.201 KL=0.000007 logits|.|=0.124 e[min,max,std]=0.056,0.059,0.001 zone=[0.17, 0.34, 0.49] act=[0.2, 0.2, 0.19, 0.21, 0.2] (ep=33, 34.7s)
[  10000/48000] phase=A route=detached world=0.2858 w_ema=0.3358 pred=0.2858 smooth=0.0001 | actor=0.3086 b=0.3361 H=1.609 maxpi=0.201 KL=0.000007 logits|.|=0.123 e[min,max,std]=0.276,0.294,0.007 zone=[0.38, 0.27, 0.35] act=[0.19, 0.19, 0.2, 0.21, 0.2] (ep=41, 34.7s)
[checkpoint] outputs/journal_train/default/seed22/ckpt_step12000.pt
[  12000/48000] phase=A route=detached world=0.1497 w_ema=0.2921 pred=0.1497 smooth=0.0000 | actor=1.1784 b=0.2928 H=1.609 maxpi=0.200 KL=0.000001 logits|.|=0.111 e[min,max,std]=0.139,0.160,0.007 zone=[0.4, 0.36, 0.24] act=[0.2, 0.2, 0.2, 0.2, 0.2] (ep=50, 34.6s)
[  14000/48000] phase=B route=detached world=0.0008 w_ema=0.0118 pred=0.0008 smooth=0.0000 | actor=0.0477 b=0.0129 H=0.566 maxpi=0.805 KL=0.010560 logits|.|=1.002 e[min,max,std]=0.001,0.008,0.003 zone=[0.0, 0.1, 0.89] act=[0.2, 0.3, 0.08, 0.36, 0.07] (ep=58, 32.0s)
[  16000/48000] phase=B route=detached world=0.0035 w_ema=0.0044 pred=0.0035 smooth=0.0000 | actor=0.0005 b=0.0046 H=0.062 maxpi=0.988 KL=0.003832 logits|.|=1.908 e[min,max,std]=0.003,0.011,0.003 zone=[0.0, 0.02, 0.98] act=[0.01, 0.01, 0.0, 0.97, 0.01] (ep=66, 30.7s)
[checkpoint] outputs/journal_train/default/seed22/ckpt_step18000.pt
[  18000/48000] phase=B route=detached world=0.0049 w_ema=0.0030 pred=0.0049 smooth=0.0000 | actor=-0.0018 b=0.0030 H=0.084 maxpi=0.981 KL=0.001240 logits|.|=1.738 e[min,max,std]=0.005,0.010,0.002 zone=[0.0, 0.03, 0.97] act=[0.01, 0.0, 0.01, 0.97, 0.02] (ep=75, 34.5s)
[  20000/48000] phase=B route=detached world=0.0033 w_ema=0.0145 pred=0.0033 smooth=0.0000 | actor=0.0094 b=0.0146 H=0.164 maxpi=0.918 KL=0.016073 logits|.|=1.343 e[min,max,std]=0.003,0.004,0.000 zone=[0.0, 0.04, 0.96] act=[0.04, 0.01, 0.01, 0.92, 0.02] (ep=83, 34.3s)
[  22000/48000] phase=B route=detached world=0.0018 w_ema=0.0036 pred=0.0018 smooth=0.0000 | actor=0.0006 b=0.0037 H=0.042 maxpi=0.990 KL=0.006785 logits|.|=2.145 e[min,max,std]=0.002,0.011,0.003 zone=[0.0, 0.02, 0.98] act=[0.01, 0.01, 0.0, 0.97, 0.01] (ep=91, 35.0s)
[checkpoint] outputs/journal_train/default/seed22/ckpt_step24000.pt
[  24000/48000] phase=B route=detached world=0.0009 w_ema=0.0029 pred=0.0009 smooth=0.0000 | actor=0.0032 b=0.0030 H=0.112 maxpi=0.972 KL=0.003195 logits|.|=1.695 e[min,max,std]=0.001,0.007,0.002 zone=[0.0, 0.02, 0.98] act=[0.01, 0.0, 0.01, 0.98, 0.01] (ep=100, 24.3s)
[  26000/48000] phase=B route=detached world=0.0009 w_ema=0.0158 pred=0.0009 smooth=0.0000 | actor=0.0148 b=0.0162 H=0.185 maxpi=0.927 KL=0.049734 logits|.|=1.593 e[min,max,std]=0.001,0.011,0.003 zone=[0.21, 0.1, 0.69] act=[0.19, 0.07, 0.08, 0.43, 0.22] (ep=108, 22.0s)
[  28000/48000] phase=B route=detached world=0.0009 w_ema=0.0044 pred=0.0009 smooth=0.0000 | actor=0.0007 b=0.0045 H=0.036 maxpi=0.966 KL=0.016989 logits|.|=2.120 e[min,max,std]=0.001,0.007,0.002 zone=[0.01, 0.09, 0.91] act=[0.13, 0.06, 0.02, 0.63, 0.16] (ep=116, 24.9s)
[checkpoint] outputs/journal_train/default/seed22/ckpt_step30000.pt
[  30000/48000] phase=B route=detached world=0.0035 w_ema=0.0032 pred=0.0035 smooth=0.0000 | actor=-0.0000 b=0.0032 H=0.003 maxpi=0.999 KL=0.003585 logits|.|=3.246 e[min,max,std]=0.003,0.014,0.004 zone=[0.0, 0.06, 0.94] act=[0.01, 0.01, 0.01, 0.95, 0.01] (ep=125, 22.5s)
[  32000/48000] phase=B route=detached world=0.0017 w_ema=0.0087 pred=0.0017 smooth=0.0000 | actor=0.0002 b=0.0088 H=0.009 maxpi=0.990 KL=0.078356 logits|.|=2.714 e[min,max,std]=0.002,0.014,0.004 zone=[0.0, 0.06, 0.94] act=[0.01, 0.01, 0.02, 0.95, 0.01] (ep=133, 22.0s)
[  34000/48000] phase=B route=detached world=0.0026 w_ema=0.0037 pred=0.0026 smooth=0.0000 | actor=0.0000 b=0.0037 H=0.003 maxpi=0.997 KL=0.006481 logits|.|=3.075 e[min,max,std]=0.003,0.011,0.003 zone=[0.0, 0.04, 0.96] act=[0.01, 0.01, 0.01, 0.97, 0.0] (ep=141, 22.0s)
[checkpoint] outputs/journal_train/default/seed22/ckpt_step36000.pt
[  36000/48000] phase=B route=detached world=0.0010 w_ema=0.0028 pred=0.0010 smooth=0.0000 | actor=0.0010 b=0.0028 H=0.041 maxpi=0.992 KL=0.003023 logits|.|=2.114 e[min,max,std]=0.001,0.016,0.006 zone=[0.0, 0.04, 0.96] act=[0.04, 0.07, 0.01, 0.88, 0.01] (ep=150, 25.0s)
[  38000/48000] phase=B route=detached world=0.0015 w_ema=0.0179 pred=0.0015 smooth=0.0000 | actor=0.0000 b=0.0178 H=0.001 maxpi=0.989 KL=0.039570 logits|.|=3.237 e[min,max,std]=0.002,0.015,0.005 zone=[0.0, 0.04, 0.96] act=[0.01, 0.01, 0.0, 0.97, 0.01] (ep=158, 35.2s)
[  40000/48000] phase=B route=detached world=0.0011 w_ema=0.0074 pred=0.0011 smooth=0.0000 | actor=0.0003 b=0.0075 H=0.014 maxpi=0.937 KL=0.078986 logits|.|=2.384 e[min,max,std]=0.001,0.005,0.001 zone=[0.0, 0.17, 0.83] act=[0.37, 0.32, 0.01, 0.19, 0.11] (ep=166, 35.5s)
[checkpoint] outputs/journal_train/default/seed22/ckpt_step42000.pt
[  42000/48000] phase=B route=detached world=0.0036 w_ema=0.0029 pred=0.0036 smooth=0.0000 | actor=-0.0002 b=0.0031 H=0.062 maxpi=0.850 KL=0.796306 logits|.|=1.593 e[min,max,std]=0.002,0.007,0.002 zone=[0.0, 0.08, 0.92] act=[0.22, 0.14, 0.01, 0.52, 0.11] (ep=175, 34.5s)
[  44000/48000] phase=B route=detached world=0.0028 w_ema=0.0125 pred=0.0027 smooth=0.0000 | actor=0.5094 b=0.0127 H=0.692 maxpi=0.722 KL=0.144888 logits|.|=2.406 e[min,max,std]=0.003,0.008,0.002 zone=[0.0, 0.07, 0.93] act=[0.49, 0.12, 0.01, 0.25, 0.14] (ep=183, 34.2s)
[  46000/48000] phase=B route=detached world=0.0661 w_ema=0.0967 pred=0.0661 smooth=0.0000 | actor=0.1553 b=0.0975 H=0.677 maxpi=0.741 KL=0.058287 logits|.|=3.714 e[min,max,std]=0.064,0.074,0.003 zone=[0.0, 0.31, 0.69] act=[0.5, 0.17, 0.0, 0.02, 0.3] (ep=191, 34.2s)
[checkpoint] outputs/journal_train/default/seed22/ckpt_step48000.pt
[  48000/48000] phase=B route=detached world=0.0504 w_ema=0.0884 pred=0.0504 smooth=0.0000 | actor=0.1095 b=0.0895 H=0.440 maxpi=0.891 KL=0.142847 logits|.|=3.125 e[min,max,std]=0.047,0.053,0.002 zone=[0.0, 0.58, 0.42] act=[0.87, 0.04, 0.0, 0.01, 0.08] (ep=200, 34.1s)
Saved training trajectory to: outputs/journal_train/default/seed22/train_traj.parquet
Saved checkpoint to: outputs/journal_train/default/seed22/ckpt.pt
