/venv/cear-cemergence/lib/python3.10/runpy.py:126: RuntimeWarning: 'cear_pilot.training.train' found in sys.modules after import of package 'cear_pilot.training', but prior to execution of 'cear_pilot.training.train'; this may result in unpredictable behaviour
  warn(RuntimeWarning(msg))
[checkpoint] outputs/journal_train/coupled/seed26/ckpt_step00000.pt
[   2000/48000] phase=A route=detached world=0.0757 w_ema=0.2724 pred=0.0757 smooth=0.0001 | actor=1.6746 b=0.2747 H=1.609 maxpi=0.202 KL=0.000026 logits|.|=0.075 e[min,max,std]=0.069,0.087,0.006 zone=[0.32, 0.45, 0.23] act=[0.2, 0.22, 0.2, 0.19, 0.2] (ep=8, 28.8s)
[   4000/48000] phase=A route=detached world=0.2063 w_ema=0.0262 pred=0.2063 smooth=0.0000 | actor=-2.0995 b=0.0273 H=1.609 maxpi=0.200 KL=0.000001 logits|.|=0.056 e[min,max,std]=0.198,0.218,0.007 zone=[0.25, 0.36, 0.39] act=[0.2, 0.2, 0.2, 0.21, 0.2] (ep=16, 32.2s)
[   6000/48000] phase=A route=detached world=0.0036 w_ema=0.0062 pred=0.0036 smooth=0.0000 | actor=0.1000 b=0.0071 H=1.609 maxpi=0.200 KL=0.000000 logits|.|=0.067 e[min,max,std]=0.003,0.005,0.001 zone=[0.19, 0.28, 0.52] act=[0.18, 0.21, 0.19, 0.22, 0.2] (ep=25, 34.2s)
[   8000/48000] phase=A route=detached world=0.4350 w_ema=0.2846 pred=0.4350 smooth=0.0000 | actor=-1.5403 b=0.2860 H=1.609 maxpi=0.201 KL=0.000005 logits|.|=0.043 e[min,max,std]=0.426,0.458,0.011 zone=[0.27, 0.49, 0.24] act=[0.2, 0.19, 0.21, 0.2, 0.2] (ep=33, 34.3s)
[  10000/48000] phase=A route=detached world=0.2704 w_ema=0.1419 pred=0.2704 smooth=0.0001 | actor=-1.3775 b=0.1433 H=1.609 maxpi=0.200 KL=0.000002 logits|.|=0.036 e[min,max,std]=0.261,0.283,0.007 zone=[0.22, 0.49, 0.29] act=[0.2, 0.19, 0.2, 0.2, 0.2] (ep=41, 34.3s)
[checkpoint] outputs/journal_train/coupled/seed26/ckpt_step12000.pt
[  12000/48000] phase=A route=detached world=0.0410 w_ema=0.0841 pred=0.0410 smooth=0.0000 | actor=0.6017 b=0.0848 H=1.609 maxpi=0.200 KL=0.000000 logits|.|=0.036 e[min,max,std]=0.038,0.045,0.003 zone=[0.2, 0.44, 0.36] act=[0.2, 0.19, 0.2, 0.21, 0.2] (ep=50, 34.2s)
[  14000/48000] phase=B route=coupled world=0.0025 w_ema=0.0112 pred=0.0025 smooth=0.0000 | actor=0.0008 b=0.0112 H=0.018 maxpi=0.998 KL=0.000000 logits|.|=2.685 e[min,max,std]=0.003,0.009,0.002 zone=[0.01, 0.04, 0.96] act=[0.01, 0.07, 0.02, 0.88, 0.02] (ep=58, 39.7s)
[  16000/48000] phase=B route=coupled world=0.0028 w_ema=0.0044 pred=0.0028 smooth=0.0000 | actor=0.0019 b=0.0045 H=0.111 maxpi=0.974 KL=0.000008 logits|.|=1.877 e[min,max,std]=0.003,0.016,0.005 zone=[0.01, 0.02, 0.97] act=[0.01, 0.01, 0.01, 0.96, 0.01] (ep=66, 39.7s)
[checkpoint] outputs/journal_train/coupled/seed26/ckpt_step18000.pt
[  18000/48000] phase=B route=coupled world=0.0019 w_ema=0.0027 pred=0.0019 smooth=0.0000 | actor=0.0001 b=0.0027 H=0.008 maxpi=0.999 KL=0.000000 logits|.|=2.987 e[min,max,std]=0.002,0.006,0.001 zone=[0.0, 0.01, 0.99] act=[0.0, 0.0, 0.0, 1.0, 0.0] (ep=75, 37.5s)
[  20000/48000] phase=B route=coupled world=0.0024 w_ema=0.0088 pred=0.0024 smooth=0.0000 | actor=0.0031 b=0.0089 H=0.085 maxpi=0.940 KL=0.026412 logits|.|=1.876 e[min,max,std]=0.002,0.011,0.003 zone=[0.0, 0.02, 0.98] act=[0.0, 0.01, 0.01, 0.98, 0.01] (ep=83, 29.7s)
[  22000/48000] phase=B route=coupled world=0.0020 w_ema=0.0051 pred=0.0020 smooth=0.0000 | actor=0.0013 b=0.0052 H=0.083 maxpi=0.939 KL=0.003357 logits|.|=1.853 e[min,max,std]=0.002,0.005,0.001 zone=[0.0, 0.03, 0.97] act=[0.01, 0.01, 0.01, 0.95, 0.01] (ep=91, 32.3s)
[checkpoint] outputs/journal_train/coupled/seed26/ckpt_step24000.pt
[  24000/48000] phase=B route=coupled world=0.0595 w_ema=0.0866 pred=0.0595 smooth=0.0000 | actor=0.0331 b=0.0875 H=0.397 maxpi=0.889 KL=0.000090 logits|.|=2.123 e[min,max,std]=0.059,0.080,0.008 zone=[0.11, 0.37, 0.52] act=[0.12, 0.24, 0.03, 0.45, 0.16] (ep=100, 31.4s)
[  26000/48000] phase=B route=coupled world=0.0612 w_ema=0.1002 pred=0.0612 smooth=0.0001 | actor=0.2715 b=0.1008 H=0.891 maxpi=0.730 KL=0.000066 logits|.|=2.031 e[min,max,std]=0.053,0.068,0.006 zone=[0.16, 0.84, 0.0] act=[0.06, 0.65, 0.01, 0.0, 0.28] (ep=108, 28.8s)
[  28000/48000] phase=B route=coupled world=0.0068 w_ema=0.0089 pred=0.0068 smooth=0.0000 | actor=0.0122 b=0.0094 H=0.766 maxpi=0.585 KL=0.075156 logits|.|=2.452 e[min,max,std]=0.005,0.008,0.001 zone=[0.02, 0.27, 0.71] act=[0.05, 0.42, 0.01, 0.05, 0.46] (ep=116, 28.9s)
[checkpoint] outputs/journal_train/coupled/seed26/ckpt_step30000.pt
[  30000/48000] phase=B route=coupled world=0.0812 w_ema=0.0824 pred=0.0812 smooth=0.0001 | actor=-0.1274 b=0.0843 H=1.105 maxpi=0.560 KL=0.446450 logits|.|=1.203 e[min,max,std]=0.076,0.092,0.006 zone=[0.06, 0.7, 0.24] act=[0.12, 0.64, 0.02, 0.03, 0.19] (ep=125, 29.6s)
[  32000/48000] phase=B route=coupled world=0.0085 w_ema=0.0428 pred=0.0085 smooth=0.0000 | actor=0.0246 b=0.0430 H=0.204 maxpi=0.907 KL=1.003729 logits|.|=1.441 e[min,max,std]=0.008,0.029,0.007 zone=[0.0, 0.07, 0.93] act=[0.33, 0.04, 0.1, 0.48, 0.05] (ep=133, 40.1s)
[  34000/48000] phase=B route=coupled world=0.0039 w_ema=0.0142 pred=0.0039 smooth=0.0000 | actor=0.6416 b=0.0149 H=0.328 maxpi=0.902 KL=0.075211 logits|.|=1.961 e[min,max,std]=0.004,0.009,0.002 zone=[0.02, 0.31, 0.67] act=[0.37, 0.14, 0.09, 0.32, 0.08] (ep=141, 32.0s)
[checkpoint] outputs/journal_train/coupled/seed26/ckpt_step36000.pt
[  36000/48000] phase=B route=coupled world=0.0022 w_ema=0.0030 pred=0.0022 smooth=0.0000 | actor=0.0007 b=0.0032 H=0.105 maxpi=0.974 KL=0.004735 logits|.|=1.679 e[min,max,std]=0.002,0.013,0.004 zone=[0.0, 0.07, 0.93] act=[0.73, 0.04, 0.02, 0.16, 0.05] (ep=150, 30.9s)
[  38000/48000] phase=B route=coupled world=0.0024 w_ema=0.0083 pred=0.0024 smooth=0.0000 | actor=0.0028 b=0.0083 H=0.080 maxpi=0.984 KL=0.000111 logits|.|=2.523 e[min,max,std]=0.002,0.008,0.002 zone=[0.0, 0.09, 0.91] act=[0.14, 0.14, 0.03, 0.6, 0.09] (ep=158, 29.1s)
[  40000/48000] phase=B route=coupled world=0.0017 w_ema=0.0032 pred=0.0017 smooth=0.0000 | actor=0.0004 b=0.0032 H=0.029 maxpi=0.996 KL=0.000053 logits|.|=2.526 e[min,max,std]=0.002,0.008,0.002 zone=[0.0, 0.01, 0.99] act=[0.0, 0.0, 0.01, 0.99, 0.0] (ep=166, 29.1s)
[checkpoint] outputs/journal_train/coupled/seed26/ckpt_step42000.pt
[  42000/48000] phase=B route=coupled world=0.0552 w_ema=0.0843 pred=0.0552 smooth=0.0000 | actor=0.9521 b=0.0852 H=0.639 maxpi=0.777 KL=0.011484 logits|.|=2.172 e[min,max,std]=0.048,0.063,0.005 zone=[0.0, 0.1, 0.9] act=[0.0, 0.08, 0.01, 0.88, 0.03] (ep=175, 28.8s)
[  44000/48000] phase=B route=coupled world=0.0044 w_ema=0.0080 pred=0.0044 smooth=0.0000 | actor=0.0016 b=0.0080 H=0.073 maxpi=0.982 KL=0.002654 logits|.|=2.494 e[min,max,std]=0.004,0.008,0.002 zone=[0.0, 0.02, 0.98] act=[0.0, 0.01, 0.02, 0.97, 0.0] (ep=183, 40.5s)
[  46000/48000] phase=B route=coupled world=0.0009 w_ema=0.0044 pred=0.0009 smooth=0.0000 | actor=0.0016 b=0.0045 H=0.050 maxpi=0.981 KL=0.000587 logits|.|=2.393 e[min,max,std]=0.001,0.006,0.002 zone=[0.04, 0.11, 0.85] act=[0.0, 0.06, 0.03, 0.74, 0.17] (ep=191, 40.2s)
[checkpoint] outputs/journal_train/coupled/seed26/ckpt_step48000.pt
[  48000/48000] phase=B route=coupled world=0.0024 w_ema=0.0038 pred=0.0024 smooth=0.0000 | actor=0.0248 b=0.0046 H=0.925 maxpi=0.661 KL=0.000365 logits|.|=1.886 e[min,max,std]=0.003,0.005,0.001 zone=[0.0, 0.2, 0.8] act=[0.0, 0.08, 0.01, 0.45, 0.46] (ep=200, 40.3s)
Saved training trajectory to: outputs/journal_train/coupled/seed26/train_traj.parquet
Saved checkpoint to: outputs/journal_train/coupled/seed26/ckpt.pt
