/venv/cear-cemergence/lib/python3.10/runpy.py:126: RuntimeWarning: 'cear_pilot.training.train' found in sys.modules after import of package 'cear_pilot.training', but prior to execution of 'cear_pilot.training.train'; this may result in unpredictable behaviour
  warn(RuntimeWarning(msg))
[checkpoint] outputs/journal_train/coupled/seed14/ckpt_step00000.pt
[   2000/48000] phase=A route=detached world=0.0954 w_ema=0.0680 pred=0.0954 smooth=0.0000 | actor=-0.3909 b=0.0689 H=1.609 maxpi=0.201 KL=0.000005 logits|.|=0.069 e[min,max,std]=0.083,0.105,0.008 zone=[0.4, 0.41, 0.18] act=[0.21, 0.2, 0.2, 0.19, 0.21] (ep=8, 35.4s)
[   4000/48000] phase=A route=detached world=0.4726 w_ema=0.3055 pred=0.4726 smooth=0.0000 | actor=-1.3783 b=0.3045 H=1.609 maxpi=0.201 KL=0.000003 logits|.|=0.057 e[min,max,std]=0.454,0.496,0.014 zone=[0.31, 0.38, 0.31] act=[0.21, 0.19, 0.21, 0.2, 0.19] (ep=16, 34.3s)
[   6000/48000] phase=A route=detached world=0.4093 w_ema=0.2511 pred=0.4093 smooth=0.0001 | actor=-1.3165 b=0.2519 H=1.609 maxpi=0.201 KL=0.000005 logits|.|=0.022 e[min,max,std]=0.395,0.423,0.012 zone=[0.21, 0.48, 0.31] act=[0.21, 0.19, 0.2, 0.21, 0.19] (ep=25, 33.7s)
[   8000/48000] phase=A route=detached world=0.1549 w_ema=0.2302 pred=0.1549 smooth=0.0002 | actor=0.7134 b=0.2309 H=1.609 maxpi=0.201 KL=0.000005 logits|.|=0.030 e[min,max,std]=0.150,0.165,0.005 zone=[0.41, 0.33, 0.26] act=[0.2, 0.2, 0.2, 0.2, 0.2] (ep=33, 24.0s)
[  10000/48000] phase=A route=detached world=0.0024 w_ema=0.0223 pred=0.0024 smooth=0.0000 | actor=0.2323 b=0.0230 H=1.609 maxpi=0.200 KL=0.000001 logits|.|=0.034 e[min,max,std]=0.002,0.004,0.001 zone=[0.16, 0.41, 0.43] act=[0.21, 0.2, 0.19, 0.2, 0.2] (ep=41, 21.4s)
[checkpoint] outputs/journal_train/coupled/seed14/ckpt_step12000.pt
[  12000/48000] phase=A route=detached world=0.4926 w_ema=0.3340 pred=0.4925 smooth=0.0002 | actor=-1.4038 b=0.3333 H=1.609 maxpi=0.201 KL=0.000003 logits|.|=0.022 e[min,max,std]=0.459,0.505,0.017 zone=[0.45, 0.28, 0.27] act=[0.21, 0.18, 0.21, 0.2, 0.2] (ep=50, 28.1s)
[  14000/48000] phase=B route=coupled world=0.4787 w_ema=0.2900 pred=0.4787 smooth=0.0001 | actor=-0.2319 b=0.2916 H=0.759 maxpi=0.757 KL=0.000086 logits|.|=1.774 e[min,max,std]=0.448,0.485,0.013 zone=[0.16, 0.16, 0.68] act=[0.07, 0.15, 0.08, 0.56, 0.14] (ep=58, 38.6s)
[  16000/48000] phase=B route=coupled world=0.6330 w_ema=0.3829 pred=0.6329 smooth=0.0002 | actor=-1.3800 b=0.3821 H=1.400 maxpi=0.366 KL=0.012388 logits|.|=0.896 e[min,max,std]=0.598,0.669,0.024 zone=[0.38, 0.62, 0.0] act=[0.14, 0.75, 0.02, 0.0, 0.09] (ep=66, 38.7s)
[checkpoint] outputs/journal_train/coupled/seed14/ckpt_step18000.pt
[  18000/48000] phase=B route=coupled world=0.1093 w_ema=0.0968 pred=0.1093 smooth=0.0000 | actor=-0.0465 b=0.0984 H=0.739 maxpi=0.716 KL=0.000072 logits|.|=2.371 e[min,max,std]=0.108,0.149,0.015 zone=[0.26, 0.74, 0.0] act=[0.51, 0.2, 0.02, 0.0, 0.27] (ep=75, 39.0s)
[  20000/48000] phase=B route=coupled world=0.1075 w_ema=0.0986 pred=0.1075 smooth=0.0001 | actor=-0.0237 b=0.1009 H=0.483 maxpi=0.859 KL=0.000008 logits|.|=2.539 e[min,max,std]=0.087,0.114,0.010 zone=[0.09, 0.91, 0.0] act=[0.82, 0.01, 0.01, 0.0, 0.16] (ep=83, 39.0s)
[  22000/48000] phase=B route=coupled world=0.0810 w_ema=0.0841 pred=0.0810 smooth=0.0000 | actor=0.0149 b=0.0858 H=0.348 maxpi=0.914 KL=0.000007 logits|.|=2.462 e[min,max,std]=0.079,0.113,0.012 zone=[0.0, 1.0, 0.0] act=[0.89, 0.01, 0.0, 0.0, 0.1] (ep=91, 38.8s)
[checkpoint] outputs/journal_train/coupled/seed14/ckpt_step24000.pt
[  24000/48000] phase=B route=coupled world=0.1453 w_ema=0.0927 pred=0.1453 smooth=0.0001 | actor=-0.1890 b=0.0955 H=0.484 maxpi=0.831 KL=0.000010 logits|.|=2.741 e[min,max,std]=0.143,0.170,0.010 zone=[0.03, 0.97, 0.0] act=[0.55, 0.01, 0.01, 0.0, 0.43] (ep=100, 38.8s)
[  26000/48000] phase=B route=coupled world=0.1154 w_ema=0.1065 pred=0.1154 smooth=0.0000 | actor=-0.2999 b=0.1083 H=0.610 maxpi=0.772 KL=0.000009 logits|.|=2.884 e[min,max,std]=0.106,0.120,0.005 zone=[0.0, 1.0, 0.0] act=[0.17, 0.0, 0.0, 0.0, 0.83] (ep=108, 38.7s)
[  28000/48000] phase=B route=coupled world=0.1734 w_ema=0.1006 pred=0.1733 smooth=0.0000 | actor=-0.2435 b=0.1026 H=0.444 maxpi=0.838 KL=0.000002 logits|.|=3.070 e[min,max,std]=0.174,0.195,0.008 zone=[0.0, 1.0, 0.0] act=[0.2, 0.01, 0.0, 0.0, 0.79] (ep=116, 39.0s)
[checkpoint] outputs/journal_train/coupled/seed14/ckpt_step30000.pt
[  30000/48000] phase=B route=coupled world=0.0023 w_ema=0.0027 pred=0.0023 smooth=0.0000 | actor=0.0002 b=0.0027 H=0.024 maxpi=0.996 KL=0.000001 logits|.|=3.073 e[min,max,std]=0.002,0.014,0.004 zone=[0.0, 0.56, 0.44] act=[0.09, 0.01, 0.01, 0.44, 0.47] (ep=125, 39.0s)
[  32000/48000] phase=B route=coupled world=0.0038 w_ema=0.0068 pred=0.0038 smooth=0.0000 | actor=0.0005 b=0.0067 H=0.024 maxpi=0.996 KL=0.000003 logits|.|=3.006 e[min,max,std]=0.004,0.016,0.005 zone=[0.0, 0.01, 0.99] act=[0.0, 0.0, 0.0, 1.0, 0.0] (ep=133, 40.0s)
[  34000/48000] phase=B route=coupled world=0.1170 w_ema=0.0967 pred=0.1170 smooth=0.0001 | actor=-0.0437 b=0.0979 H=0.433 maxpi=0.857 KL=0.000070 logits|.|=2.978 e[min,max,std]=0.113,0.149,0.011 zone=[0.0, 0.68, 0.32] act=[0.19, 0.05, 0.01, 0.21, 0.55] (ep=141, 40.4s)
[checkpoint] outputs/journal_train/coupled/seed14/ckpt_step36000.pt
[  36000/48000] phase=B route=coupled world=0.1750 w_ema=0.0988 pred=0.1750 smooth=0.0000 | actor=-1.5712 b=0.1004 H=0.729 maxpi=0.726 KL=0.000157 logits|.|=2.468 e[min,max,std]=0.122,0.181,0.021 zone=[0.0, 1.0, 0.0] act=[0.14, 0.01, 0.0, 0.0, 0.84] (ep=150, 40.3s)
[  38000/48000] phase=B route=coupled world=0.1320 w_ema=0.1035 pred=0.1320 smooth=0.0000 | actor=-0.2219 b=0.1041 H=0.780 maxpi=0.595 KL=0.000044 logits|.|=2.743 e[min,max,std]=0.106,0.146,0.014 zone=[0.0, 1.0, 0.0] act=[0.36, 0.03, 0.0, 0.0, 0.61] (ep=158, 40.0s)
[  40000/48000] phase=B route=coupled world=0.0778 w_ema=0.0875 pred=0.0777 smooth=0.0001 | actor=0.0107 b=0.0878 H=0.225 maxpi=0.947 KL=0.000003 logits|.|=3.223 e[min,max,std]=0.074,0.090,0.006 zone=[0.0, 1.0, 0.0] act=[0.12, 0.04, 0.0, 0.0, 0.84] (ep=166, 40.1s)
[checkpoint] outputs/journal_train/coupled/seed14/ckpt_step42000.pt
[  42000/48000] phase=B route=coupled world=0.0628 w_ema=0.0883 pred=0.0628 smooth=0.0001 | actor=0.8190 b=0.0918 H=0.698 maxpi=0.752 KL=0.000060 logits|.|=2.774 e[min,max,std]=0.055,0.066,0.004 zone=[0.0, 1.0, 0.0] act=[0.21, 0.11, 0.0, 0.0, 0.68] (ep=175, 40.1s)
[  44000/48000] phase=B route=coupled world=0.0911 w_ema=0.1024 pred=0.0911 smooth=0.0000 | actor=0.0236 b=0.1042 H=0.904 maxpi=0.579 KL=0.000010 logits|.|=3.191 e[min,max,std]=0.077,0.112,0.013 zone=[0.0, 1.0, 0.0] act=[0.5, 0.32, 0.0, 0.0, 0.18] (ep=183, 40.2s)
[  46000/48000] phase=B route=coupled world=0.1060 w_ema=0.0974 pred=0.1060 smooth=0.0000 | actor=-0.0985 b=0.0973 H=0.816 maxpi=0.664 KL=0.000018 logits|.|=3.342 e[min,max,std]=0.098,0.113,0.005 zone=[0.0, 1.0, 0.0] act=[0.76, 0.17, 0.0, 0.0, 0.07] (ep=191, 40.2s)
[checkpoint] outputs/journal_train/coupled/seed14/ckpt_step48000.pt
[  48000/48000] phase=B route=coupled world=0.0573 w_ema=0.0813 pred=0.0572 smooth=0.0001 | actor=0.0856 b=0.0825 H=0.480 maxpi=0.830 KL=0.000009 logits|.|=3.215 e[min,max,std]=0.031,0.065,0.012 zone=[0.0, 1.0, 0.0] act=[0.78, 0.04, 0.0, 0.0, 0.18] (ep=200, 40.2s)
Saved training trajectory to: outputs/journal_train/coupled/seed14/train_traj.parquet
Saved checkpoint to: outputs/journal_train/coupled/seed14/ckpt.pt
