/venv/cear-cemergence/lib/python3.10/runpy.py:126: RuntimeWarning: 'cear_pilot.training.train' found in sys.modules after import of package 'cear_pilot.training', but prior to execution of 'cear_pilot.training.train'; this may result in unpredictable behaviour
  warn(RuntimeWarning(msg))
[checkpoint] outputs/journal_train/default/seed2/ckpt_step00000.pt
[   2000/48000] phase=A route=detached world=0.0630 w_ema=0.1447 pred=0.0630 smooth=0.0000 | actor=0.7370 b=0.1454 H=1.609 maxpi=0.201 KL=0.000008 logits|.|=0.022 e[min,max,std]=0.062,0.066,0.002 zone=[0.17, 0.5, 0.32] act=[0.19, 0.2, 0.2, 0.21, 0.19] (ep=8, 36.3s)
[   4000/48000] phase=A route=detached world=0.0514 w_ema=0.2094 pred=0.0514 smooth=0.0000 | actor=1.2549 b=0.2103 H=1.609 maxpi=0.201 KL=0.000005 logits|.|=0.046 e[min,max,std]=0.050,0.056,0.002 zone=[0.29, 0.35, 0.35] act=[0.21, 0.21, 0.2, 0.2, 0.19] (ep=16, 35.0s)
[   6000/48000] phase=A route=detached world=0.1081 w_ema=0.1216 pred=0.1081 smooth=0.0000 | actor=0.0967 b=0.1221 H=1.609 maxpi=0.200 KL=0.000003 logits|.|=0.051 e[min,max,std]=0.104,0.114,0.004 zone=[0.22, 0.41, 0.37] act=[0.2, 0.2, 0.2, 0.2, 0.19] (ep=25, 35.4s)
[   8000/48000] phase=A route=detached world=0.2363 w_ema=0.2855 pred=0.2363 smooth=0.0000 | actor=0.3894 b=0.2850 H=1.609 maxpi=0.201 KL=0.000008 logits|.|=0.039 e[min,max,std]=0.225,0.255,0.010 zone=[0.34, 0.44, 0.22] act=[0.19, 0.21, 0.2, 0.19, 0.22] (ep=33, 35.1s)
[  10000/48000] phase=A route=detached world=0.5415 w_ema=0.2981 pred=0.5415 smooth=0.0001 | actor=-1.8310 b=0.2998 H=1.609 maxpi=0.200 KL=0.000002 logits|.|=0.035 e[min,max,std]=0.536,0.551,0.007 zone=[0.35, 0.23, 0.42] act=[0.2, 0.19, 0.19, 0.21, 0.21] (ep=41, 35.0s)
[checkpoint] outputs/journal_train/default/seed2/ckpt_step12000.pt
[  12000/48000] phase=A route=detached world=0.0466 w_ema=0.0855 pred=0.0466 smooth=0.0001 | actor=0.6884 b=0.0851 H=1.609 maxpi=0.200 KL=0.000001 logits|.|=0.033 e[min,max,std]=0.044,0.051,0.003 zone=[0.18, 0.37, 0.45] act=[0.21, 0.2, 0.18, 0.2, 0.22] (ep=50, 35.1s)
[  14000/48000] phase=B route=detached world=0.0057 w_ema=0.0138 pred=0.0057 smooth=0.0000 | actor=0.0768 b=0.0142 H=0.888 maxpi=0.711 KL=0.001160 logits|.|=1.011 e[min,max,std]=0.005,0.011,0.002 zone=[0.0, 0.17, 0.83] act=[0.23, 0.24, 0.1, 0.25, 0.18] (ep=58, 35.1s)
[  16000/48000] phase=B route=detached world=0.0017 w_ema=0.0039 pred=0.0017 smooth=0.0000 | actor=0.0013 b=0.0039 H=0.081 maxpi=0.988 KL=0.000068 logits|.|=2.037 e[min,max,std]=0.002,0.008,0.002 zone=[0.0, 0.01, 0.99] act=[0.03, 0.01, 0.01, 0.95, 0.01] (ep=66, 34.9s)
[checkpoint] outputs/journal_train/default/seed2/ckpt_step18000.pt
[  18000/48000] phase=B route=detached world=0.0020 w_ema=0.0029 pred=0.0020 smooth=0.0000 | actor=0.0071 b=0.0030 H=0.311 maxpi=0.965 KL=0.000340 logits|.|=1.678 e[min,max,std]=0.002,0.009,0.003 zone=[0.0, 0.01, 0.99] act=[0.0, 0.0, 0.0, 0.99, 0.0] (ep=75, 34.6s)
[  20000/48000] phase=B route=detached world=0.0034 w_ema=0.0131 pred=0.0034 smooth=0.0000 | actor=0.0024 b=0.0133 H=0.075 maxpi=0.974 KL=0.031797 logits|.|=1.925 e[min,max,std]=0.003,0.011,0.002 zone=[0.0, 0.11, 0.89] act=[0.08, 0.07, 0.02, 0.7, 0.12] (ep=83, 34.7s)
[  22000/48000] phase=B route=detached world=0.0007 w_ema=0.0052 pred=0.0007 smooth=0.0000 | actor=0.3990 b=0.0057 H=1.252 maxpi=0.539 KL=0.009581 logits|.|=0.970 e[min,max,std]=0.001,0.002,0.000 zone=[0.0, 0.07, 0.94] act=[0.1, 0.06, 0.02, 0.57, 0.25] (ep=91, 34.7s)
[checkpoint] outputs/journal_train/default/seed2/ckpt_step24000.pt
[  24000/48000] phase=B route=detached world=0.0018 w_ema=0.0028 pred=0.0018 smooth=0.0000 | actor=0.0013 b=0.0029 H=0.093 maxpi=0.985 KL=0.000381 logits|.|=2.081 e[min,max,std]=0.002,0.009,0.002 zone=[0.0, 0.05, 0.95] act=[0.16, 0.04, 0.02, 0.57, 0.22] (ep=100, 35.1s)
[  26000/48000] phase=B route=detached world=0.0020 w_ema=0.0096 pred=0.0019 smooth=0.0000 | actor=0.0643 b=0.0108 H=0.651 maxpi=0.642 KL=0.204690 logits|.|=1.172 e[min,max,std]=0.002,0.007,0.002 zone=[0.0, 0.04, 0.96] act=[0.08, 0.02, 0.01, 0.76, 0.13] (ep=108, 31.5s)
[  28000/48000] phase=B route=detached world=0.0019 w_ema=0.0037 pred=0.0019 smooth=0.0000 | actor=0.0065 b=0.0037 H=0.250 maxpi=0.949 KL=0.007491 logits|.|=1.530 e[min,max,std]=0.002,0.013,0.004 zone=[0.0, 0.02, 0.98] act=[0.01, 0.0, 0.01, 0.96, 0.02] (ep=116, 23.1s)
[checkpoint] outputs/journal_train/default/seed2/ckpt_step30000.pt
[  30000/48000] phase=B route=detached world=0.0019 w_ema=0.0031 pred=0.0019 smooth=0.0000 | actor=0.0011 b=0.0032 H=0.105 maxpi=0.966 KL=0.005851 logits|.|=1.662 e[min,max,std]=0.002,0.012,0.003 zone=[0.0, 0.05, 0.94] act=[0.03, 0.01, 0.06, 0.89, 0.01] (ep=125, 30.1s)
[  32000/48000] phase=B route=detached world=0.0016 w_ema=0.0116 pred=0.0016 smooth=0.0000 | actor=0.0210 b=0.0120 H=0.318 maxpi=0.968 KL=0.012657 logits|.|=2.606 e[min,max,std]=0.002,0.009,0.002 zone=[0.0, 0.02, 0.98] act=[0.01, 0.01, 0.01, 0.97, 0.01] (ep=133, 34.1s)
[  34000/48000] phase=B route=detached world=0.0029 w_ema=0.0056 pred=0.0029 smooth=0.0000 | actor=0.0030 b=0.0055 H=0.195 maxpi=0.969 KL=0.011416 logits|.|=1.706 e[min,max,std]=0.003,0.008,0.002 zone=[0.0, 0.02, 0.98] act=[0.0, 0.0, 0.01, 0.98, 0.0] (ep=141, 34.9s)
[checkpoint] outputs/journal_train/default/seed2/ckpt_step36000.pt
[  36000/48000] phase=B route=detached world=0.0009 w_ema=0.0030 pred=0.0009 smooth=0.0000 | actor=0.0006 b=0.0029 H=0.023 maxpi=0.997 KL=0.001550 logits|.|=2.733 e[min,max,std]=0.001,0.012,0.004 zone=[0.0, 0.02, 0.98] act=[0.01, 0.0, 0.01, 0.98, 0.0] (ep=150, 34.8s)
[  38000/48000] phase=B route=detached world=0.0015 w_ema=0.0074 pred=0.0015 smooth=0.0000 | actor=0.0018 b=0.0074 H=0.060 maxpi=0.986 KL=0.033329 logits|.|=2.089 e[min,max,std]=0.002,0.007,0.002 zone=[0.0, 0.02, 0.98] act=[0.0, 0.0, 0.0, 0.98, 0.01] (ep=158, 34.9s)
[  40000/48000] phase=B route=detached world=0.0043 w_ema=0.0054 pred=0.0043 smooth=0.0000 | actor=0.0001 b=0.0054 H=0.017 maxpi=0.993 KL=0.021317 logits|.|=2.696 e[min,max,std]=0.004,0.012,0.003 zone=[0.0, 0.05, 0.95] act=[0.01, 0.01, 0.01, 0.84, 0.13] (ep=166, 34.7s)
[checkpoint] outputs/journal_train/default/seed2/ckpt_step42000.pt
[  42000/48000] phase=B route=detached world=0.1821 w_ema=0.0932 pred=0.1820 smooth=0.0000 | actor=-6.2076 b=0.0937 H=0.588 maxpi=0.592 KL=0.387871 logits|.|=2.502 e[min,max,std]=0.177,0.202,0.009 zone=[0.01, 0.29, 0.71] act=[0.33, 0.12, 0.01, 0.43, 0.1] (ep=175, 35.0s)
[  44000/48000] phase=B route=detached world=0.1027 w_ema=0.0818 pred=0.1027 smooth=0.0000 | actor=-0.1110 b=0.0821 H=0.857 maxpi=0.540 KL=0.225168 logits|.|=3.258 e[min,max,std]=0.090,0.117,0.010 zone=[0.0, 0.47, 0.53] act=[0.32, 0.38, 0.01, 0.03, 0.26] (ep=183, 35.0s)
[  46000/48000] phase=B route=detached world=0.0038 w_ema=0.0042 pred=0.0038 smooth=0.0000 | actor=0.0052 b=0.0053 H=0.366 maxpi=0.841 KL=0.094440 logits|.|=1.567 e[min,max,std]=0.004,0.013,0.003 zone=[0.0, 0.26, 0.74] act=[0.25, 0.3, 0.0, 0.25, 0.2] (ep=191, 35.1s)
[checkpoint] outputs/journal_train/default/seed2/ckpt_step48000.pt
[  48000/48000] phase=B route=detached world=0.0015 w_ema=0.0039 pred=0.0015 smooth=0.0000 | actor=0.1387 b=0.0056 H=0.895 maxpi=0.541 KL=0.034973 logits|.|=2.971 e[min,max,std]=0.002,0.009,0.003 zone=[0.0, 0.35, 0.65] act=[0.5, 0.26, 0.0, 0.03, 0.21] (ep=200, 35.2s)
Saved training trajectory to: outputs/journal_train/default/seed2/train_traj.parquet
Saved checkpoint to: outputs/journal_train/default/seed2/ckpt.pt
