/venv/cear-cemergence/lib/python3.10/runpy.py:126: RuntimeWarning: 'cear_pilot.training.train' found in sys.modules after import of package 'cear_pilot.training', but prior to execution of 'cear_pilot.training.train'; this may result in unpredictable behaviour
  warn(RuntimeWarning(msg))
[checkpoint] outputs/journal_train/coupled/seed6/ckpt_step00000.pt
[   2000/48000] phase=A route=detached world=0.2109 w_ema=0.3216 pred=0.2109 smooth=0.0000 | actor=0.8432 b=0.3231 H=1.609 maxpi=0.201 KL=0.000015 logits|.|=0.022 e[min,max,std]=0.204,0.220,0.005 zone=[0.4, 0.31, 0.29] act=[0.2, 0.21, 0.21, 0.19, 0.2] (ep=8, 36.6s)
[   4000/48000] phase=A route=detached world=0.0036 w_ema=0.0242 pred=0.0036 smooth=0.0000 | actor=0.2614 b=0.0250 H=1.609 maxpi=0.200 KL=0.000002 logits|.|=0.027 e[min,max,std]=0.003,0.006,0.001 zone=[0.22, 0.34, 0.44] act=[0.2, 0.2, 0.18, 0.2, 0.21] (ep=16, 35.4s)
[   6000/48000] phase=A route=detached world=0.1826 w_ema=0.0959 pred=0.1826 smooth=0.0000 | actor=-1.5695 b=0.0969 H=1.609 maxpi=0.200 KL=0.000001 logits|.|=0.024 e[min,max,std]=0.172,0.201,0.010 zone=[0.35, 0.46, 0.2] act=[0.21, 0.2, 0.2, 0.18, 0.21] (ep=25, 35.3s)
[   8000/48000] phase=A route=detached world=0.0388 w_ema=0.1346 pred=0.0388 smooth=0.0001 | actor=0.9345 b=0.1369 H=1.609 maxpi=0.201 KL=0.000015 logits|.|=0.020 e[min,max,std]=0.035,0.047,0.004 zone=[0.24, 0.47, 0.28] act=[0.2, 0.2, 0.2, 0.2, 0.2] (ep=33, 35.4s)
[  10000/48000] phase=A route=detached world=0.2261 w_ema=0.2063 pred=0.2261 smooth=0.0001 | actor=-0.1951 b=0.2074 H=1.609 maxpi=0.201 KL=0.000011 logits|.|=0.026 e[min,max,std]=0.197,0.244,0.016 zone=[0.41, 0.33, 0.26] act=[0.19, 0.2, 0.21, 0.2, 0.2] (ep=41, 35.2s)
[checkpoint] outputs/journal_train/coupled/seed6/ckpt_step12000.pt
[  12000/48000] phase=A route=detached world=0.0049 w_ema=0.0333 pred=0.0049 smooth=0.0000 | actor=0.3628 b=0.0337 H=1.609 maxpi=0.200 KL=0.000001 logits|.|=0.042 e[min,max,std]=0.004,0.007,0.001 zone=[0.22, 0.52, 0.26] act=[0.2, 0.22, 0.19, 0.19, 0.2] (ep=50, 35.9s)
[  14000/48000] phase=B route=coupled world=0.0017 w_ema=0.0084 pred=0.0017 smooth=0.0000 | actor=0.0029 b=0.0082 H=0.066 maxpi=0.990 KL=0.000079 logits|.|=2.392 e[min,max,std]=0.002,0.013,0.004 zone=[0.01, 0.08, 0.91] act=[0.09, 0.07, 0.07, 0.75, 0.03] (ep=58, 40.9s)
[  16000/48000] phase=B route=coupled world=0.0038 w_ema=0.0035 pred=0.0038 smooth=0.0000 | actor=-0.0001 b=0.0035 H=0.030 maxpi=0.996 KL=0.000907 logits|.|=2.720 e[min,max,std]=0.004,0.009,0.002 zone=[0.0, 0.01, 0.99] act=[0.0, 0.0, 0.0, 1.0, 0.0] (ep=66, 40.9s)
[checkpoint] outputs/journal_train/coupled/seed6/ckpt_step18000.pt
[  18000/48000] phase=B route=coupled world=0.0016 w_ema=0.0025 pred=0.0016 smooth=0.0000 | actor=0.0033 b=0.0026 H=0.159 maxpi=0.957 KL=0.000112 logits|.|=1.982 e[min,max,std]=0.002,0.005,0.001 zone=[0.0, 0.04, 0.96] act=[0.04, 0.02, 0.01, 0.92, 0.01] (ep=75, 41.2s)
[  20000/48000] phase=B route=coupled world=0.0033 w_ema=0.0146 pred=0.0033 smooth=0.0000 | actor=0.0020 b=0.0150 H=0.044 maxpi=0.981 KL=0.023218 logits|.|=2.519 e[min,max,std]=0.003,0.009,0.002 zone=[0.01, 0.11, 0.89] act=[0.12, 0.07, 0.01, 0.79, 0.01] (ep=83, 41.0s)
[  22000/48000] phase=B route=coupled world=0.0022 w_ema=0.0081 pred=0.0022 smooth=0.0000 | actor=0.0280 b=0.0088 H=0.512 maxpi=0.811 KL=0.000059 logits|.|=2.121 e[min,max,std]=0.002,0.006,0.001 zone=[0.0, 0.12, 0.89] act=[0.07, 0.46, 0.0, 0.47, 0.0] (ep=91, 40.6s)
[checkpoint] outputs/journal_train/coupled/seed6/ckpt_step24000.pt
[  24000/48000] phase=B route=coupled world=0.0008 w_ema=0.0043 pred=0.0008 smooth=0.0000 | actor=0.1435 b=0.0054 H=0.805 maxpi=0.715 KL=0.000246 logits|.|=1.572 e[min,max,std]=0.001,0.004,0.001 zone=[0.0, 0.1, 0.9] act=[0.12, 0.73, 0.0, 0.14, 0.01] (ep=100, 40.7s)
[  26000/48000] phase=B route=coupled world=0.0019 w_ema=0.0073 pred=0.0019 smooth=0.0000 | actor=0.0188 b=0.0082 H=0.334 maxpi=0.908 KL=0.003086 logits|.|=2.138 e[min,max,std]=0.002,0.018,0.005 zone=[0.0, 0.07, 0.93] act=[0.22, 0.58, 0.0, 0.18, 0.02] (ep=108, 40.5s)
[  28000/48000] phase=B route=coupled world=0.0040 w_ema=0.0036 pred=0.0040 smooth=0.0000 | actor=-0.0003 b=0.0036 H=0.070 maxpi=0.989 KL=0.000003 logits|.|=2.406 e[min,max,std]=0.004,0.012,0.003 zone=[0.0, 0.02, 0.98] act=[0.01, 0.32, 0.0, 0.66, 0.01] (ep=116, 40.2s)
[checkpoint] outputs/journal_train/coupled/seed6/ckpt_step30000.pt
[  30000/48000] phase=B route=coupled world=0.0036 w_ema=0.0039 pred=0.0036 smooth=0.0000 | actor=-0.0047 b=0.0052 H=1.221 maxpi=0.416 KL=0.000017 logits|.|=1.874 e[min,max,std]=0.003,0.008,0.002 zone=[0.0, 0.06, 0.94] act=[0.15, 0.22, 0.04, 0.29, 0.31] (ep=125, 40.3s)
[  32000/48000] phase=B route=coupled world=0.0013 w_ema=0.0070 pred=0.0013 smooth=0.0000 | actor=0.0021 b=0.0070 H=0.043 maxpi=0.994 KL=0.000011 logits|.|=2.517 e[min,max,std]=0.001,0.008,0.002 zone=[0.0, 0.02, 0.98] act=[0.01, 0.0, 0.01, 0.96, 0.02] (ep=133, 40.8s)
[  34000/48000] phase=B route=coupled world=0.0011 w_ema=0.0037 pred=0.0011 smooth=0.0000 | actor=0.0373 b=0.0040 H=0.672 maxpi=0.715 KL=0.000096 logits|.|=1.693 e[min,max,std]=0.001,0.003,0.001 zone=[0.0, 0.01, 0.99] act=[0.03, 0.0, 0.01, 0.93, 0.02] (ep=141, 40.1s)
[checkpoint] outputs/journal_train/coupled/seed6/ckpt_step36000.pt
[  36000/48000] phase=B route=coupled world=0.0018 w_ema=0.0027 pred=0.0018 smooth=0.0000 | actor=0.0004 b=0.0027 H=0.029 maxpi=0.996 KL=0.000001 logits|.|=2.666 e[min,max,std]=0.002,0.006,0.001 zone=[0.0, 0.01, 0.99] act=[0.02, 0.0, 0.01, 0.95, 0.01] (ep=150, 40.8s)
[  38000/48000] phase=B route=coupled world=0.0033 w_ema=0.0074 pred=0.0033 smooth=0.0000 | actor=0.0018 b=0.0074 H=0.065 maxpi=0.990 KL=0.000001 logits|.|=2.285 e[min,max,std]=0.003,0.004,0.000 zone=[0.0, 0.01, 0.99] act=[0.01, 0.0, 0.01, 0.98, 0.0] (ep=158, 41.1s)
[  40000/48000] phase=B route=coupled world=0.0021 w_ema=0.0031 pred=0.0021 smooth=0.0000 | actor=0.0004 b=0.0031 H=0.029 maxpi=0.996 KL=0.000026 logits|.|=2.629 e[min,max,std]=0.002,0.014,0.004 zone=[0.0, 0.01, 0.99] act=[0.0, 0.0, 0.01, 0.98, 0.0] (ep=166, 40.8s)
[checkpoint] outputs/journal_train/coupled/seed6/ckpt_step42000.pt
[  42000/48000] phase=B route=coupled world=0.0016 w_ema=0.0031 pred=0.0016 smooth=0.0000 | actor=0.0024 b=0.0038 H=0.159 maxpi=0.933 KL=0.009660 logits|.|=2.010 e[min,max,std]=0.002,0.010,0.003 zone=[0.08, 0.39, 0.53] act=[0.27, 0.46, 0.01, 0.23, 0.03] (ep=175, 38.9s)
[  44000/48000] phase=B route=coupled world=0.0041 w_ema=0.0115 pred=0.0039 smooth=0.0008 | actor=0.0039 b=0.0116 H=0.078 maxpi=0.956 KL=0.037894 logits|.|=2.064 e[min,max,std]=0.004,0.009,0.002 zone=[0.0, 0.17, 0.83] act=[0.01, 0.71, 0.02, 0.26, 0.01] (ep=183, 30.1s)
[  46000/48000] phase=B route=coupled world=0.0050 w_ema=0.0043 pred=0.0050 smooth=0.0000 | actor=-0.0005 b=0.0043 H=0.072 maxpi=0.981 KL=1.120584 logits|.|=2.355 e[min,max,std]=0.005,0.010,0.003 zone=[0.0, 0.03, 0.97] act=[0.0, 0.5, 0.01, 0.49, 0.01] (ep=191, 30.1s)
[checkpoint] outputs/journal_train/coupled/seed6/ckpt_step48000.pt
[  48000/48000] phase=B route=coupled world=0.0019 w_ema=0.0028 pred=0.0019 smooth=0.0000 | actor=0.0001 b=0.0028 H=0.016 maxpi=0.998 KL=0.003369 logits|.|=2.715 e[min,max,std]=0.002,0.005,0.001 zone=[0.0, 0.03, 0.97] act=[0.0, 0.12, 0.0, 0.88, 0.0] (ep=200, 33.4s)
Saved training trajectory to: outputs/journal_train/coupled/seed6/train_traj.parquet
Saved checkpoint to: outputs/journal_train/coupled/seed6/ckpt.pt
