/venv/cear-cemergence/lib/python3.10/runpy.py:126: RuntimeWarning: 'cear_pilot.training.train' found in sys.modules after import of package 'cear_pilot.training', but prior to execution of 'cear_pilot.training.train'; this may result in unpredictable behaviour
  warn(RuntimeWarning(msg))
[   2000/48000] phase=A world=0.0076 w_ema=0.0315 pred=0.0076 smooth=0.0000 | actor=0.5464 b=0.0328 H=1.609 maxpi=0.201 KL=0.000003 logits|.|=0.029 e[min,max,std]=0.006,0.011,0.002 zone=[0.26, 0.32, 0.42] act=[0.19, 0.2, 0.2, 0.21, 0.2] (ep=8, 23.0s)
[   4000/48000] phase=A world=0.1321 w_ema=0.0410 pred=0.1321 smooth=0.0000 | actor=-1.4722 b=0.0415 H=1.609 maxpi=0.200 KL=0.000001 logits|.|=0.065 e[min,max,std]=0.124,0.137,0.004 zone=[0.2, 0.43, 0.37] act=[0.2, 0.19, 0.2, 0.2, 0.2] (ep=16, 23.0s)
[   6000/48000] phase=A world=0.0321 w_ema=0.0955 pred=0.0321 smooth=0.0000 | actor=0.8021 b=0.0968 H=1.609 maxpi=0.200 KL=0.000001 logits|.|=0.048 e[min,max,std]=0.028,0.035,0.003 zone=[0.4, 0.34, 0.26] act=[0.2, 0.2, 0.21, 0.19, 0.2] (ep=25, 22.6s)
[   8000/48000] phase=A world=0.0605 w_ema=0.2446 pred=0.0605 smooth=0.0000 | actor=1.6442 b=0.2449 H=1.609 maxpi=0.201 KL=0.000005 logits|.|=0.065 e[min,max,std]=0.059,0.064,0.001 zone=[0.36, 0.5, 0.14] act=[0.21, 0.19, 0.22, 0.2, 0.18] (ep=33, 21.3s)
[  10000/48000] phase=A world=0.5652 w_ema=0.2840 pred=0.5651 smooth=0.0002 | actor=-2.0612 b=0.2848 H=1.609 maxpi=0.201 KL=0.000003 logits|.|=0.059 e[min,max,std]=0.557,0.573,0.005 zone=[0.37, 0.47, 0.16] act=[0.19, 0.2, 0.21, 0.2, 0.2] (ep=41, 21.4s)
[  12000/48000] phase=A world=0.4387 w_ema=0.3541 pred=0.4386 smooth=0.0003 | actor=-0.5753 b=0.3544 H=1.609 maxpi=0.201 KL=0.000005 logits|.|=0.047 e[min,max,std]=0.427,0.452,0.009 zone=[0.23, 0.36, 0.4] act=[0.2, 0.21, 0.2, 0.22, 0.18] (ep=50, 21.3s)
[  14000/48000] phase=B world=0.0011 w_ema=0.0097 pred=0.0011 smooth=0.0000 | actor=0.0067 b=0.0098 H=0.132 maxpi=0.970 KL=0.006809 logits|.|=1.822 e[min,max,std]=0.001,0.009,0.003 zone=[0.0, 0.07, 0.93] act=[0.04, 0.07, 0.03, 0.74, 0.12] (ep=58, 20.2s)
[  16000/48000] phase=B world=0.0029 w_ema=0.0042 pred=0.0029 smooth=0.0000 | actor=0.0008 b=0.0042 H=0.083 maxpi=0.985 KL=0.004022 logits|.|=2.010 e[min,max,std]=0.003,0.004,0.000 zone=[0.0, 0.03, 0.97] act=[0.01, 0.01, 0.01, 0.95, 0.02] (ep=66, 21.2s)
[  18000/48000] phase=B world=0.0043 w_ema=0.0028 pred=0.0043 smooth=0.0000 | actor=-0.0005 b=0.0028 H=0.032 maxpi=0.996 KL=0.000264 logits|.|=2.451 e[min,max,std]=0.004,0.008,0.002 zone=[0.0, 0.03, 0.97] act=[0.0, 0.01, 0.0, 0.96, 0.01] (ep=75, 21.2s)
[  20000/48000] phase=B world=0.0014 w_ema=0.0126 pred=0.0014 smooth=0.0000 | actor=0.0064 b=0.0123 H=0.135 maxpi=0.947 KL=0.019241 logits|.|=1.695 e[min,max,std]=0.001,0.005,0.001 zone=[0.0, 0.02, 0.98] act=[0.0, 0.02, 0.01, 0.97, 0.01] (ep=83, 21.3s)
[  22000/48000] phase=B world=0.0034 w_ema=0.0041 pred=0.0034 smooth=0.0000 | actor=0.0016 b=0.0041 H=0.220 maxpi=0.937 KL=0.009205 logits|.|=1.598 e[min,max,std]=0.003,0.009,0.002 zone=[0.0, 0.04, 0.96] act=[0.01, 0.03, 0.01, 0.94, 0.01] (ep=91, 21.2s)
[  24000/48000] phase=B world=0.0048 w_ema=0.0029 pred=0.0048 smooth=0.0000 | actor=-0.0079 b=0.0031 H=0.235 maxpi=0.940 KL=0.000774 logits|.|=1.582 e[min,max,std]=0.005,0.007,0.001 zone=[0.0, 0.03, 0.97] act=[0.0, 0.03, 0.01, 0.94, 0.01] (ep=100, 21.6s)
[  26000/48000] phase=B world=0.0032 w_ema=0.0087 pred=0.0032 smooth=0.0000 | actor=0.0057 b=0.0087 H=0.141 maxpi=0.947 KL=0.013740 logits|.|=1.949 e[min,max,std]=0.003,0.004,0.000 zone=[0.0, 0.04, 0.96] act=[0.01, 0.03, 0.01, 0.94, 0.01] (ep=108, 21.3s)
[  28000/48000] phase=B world=0.0033 w_ema=0.0038 pred=0.0033 smooth=0.0000 | actor=0.0003 b=0.0038 H=0.065 maxpi=0.986 KL=0.003358 logits|.|=2.459 e[min,max,std]=0.003,0.008,0.002 zone=[0.0, 0.03, 0.97] act=[0.0, 0.04, 0.02, 0.93, 0.01] (ep=116, 21.3s)
[  30000/48000] phase=B world=0.0036 w_ema=0.0031 pred=0.0036 smooth=0.0000 | actor=-0.0016 b=0.0031 H=0.208 maxpi=0.955 KL=0.000370 logits|.|=1.994 e[min,max,std]=0.004,0.005,0.000 zone=[0.0, 0.04, 0.96] act=[0.03, 0.15, 0.04, 0.77, 0.02] (ep=125, 21.2s)
[  32000/48000] phase=B world=0.0013 w_ema=0.0090 pred=0.0013 smooth=0.0000 | actor=0.0087 b=0.0090 H=0.213 maxpi=0.954 KL=0.019548 logits|.|=1.803 e[min,max,std]=0.001,0.004,0.001 zone=[0.0, 0.06, 0.94] act=[0.04, 0.08, 0.04, 0.8, 0.05] (ep=133, 21.2s)
[  34000/48000] phase=B world=0.0027 w_ema=0.0043 pred=0.0027 smooth=0.0000 | actor=0.0012 b=0.0042 H=0.110 maxpi=0.981 KL=0.003161 logits|.|=2.089 e[min,max,std]=0.003,0.005,0.001 zone=[0.0, 0.02, 0.98] act=[0.01, 0.02, 0.0, 0.96, 0.0] (ep=141, 21.3s)
[  36000/48000] phase=B world=0.0010 w_ema=0.0030 pred=0.0010 smooth=0.0000 | actor=0.0027 b=0.0031 H=0.121 maxpi=0.974 KL=0.001480 logits|.|=1.704 e[min,max,std]=0.001,0.007,0.002 zone=[0.0, 0.03, 0.97] act=[0.05, 0.04, 0.02, 0.8, 0.09] (ep=150, 21.2s)
[  38000/48000] phase=B world=0.0036 w_ema=0.0074 pred=0.0036 smooth=0.0000 | actor=0.0011 b=0.0073 H=0.038 maxpi=0.990 KL=0.001836 logits|.|=2.295 e[min,max,std]=0.004,0.013,0.004 zone=[0.0, 0.02, 0.98] act=[0.01, 0.01, 0.0, 0.97, 0.01] (ep=158, 21.3s)
[  40000/48000] phase=B world=0.0030 w_ema=0.0055 pred=0.0030 smooth=0.0000 | actor=0.0872 b=0.0064 H=1.253 maxpi=0.524 KL=0.026352 logits|.|=0.685 e[min,max,std]=0.003,0.006,0.002 zone=[0.0, 0.03, 0.97] act=[0.05, 0.04, 0.02, 0.85, 0.04] (ep=166, 21.4s)
[  42000/48000] phase=B world=0.0036 w_ema=0.0031 pred=0.0036 smooth=0.0000 | actor=-0.0015 b=0.0031 H=0.136 maxpi=0.971 KL=0.000740 logits|.|=1.865 e[min,max,std]=0.002,0.020,0.007 zone=[0.0, 0.02, 0.98] act=[0.02, 0.01, 0.01, 0.94, 0.02] (ep=175, 21.2s)
[  44000/48000] phase=B world=0.0597 w_ema=0.0799 pred=0.0597 smooth=0.0001 | actor=0.0376 b=0.0806 H=0.588 maxpi=0.720 KL=0.515868 logits|.|=1.148 e[min,max,std]=0.052,0.066,0.005 zone=[0.0, 0.04, 0.96] act=[0.03, 0.02, 0.03, 0.88, 0.04] (ep=183, 21.2s)
[  46000/48000] phase=B world=0.0018 w_ema=0.0035 pred=0.0018 smooth=0.0000 | actor=0.0025 b=0.0036 H=0.125 maxpi=0.972 KL=0.007650 logits|.|=1.973 e[min,max,std]=0.002,0.012,0.003 zone=[0.0, 0.18, 0.82] act=[0.04, 0.02, 0.03, 0.37, 0.53] (ep=191, 21.2s)
[  48000/48000] phase=B world=0.0014 w_ema=0.0029 pred=0.0014 smooth=0.0000 | actor=0.0046 b=0.0031 H=0.204 maxpi=0.933 KL=0.003705 logits|.|=1.762 e[min,max,std]=0.001,0.010,0.003 zone=[0.0, 0.02, 0.98] act=[0.02, 0.01, 0.02, 0.95, 0.01] (ep=200, 22.2s)
Saved checkpoint to: outputs/runs/seed15/ckpt.pt
