/venv/cear-cemergence/lib/python3.10/runpy.py:126: RuntimeWarning: 'cear_pilot.training.train' found in sys.modules after import of package 'cear_pilot.training', but prior to execution of 'cear_pilot.training.train'; this may result in unpredictable behaviour
  warn(RuntimeWarning(msg))
[   2000/48000] phase=A world=0.0048 w_ema=0.0349 pred=0.0048 smooth=0.0000 | actor=0.5620 b=0.0355 H=1.609 maxpi=0.202 KL=0.000023 logits|.|=0.054 e[min,max,std]=0.004,0.007,0.001 zone=[0.23, 0.35, 0.41] act=[0.22, 0.2, 0.19, 0.21, 0.19] (ep=8, 21.6s)
[   4000/48000] phase=A world=0.0366 w_ema=0.1438 pred=0.0366 smooth=0.0000 | actor=1.1615 b=0.1445 H=1.609 maxpi=0.200 KL=0.000001 logits|.|=0.031 e[min,max,std]=0.032,0.044,0.004 zone=[0.13, 0.48, 0.38] act=[0.19, 0.19, 0.19, 0.21, 0.22] (ep=16, 21.1s)
[   6000/48000] phase=A world=0.0409 w_ema=0.2641 pred=0.0409 smooth=0.0000 | actor=1.9187 b=0.2647 H=1.609 maxpi=0.200 KL=0.000001 logits|.|=0.057 e[min,max,std]=0.037,0.046,0.003 zone=[0.35, 0.39, 0.26] act=[0.2, 0.2, 0.21, 0.2, 0.19] (ep=25, 21.2s)
[   8000/48000] phase=A world=0.0135 w_ema=0.0713 pred=0.0135 smooth=0.0000 | actor=0.7642 b=0.0723 H=1.609 maxpi=0.201 KL=0.000003 logits|.|=0.019 e[min,max,std]=0.011,0.017,0.002 zone=[0.19, 0.41, 0.4] act=[0.2, 0.21, 0.19, 0.2, 0.2] (ep=33, 21.3s)
[  10000/48000] phase=A world=0.0126 w_ema=0.0488 pred=0.0126 smooth=0.0000 | actor=0.4167 b=0.0496 H=1.609 maxpi=0.200 KL=0.000002 logits|.|=0.019 e[min,max,std]=0.009,0.016,0.002 zone=[0.31, 0.44, 0.25] act=[0.21, 0.21, 0.19, 0.18, 0.2] (ep=41, 22.2s)
[  12000/48000] phase=A world=0.1231 w_ema=0.1909 pred=0.1231 smooth=0.0000 | actor=0.5908 b=0.1908 H=1.609 maxpi=0.200 KL=0.000001 logits|.|=0.037 e[min,max,std]=0.113,0.137,0.008 zone=[0.3, 0.36, 0.34] act=[0.21, 0.2, 0.2, 0.2, 0.2] (ep=50, 21.1s)
[  14000/48000] phase=B world=0.0048 w_ema=0.0062 pred=0.0048 smooth=0.0000 | actor=0.0762 b=0.0066 H=0.967 maxpi=0.505 KL=0.000945 logits|.|=1.962 e[min,max,std]=0.004,0.010,0.002 zone=[0.0, 0.04, 0.96] act=[0.08, 0.37, 0.03, 0.48, 0.03] (ep=58, 21.1s)
[  16000/48000] phase=B world=0.0022 w_ema=0.0039 pred=0.0022 smooth=0.0000 | actor=0.0046 b=0.0041 H=0.186 maxpi=0.950 KL=0.003313 logits|.|=2.455 e[min,max,std]=0.002,0.006,0.002 zone=[0.0, 0.03, 0.97] act=[0.02, 0.21, 0.0, 0.76, 0.0] (ep=66, 21.1s)
[  18000/48000] phase=B world=0.0008 w_ema=0.0033 pred=0.0008 smooth=0.0000 | actor=0.0027 b=0.0035 H=0.184 maxpi=0.962 KL=0.001305 logits|.|=1.896 e[min,max,std]=0.001,0.005,0.001 zone=[0.01, 0.03, 0.96] act=[0.01, 0.03, 0.01, 0.95, 0.01] (ep=75, 21.1s)
[  20000/48000] phase=B world=0.0011 w_ema=0.0090 pred=0.0011 smooth=0.0000 | actor=0.0013 b=0.0090 H=0.032 maxpi=0.988 KL=0.028330 logits|.|=2.557 e[min,max,std]=0.001,0.004,0.001 zone=[0.0, 0.04, 0.96] act=[0.01, 0.01, 0.0, 0.97, 0.01] (ep=83, 21.1s)
[  22000/48000] phase=B world=0.0024 w_ema=0.0041 pred=0.0024 smooth=0.0000 | actor=-0.2898 b=0.0047 H=0.744 maxpi=0.739 KL=0.079438 logits|.|=0.914 e[min,max,std]=0.002,0.006,0.002 zone=[0.0, 0.04, 0.96] act=[0.01, 0.01, 0.01, 0.95, 0.01] (ep=91, 21.1s)
[  24000/48000] phase=B world=0.0025 w_ema=0.0033 pred=0.0025 smooth=0.0000 | actor=0.0005 b=0.0033 H=0.099 maxpi=0.984 KL=0.000824 logits|.|=2.101 e[min,max,std]=0.002,0.009,0.002 zone=[0.01, 0.05, 0.94] act=[0.01, 0.01, 0.02, 0.93, 0.02] (ep=100, 20.9s)
[  26000/48000] phase=B world=0.0012 w_ema=0.0125 pred=0.0012 smooth=0.0000 | actor=0.0398 b=0.0136 H=0.430 maxpi=0.872 KL=0.036282 logits|.|=1.382 e[min,max,std]=0.001,0.007,0.003 zone=[0.0, 0.05, 0.95] act=[0.01, 0.01, 0.02, 0.95, 0.01] (ep=108, 21.1s)
[  28000/48000] phase=B world=0.0037 w_ema=0.0090 pred=0.0037 smooth=0.0000 | actor=0.0003 b=0.0090 H=0.030 maxpi=0.990 KL=0.005026 logits|.|=2.527 e[min,max,std]=0.004,0.011,0.003 zone=[0.02, 0.04, 0.94] act=[0.01, 0.01, 0.02, 0.94, 0.02] (ep=116, 20.4s)
[  30000/48000] phase=B world=0.0024 w_ema=0.0030 pred=0.0024 smooth=0.0000 | actor=0.0002 b=0.0030 H=0.052 maxpi=0.993 KL=0.001509 logits|.|=2.452 e[min,max,std]=0.002,0.007,0.002 zone=[0.0, 0.05, 0.95] act=[0.01, 0.01, 0.01, 0.96, 0.01] (ep=125, 21.1s)
[  32000/48000] phase=B world=0.0016 w_ema=0.0194 pred=0.0016 smooth=0.0000 | actor=0.0017 b=0.0193 H=0.034 maxpi=0.956 KL=0.025590 logits|.|=2.360 e[min,max,std]=0.001,0.006,0.002 zone=[0.0, 0.04, 0.95] act=[0.01, 0.01, 0.01, 0.95, 0.01] (ep=133, 21.1s)
[  34000/48000] phase=B world=0.0018 w_ema=0.0039 pred=0.0018 smooth=0.0000 | actor=0.0013 b=0.0040 H=0.086 maxpi=0.984 KL=0.004533 logits|.|=2.388 e[min,max,std]=0.002,0.007,0.002 zone=[0.01, 0.04, 0.96] act=[0.01, 0.01, 0.01, 0.95, 0.02] (ep=141, 21.1s)
[  36000/48000] phase=B world=0.0014 w_ema=0.0028 pred=0.0014 smooth=0.0000 | actor=0.0012 b=0.0029 H=0.097 maxpi=0.983 KL=0.000418 logits|.|=2.267 e[min,max,std]=0.001,0.006,0.002 zone=[0.0, 0.04, 0.96] act=[0.0, 0.01, 0.01, 0.95, 0.02] (ep=150, 21.1s)
[  38000/48000] phase=B world=0.0030 w_ema=0.0213 pred=0.0030 smooth=0.0000 | actor=0.0027 b=0.0211 H=0.054 maxpi=0.963 KL=0.023183 logits|.|=2.290 e[min,max,std]=0.002,0.004,0.001 zone=[0.0, 0.04, 0.96] act=[0.0, 0.01, 0.01, 0.97, 0.01] (ep=158, 21.1s)
[  40000/48000] phase=B world=0.0014 w_ema=0.0039 pred=0.0014 smooth=0.0000 | actor=0.0033 b=0.0039 H=0.159 maxpi=0.960 KL=0.004459 logits|.|=1.891 e[min,max,std]=0.001,0.010,0.004 zone=[0.0, 0.04, 0.95] act=[0.01, 0.01, 0.01, 0.94, 0.02] (ep=166, 21.5s)
[  42000/48000] phase=B world=0.0027 w_ema=0.0030 pred=0.0027 smooth=0.0000 | actor=0.0001 b=0.0030 H=0.026 maxpi=0.995 KL=0.001053 logits|.|=2.773 e[min,max,std]=0.003,0.016,0.004 zone=[0.0, 0.04, 0.96] act=[0.01, 0.01, 0.01, 0.96, 0.01] (ep=175, 21.0s)
[  44000/48000] phase=B world=0.0011 w_ema=0.0140 pred=0.0011 smooth=0.0000 | actor=0.0313 b=0.0144 H=0.453 maxpi=0.880 KL=0.025693 logits|.|=1.389 e[min,max,std]=0.001,0.005,0.002 zone=[0.0, 0.04, 0.96] act=[0.01, 0.01, 0.01, 0.96, 0.01] (ep=183, 21.1s)
[  46000/48000] phase=B world=0.0022 w_ema=0.0043 pred=0.0022 smooth=0.0000 | actor=0.0036 b=0.0043 H=0.199 maxpi=0.957 KL=0.001898 logits|.|=1.719 e[min,max,std]=0.002,0.006,0.002 zone=[0.0, 0.03, 0.97] act=[0.01, 0.0, 0.01, 0.97, 0.01] (ep=191, 21.9s)
[  48000/48000] phase=B world=0.0018 w_ema=0.0033 pred=0.0018 smooth=0.0000 | actor=0.0008 b=0.0033 H=0.054 maxpi=0.993 KL=0.001031 logits|.|=2.613 e[min,max,std]=0.002,0.014,0.005 zone=[0.0, 0.03, 0.97] act=[0.02, 0.01, 0.01, 0.95, 0.01] (ep=200, 22.3s)
Saved checkpoint to: outputs/runs/seed8/ckpt.pt
