/venv/cear-cemergence/lib/python3.10/runpy.py:126: RuntimeWarning: 'cear_pilot.training.train' found in sys.modules after import of package 'cear_pilot.training', but prior to execution of 'cear_pilot.training.train'; this may result in unpredictable behaviour
  warn(RuntimeWarning(msg))
[checkpoint] outputs/journal_train/default/seed13/ckpt_step00000.pt
[   2000/48000] phase=A route=detached world=0.0275 w_ema=0.1233 pred=0.0275 smooth=0.0002 | actor=0.9398 b=0.1233 H=1.609 maxpi=0.201 KL=0.000007 logits|.|=0.072 e[min,max,std]=0.022,0.034,0.004 zone=[0.47, 0.33, 0.2] act=[0.18, 0.21, 0.21, 0.19, 0.2] (ep=8, 34.7s)
[   4000/48000] phase=A route=detached world=0.0047 w_ema=0.0279 pred=0.0047 smooth=0.0000 | actor=0.3557 b=0.0285 H=1.609 maxpi=0.201 KL=0.000003 logits|.|=0.016 e[min,max,std]=0.003,0.008,0.002 zone=[0.18, 0.42, 0.4] act=[0.2, 0.19, 0.2, 0.21, 0.2] (ep=16, 33.4s)
[   6000/48000] phase=A route=detached world=0.4157 w_ema=0.3105 pred=0.4157 smooth=0.0000 | actor=-0.7350 b=0.3114 H=1.609 maxpi=0.201 KL=0.000005 logits|.|=0.052 e[min,max,std]=0.407,0.425,0.007 zone=[0.41, 0.43, 0.16] act=[0.2, 0.21, 0.2, 0.19, 0.19] (ep=25, 32.7s)
[   8000/48000] phase=A route=detached world=0.0177 w_ema=0.1086 pred=0.0176 smooth=0.0000 | actor=0.8081 b=0.1091 H=1.609 maxpi=0.201 KL=0.000004 logits|.|=0.044 e[min,max,std]=0.016,0.020,0.001 zone=[0.34, 0.41, 0.25] act=[0.21, 0.19, 0.19, 0.2, 0.2] (ep=33, 34.1s)
[  10000/48000] phase=A route=detached world=0.0005 w_ema=0.0304 pred=0.0005 smooth=0.0000 | actor=0.3242 b=0.0310 H=1.609 maxpi=0.200 KL=0.000001 logits|.|=0.064 e[min,max,std]=0.000,0.002,0.000 zone=[0.26, 0.28, 0.46] act=[0.2, 0.2, 0.19, 0.21, 0.19] (ep=41, 34.2s)
[checkpoint] outputs/journal_train/default/seed13/ckpt_step12000.pt
[  12000/48000] phase=A route=detached world=0.0023 w_ema=0.0243 pred=0.0023 smooth=0.0000 | actor=0.5161 b=0.0243 H=1.609 maxpi=0.200 KL=0.000000 logits|.|=0.071 e[min,max,std]=0.002,0.003,0.001 zone=[0.29, 0.39, 0.32] act=[0.21, 0.18, 0.2, 0.2, 0.21] (ep=50, 34.3s)
[  14000/48000] phase=B route=detached world=0.0020 w_ema=0.0091 pred=0.0020 smooth=0.0000 | actor=0.3892 b=0.0097 H=1.302 maxpi=0.470 KL=0.000212 logits|.|=0.793 e[min,max,std]=0.002,0.007,0.002 zone=[0.06, 0.12, 0.82] act=[0.29, 0.2, 0.08, 0.28, 0.15] (ep=58, 34.3s)
[  16000/48000] phase=B route=detached world=0.0028 w_ema=0.0041 pred=0.0028 smooth=0.0000 | actor=0.0089 b=0.0051 H=0.381 maxpi=0.887 KL=0.000218 logits|.|=1.596 e[min,max,std]=0.003,0.012,0.003 zone=[0.0, 0.03, 0.97] act=[0.43, 0.1, 0.02, 0.4, 0.05] (ep=66, 34.3s)
[checkpoint] outputs/journal_train/default/seed13/ckpt_step18000.pt
[  18000/48000] phase=B route=detached world=0.0010 w_ema=0.0031 pred=0.0009 smooth=0.0001 | actor=0.0080 b=0.0032 H=0.313 maxpi=0.921 KL=0.000061 logits|.|=1.933 e[min,max,std]=0.001,0.003,0.001 zone=[0.0, 0.37, 0.63] act=[0.94, 0.01, 0.0, 0.04, 0.0] (ep=75, 34.2s)
[  20000/48000] phase=B route=detached world=0.0019 w_ema=0.0043 pred=0.0019 smooth=0.0000 | actor=0.0148 b=0.0045 H=0.357 maxpi=0.910 KL=0.001991 logits|.|=1.201 e[min,max,std]=0.002,0.005,0.001 zone=[0.0, 0.07, 0.93] act=[0.33, 0.06, 0.04, 0.52, 0.05] (ep=83, 34.3s)
[  22000/48000] phase=B route=detached world=0.0025 w_ema=0.0034 pred=0.0025 smooth=0.0000 | actor=0.0204 b=0.0037 H=0.640 maxpi=0.746 KL=0.002461 logits|.|=1.472 e[min,max,std]=0.003,0.011,0.003 zone=[0.0, 0.03, 0.97] act=[0.0, 0.07, 0.01, 0.9, 0.01] (ep=91, 34.3s)
[checkpoint] outputs/journal_train/default/seed13/ckpt_step24000.pt
[  24000/48000] phase=B route=detached world=0.0040 w_ema=0.0029 pred=0.0040 smooth=0.0000 | actor=-0.0022 b=0.0029 H=0.157 maxpi=0.973 KL=0.000591 logits|.|=1.735 e[min,max,std]=0.004,0.010,0.002 zone=[0.0, 0.03, 0.97] act=[0.01, 0.04, 0.01, 0.93, 0.01] (ep=100, 34.3s)
[  26000/48000] phase=B route=detached world=0.0028 w_ema=0.0125 pred=0.0028 smooth=0.0000 | actor=0.0158 b=0.0127 H=0.247 maxpi=0.938 KL=0.015227 logits|.|=1.394 e[min,max,std]=0.003,0.008,0.002 zone=[0.0, 0.03, 0.97] act=[0.01, 0.03, 0.02, 0.92, 0.02] (ep=108, 34.3s)
[  28000/48000] phase=B route=detached world=0.0017 w_ema=0.0040 pred=0.0017 smooth=0.0000 | actor=0.0011 b=0.0040 H=0.055 maxpi=0.989 KL=0.001880 logits|.|=2.127 e[min,max,std]=0.001,0.004,0.001 zone=[0.0, 0.03, 0.97] act=[0.01, 0.01, 0.01, 0.96, 0.01] (ep=116, 34.5s)
[checkpoint] outputs/journal_train/default/seed13/ckpt_step30000.pt
[  30000/48000] phase=B route=detached world=0.0013 w_ema=0.0132 pred=0.0013 smooth=0.0000 | actor=0.5874 b=0.0141 H=1.543 maxpi=0.324 KL=0.070485 logits|.|=0.354 e[min,max,std]=0.001,0.005,0.002 zone=[0.01, 0.05, 0.95] act=[0.14, 0.06, 0.04, 0.69, 0.07] (ep=125, 34.4s)
[  32000/48000] phase=B route=detached world=0.0027 w_ema=0.0133 pred=0.0027 smooth=0.0000 | actor=0.0019 b=0.0133 H=0.041 maxpi=0.983 KL=0.020863 logits|.|=2.206 e[min,max,std]=0.003,0.008,0.002 zone=[0.0, 0.06, 0.94] act=[0.07, 0.04, 0.02, 0.84, 0.04] (ep=133, 34.1s)
[  34000/48000] phase=B route=detached world=0.0019 w_ema=0.0042 pred=0.0019 smooth=0.0000 | actor=0.0009 b=0.0042 H=0.056 maxpi=0.988 KL=0.004775 logits|.|=2.003 e[min,max,std]=0.002,0.009,0.003 zone=[0.0, 0.03, 0.97] act=[0.01, 0.01, 0.01, 0.96, 0.01] (ep=141, 34.2s)
[checkpoint] outputs/journal_train/default/seed13/ckpt_step36000.pt
[  36000/48000] phase=B route=detached world=0.0023 w_ema=0.0028 pred=0.0023 smooth=0.0000 | actor=0.0006 b=0.0028 H=0.056 maxpi=0.988 KL=0.000568 logits|.|=1.929 e[min,max,std]=0.002,0.006,0.001 zone=[0.0, 0.02, 0.98] act=[0.0, 0.01, 0.0, 0.98, 0.01] (ep=150, 34.1s)
[  38000/48000] phase=B route=detached world=0.0006 w_ema=0.0058 pred=0.0006 smooth=0.0000 | actor=0.0024 b=0.0057 H=0.053 maxpi=0.987 KL=0.013162 logits|.|=2.058 e[min,max,std]=0.001,0.011,0.003 zone=[0.0, 0.04, 0.96] act=[0.0, 0.05, 0.03, 0.89, 0.03] (ep=158, 34.1s)
[  40000/48000] phase=B route=detached world=0.0017 w_ema=0.0038 pred=0.0017 smooth=0.0000 | actor=0.0012 b=0.0038 H=0.075 maxpi=0.988 KL=0.005717 logits|.|=2.126 e[min,max,std]=0.002,0.006,0.002 zone=[0.0, 0.03, 0.97] act=[0.0, 0.02, 0.02, 0.88, 0.09] (ep=166, 34.4s)
[checkpoint] outputs/journal_train/default/seed13/ckpt_step42000.pt
[  42000/48000] phase=B route=detached world=0.0035 w_ema=0.0030 pred=0.0035 smooth=0.0000 | actor=-0.0007 b=0.0031 H=0.182 maxpi=0.955 KL=0.001261 logits|.|=1.823 e[min,max,std]=0.003,0.006,0.001 zone=[0.0, 0.03, 0.97] act=[0.02, 0.03, 0.01, 0.91, 0.03] (ep=175, 34.6s)
[  44000/48000] phase=B route=detached world=0.0028 w_ema=0.0078 pred=0.0027 smooth=0.0000 | actor=0.0025 b=0.0078 H=0.077 maxpi=0.985 KL=0.025593 logits|.|=2.305 e[min,max,std]=0.002,0.007,0.002 zone=[0.0, 0.03, 0.97] act=[0.02, 0.01, 0.0, 0.96, 0.01] (ep=183, 34.3s)
[  46000/48000] phase=B route=detached world=0.0015 w_ema=0.0041 pred=0.0015 smooth=0.0000 | actor=-0.0371 b=0.0042 H=0.330 maxpi=0.928 KL=0.005598 logits|.|=1.570 e[min,max,std]=0.002,0.006,0.002 zone=[0.0, 0.04, 0.96] act=[0.07, 0.04, 0.01, 0.77, 0.11] (ep=191, 34.3s)
[checkpoint] outputs/journal_train/default/seed13/ckpt_step48000.pt
[  48000/48000] phase=B route=detached world=0.0005 w_ema=0.0026 pred=0.0005 smooth=0.0000 | actor=0.0013 b=0.0026 H=0.062 maxpi=0.992 KL=0.000613 logits|.|=2.404 e[min,max,std]=0.001,0.007,0.002 zone=[0.0, 0.03, 0.97] act=[0.01, 0.01, 0.0, 0.98, 0.01] (ep=200, 34.1s)
Saved training trajectory to: outputs/journal_train/default/seed13/train_traj.parquet
Saved checkpoint to: outputs/journal_train/default/seed13/ckpt.pt
