/venv/cear-cemergence/lib/python3.10/runpy.py:126: RuntimeWarning: 'cear_pilot.training.train' found in sys.modules after import of package 'cear_pilot.training', but prior to execution of 'cear_pilot.training.train'; this may result in unpredictable behaviour
  warn(RuntimeWarning(msg))
[checkpoint] outputs/journal_train/coupled/seed20/ckpt_step00000.pt
[   2000/48000] phase=A route=detached world=0.0999 w_ema=0.2068 pred=0.0999 smooth=0.0000 | actor=0.9507 b=0.2066 H=1.609 maxpi=0.201 KL=0.000005 logits|.|=0.007 e[min,max,std]=0.095,0.114,0.007 zone=[0.21, 0.47, 0.32] act=[0.22, 0.19, 0.2, 0.19, 0.2] (ep=8, 35.5s)
[   4000/48000] phase=A route=detached world=0.1018 w_ema=0.3331 pred=0.1018 smooth=0.0001 | actor=1.7544 b=0.3334 H=1.609 maxpi=0.201 KL=0.000004 logits|.|=0.009 e[min,max,std]=0.087,0.118,0.010 zone=[0.3, 0.35, 0.35] act=[0.2, 0.2, 0.19, 0.19, 0.21] (ep=16, 34.8s)
[   6000/48000] phase=A route=detached world=0.0014 w_ema=0.0039 pred=0.0014 smooth=0.0000 | actor=0.0960 b=0.0049 H=1.609 maxpi=0.200 KL=0.000001 logits|.|=0.008 e[min,max,std]=0.001,0.003,0.001 zone=[0.25, 0.36, 0.39] act=[0.2, 0.2, 0.2, 0.21, 0.19] (ep=25, 34.8s)
[   8000/48000] phase=A route=detached world=0.2012 w_ema=0.1753 pred=0.2012 smooth=0.0000 | actor=-0.3256 b=0.1761 H=1.609 maxpi=0.201 KL=0.000003 logits|.|=0.006 e[min,max,std]=0.191,0.216,0.010 zone=[0.36, 0.38, 0.26] act=[0.22, 0.19, 0.2, 0.2, 0.18] (ep=33, 34.9s)
[  10000/48000] phase=A route=detached world=0.3929 w_ema=0.3461 pred=0.3928 smooth=0.0006 | actor=-0.4955 b=0.3467 H=1.609 maxpi=0.201 KL=0.000006 logits|.|=0.010 e[min,max,std]=0.381,0.410,0.011 zone=[0.39, 0.4, 0.21] act=[0.19, 0.21, 0.2, 0.19, 0.2] (ep=41, 34.8s)
[checkpoint] outputs/journal_train/coupled/seed20/ckpt_step12000.pt
[  12000/48000] phase=A route=detached world=0.0041 w_ema=0.0390 pred=0.0041 smooth=0.0000 | actor=0.4487 b=0.0393 H=1.609 maxpi=0.200 KL=0.000000 logits|.|=0.011 e[min,max,std]=0.004,0.006,0.001 zone=[0.35, 0.4, 0.25] act=[0.19, 0.22, 0.2, 0.2, 0.18] (ep=50, 35.1s)
[  14000/48000] phase=B route=coupled world=0.0022 w_ema=0.0093 pred=0.0022 smooth=0.0000 | actor=0.0052 b=0.0094 H=0.176 maxpi=0.968 KL=0.000562 logits|.|=1.746 e[min,max,std]=0.002,0.008,0.002 zone=[0.04, 0.11, 0.85] act=[0.13, 0.05, 0.05, 0.71, 0.06] (ep=58, 30.8s)
[  16000/48000] phase=B route=coupled world=0.0050 w_ema=0.0047 pred=0.0050 smooth=0.0000 | actor=-0.0002 b=0.0048 H=0.194 maxpi=0.953 KL=0.002727 logits|.|=1.675 e[min,max,std]=0.005,0.012,0.002 zone=[0.0, 0.04, 0.96] act=[0.07, 0.01, 0.02, 0.86, 0.03] (ep=66, 30.3s)
[checkpoint] outputs/journal_train/coupled/seed20/ckpt_step18000.pt
[  18000/48000] phase=B route=coupled world=0.0018 w_ema=0.0080 pred=0.0018 smooth=0.0000 | actor=0.0304 b=0.0082 H=0.564 maxpi=0.814 KL=0.113845 logits|.|=1.952 e[min,max,std]=0.002,0.006,0.001 zone=[0.0, 0.06, 0.94] act=[0.04, 0.04, 0.03, 0.69, 0.19] (ep=75, 30.3s)
[  20000/48000] phase=B route=coupled world=0.0034 w_ema=0.0075 pred=0.0034 smooth=0.0000 | actor=0.0014 b=0.0074 H=0.070 maxpi=0.988 KL=0.000490 logits|.|=2.289 e[min,max,std]=0.003,0.010,0.002 zone=[0.0, 0.02, 0.98] act=[0.03, 0.02, 0.01, 0.83, 0.11] (ep=83, 29.1s)
[  22000/48000] phase=B route=coupled world=0.0038 w_ema=0.0036 pred=0.0038 smooth=0.0000 | actor=-0.0001 b=0.0036 H=0.065 maxpi=0.989 KL=0.000009 logits|.|=2.385 e[min,max,std]=0.004,0.011,0.002 zone=[0.0, 0.01, 0.99] act=[0.01, 0.0, 0.0, 0.99, 0.0] (ep=91, 30.3s)
[checkpoint] outputs/journal_train/coupled/seed20/ckpt_step24000.pt
[  24000/48000] phase=B route=coupled world=0.0008 w_ema=0.0032 pred=0.0008 smooth=0.0000 | actor=0.0233 b=0.0037 H=0.582 maxpi=0.831 KL=0.015497 logits|.|=1.312 e[min,max,std]=0.001,0.008,0.002 zone=[0.0, 0.04, 0.95] act=[0.09, 0.02, 0.01, 0.65, 0.23] (ep=100, 30.4s)
[  26000/48000] phase=B route=coupled world=0.0037 w_ema=0.0069 pred=0.0037 smooth=0.0000 | actor=0.0004 b=0.0069 H=0.020 maxpi=0.997 KL=0.000054 logits|.|=2.706 e[min,max,std]=0.003,0.005,0.001 zone=[0.0, 0.05, 0.95] act=[0.26, 0.0, 0.01, 0.73, 0.0] (ep=108, 34.1s)
[  28000/48000] phase=B route=coupled world=0.0029 w_ema=0.0030 pred=0.0029 smooth=0.0000 | actor=0.0000 b=0.0030 H=0.017 maxpi=0.998 KL=0.000350 logits|.|=2.771 e[min,max,std]=0.003,0.007,0.001 zone=[0.0, 0.01, 0.99] act=[0.0, 0.0, 0.0, 1.0, 0.0] (ep=116, 35.4s)
[checkpoint] outputs/journal_train/coupled/seed20/ckpt_step30000.pt
[  30000/48000] phase=B route=coupled world=0.0015 w_ema=0.0028 pred=0.0015 smooth=0.0000 | actor=0.0008 b=0.0028 H=0.031 maxpi=0.996 KL=0.000013 logits|.|=2.633 e[min,max,std]=0.001,0.004,0.001 zone=[0.0, 0.01, 0.99] act=[0.0, 0.0, 0.0, 0.99, 0.0] (ep=125, 34.4s)
[  32000/48000] phase=B route=coupled world=0.0431 w_ema=0.0610 pred=0.0431 smooth=0.0000 | actor=0.3506 b=0.0610 H=1.480 maxpi=0.675 KL=0.406673 logits|.|=1.159 e[min,max,std]=0.027,0.054,0.010 zone=[0.0, 0.03, 0.97] act=[0.04, 0.01, 0.02, 0.9, 0.02] (ep=133, 39.8s)
[  34000/48000] phase=B route=coupled world=0.0034 w_ema=0.0048 pred=0.0034 smooth=0.0000 | actor=0.0009 b=0.0049 H=0.068 maxpi=0.911 KL=0.307795 logits|.|=2.623 e[min,max,std]=0.003,0.012,0.003 zone=[0.0, 0.1, 0.9] act=[0.19, 0.13, 0.01, 0.08, 0.6] (ep=141, 40.3s)
[checkpoint] outputs/journal_train/coupled/seed20/ckpt_step36000.pt
[  36000/48000] phase=B route=coupled world=0.0034 w_ema=0.0032 pred=0.0034 smooth=0.0000 | actor=-0.0012 b=0.0034 H=0.406 maxpi=0.892 KL=0.000383 logits|.|=1.393 e[min,max,std]=0.003,0.005,0.001 zone=[0.0, 0.03, 0.97] act=[0.11, 0.01, 0.01, 0.86, 0.0] (ep=150, 40.3s)
[  38000/48000] phase=B route=coupled world=0.0042 w_ema=0.0154 pred=0.0042 smooth=0.0000 | actor=0.0376 b=0.0157 H=0.424 maxpi=0.902 KL=0.267594 logits|.|=2.385 e[min,max,std]=0.004,0.010,0.002 zone=[0.0, 0.08, 0.91] act=[0.54, 0.08, 0.02, 0.25, 0.1] (ep=158, 40.2s)
[  40000/48000] phase=B route=coupled world=0.0011 w_ema=0.0047 pred=0.0011 smooth=0.0000 | actor=0.0006 b=0.0046 H=0.026 maxpi=0.996 KL=0.000274 logits|.|=3.045 e[min,max,std]=0.001,0.006,0.002 zone=[0.0, 0.02, 0.98] act=[0.02, 0.0, 0.01, 0.89, 0.09] (ep=166, 40.3s)
[checkpoint] outputs/journal_train/coupled/seed20/ckpt_step42000.pt
[  42000/48000] phase=B route=coupled world=0.0018 w_ema=0.0030 pred=0.0018 smooth=0.0000 | actor=0.0005 b=0.0031 H=0.038 maxpi=0.994 KL=0.000120 logits|.|=2.963 e[min,max,std]=0.001,0.008,0.002 zone=[0.0, 0.01, 0.98] act=[0.0, 0.0, 0.0, 0.88, 0.12] (ep=175, 40.5s)
[  44000/48000] phase=B route=coupled world=0.0028 w_ema=0.0151 pred=0.0028 smooth=0.0000 | actor=0.0006 b=0.0150 H=0.012 maxpi=0.997 KL=0.285911 logits|.|=3.389 e[min,max,std]=0.003,0.012,0.003 zone=[0.0, 0.02, 0.98] act=[0.0, 0.0, 0.0, 0.87, 0.12] (ep=183, 38.9s)
[  46000/48000] phase=B route=coupled world=0.0053 w_ema=0.0036 pred=0.0053 smooth=0.0000 | actor=-0.0002 b=0.0036 H=0.011 maxpi=0.998 KL=0.000001 logits|.|=3.935 e[min,max,std]=0.005,0.011,0.002 zone=[0.0, 0.02, 0.98] act=[0.01, 0.02, 0.0, 0.87, 0.1] (ep=191, 31.4s)
[checkpoint] outputs/journal_train/coupled/seed20/ckpt_step48000.pt
[  48000/48000] phase=B route=coupled world=0.0015 w_ema=0.0027 pred=0.0015 smooth=0.0000 | actor=0.0003 b=0.0027 H=0.015 maxpi=0.998 KL=0.000030 logits|.|=3.939 e[min,max,std]=0.001,0.004,0.001 zone=[0.0, 0.01, 0.98] act=[0.01, 0.0, 0.0, 0.97, 0.01] (ep=200, 30.2s)
Saved training trajectory to: outputs/journal_train/coupled/seed20/train_traj.parquet
Saved checkpoint to: outputs/journal_train/coupled/seed20/ckpt.pt
