/venv/cear-cemergence/lib/python3.10/runpy.py:126: RuntimeWarning: 'cear_pilot.training.train' found in sys.modules after import of package 'cear_pilot.training', but prior to execution of 'cear_pilot.training.train'; this may result in unpredictable behaviour
  warn(RuntimeWarning(msg))
[   2000/48000] phase=A world=0.1928 w_ema=0.1535 pred=0.1928 smooth=0.0001 | actor=-0.4668 b=0.1544 H=1.609 maxpi=0.201 KL=0.000008 logits|.|=0.022 e[min,max,std]=0.188,0.200,0.005 zone=[0.28, 0.4, 0.32] act=[0.21, 0.19, 0.2, 0.2, 0.21] (ep=8, 21.7s)
[   4000/48000] phase=A world=0.0124 w_ema=0.0499 pred=0.0124 smooth=0.0000 | actor=0.5696 b=0.0501 H=1.609 maxpi=0.200 KL=0.000002 logits|.|=0.021 e[min,max,std]=0.010,0.015,0.002 zone=[0.37, 0.42, 0.21] act=[0.2, 0.2, 0.21, 0.19, 0.19] (ep=16, 19.2s)
[   6000/48000] phase=A world=0.0037 w_ema=0.0322 pred=0.0037 smooth=0.0000 | actor=0.2786 b=0.0328 H=1.609 maxpi=0.200 KL=0.000000 logits|.|=0.040 e[min,max,std]=0.002,0.006,0.001 zone=[0.23, 0.39, 0.38] act=[0.18, 0.21, 0.21, 0.21, 0.2] (ep=25, 21.1s)
[   8000/48000] phase=A world=0.0400 w_ema=0.0488 pred=0.0399 smooth=0.0001 | actor=0.1560 b=0.0493 H=1.609 maxpi=0.201 KL=0.000007 logits|.|=0.029 e[min,max,std]=0.037,0.045,0.003 zone=[0.14, 0.4, 0.46] act=[0.21, 0.21, 0.19, 0.2, 0.19] (ep=33, 21.1s)
[  10000/48000] phase=A world=0.4442 w_ema=0.3554 pred=0.4441 smooth=0.0005 | actor=-0.7001 b=0.3548 H=1.609 maxpi=0.201 KL=0.000010 logits|.|=0.033 e[min,max,std]=0.432,0.462,0.010 zone=[0.28, 0.49, 0.23] act=[0.19, 0.21, 0.19, 0.2, 0.21] (ep=41, 21.1s)
[  12000/48000] phase=A world=0.0109 w_ema=0.0481 pred=0.0109 smooth=0.0000 | actor=0.4735 b=0.0489 H=1.609 maxpi=0.200 KL=0.000000 logits|.|=0.035 e[min,max,std]=0.010,0.013,0.001 zone=[0.31, 0.46, 0.23] act=[0.21, 0.18, 0.2, 0.2, 0.21] (ep=50, 21.1s)
[  14000/48000] phase=B world=0.0029 w_ema=0.0131 pred=0.0029 smooth=0.0000 | actor=0.1527 b=0.0138 H=1.132 maxpi=0.511 KL=0.000130 logits|.|=1.103 e[min,max,std]=0.003,0.006,0.001 zone=[0.0, 0.12, 0.87] act=[0.11, 0.52, 0.07, 0.26, 0.04] (ep=58, 21.2s)
[  16000/48000] phase=B world=0.0008 w_ema=0.0038 pred=0.0008 smooth=0.0000 | actor=0.0019 b=0.0038 H=0.059 maxpi=0.991 KL=0.000006 logits|.|=2.157 e[min,max,std]=0.001,0.008,0.003 zone=[0.0, 0.02, 0.98] act=[0.04, 0.1, 0.01, 0.85, 0.0] (ep=66, 21.1s)
[  18000/48000] phase=B world=0.0014 w_ema=0.0031 pred=0.0014 smooth=0.0000 | actor=0.0009 b=0.0031 H=0.041 maxpi=0.995 KL=0.000005 logits|.|=2.164 e[min,max,std]=0.001,0.006,0.002 zone=[0.0, 0.01, 0.99] act=[0.0, 0.01, 0.0, 0.99, 0.0] (ep=75, 21.0s)
[  20000/48000] phase=B world=0.0036 w_ema=0.0109 pred=0.0036 smooth=0.0000 | actor=0.5047 b=0.0110 H=0.300 maxpi=0.904 KL=0.010901 logits|.|=1.863 e[min,max,std]=0.004,0.007,0.001 zone=[0.0, 0.02, 0.98] act=[0.02, 0.0, 0.0, 0.94, 0.03] (ep=83, 21.1s)
[  22000/48000] phase=B world=0.0027 w_ema=0.0045 pred=0.0027 smooth=0.0000 | actor=0.0015 b=0.0048 H=0.145 maxpi=0.963 KL=0.006084 logits|.|=1.584 e[min,max,std]=0.003,0.007,0.001 zone=[0.0, 0.02, 0.98] act=[0.02, 0.01, 0.01, 0.92, 0.05] (ep=91, 21.1s)
[  24000/48000] phase=B world=0.0007 w_ema=0.0032 pred=0.0007 smooth=0.0000 | actor=0.0001 b=0.0032 H=0.006 maxpi=0.998 KL=0.001713 logits|.|=2.830 e[min,max,std]=0.001,0.007,0.002 zone=[0.0, 0.05, 0.95] act=[0.02, 0.01, 0.01, 0.93, 0.02] (ep=100, 21.1s)
[  26000/48000] phase=B world=0.1210 w_ema=0.1556 pred=0.1210 smooth=0.0000 | actor=0.0251 b=0.1561 H=0.513 maxpi=0.858 KL=0.027070 logits|.|=1.353 e[min,max,std]=0.118,0.130,0.004 zone=[0.21, 0.13, 0.66] act=[0.1, 0.06, 0.03, 0.5, 0.31] (ep=108, 21.4s)
[  28000/48000] phase=B world=0.0702 w_ema=0.0882 pred=0.0702 smooth=0.0000 | actor=0.1103 b=0.0905 H=0.979 maxpi=0.739 KL=0.097213 logits|.|=1.480 e[min,max,std]=0.060,0.076,0.005 zone=[0.01, 0.64, 0.34] act=[0.08, 0.17, 0.01, 0.03, 0.71] (ep=116, 21.1s)
[  30000/48000] phase=B world=0.1808 w_ema=0.2072 pred=0.1808 smooth=0.0000 | actor=0.1634 b=0.2073 H=1.152 maxpi=0.479 KL=0.163964 logits|.|=1.801 e[min,max,std]=0.173,0.192,0.007 zone=[0.51, 0.49, 0.0] act=[0.15, 0.63, 0.04, 0.01, 0.17] (ep=125, 21.1s)
[  32000/48000] phase=B world=0.0030 w_ema=0.0170 pred=0.0030 smooth=0.0000 | actor=0.0425 b=0.0176 H=0.376 maxpi=0.909 KL=0.039834 logits|.|=1.622 e[min,max,std]=0.003,0.013,0.004 zone=[0.0, 0.11, 0.89] act=[0.04, 0.09, 0.0, 0.73, 0.14] (ep=133, 21.1s)
[  34000/48000] phase=B world=0.0025 w_ema=0.0045 pred=0.0025 smooth=0.0000 | actor=0.0003 b=0.0046 H=0.029 maxpi=0.990 KL=0.006447 logits|.|=2.346 e[min,max,std]=0.002,0.009,0.003 zone=[0.0, 0.03, 0.97] act=[0.01, 0.02, 0.0, 0.94, 0.03] (ep=141, 21.1s)
[  36000/48000] phase=B world=0.0020 w_ema=0.0035 pred=0.0020 smooth=0.0000 | actor=0.0012 b=0.0035 H=0.106 maxpi=0.984 KL=0.002447 logits|.|=1.956 e[min,max,std]=0.002,0.008,0.002 zone=[0.0, 0.07, 0.93] act=[0.05, 0.03, 0.02, 0.77, 0.13] (ep=150, 21.1s)
[  38000/48000] phase=B world=0.0006 w_ema=0.0085 pred=0.0006 smooth=0.0000 | actor=0.0024 b=0.0086 H=0.079 maxpi=0.982 KL=0.032499 logits|.|=2.304 e[min,max,std]=0.001,0.009,0.003 zone=[0.0, 0.03, 0.96] act=[0.01, 0.01, 0.01, 0.97, 0.01] (ep=158, 21.1s)
[  40000/48000] phase=B world=0.0026 w_ema=0.0047 pred=0.0026 smooth=0.0000 | actor=0.0002 b=0.0048 H=0.023 maxpi=0.992 KL=0.006208 logits|.|=2.460 e[min,max,std]=0.003,0.015,0.004 zone=[0.0, 0.04, 0.96] act=[0.01, 0.02, 0.01, 0.93, 0.03] (ep=166, 21.2s)
[  42000/48000] phase=B world=0.0018 w_ema=0.0028 pred=0.0018 smooth=0.0000 | actor=0.0001 b=0.0030 H=0.009 maxpi=0.998 KL=0.001745 logits|.|=2.809 e[min,max,std]=0.002,0.021,0.007 zone=[0.0, 0.04, 0.96] act=[0.0, 0.01, 0.01, 0.97, 0.01] (ep=175, 20.6s)
[  44000/48000] phase=B world=0.0025 w_ema=0.0168 pred=0.0025 smooth=0.0000 | actor=0.0016 b=0.0168 H=0.034 maxpi=0.984 KL=0.030806 logits|.|=2.419 e[min,max,std]=0.002,0.011,0.003 zone=[0.0, 0.03, 0.97] act=[0.0, 0.0, 0.0, 0.98, 0.01] (ep=183, 21.1s)
[  46000/48000] phase=B world=0.0028 w_ema=0.0044 pred=0.0028 smooth=0.0000 | actor=0.0005 b=0.0045 H=0.066 maxpi=0.984 KL=0.012283 logits|.|=2.062 e[min,max,std]=0.003,0.009,0.002 zone=[0.0, 0.03, 0.97] act=[0.01, 0.01, 0.01, 0.96, 0.01] (ep=191, 21.0s)
[  48000/48000] phase=B world=0.0038 w_ema=0.0029 pred=0.0038 smooth=0.0000 | actor=-0.0003 b=0.0029 H=0.037 maxpi=0.995 KL=0.001160 logits|.|=2.508 e[min,max,std]=0.003,0.009,0.002 zone=[0.0, 0.01, 0.98] act=[0.0, 0.0, 0.0, 0.99, 0.0] (ep=200, 21.1s)
Saved checkpoint to: outputs/runs/seed17/ckpt.pt
