/venv/cear-cemergence/lib/python3.10/runpy.py:126: RuntimeWarning: 'cear_pilot.training.train' found in sys.modules after import of package 'cear_pilot.training', but prior to execution of 'cear_pilot.training.train'; this may result in unpredictable behaviour
  warn(RuntimeWarning(msg))
[checkpoint] outputs/journal_train/coupled/seed11/ckpt_step00000.pt
[   2000/48000] phase=A route=detached world=0.3268 w_ema=0.1095 pred=0.3268 smooth=0.0000 | actor=-3.0682 b=0.1109 H=1.609 maxpi=0.201 KL=0.000005 logits|.|=0.178 e[min,max,std]=0.293,0.347,0.019 zone=[0.33, 0.41, 0.26] act=[0.2, 0.21, 0.2, 0.2, 0.18] (ep=8, 34.4s)
[   4000/48000] phase=A route=detached world=0.0045 w_ema=0.0556 pred=0.0045 smooth=0.0000 | actor=0.5319 b=0.0562 H=1.609 maxpi=0.200 KL=0.000002 logits|.|=0.179 e[min,max,std]=0.004,0.006,0.001 zone=[0.3, 0.49, 0.21] act=[0.19, 0.22, 0.19, 0.19, 0.21] (ep=16, 33.2s)
[   6000/48000] phase=A route=detached world=0.1356 w_ema=0.0881 pred=0.1356 smooth=0.0000 | actor=-0.9837 b=0.0877 H=1.609 maxpi=0.200 KL=0.000001 logits|.|=0.169 e[min,max,std]=0.124,0.149,0.010 zone=[0.39, 0.38, 0.24] act=[0.2, 0.18, 0.21, 0.2, 0.2] (ep=25, 32.9s)
[   8000/48000] phase=A route=detached world=0.0162 w_ema=0.0433 pred=0.0162 smooth=0.0000 | actor=0.5519 b=0.0437 H=1.609 maxpi=0.200 KL=0.000002 logits|.|=0.158 e[min,max,std]=0.015,0.020,0.002 zone=[0.18, 0.38, 0.43] act=[0.21, 0.19, 0.18, 0.21, 0.21] (ep=33, 33.0s)
[  10000/48000] phase=A route=detached world=0.0810 w_ema=0.1658 pred=0.0810 smooth=0.0000 | actor=0.7425 b=0.1661 H=1.609 maxpi=0.201 KL=0.000003 logits|.|=0.152 e[min,max,std]=0.071,0.089,0.007 zone=[0.25, 0.41, 0.33] act=[0.21, 0.21, 0.2, 0.19, 0.2] (ep=41, 33.3s)
[checkpoint] outputs/journal_train/coupled/seed11/ckpt_step12000.pt
[  12000/48000] phase=A route=detached world=0.0145 w_ema=0.0559 pred=0.0145 smooth=0.0000 | actor=0.4495 b=0.0570 H=1.609 maxpi=0.200 KL=0.000000 logits|.|=0.149 e[min,max,std]=0.012,0.019,0.002 zone=[0.34, 0.44, 0.22] act=[0.18, 0.2, 0.21, 0.2, 0.21] (ep=50, 33.4s)
[  14000/48000] phase=B route=coupled world=0.0019 w_ema=0.0227 pred=0.0019 smooth=0.0000 | actor=2.1759 b=0.0250 H=1.067 maxpi=0.578 KL=0.000065 logits|.|=2.168 e[min,max,std]=0.002,0.007,0.002 zone=[0.0, 0.25, 0.75] act=[0.38, 0.52, 0.01, 0.08, 0.01] (ep=58, 37.6s)
[  16000/48000] phase=B route=coupled world=0.0037 w_ema=0.0099 pred=0.0037 smooth=0.0000 | actor=0.0099 b=0.0101 H=0.270 maxpi=0.936 KL=0.000247 logits|.|=2.072 e[min,max,std]=0.004,0.021,0.007 zone=[0.0, 0.13, 0.87] act=[0.07, 0.81, 0.0, 0.11, 0.0] (ep=66, 37.8s)
[checkpoint] outputs/journal_train/coupled/seed11/ckpt_step18000.pt
[  18000/48000] phase=B route=coupled world=0.0020 w_ema=0.0027 pred=0.0020 smooth=0.0000 | actor=0.0009 b=0.0029 H=0.060 maxpi=0.991 KL=0.000005 logits|.|=2.095 e[min,max,std]=0.002,0.032,0.012 zone=[0.11, 0.12, 0.76] act=[0.21, 0.14, 0.07, 0.49, 0.09] (ep=75, 37.9s)
[  20000/48000] phase=B route=coupled world=0.0020 w_ema=0.0070 pred=0.0020 smooth=0.0000 | actor=0.0015 b=0.0069 H=0.044 maxpi=0.994 KL=0.000015 logits|.|=2.260 e[min,max,std]=0.002,0.006,0.002 zone=[0.0, 0.01, 0.99] act=[0.0, 0.0, 0.0, 1.0, 0.0] (ep=83, 37.9s)
[  22000/48000] phase=B route=coupled world=0.0018 w_ema=0.0120 pred=0.0018 smooth=0.0000 | actor=0.0269 b=0.0122 H=0.383 maxpi=0.898 KL=0.069428 logits|.|=1.969 e[min,max,std]=0.002,0.012,0.004 zone=[0.0, 0.07, 0.93] act=[0.46, 0.01, 0.01, 0.34, 0.18] (ep=91, 38.4s)
[checkpoint] outputs/journal_train/coupled/seed11/ckpt_step24000.pt
[  24000/48000] phase=B route=coupled world=0.0009 w_ema=0.0031 pred=0.0009 smooth=0.0000 | actor=-0.1833 b=0.0035 H=0.622 maxpi=0.765 KL=0.002884 logits|.|=1.645 e[min,max,std]=0.001,0.005,0.001 zone=[0.0, 0.05, 0.95] act=[0.27, 0.05, 0.01, 0.59, 0.08] (ep=100, 38.4s)
[  26000/48000] phase=B route=coupled world=0.0024 w_ema=0.0138 pred=0.0023 smooth=0.0000 | actor=0.0171 b=0.0140 H=0.204 maxpi=0.905 KL=0.720472 logits|.|=2.227 e[min,max,std]=0.002,0.006,0.001 zone=[0.0, 0.04, 0.96] act=[0.1, 0.01, 0.02, 0.35, 0.51] (ep=108, 37.1s)
[  28000/48000] phase=B route=coupled world=0.0027 w_ema=0.0045 pred=0.0027 smooth=0.0000 | actor=0.0115 b=0.0049 H=0.361 maxpi=0.893 KL=0.028917 logits|.|=2.578 e[min,max,std]=0.003,0.011,0.003 zone=[0.0, 0.07, 0.94] act=[0.01, 0.07, 0.04, 0.56, 0.32] (ep=116, 37.0s)
[checkpoint] outputs/journal_train/coupled/seed11/ckpt_step30000.pt
[  30000/48000] phase=B route=coupled world=0.0027 w_ema=0.0034 pred=0.0027 smooth=0.0000 | actor=0.0012 b=0.0036 H=0.224 maxpi=0.936 KL=0.015052 logits|.|=2.543 e[min,max,std]=0.003,0.012,0.003 zone=[0.0, 0.15, 0.85] act=[0.05, 0.53, 0.01, 0.28, 0.12] (ep=125, 38.4s)
[  32000/48000] phase=B route=coupled world=0.0029 w_ema=0.0108 pred=0.0029 smooth=0.0000 | actor=0.0011 b=0.0109 H=0.031 maxpi=0.988 KL=0.082996 logits|.|=2.364 e[min,max,std]=0.002,0.009,0.003 zone=[0.0, 0.03, 0.97] act=[0.01, 0.24, 0.0, 0.74, 0.0] (ep=133, 38.3s)
[  34000/48000] phase=B route=coupled world=0.0025 w_ema=0.0042 pred=0.0025 smooth=0.0000 | actor=0.0008 b=0.0043 H=0.071 maxpi=0.986 KL=0.013261 logits|.|=2.216 e[min,max,std]=0.002,0.011,0.003 zone=[0.0, 0.19, 0.81] act=[0.04, 0.56, 0.01, 0.34, 0.05] (ep=141, 38.1s)
[checkpoint] outputs/journal_train/coupled/seed11/ckpt_step36000.pt
[  36000/48000] phase=B route=coupled world=0.0605 w_ema=0.0860 pred=0.0605 smooth=0.0000 | actor=0.9757 b=0.0859 H=0.634 maxpi=0.742 KL=0.000061 logits|.|=2.912 e[min,max,std]=0.054,0.062,0.003 zone=[0.0, 0.75, 0.25] act=[0.45, 0.47, 0.0, 0.01, 0.07] (ep=150, 38.5s)
[  38000/48000] phase=B route=coupled world=0.0866 w_ema=0.0824 pred=0.0866 smooth=0.0000 | actor=-0.0292 b=0.0832 H=0.766 maxpi=0.728 KL=0.201942 logits|.|=2.772 e[min,max,std]=0.085,0.095,0.003 zone=[0.0, 0.8, 0.2] act=[0.56, 0.41, 0.0, 0.01, 0.03] (ep=158, 38.4s)
[  40000/48000] phase=B route=coupled world=0.2474 w_ema=0.1033 pred=0.2474 smooth=0.0000 | actor=-1.0864 b=0.1043 H=0.699 maxpi=0.647 KL=0.000039 logits|.|=3.017 e[min,max,std]=0.215,0.269,0.017 zone=[0.0, 0.78, 0.22] act=[0.37, 0.59, 0.0, 0.0, 0.03] (ep=166, 38.4s)
[checkpoint] outputs/journal_train/coupled/seed11/ckpt_step42000.pt
[  42000/48000] phase=B route=coupled world=0.0049 w_ema=0.0097 pred=0.0049 smooth=0.0000 | actor=0.0019 b=0.0097 H=0.092 maxpi=0.980 KL=0.147607 logits|.|=2.514 e[min,max,std]=0.004,0.009,0.002 zone=[0.0, 0.88, 0.12] act=[0.28, 0.7, 0.0, 0.01, 0.01] (ep=175, 38.4s)
[  44000/48000] phase=B route=coupled world=0.0505 w_ema=0.0753 pred=0.0505 smooth=0.0001 | actor=0.2727 b=0.0751 H=0.761 maxpi=0.575 KL=0.758761 logits|.|=2.985 e[min,max,std]=0.050,0.062,0.005 zone=[0.0, 0.61, 0.39] act=[0.23, 0.76, 0.0, 0.01, 0.01] (ep=183, 38.2s)
[  46000/48000] phase=B route=coupled world=0.0044 w_ema=0.0062 pred=0.0044 smooth=0.0000 | actor=0.0003 b=0.0064 H=0.026 maxpi=0.943 KL=0.199537 logits|.|=2.779 e[min,max,std]=0.004,0.017,0.005 zone=[0.0, 0.11, 0.89] act=[0.44, 0.38, 0.0, 0.17, 0.01] (ep=191, 38.3s)
[checkpoint] outputs/journal_train/coupled/seed11/ckpt_step48000.pt
[  48000/48000] phase=B route=coupled world=0.0018 w_ema=0.0030 pred=0.0018 smooth=0.0000 | actor=0.0007 b=0.0031 H=0.057 maxpi=0.990 KL=0.002053 logits|.|=2.638 e[min,max,std]=0.002,0.007,0.002 zone=[0.0, 0.04, 0.96] act=[0.14, 0.22, 0.0, 0.63, 0.01] (ep=200, 38.5s)
Saved training trajectory to: outputs/journal_train/coupled/seed11/train_traj.parquet
Saved checkpoint to: outputs/journal_train/coupled/seed11/ckpt.pt
