/venv/cear-cemergence/lib/python3.10/runpy.py:126: RuntimeWarning: 'cear_pilot.training.train' found in sys.modules after import of package 'cear_pilot.training', but prior to execution of 'cear_pilot.training.train'; this may result in unpredictable behaviour
  warn(RuntimeWarning(msg))
[   2000/48000] phase=A world=0.6130 w_ema=0.2738 pred=0.6130 smooth=0.0000 | actor=-2.9657 b=0.2747 H=1.609 maxpi=0.201 KL=0.000015 logits|.|=0.065 e[min,max,std]=0.605,0.626,0.009 zone=[0.28, 0.41, 0.31] act=[0.2, 0.2, 0.2, 0.19, 0.21] (ep=8, 23.0s)
[   4000/48000] phase=A world=0.0026 w_ema=0.0315 pred=0.0026 smooth=0.0000 | actor=0.3285 b=0.0320 H=1.609 maxpi=0.200 KL=0.000002 logits|.|=0.070 e[min,max,std]=0.002,0.004,0.001 zone=[0.41, 0.33, 0.26] act=[0.17, 0.2, 0.2, 0.2, 0.22] (ep=16, 22.3s)
[   6000/48000] phase=A world=0.7497 w_ema=0.1539 pred=0.7497 smooth=0.0000 | actor=-5.6989 b=0.1540 H=1.609 maxpi=0.200 KL=0.000002 logits|.|=0.060 e[min,max,std]=0.727,0.763,0.013 zone=[0.1, 0.39, 0.51] act=[0.19, 0.2, 0.2, 0.21, 0.2] (ep=25, 22.1s)
[   8000/48000] phase=A world=0.0710 w_ema=0.2382 pred=0.0710 smooth=0.0000 | actor=1.5347 b=0.2389 H=1.609 maxpi=0.201 KL=0.000011 logits|.|=0.064 e[min,max,std]=0.065,0.077,0.004 zone=[0.33, 0.45, 0.23] act=[0.2, 0.2, 0.21, 0.2, 0.2] (ep=33, 22.0s)
[  10000/48000] phase=A world=0.0032 w_ema=0.0726 pred=0.0032 smooth=0.0000 | actor=0.6989 b=0.0728 H=1.609 maxpi=0.200 KL=0.000001 logits|.|=0.067 e[min,max,std]=0.002,0.005,0.001 zone=[0.38, 0.45, 0.16] act=[0.19, 0.19, 0.22, 0.19, 0.21] (ep=41, 23.2s)
[  12000/48000] phase=A world=0.0049 w_ema=0.0730 pred=0.0049 smooth=0.0000 | actor=0.8239 b=0.0736 H=1.609 maxpi=0.200 KL=0.000002 logits|.|=0.052 e[min,max,std]=0.004,0.007,0.001 zone=[0.17, 0.44, 0.39] act=[0.19, 0.2, 0.19, 0.21, 0.21] (ep=50, 21.2s)
[  14000/48000] phase=B world=0.0038 w_ema=0.0130 pred=0.0038 smooth=0.0000 | actor=0.0118 b=0.0131 H=0.060 maxpi=0.989 KL=0.000247 logits|.|=2.057 e[min,max,std]=0.004,0.017,0.005 zone=[0.02, 0.07, 0.9] act=[0.06, 0.07, 0.06, 0.78, 0.04] (ep=58, 21.1s)
[  16000/48000] phase=B world=0.0025 w_ema=0.0037 pred=0.0025 smooth=0.0000 | actor=0.0001 b=0.0037 H=0.016 maxpi=0.998 KL=0.000025 logits|.|=2.633 e[min,max,std]=0.003,0.013,0.004 zone=[0.0, 0.01, 0.99] act=[0.0, 0.0, 0.0, 0.99, 0.0] (ep=66, 21.2s)
[  18000/48000] phase=B world=0.0022 w_ema=0.0028 pred=0.0022 smooth=0.0000 | actor=0.0001 b=0.0028 H=0.018 maxpi=0.998 KL=0.000006 logits|.|=2.587 e[min,max,std]=0.002,0.003,0.000 zone=[0.0, 0.02, 0.98] act=[0.0, 0.0, 0.0, 1.0, 0.0] (ep=75, 21.2s)
[  20000/48000] phase=B world=0.3753 w_ema=0.3658 pred=0.3753 smooth=0.0000 | actor=-0.0229 b=0.3657 H=1.325 maxpi=0.412 KL=0.023177 logits|.|=0.941 e[min,max,std]=0.357,0.390,0.012 zone=[0.6, 0.05, 0.36] act=[0.36, 0.09, 0.16, 0.27, 0.13] (ep=83, 21.2s)
[  22000/48000] phase=B world=0.4314 w_ema=0.3640 pred=0.4313 smooth=0.0001 | actor=-0.5545 b=0.3640 H=1.131 maxpi=0.462 KL=0.094462 logits|.|=0.967 e[min,max,std]=0.391,0.441,0.021 zone=[0.96, 0.04, 0.0] act=[0.49, 0.12, 0.28, 0.04, 0.07] (ep=91, 22.0s)
[  24000/48000] phase=B world=0.3488 w_ema=0.3918 pred=0.3488 smooth=0.0001 | actor=0.3230 b=0.3960 H=1.413 maxpi=0.388 KL=0.202752 logits|.|=0.692 e[min,max,std]=0.329,0.369,0.016 zone=[0.94, 0.06, 0.0] act=[0.32, 0.28, 0.29, 0.04, 0.07] (ep=100, 17.7s)
[  26000/48000] phase=B world=0.0026 w_ema=0.0077 pred=0.0026 smooth=0.0000 | actor=0.0088 b=0.0077 H=0.164 maxpi=0.966 KL=0.005003 logits|.|=1.528 e[min,max,std]=0.003,0.017,0.005 zone=[0.19, 0.18, 0.63] act=[0.24, 0.12, 0.11, 0.45, 0.09] (ep=108, 21.2s)
[  28000/48000] phase=B world=0.0013 w_ema=0.0040 pred=0.0013 smooth=0.0000 | actor=0.0027 b=0.0041 H=0.097 maxpi=0.979 KL=0.003401 logits|.|=1.741 e[min,max,std]=0.001,0.009,0.003 zone=[0.0, 0.02, 0.98] act=[0.0, 0.02, 0.01, 0.96, 0.01] (ep=116, 20.8s)
[  30000/48000] phase=B world=0.0023 w_ema=0.0032 pred=0.0023 smooth=0.0000 | actor=0.0142 b=0.0050 H=0.463 maxpi=0.747 KL=0.018889 logits|.|=1.903 e[min,max,std]=0.002,0.006,0.001 zone=[0.03, 0.08, 0.9] act=[0.01, 0.31, 0.08, 0.58, 0.02] (ep=125, 21.1s)
[  32000/48000] phase=B world=0.0050 w_ema=0.0206 pred=0.0050 smooth=0.0000 | actor=0.0156 b=0.0208 H=0.254 maxpi=0.913 KL=0.029262 logits|.|=1.574 e[min,max,std]=0.004,0.007,0.001 zone=[0.0, 0.03, 0.96] act=[0.0, 0.02, 0.02, 0.95, 0.0] (ep=133, 21.0s)
[  34000/48000] phase=B world=0.0017 w_ema=0.0050 pred=0.0017 smooth=0.0000 | actor=0.0113 b=0.0053 H=0.428 maxpi=0.874 KL=0.005399 logits|.|=1.339 e[min,max,std]=0.002,0.005,0.001 zone=[0.0, 0.03, 0.97] act=[0.0, 0.02, 0.03, 0.93, 0.01] (ep=141, 20.9s)
[  36000/48000] phase=B world=0.0018 w_ema=0.0031 pred=0.0018 smooth=0.0000 | actor=0.0007 b=0.0032 H=0.062 maxpi=0.989 KL=0.000278 logits|.|=2.068 e[min,max,std]=0.002,0.003,0.001 zone=[0.0, 0.03, 0.97] act=[0.01, 0.01, 0.02, 0.96, 0.01] (ep=150, 21.2s)
[  38000/48000] phase=B world=0.0020 w_ema=0.0141 pred=0.0020 smooth=0.0000 | actor=0.0019 b=0.0142 H=0.049 maxpi=0.978 KL=0.022486 logits|.|=1.955 e[min,max,std]=0.002,0.010,0.003 zone=[0.0, 0.04, 0.96] act=[0.0, 0.03, 0.02, 0.95, 0.0] (ep=158, 21.2s)
[  40000/48000] phase=B world=0.0024 w_ema=0.0043 pred=0.0024 smooth=0.0000 | actor=0.0022 b=0.0044 H=0.120 maxpi=0.979 KL=0.002223 logits|.|=1.708 e[min,max,std]=0.002,0.012,0.003 zone=[0.0, 0.03, 0.97] act=[0.01, 0.03, 0.01, 0.94, 0.01] (ep=166, 21.9s)
[  42000/48000] phase=B world=0.0023 w_ema=0.0031 pred=0.0023 smooth=0.0000 | actor=0.0041 b=0.0031 H=0.257 maxpi=0.958 KL=0.000736 logits|.|=1.237 e[min,max,std]=0.002,0.006,0.001 zone=[0.0, 0.03, 0.97] act=[0.01, 0.01, 0.01, 0.96, 0.0] (ep=175, 21.2s)
[  44000/48000] phase=B world=0.0013 w_ema=0.0093 pred=0.0013 smooth=0.0000 | actor=0.0027 b=0.0093 H=0.081 maxpi=0.973 KL=0.019255 logits|.|=1.748 e[min,max,std]=0.001,0.004,0.001 zone=[0.0, 0.03, 0.97] act=[0.01, 0.01, 0.02, 0.95, 0.01] (ep=183, 21.1s)
[  46000/48000] phase=B world=0.0024 w_ema=0.0050 pred=0.0024 smooth=0.0000 | actor=0.0023 b=0.0052 H=0.128 maxpi=0.959 KL=0.003379 logits|.|=1.499 e[min,max,std]=0.002,0.007,0.002 zone=[0.0, 0.04, 0.96] act=[0.02, 0.03, 0.04, 0.9, 0.01] (ep=191, 21.7s)
[  48000/48000] phase=B world=0.0030 w_ema=0.0027 pred=0.0030 smooth=0.0000 | actor=-0.0003 b=0.0028 H=0.098 maxpi=0.975 KL=0.004258 logits|.|=1.676 e[min,max,std]=0.003,0.012,0.003 zone=[0.0, 0.06, 0.94] act=[0.07, 0.06, 0.05, 0.69, 0.13] (ep=200, 22.5s)
Saved checkpoint to: outputs/runs/seed7/ckpt.pt
