/venv/cear-cemergence/lib/python3.10/runpy.py:126: RuntimeWarning: 'cear_pilot.training.train' found in sys.modules after import of package 'cear_pilot.training', but prior to execution of 'cear_pilot.training.train'; this may result in unpredictable behaviour
  warn(RuntimeWarning(msg))
[checkpoint] outputs/journal_train/coupled/seed13/ckpt_step00000.pt
[   2000/48000] phase=A route=detached world=0.0275 w_ema=0.1233 pred=0.0275 smooth=0.0002 | actor=0.9398 b=0.1233 H=1.609 maxpi=0.201 KL=0.000007 logits|.|=0.072 e[min,max,std]=0.022,0.034,0.004 zone=[0.47, 0.33, 0.2] act=[0.18, 0.21, 0.21, 0.19, 0.2] (ep=8, 35.4s)
[   4000/48000] phase=A route=detached world=0.0047 w_ema=0.0279 pred=0.0047 smooth=0.0000 | actor=0.3557 b=0.0285 H=1.609 maxpi=0.201 KL=0.000003 logits|.|=0.016 e[min,max,std]=0.003,0.008,0.002 zone=[0.18, 0.42, 0.4] act=[0.2, 0.19, 0.2, 0.21, 0.2] (ep=16, 34.6s)
[   6000/48000] phase=A route=detached world=0.4157 w_ema=0.3105 pred=0.4157 smooth=0.0000 | actor=-0.7350 b=0.3114 H=1.609 maxpi=0.201 KL=0.000005 logits|.|=0.052 e[min,max,std]=0.407,0.425,0.007 zone=[0.41, 0.43, 0.16] act=[0.2, 0.21, 0.2, 0.19, 0.19] (ep=25, 34.5s)
[   8000/48000] phase=A route=detached world=0.0177 w_ema=0.1086 pred=0.0176 smooth=0.0000 | actor=0.8081 b=0.1091 H=1.609 maxpi=0.201 KL=0.000004 logits|.|=0.044 e[min,max,std]=0.016,0.020,0.001 zone=[0.34, 0.41, 0.25] act=[0.21, 0.19, 0.19, 0.2, 0.2] (ep=33, 34.4s)
[  10000/48000] phase=A route=detached world=0.0005 w_ema=0.0304 pred=0.0005 smooth=0.0000 | actor=0.3242 b=0.0310 H=1.609 maxpi=0.200 KL=0.000001 logits|.|=0.064 e[min,max,std]=0.000,0.002,0.000 zone=[0.26, 0.28, 0.46] act=[0.2, 0.2, 0.19, 0.21, 0.19] (ep=41, 34.3s)
[checkpoint] outputs/journal_train/coupled/seed13/ckpt_step12000.pt
[  12000/48000] phase=A route=detached world=0.0023 w_ema=0.0243 pred=0.0023 smooth=0.0000 | actor=0.5161 b=0.0243 H=1.609 maxpi=0.200 KL=0.000000 logits|.|=0.071 e[min,max,std]=0.002,0.003,0.001 zone=[0.29, 0.39, 0.32] act=[0.21, 0.18, 0.2, 0.2, 0.21] (ep=50, 34.2s)
[  14000/48000] phase=B route=coupled world=0.0019 w_ema=0.0080 pred=0.0019 smooth=0.0000 | actor=0.0640 b=0.0091 H=0.533 maxpi=0.790 KL=0.000012 logits|.|=1.728 e[min,max,std]=0.002,0.025,0.008 zone=[0.05, 0.11, 0.84] act=[0.22, 0.08, 0.06, 0.35, 0.28] (ep=58, 40.0s)
[  16000/48000] phase=B route=coupled world=0.0029 w_ema=0.0036 pred=0.0029 smooth=0.0000 | actor=0.0007 b=0.0036 H=0.091 maxpi=0.984 KL=0.000000 logits|.|=2.367 e[min,max,std]=0.003,0.007,0.001 zone=[0.0, 0.01, 0.99] act=[0.0, 0.01, 0.0, 0.97, 0.02] (ep=66, 39.9s)
[checkpoint] outputs/journal_train/coupled/seed13/ckpt_step18000.pt
[  18000/48000] phase=B route=coupled world=0.0009 w_ema=0.0027 pred=0.0009 smooth=0.0000 | actor=0.0027 b=0.0028 H=0.095 maxpi=0.980 KL=0.000001 logits|.|=2.276 e[min,max,std]=0.001,0.005,0.002 zone=[0.0, 0.01, 0.99] act=[0.0, 0.0, 0.0, 0.97, 0.02] (ep=75, 40.2s)
[  20000/48000] phase=B route=coupled world=0.0019 w_ema=0.0034 pred=0.0019 smooth=0.0000 | actor=0.0017 b=0.0035 H=0.070 maxpi=0.985 KL=0.000040 logits|.|=2.615 e[min,max,std]=0.002,0.009,0.002 zone=[0.0, 0.01, 0.99] act=[0.0, 0.01, 0.0, 0.97, 0.02] (ep=83, 40.3s)
[  22000/48000] phase=B route=coupled world=0.0026 w_ema=0.0034 pred=0.0026 smooth=0.0000 | actor=0.0006 b=0.0034 H=0.055 maxpi=0.988 KL=0.000248 logits|.|=2.858 e[min,max,std]=0.003,0.007,0.002 zone=[0.02, 0.04, 0.93] act=[0.02, 0.06, 0.02, 0.88, 0.02] (ep=91, 40.1s)
[checkpoint] outputs/journal_train/coupled/seed13/ckpt_step24000.pt
[  24000/48000] phase=B route=coupled world=0.0038 w_ema=0.0028 pred=0.0038 smooth=0.0000 | actor=-0.0004 b=0.0028 H=0.030 maxpi=0.994 KL=0.002301 logits|.|=3.180 e[min,max,std]=0.004,0.016,0.004 zone=[0.0, 0.02, 0.98] act=[0.0, 0.01, 0.0, 0.97, 0.01] (ep=100, 40.0s)
[  26000/48000] phase=B route=coupled world=0.0026 w_ema=0.0126 pred=0.0026 smooth=0.0000 | actor=0.0011 b=0.0126 H=0.021 maxpi=0.976 KL=0.012896 logits|.|=3.098 e[min,max,std]=0.003,0.019,0.006 zone=[0.05, 0.03, 0.92] act=[0.01, 0.01, 0.03, 0.88, 0.07] (ep=108, 40.1s)
[  28000/48000] phase=B route=coupled world=0.0611 w_ema=0.1010 pred=0.0611 smooth=0.0000 | actor=0.0100 b=0.1014 H=0.187 maxpi=0.961 KL=0.000164 logits|.|=1.612 e[min,max,std]=0.055,0.089,0.013 zone=[0.69, 0.11, 0.2] act=[0.04, 0.12, 0.46, 0.1, 0.28] (ep=116, 40.2s)
[checkpoint] outputs/journal_train/coupled/seed13/ckpt_step30000.pt
[  30000/48000] phase=B route=coupled world=0.0013 w_ema=0.0042 pred=0.0013 smooth=0.0000 | actor=0.0244 b=0.0050 H=0.566 maxpi=0.791 KL=0.000008 logits|.|=1.928 e[min,max,std]=0.001,0.015,0.005 zone=[0.19, 0.37, 0.44] act=[0.01, 0.01, 0.07, 0.07, 0.84] (ep=125, 40.1s)
[  32000/48000] phase=B route=coupled world=0.0027 w_ema=0.0084 pred=0.0027 smooth=0.0000 | actor=0.0006 b=0.0083 H=0.017 maxpi=0.995 KL=0.000555 logits|.|=3.096 e[min,max,std]=0.003,0.012,0.004 zone=[0.0, 0.02, 0.98] act=[0.0, 0.0, 0.0, 0.96, 0.04] (ep=133, 40.1s)
[  34000/48000] phase=B route=coupled world=0.0015 w_ema=0.0034 pred=0.0015 smooth=0.0000 | actor=0.0003 b=0.0033 H=0.013 maxpi=0.998 KL=0.000009 logits|.|=3.370 e[min,max,std]=0.001,0.011,0.004 zone=[0.0, 0.01, 0.99] act=[0.0, 0.0, 0.0, 0.97, 0.03] (ep=141, 40.1s)
[checkpoint] outputs/journal_train/coupled/seed13/ckpt_step36000.pt
[  36000/48000] phase=B route=coupled world=0.0023 w_ema=0.0028 pred=0.0023 smooth=0.0000 | actor=0.0002 b=0.0028 H=0.020 maxpi=0.997 KL=0.000005 logits|.|=3.280 e[min,max,std]=0.002,0.007,0.002 zone=[0.0, 0.01, 0.99] act=[0.0, 0.0, 0.0, 0.99, 0.0] (ep=150, 40.1s)
[  38000/48000] phase=B route=coupled world=0.0005 w_ema=0.0050 pred=0.0005 smooth=0.0000 | actor=0.0031 b=0.0050 H=0.052 maxpi=0.993 KL=0.000002 logits|.|=2.920 e[min,max,std]=0.001,0.003,0.001 zone=[0.0, 0.01, 0.99] act=[0.0, 0.0, 0.0, 1.0, 0.0] (ep=158, 38.2s)
[  40000/48000] phase=B route=coupled world=0.0017 w_ema=0.0035 pred=0.0017 smooth=0.0000 | actor=0.0006 b=0.0035 H=0.036 maxpi=0.994 KL=0.000000 logits|.|=3.011 e[min,max,std]=0.001,0.005,0.001 zone=[0.0, 0.01, 0.99] act=[0.0, 0.0, 0.0, 0.99, 0.01] (ep=166, 35.1s)
[checkpoint] outputs/journal_train/coupled/seed13/ckpt_step42000.pt
[  42000/48000] phase=B route=coupled world=0.0034 w_ema=0.0028 pred=0.0034 smooth=0.0000 | actor=-0.0001 b=0.0028 H=0.018 maxpi=0.998 KL=0.000000 logits|.|=2.912 e[min,max,std]=0.003,0.011,0.003 zone=[0.0, 0.01, 0.99] act=[0.0, 0.0, 0.0, 1.0, 0.0] (ep=175, 35.9s)
[  44000/48000] phase=B route=coupled world=0.0022 w_ema=0.0062 pred=0.0022 smooth=0.0000 | actor=0.0002 b=0.0062 H=0.008 maxpi=0.999 KL=0.000008 logits|.|=2.856 e[min,max,std]=0.002,0.009,0.003 zone=[0.0, 0.01, 0.99] act=[0.0, 0.0, 0.0, 1.0, 0.0] (ep=183, 28.5s)
[  46000/48000] phase=B route=coupled world=0.0610 w_ema=0.0865 pred=0.0610 smooth=0.0001 | actor=1.4856 b=0.0858 H=0.133 maxpi=0.973 KL=0.096622 logits|.|=2.076 e[min,max,std]=0.061,0.072,0.004 zone=[0.04, 0.13, 0.83] act=[0.44, 0.04, 0.02, 0.48, 0.02] (ep=191, 28.5s)
[checkpoint] outputs/journal_train/coupled/seed13/ckpt_step48000.pt
[  48000/48000] phase=B route=coupled world=0.0005 w_ema=0.0035 pred=0.0005 smooth=0.0000 | actor=0.0013 b=0.0035 H=0.066 maxpi=0.987 KL=0.013570 logits|.|=2.558 e[min,max,std]=0.001,0.025,0.009 zone=[0.0, 0.09, 0.91] act=[0.3, 0.01, 0.01, 0.68, 0.01] (ep=200, 39.6s)
Saved training trajectory to: outputs/journal_train/coupled/seed13/train_traj.parquet
Saved checkpoint to: outputs/journal_train/coupled/seed13/ckpt.pt
