/venv/cear-cemergence/lib/python3.10/runpy.py:126: RuntimeWarning: 'cear_pilot.training.train' found in sys.modules after import of package 'cear_pilot.training', but prior to execution of 'cear_pilot.training.train'; this may result in unpredictable behaviour
  warn(RuntimeWarning(msg))
[checkpoint] outputs/journal_train/coupled/seed19/ckpt_step00000.pt
[   2000/48000] phase=A route=detached world=0.0478 w_ema=0.1006 pred=0.0478 smooth=0.0000 | actor=0.9510 b=0.1007 H=1.609 maxpi=0.201 KL=0.000008 logits|.|=0.144 e[min,max,std]=0.046,0.052,0.002 zone=[0.17, 0.45, 0.38] act=[0.2, 0.19, 0.2, 0.21, 0.2] (ep=8, 35.3s)
[   4000/48000] phase=A route=detached world=0.4839 w_ema=0.3272 pred=0.4839 smooth=0.0000 | actor=-1.3052 b=0.3294 H=1.609 maxpi=0.201 KL=0.000003 logits|.|=0.129 e[min,max,std]=0.464,0.502,0.016 zone=[0.41, 0.38, 0.22] act=[0.19, 0.2, 0.21, 0.19, 0.2] (ep=16, 34.0s)
[   6000/48000] phase=A route=detached world=0.0054 w_ema=0.0347 pred=0.0054 smooth=0.0000 | actor=0.8290 b=0.0355 H=1.609 maxpi=0.200 KL=0.000002 logits|.|=0.116 e[min,max,std]=0.004,0.008,0.002 zone=[0.19, 0.33, 0.49] act=[0.19, 0.19, 0.19, 0.21, 0.21] (ep=25, 33.9s)
[   8000/48000] phase=A route=detached world=0.0883 w_ema=0.0966 pred=0.0883 smooth=0.0002 | actor=0.0507 b=0.0967 H=1.609 maxpi=0.200 KL=0.000001 logits|.|=0.137 e[min,max,std]=0.081,0.096,0.005 zone=[0.37, 0.39, 0.24] act=[0.21, 0.19, 0.2, 0.19, 0.2] (ep=33, 34.7s)
[  10000/48000] phase=A route=detached world=0.0896 w_ema=0.2151 pred=0.0896 smooth=0.0001 | actor=1.0902 b=0.2181 H=1.609 maxpi=0.201 KL=0.000004 logits|.|=0.131 e[min,max,std]=0.085,0.096,0.005 zone=[0.46, 0.29, 0.25] act=[0.2, 0.19, 0.22, 0.2, 0.2] (ep=41, 34.4s)
[checkpoint] outputs/journal_train/coupled/seed19/ckpt_step12000.pt
[  12000/48000] phase=A route=detached world=0.1365 w_ema=0.2894 pred=0.1364 smooth=0.0004 | actor=1.2630 b=0.2881 H=1.609 maxpi=0.201 KL=0.000007 logits|.|=0.131 e[min,max,std]=0.127,0.156,0.010 zone=[0.2, 0.53, 0.27] act=[0.21, 0.2, 0.19, 0.2, 0.2] (ep=50, 34.3s)
[  14000/48000] phase=B route=coupled world=0.0016 w_ema=0.0098 pred=0.0016 smooth=0.0000 | actor=0.0033 b=0.0100 H=0.082 maxpi=0.986 KL=0.000015 logits|.|=2.058 e[min,max,std]=0.002,0.010,0.003 zone=[0.0, 0.05, 0.95] act=[0.09, 0.08, 0.07, 0.69, 0.07] (ep=58, 39.5s)
[  16000/48000] phase=B route=coupled world=0.0046 w_ema=0.0033 pred=0.0046 smooth=0.0000 | actor=-0.0007 b=0.0033 H=0.048 maxpi=0.993 KL=0.000014 logits|.|=2.317 e[min,max,std]=0.005,0.014,0.003 zone=[0.03, 0.02, 0.95] act=[0.01, 0.01, 0.01, 0.95, 0.02] (ep=66, 39.4s)
[checkpoint] outputs/journal_train/coupled/seed19/ckpt_step18000.pt
[  18000/48000] phase=B route=coupled world=0.0028 w_ema=0.0027 pred=0.0028 smooth=0.0000 | actor=-0.0000 b=0.0027 H=0.022 maxpi=0.997 KL=0.000002 logits|.|=2.538 e[min,max,std]=0.003,0.009,0.002 zone=[0.03, 0.03, 0.94] act=[0.01, 0.01, 0.01, 0.93, 0.03] (ep=75, 39.2s)
[  20000/48000] phase=B route=coupled world=0.0027 w_ema=0.0109 pred=0.0027 smooth=0.0000 | actor=0.0300 b=0.0116 H=0.631 maxpi=0.849 KL=0.000242 logits|.|=1.084 e[min,max,std]=0.003,0.008,0.002 zone=[0.0, 0.06, 0.94] act=[0.02, 0.02, 0.02, 0.89, 0.06] (ep=83, 39.2s)
[  22000/48000] phase=B route=coupled world=0.0021 w_ema=0.0059 pred=0.0021 smooth=0.0000 | actor=0.0008 b=0.0059 H=0.038 maxpi=0.990 KL=0.019967 logits|.|=2.449 e[min,max,std]=0.002,0.012,0.003 zone=[0.0, 0.03, 0.97] act=[0.06, 0.03, 0.01, 0.85, 0.04] (ep=91, 39.2s)
[checkpoint] outputs/journal_train/coupled/seed19/ckpt_step24000.pt
[  24000/48000] phase=B route=coupled world=0.0036 w_ema=0.0070 pred=0.0036 smooth=0.0000 | actor=0.0223 b=0.0074 H=0.546 maxpi=0.824 KL=0.098865 logits|.|=2.090 e[min,max,std]=0.004,0.011,0.003 zone=[0.0, 0.08, 0.92] act=[0.69, 0.11, 0.0, 0.18, 0.02] (ep=100, 39.1s)
[  26000/48000] phase=B route=coupled world=0.0082 w_ema=0.0550 pred=0.0082 smooth=0.0001 | actor=0.6427 b=0.0567 H=0.923 maxpi=0.461 KL=0.273805 logits|.|=2.684 e[min,max,std]=0.008,0.012,0.001 zone=[0.05, 0.21, 0.73] act=[0.54, 0.21, 0.02, 0.03, 0.21] (ep=108, 39.1s)
[  28000/48000] phase=B route=coupled world=0.0079 w_ema=0.0044 pred=0.0079 smooth=0.0000 | actor=-0.0090 b=0.0046 H=0.317 maxpi=0.915 KL=0.055240 logits|.|=2.461 e[min,max,std]=0.006,0.013,0.003 zone=[0.0, 0.08, 0.92] act=[0.58, 0.09, 0.02, 0.22, 0.09] (ep=116, 39.4s)
[checkpoint] outputs/journal_train/coupled/seed19/ckpt_step30000.pt
[  30000/48000] phase=B route=coupled world=0.0015 w_ema=0.0038 pred=0.0015 smooth=0.0000 | actor=0.0077 b=0.0040 H=0.313 maxpi=0.921 KL=0.015289 logits|.|=2.392 e[min,max,std]=0.001,0.007,0.002 zone=[0.0, 0.32, 0.68] act=[0.91, 0.06, 0.0, 0.02, 0.01] (ep=125, 39.2s)
[  32000/48000] phase=B route=coupled world=0.0030 w_ema=0.0074 pred=0.0030 smooth=0.0000 | actor=0.0065 b=0.0073 H=0.126 maxpi=0.984 KL=0.004117 logits|.|=2.006 e[min,max,std]=0.003,0.014,0.004 zone=[0.0, 0.15, 0.85] act=[0.09, 0.05, 0.02, 0.84, 0.01] (ep=133, 39.1s)
[  34000/48000] phase=B route=coupled world=0.0019 w_ema=0.0031 pred=0.0019 smooth=0.0000 | actor=0.0015 b=0.0033 H=0.075 maxpi=0.986 KL=0.000005 logits|.|=1.996 e[min,max,std]=0.002,0.011,0.004 zone=[0.0, 0.02, 0.98] act=[0.0, 0.0, 0.04, 0.95, 0.0] (ep=141, 39.2s)
[checkpoint] outputs/journal_train/coupled/seed19/ckpt_step36000.pt
[  36000/48000] phase=B route=coupled world=0.0021 w_ema=0.0030 pred=0.0021 smooth=0.0000 | actor=0.0005 b=0.0030 H=0.035 maxpi=0.992 KL=0.076917 logits|.|=2.501 e[min,max,std]=0.002,0.008,0.002 zone=[0.0, 0.02, 0.98] act=[0.0, 0.0, 0.01, 0.98, 0.01] (ep=150, 39.3s)
[  38000/48000] phase=B route=coupled world=0.0029 w_ema=0.0069 pred=0.0029 smooth=0.0000 | actor=0.0035 b=0.0069 H=0.108 maxpi=0.979 KL=0.001822 logits|.|=2.914 e[min,max,std]=0.003,0.006,0.001 zone=[0.0, 0.02, 0.98] act=[0.03, 0.0, 0.01, 0.68, 0.27] (ep=158, 39.3s)
[  40000/48000] phase=B route=coupled world=0.0017 w_ema=0.0029 pred=0.0017 smooth=0.0000 | actor=0.0007 b=0.0028 H=0.040 maxpi=0.994 KL=0.000002 logits|.|=2.467 e[min,max,std]=0.002,0.008,0.002 zone=[0.0, 0.02, 0.98] act=[0.0, 0.0, 0.01, 0.99, 0.0] (ep=166, 39.1s)
[checkpoint] outputs/journal_train/coupled/seed19/ckpt_step42000.pt
[  42000/48000] phase=B route=coupled world=0.0037 w_ema=0.0034 pred=0.0037 smooth=0.0000 | actor=0.0098 b=0.0038 H=0.716 maxpi=0.621 KL=0.007166 logits|.|=2.499 e[min,max,std]=0.003,0.007,0.001 zone=[0.0, 0.02, 0.98] act=[0.0, 0.1, 0.0, 0.89, 0.01] (ep=175, 38.9s)
[  44000/48000] phase=B route=coupled world=0.0043 w_ema=0.0079 pred=0.0043 smooth=0.0000 | actor=0.1897 b=0.0083 H=0.631 maxpi=0.696 KL=0.000025 logits|.|=2.633 e[min,max,std]=0.004,0.007,0.001 zone=[0.0, 0.03, 0.97] act=[0.01, 0.44, 0.0, 0.55, 0.0] (ep=183, 39.4s)
[  46000/48000] phase=B route=coupled world=0.0018 w_ema=0.0043 pred=0.0017 smooth=0.0002 | actor=0.0452 b=0.0044 H=0.625 maxpi=0.873 KL=1.653622 logits|.|=2.756 e[min,max,std]=0.001,0.010,0.003 zone=[0.0, 0.01, 0.99] act=[0.01, 0.06, 0.02, 0.91, 0.0] (ep=191, 38.7s)
[checkpoint] outputs/journal_train/coupled/seed19/ckpt_step48000.pt
[  48000/48000] phase=B route=coupled world=0.0026 w_ema=0.0029 pred=0.0026 smooth=0.0000 | actor=0.0002 b=0.0029 H=0.032 maxpi=0.995 KL=0.173145 logits|.|=3.030 e[min,max,std]=0.003,0.010,0.002 zone=[0.0, 0.02, 0.98] act=[0.25, 0.01, 0.0, 0.72, 0.02] (ep=200, 36.2s)
Saved training trajectory to: outputs/journal_train/coupled/seed19/train_traj.parquet
Saved checkpoint to: outputs/journal_train/coupled/seed19/ckpt.pt
