/venv/cear-cemergence/lib/python3.10/runpy.py:126: RuntimeWarning: 'cear_pilot.training.train' found in sys.modules after import of package 'cear_pilot.training', but prior to execution of 'cear_pilot.training.train'; this may result in unpredictable behaviour
  warn(RuntimeWarning(msg))
[   2000/48000] phase=A world=0.7806 w_ema=0.3020 pred=0.7806 smooth=0.0000 | actor=-3.6548 b=0.3020 H=1.609 maxpi=0.201 KL=0.000005 logits|.|=0.086 e[min,max,std]=0.758,0.804,0.018 zone=[0.34, 0.35, 0.3] act=[0.19, 0.2, 0.2, 0.19, 0.21] (ep=8, 23.2s)
[   4000/48000] phase=A world=0.1056 w_ema=0.3219 pred=0.1056 smooth=0.0000 | actor=1.5994 b=0.3216 H=1.609 maxpi=0.201 KL=0.000002 logits|.|=0.097 e[min,max,std]=0.097,0.115,0.006 zone=[0.26, 0.41, 0.33] act=[0.21, 0.2, 0.2, 0.21, 0.18] (ep=16, 21.1s)
[   6000/48000] phase=A world=0.0024 w_ema=0.0043 pred=0.0024 smooth=0.0000 | actor=0.0298 b=0.0051 H=1.609 maxpi=0.200 KL=0.000000 logits|.|=0.118 e[min,max,std]=0.002,0.004,0.001 zone=[0.23, 0.26, 0.51] act=[0.2, 0.2, 0.17, 0.22, 0.2] (ep=25, 21.1s)
[   8000/48000] phase=A world=0.0081 w_ema=0.0349 pred=0.0081 smooth=0.0000 | actor=0.7427 b=0.0353 H=1.609 maxpi=0.201 KL=0.000003 logits|.|=0.105 e[min,max,std]=0.006,0.011,0.002 zone=[0.13, 0.55, 0.32] act=[0.2, 0.21, 0.19, 0.21, 0.19] (ep=33, 21.1s)
[  10000/48000] phase=A world=0.4262 w_ema=0.1758 pred=0.4261 smooth=0.0002 | actor=-2.5381 b=0.1774 H=1.609 maxpi=0.200 KL=0.000002 logits|.|=0.085 e[min,max,std]=0.414,0.454,0.014 zone=[0.29, 0.47, 0.23] act=[0.2, 0.19, 0.2, 0.2, 0.21] (ep=41, 21.1s)
[  12000/48000] phase=A world=0.0789 w_ema=0.1760 pred=0.0789 smooth=0.0001 | actor=0.9566 b=0.1759 H=1.609 maxpi=0.200 KL=0.000002 logits|.|=0.068 e[min,max,std]=0.077,0.083,0.002 zone=[0.34, 0.45, 0.21] act=[0.21, 0.19, 0.21, 0.19, 0.2] (ep=50, 21.2s)
[  14000/48000] phase=B world=0.1578 w_ema=0.0877 pred=0.1578 smooth=0.0000 | actor=-1.7799 b=0.0881 H=1.123 maxpi=0.430 KL=0.000502 logits|.|=1.714 e[min,max,std]=0.153,0.164,0.004 zone=[0.0, 0.42, 0.58] act=[0.31, 0.31, 0.01, 0.04, 0.34] (ep=58, 22.2s)
[  16000/48000] phase=B world=0.0052 w_ema=0.0341 pred=0.0052 smooth=0.0000 | actor=0.3143 b=0.0349 H=0.897 maxpi=0.502 KL=0.000203 logits|.|=2.088 e[min,max,std]=0.005,0.010,0.002 zone=[0.0, 0.65, 0.35] act=[0.11, 0.41, 0.0, 0.02, 0.46] (ep=66, 21.7s)
[  18000/48000] phase=B world=0.0024 w_ema=0.0037 pred=0.0024 smooth=0.0000 | actor=0.0155 b=0.0059 H=0.944 maxpi=0.637 KL=0.000453 logits|.|=1.497 e[min,max,std]=0.003,0.006,0.001 zone=[0.0, 0.29, 0.71] act=[0.08, 0.55, 0.0, 0.04, 0.32] (ep=75, 21.3s)
[  20000/48000] phase=B world=0.0027 w_ema=0.0064 pred=0.0027 smooth=0.0000 | actor=0.0252 b=0.0071 H=0.445 maxpi=0.879 KL=0.000294 logits|.|=1.147 e[min,max,std]=0.003,0.019,0.006 zone=[0.01, 0.09, 0.9] act=[0.09, 0.25, 0.04, 0.4, 0.22] (ep=83, 21.4s)
[  22000/48000] phase=B world=0.0026 w_ema=0.0037 pred=0.0026 smooth=0.0001 | actor=0.0004 b=0.0037 H=0.039 maxpi=0.994 KL=0.000024 logits|.|=2.313 e[min,max,std]=0.002,0.005,0.001 zone=[0.0, 0.01, 0.99] act=[0.01, 0.0, 0.0, 0.98, 0.0] (ep=91, 21.5s)
[  24000/48000] phase=B world=0.0028 w_ema=0.0027 pred=0.0028 smooth=0.0000 | actor=-0.0003 b=0.0027 H=0.117 maxpi=0.982 KL=0.000986 logits|.|=1.846 e[min,max,std]=0.003,0.011,0.003 zone=[0.0, 0.04, 0.96] act=[0.01, 0.0, 0.08, 0.9, 0.0] (ep=100, 21.1s)
[  26000/48000] phase=B world=0.0044 w_ema=0.0181 pred=0.0044 smooth=0.0000 | actor=0.0048 b=0.0186 H=0.132 maxpi=0.965 KL=0.019170 logits|.|=1.799 e[min,max,std]=0.004,0.006,0.001 zone=[0.0, 0.03, 0.96] act=[0.01, 0.0, 0.04, 0.95, 0.0] (ep=108, 20.9s)
[  28000/48000] phase=B world=0.0012 w_ema=0.0033 pred=0.0012 smooth=0.0000 | actor=0.0018 b=0.0033 H=0.050 maxpi=0.991 KL=0.000346 logits|.|=2.323 e[min,max,std]=0.001,0.023,0.007 zone=[0.0, 0.04, 0.96] act=[0.04, 0.0, 0.09, 0.86, 0.01] (ep=116, 21.1s)
[  30000/48000] phase=B world=0.0023 w_ema=0.0030 pred=0.0023 smooth=0.0000 | actor=0.0002 b=0.0031 H=0.029 maxpi=0.995 KL=0.000689 logits|.|=2.499 e[min,max,std]=0.002,0.013,0.003 zone=[0.0, 0.03, 0.97] act=[0.01, 0.0, 0.01, 0.98, 0.0] (ep=125, 20.9s)
[  32000/48000] phase=B world=0.0021 w_ema=0.0072 pred=0.0021 smooth=0.0000 | actor=0.0018 b=0.0071 H=0.039 maxpi=0.991 KL=0.007831 logits|.|=2.427 e[min,max,std]=0.002,0.012,0.004 zone=[0.01, 0.04, 0.95] act=[0.01, 0.0, 0.03, 0.96, 0.0] (ep=133, 21.2s)
[  34000/48000] phase=B world=0.0022 w_ema=0.0036 pred=0.0022 smooth=0.0000 | actor=0.0011 b=0.0036 H=0.111 maxpi=0.981 KL=0.003585 logits|.|=1.797 e[min,max,std]=0.002,0.008,0.002 zone=[0.01, 0.03, 0.96] act=[0.01, 0.0, 0.01, 0.97, 0.0] (ep=141, 21.4s)
[  36000/48000] phase=B world=0.0014 w_ema=0.0031 pred=0.0014 smooth=0.0000 | actor=0.0055 b=0.0031 H=0.312 maxpi=0.949 KL=0.002597 logits|.|=1.314 e[min,max,std]=0.001,0.004,0.001 zone=[0.0, 0.03, 0.96] act=[0.01, 0.0, 0.01, 0.96, 0.02] (ep=150, 22.6s)
[  38000/48000] phase=B world=0.0818 w_ema=0.0808 pred=0.0818 smooth=0.0000 | actor=-0.0447 b=0.0807 H=1.154 maxpi=0.469 KL=0.049763 logits|.|=1.516 e[min,max,std]=0.077,0.094,0.006 zone=[0.0, 0.09, 0.9] act=[0.07, 0.07, 0.05, 0.61, 0.21] (ep=158, 21.5s)
[  40000/48000] phase=B world=0.0024 w_ema=0.0059 pred=0.0024 smooth=0.0000 | actor=0.1285 b=0.0069 H=1.192 maxpi=0.475 KL=0.020531 logits|.|=1.276 e[min,max,std]=0.002,0.011,0.003 zone=[0.0, 0.13, 0.87] act=[0.14, 0.15, 0.01, 0.35, 0.34] (ep=166, 21.1s)
[  42000/48000] phase=B world=0.0010 w_ema=0.0044 pred=0.0010 smooth=0.0000 | actor=0.1057 b=0.0052 H=1.000 maxpi=0.488 KL=0.037064 logits|.|=2.067 e[min,max,std]=0.001,0.006,0.002 zone=[0.0, 0.12, 0.88] act=[0.08, 0.34, 0.01, 0.29, 0.27] (ep=175, 21.1s)
[  44000/48000] phase=B world=0.0030 w_ema=0.0145 pred=0.0030 smooth=0.0000 | actor=0.4635 b=0.0152 H=0.592 maxpi=0.763 KL=0.086268 logits|.|=2.376 e[min,max,std]=0.002,0.006,0.001 zone=[0.0, 0.12, 0.88] act=[0.11, 0.24, 0.0, 0.25, 0.4] (ep=183, 21.2s)
[  46000/48000] phase=B world=0.0012 w_ema=0.0032 pred=0.0012 smooth=0.0000 | actor=0.0000 b=0.0032 H=0.002 maxpi=1.000 KL=0.000087 logits|.|=3.703 e[min,max,std]=0.001,0.004,0.001 zone=[0.0, 0.02, 0.98] act=[0.01, 0.03, 0.0, 0.76, 0.2] (ep=191, 22.3s)
[  48000/48000] phase=B world=0.0012 w_ema=0.0030 pred=0.0012 smooth=0.0000 | actor=0.0000 b=0.0030 H=0.001 maxpi=0.998 KL=0.002756 logits|.|=2.994 e[min,max,std]=0.001,0.008,0.002 zone=[0.0, 0.02, 0.98] act=[0.0, 0.0, 0.0, 0.99, 0.0] (ep=200, 22.4s)
Saved checkpoint to: outputs/runs/seed29/ckpt.pt
