/venv/cear-cemergence/lib/python3.10/runpy.py:126: RuntimeWarning: 'cear_pilot.training.train' found in sys.modules after import of package 'cear_pilot.training', but prior to execution of 'cear_pilot.training.train'; this may result in unpredictable behaviour
  warn(RuntimeWarning(msg))
[checkpoint] outputs/journal_train/coupled/seed22/ckpt_step00000.pt
[   2000/48000] phase=A route=detached world=0.0024 w_ema=0.0406 pred=0.0024 smooth=0.0000 | actor=0.4209 b=0.0415 H=1.609 maxpi=0.201 KL=0.000011 logits|.|=0.060 e[min,max,std]=0.003,0.004,0.000 zone=[0.49, 0.37, 0.13] act=[0.21, 0.21, 0.2, 0.18, 0.2] (ep=8, 35.5s)
[   4000/48000] phase=A route=detached world=0.0975 w_ema=0.2346 pred=0.0975 smooth=0.0000 | actor=1.2923 b=0.2355 H=1.609 maxpi=0.201 KL=0.000012 logits|.|=0.092 e[min,max,std]=0.090,0.103,0.005 zone=[0.28, 0.41, 0.3] act=[0.22, 0.2, 0.2, 0.19, 0.19] (ep=16, 34.4s)
[   6000/48000] phase=A route=detached world=0.3709 w_ema=0.2551 pred=0.3708 smooth=0.0001 | actor=-1.2162 b=0.2555 H=1.609 maxpi=0.201 KL=0.000024 logits|.|=0.094 e[min,max,std]=0.362,0.381,0.006 zone=[0.28, 0.41, 0.31] act=[0.2, 0.2, 0.2, 0.2, 0.2] (ep=25, 34.3s)
[   8000/48000] phase=A route=detached world=0.0574 w_ema=0.1421 pred=0.0574 smooth=0.0000 | actor=0.7572 b=0.1420 H=1.609 maxpi=0.201 KL=0.000007 logits|.|=0.124 e[min,max,std]=0.056,0.059,0.001 zone=[0.17, 0.34, 0.49] act=[0.2, 0.2, 0.19, 0.21, 0.2] (ep=33, 34.4s)
[  10000/48000] phase=A route=detached world=0.2858 w_ema=0.3358 pred=0.2858 smooth=0.0001 | actor=0.3086 b=0.3361 H=1.609 maxpi=0.201 KL=0.000007 logits|.|=0.123 e[min,max,std]=0.276,0.294,0.007 zone=[0.38, 0.27, 0.35] act=[0.19, 0.19, 0.2, 0.21, 0.2] (ep=41, 34.7s)
[checkpoint] outputs/journal_train/coupled/seed22/ckpt_step12000.pt
[  12000/48000] phase=A route=detached world=0.1497 w_ema=0.2921 pred=0.1497 smooth=0.0000 | actor=1.1784 b=0.2928 H=1.609 maxpi=0.200 KL=0.000001 logits|.|=0.111 e[min,max,std]=0.139,0.160,0.007 zone=[0.4, 0.36, 0.24] act=[0.2, 0.2, 0.2, 0.2, 0.2] (ep=50, 35.1s)
[  14000/48000] phase=B route=coupled world=0.0012 w_ema=0.0157 pred=0.0012 smooth=0.0000 | actor=0.6652 b=0.0161 H=1.200 maxpi=0.605 KL=0.000112 logits|.|=0.708 e[min,max,std]=0.001,0.004,0.001 zone=[0.01, 0.16, 0.83] act=[0.19, 0.56, 0.07, 0.14, 0.05] (ep=58, 40.0s)
[  16000/48000] phase=B route=coupled world=0.0035 w_ema=0.0041 pred=0.0035 smooth=0.0000 | actor=0.0996 b=0.0053 H=1.212 maxpi=0.424 KL=0.000009 logits|.|=0.969 e[min,max,std]=0.003,0.008,0.002 zone=[0.0, 0.08, 0.92] act=[0.14, 0.2, 0.08, 0.28, 0.31] (ep=66, 40.1s)
[checkpoint] outputs/journal_train/coupled/seed22/ckpt_step18000.pt
[  18000/48000] phase=B route=coupled world=0.0049 w_ema=0.0033 pred=0.0049 smooth=0.0000 | actor=0.0028 b=0.0053 H=0.273 maxpi=0.868 KL=0.000015 logits|.|=2.192 e[min,max,std]=0.005,0.023,0.006 zone=[0.0, 0.06, 0.94] act=[0.02, 0.01, 0.01, 0.3, 0.67] (ep=75, 40.7s)
[  20000/48000] phase=B route=coupled world=0.1134 w_ema=0.0773 pred=0.1134 smooth=0.0000 | actor=-0.9673 b=0.0785 H=1.575 maxpi=0.345 KL=0.000329 logits|.|=0.421 e[min,max,std]=0.106,0.127,0.008 zone=[0.0, 0.21, 0.79] act=[0.01, 0.02, 0.03, 0.12, 0.82] (ep=83, 40.5s)
[  22000/48000] phase=B route=coupled world=0.0128 w_ema=0.0466 pred=0.0128 smooth=0.0000 | actor=1.0573 b=0.0479 H=1.361 maxpi=0.443 KL=0.000036 logits|.|=0.895 e[min,max,std]=0.013,0.018,0.002 zone=[0.0, 0.2, 0.8] act=[0.26, 0.44, 0.05, 0.16, 0.09] (ep=91, 40.8s)
[checkpoint] outputs/journal_train/coupled/seed22/ckpt_step24000.pt
[  24000/48000] phase=B route=coupled world=0.0011 w_ema=0.0060 pred=0.0011 smooth=0.0000 | actor=0.0339 b=0.0077 H=1.060 maxpi=0.532 KL=0.000004 logits|.|=1.173 e[min,max,std]=0.001,0.012,0.004 zone=[0.24, 0.1, 0.66] act=[0.21, 0.28, 0.06, 0.29, 0.16] (ep=100, 40.8s)
[  26000/48000] phase=B route=coupled world=0.0014 w_ema=0.0089 pred=0.0014 smooth=0.0000 | actor=0.0741 b=0.0099 H=0.732 maxpi=0.683 KL=0.000170 logits|.|=1.414 e[min,max,std]=0.001,0.011,0.004 zone=[0.01, 0.25, 0.74] act=[0.29, 0.46, 0.02, 0.15, 0.08] (ep=108, 40.7s)
[  28000/48000] phase=B route=coupled world=0.0010 w_ema=0.0035 pred=0.0010 smooth=0.0000 | actor=0.0073 b=0.0041 H=0.202 maxpi=0.935 KL=0.000003 logits|.|=2.096 e[min,max,std]=0.001,0.009,0.003 zone=[0.0, 0.07, 0.93] act=[0.0, 0.01, 0.01, 0.4, 0.58] (ep=116, 40.8s)
[checkpoint] outputs/journal_train/coupled/seed22/ckpt_step30000.pt
[  30000/48000] phase=B route=coupled world=0.0037 w_ema=0.0029 pred=0.0037 smooth=0.0000 | actor=-0.0003 b=0.0029 H=0.032 maxpi=0.996 KL=0.000000 logits|.|=2.430 e[min,max,std]=0.004,0.010,0.002 zone=[0.0, 0.01, 0.99] act=[0.0, 0.0, 0.0, 0.99, 0.01] (ep=125, 40.9s)
[  32000/48000] phase=B route=coupled world=0.0014 w_ema=0.0050 pred=0.0014 smooth=0.0000 | actor=0.0003 b=0.0050 H=0.014 maxpi=0.998 KL=0.000058 logits|.|=2.655 e[min,max,std]=0.001,0.006,0.002 zone=[0.0, 0.01, 0.99] act=[0.0, 0.0, 0.0, 1.0, 0.0] (ep=133, 40.7s)
[  34000/48000] phase=B route=coupled world=0.0027 w_ema=0.0038 pred=0.0027 smooth=0.0000 | actor=0.0002 b=0.0038 H=0.027 maxpi=0.995 KL=0.014443 logits|.|=2.356 e[min,max,std]=0.002,0.010,0.003 zone=[0.0, 0.08, 0.92] act=[0.03, 0.05, 0.02, 0.86, 0.04] (ep=141, 40.9s)
[checkpoint] outputs/journal_train/coupled/seed22/ckpt_step36000.pt
[  36000/48000] phase=B route=coupled world=0.0010 w_ema=0.0028 pred=0.0010 smooth=0.0000 | actor=0.0008 b=0.0028 H=0.022 maxpi=0.997 KL=0.000008 logits|.|=2.366 e[min,max,std]=0.001,0.006,0.002 zone=[0.0, 0.02, 0.98] act=[0.0, 0.0, 0.0, 0.99, 0.0] (ep=150, 40.9s)
[  38000/48000] phase=B route=coupled world=0.0013 w_ema=0.0140 pred=0.0013 smooth=0.0000 | actor=0.0035 b=0.0139 H=0.066 maxpi=0.982 KL=0.024505 logits|.|=1.941 e[min,max,std]=0.001,0.022,0.007 zone=[0.0, 0.03, 0.97] act=[0.03, 0.21, 0.01, 0.75, 0.01] (ep=158, 40.9s)
[  40000/48000] phase=B route=coupled world=0.0010 w_ema=0.0098 pred=0.0010 smooth=0.0000 | actor=0.0012 b=0.0097 H=0.047 maxpi=0.978 KL=0.071715 logits|.|=2.171 e[min,max,std]=0.001,0.010,0.003 zone=[0.01, 0.15, 0.84] act=[0.23, 0.45, 0.01, 0.3, 0.01] (ep=166, 40.7s)
[checkpoint] outputs/journal_train/coupled/seed22/ckpt_step42000.pt
[  42000/48000] phase=B route=coupled world=0.0036 w_ema=0.0027 pred=0.0036 smooth=0.0000 | actor=-0.0011 b=0.0027 H=0.070 maxpi=0.989 KL=0.003036 logits|.|=2.332 e[min,max,std]=0.004,0.024,0.007 zone=[0.0, 0.2, 0.8] act=[0.03, 0.68, 0.0, 0.29, 0.01] (ep=175, 40.3s)
[  44000/48000] phase=B route=coupled world=0.0027 w_ema=0.0090 pred=0.0027 smooth=0.0000 | actor=0.0030 b=0.0090 H=0.104 maxpi=0.970 KL=0.001451 logits|.|=2.255 e[min,max,std]=0.003,0.008,0.002 zone=[0.0, 0.02, 0.98] act=[0.01, 0.36, 0.01, 0.61, 0.01] (ep=183, 40.5s)
[  46000/48000] phase=B route=coupled world=0.0030 w_ema=0.0161 pred=0.0030 smooth=0.0000 | actor=0.3276 b=0.0169 H=1.213 maxpi=0.637 KL=0.001132 logits|.|=1.031 e[min,max,std]=0.003,0.008,0.002 zone=[0.0, 0.02, 0.98] act=[0.0, 0.01, 0.01, 0.93, 0.04] (ep=191, 40.3s)
[checkpoint] outputs/journal_train/coupled/seed22/ckpt_step48000.pt
[  48000/48000] phase=B route=coupled world=0.0011 w_ema=0.0027 pred=0.0011 smooth=0.0000 | actor=0.0004 b=0.0027 H=0.017 maxpi=0.998 KL=0.000003 logits|.|=2.701 e[min,max,std]=0.001,0.006,0.002 zone=[0.0, 0.02, 0.98] act=[0.0, 0.0, 0.01, 0.96, 0.03] (ep=200, 40.5s)
Saved training trajectory to: outputs/journal_train/coupled/seed22/train_traj.parquet
Saved checkpoint to: outputs/journal_train/coupled/seed22/ckpt.pt
