/venv/cear-cemergence/lib/python3.10/runpy.py:126: RuntimeWarning: 'cear_pilot.training.train' found in sys.modules after import of package 'cear_pilot.training', but prior to execution of 'cear_pilot.training.train'; this may result in unpredictable behaviour
  warn(RuntimeWarning(msg))
[checkpoint] outputs/journal_train/coupled/seed23/ckpt_step00000.pt
[   2000/48000] phase=A route=detached world=0.0053 w_ema=0.0499 pred=0.0053 smooth=0.0000 | actor=0.4514 b=0.0504 H=1.609 maxpi=0.201 KL=0.000005 logits|.|=0.122 e[min,max,std]=0.004,0.008,0.001 zone=[0.2, 0.44, 0.36] act=[0.2, 0.18, 0.2, 0.21, 0.21] (ep=8, 35.5s)
[   4000/48000] phase=A route=detached world=0.2726 w_ema=0.2601 pred=0.2726 smooth=0.0002 | actor=-0.0872 b=0.2617 H=1.609 maxpi=0.201 KL=0.000004 logits|.|=0.129 e[min,max,std]=0.263,0.284,0.007 zone=[0.28, 0.46, 0.25] act=[0.19, 0.2, 0.21, 0.2, 0.21] (ep=16, 30.2s)
[   6000/48000] phase=A route=detached world=0.1186 w_ema=0.1040 pred=0.1185 smooth=0.0002 | actor=-0.1860 b=0.1041 H=1.609 maxpi=0.200 KL=0.000002 logits|.|=0.137 e[min,max,std]=0.110,0.124,0.005 zone=[0.33, 0.55, 0.12] act=[0.18, 0.2, 0.21, 0.2, 0.2] (ep=25, 22.7s)
[   8000/48000] phase=A route=detached world=0.0803 w_ema=0.0791 pred=0.0803 smooth=0.0000 | actor=-0.1848 b=0.0801 H=1.609 maxpi=0.200 KL=0.000002 logits|.|=0.119 e[min,max,std]=0.071,0.088,0.006 zone=[0.13, 0.32, 0.55] act=[0.2, 0.2, 0.19, 0.21, 0.2] (ep=33, 33.6s)
[  10000/48000] phase=A route=detached world=0.4725 w_ema=0.3188 pred=0.4724 smooth=0.0005 | actor=-1.1627 b=0.3182 H=1.609 maxpi=0.201 KL=0.000005 logits|.|=0.128 e[min,max,std]=0.467,0.485,0.007 zone=[0.19, 0.42, 0.39] act=[0.21, 0.2, 0.2, 0.2, 0.18] (ep=41, 34.5s)
[checkpoint] outputs/journal_train/coupled/seed23/ckpt_step12000.pt
[  12000/48000] phase=A route=detached world=0.1904 w_ema=0.2601 pred=0.1904 smooth=0.0001 | actor=0.5080 b=0.2615 H=1.609 maxpi=0.201 KL=0.000003 logits|.|=0.113 e[min,max,std]=0.175,0.205,0.012 zone=[0.38, 0.34, 0.28] act=[0.19, 0.2, 0.21, 0.19, 0.21] (ep=50, 34.6s)
[  14000/48000] phase=B route=coupled world=0.0034 w_ema=0.0106 pred=0.0034 smooth=0.0000 | actor=0.0311 b=0.0117 H=0.403 maxpi=0.875 KL=0.000016 logits|.|=1.147 e[min,max,std]=0.004,0.012,0.003 zone=[0.03, 0.12, 0.85] act=[0.07, 0.44, 0.05, 0.4, 0.03] (ep=58, 40.1s)
[  16000/48000] phase=B route=coupled world=0.0014 w_ema=0.0037 pred=0.0014 smooth=0.0000 | actor=0.0011 b=0.0037 H=0.045 maxpi=0.990 KL=0.010869 logits|.|=2.149 e[min,max,std]=0.001,0.010,0.003 zone=[0.0, 0.01, 0.99] act=[0.01, 0.0, 0.0, 0.98, 0.0] (ep=66, 40.3s)
[checkpoint] outputs/journal_train/coupled/seed23/ckpt_step18000.pt
[  18000/48000] phase=B route=coupled world=0.0026 w_ema=0.0030 pred=0.0026 smooth=0.0001 | actor=0.0003 b=0.0030 H=0.046 maxpi=0.992 KL=0.007674 logits|.|=2.449 e[min,max,std]=0.003,0.021,0.006 zone=[0.0, 0.05, 0.95] act=[0.03, 0.01, 0.01, 0.39, 0.56] (ep=75, 40.3s)
[  20000/48000] phase=B route=coupled world=0.0038 w_ema=0.0050 pred=0.0038 smooth=0.0000 | actor=0.0527 b=0.0056 H=0.934 maxpi=0.617 KL=0.002871 logits|.|=1.453 e[min,max,std]=0.004,0.019,0.006 zone=[0.0, 0.03, 0.97] act=[0.01, 0.02, 0.1, 0.86, 0.01] (ep=83, 40.4s)
[  22000/48000] phase=B route=coupled world=0.0014 w_ema=0.0040 pred=0.0014 smooth=0.0000 | actor=0.0326 b=0.0041 H=0.811 maxpi=0.768 KL=0.003028 logits|.|=1.171 e[min,max,std]=0.001,0.012,0.004 zone=[0.01, 0.04, 0.95] act=[0.03, 0.03, 0.09, 0.85, 0.01] (ep=91, 40.2s)
[checkpoint] outputs/journal_train/coupled/seed23/ckpt_step24000.pt
[  24000/48000] phase=B route=coupled world=0.0014 w_ema=0.0030 pred=0.0014 smooth=0.0000 | actor=0.0095 b=0.0032 H=0.327 maxpi=0.917 KL=0.008123 logits|.|=2.351 e[min,max,std]=0.001,0.019,0.007 zone=[0.04, 0.34, 0.61] act=[0.63, 0.03, 0.03, 0.27, 0.04] (ep=100, 40.4s)
[  26000/48000] phase=B route=coupled world=0.0051 w_ema=0.0081 pred=0.0051 smooth=0.0000 | actor=0.1287 b=0.0082 H=0.300 maxpi=0.828 KL=0.022853 logits|.|=2.374 e[min,max,std]=0.005,0.007,0.001 zone=[0.0, 0.03, 0.97] act=[0.01, 0.0, 0.07, 0.92, 0.0] (ep=108, 40.4s)
[  28000/48000] phase=B route=coupled world=0.0025 w_ema=0.0276 pred=0.0025 smooth=0.0000 | actor=0.8948 b=0.0285 H=1.352 maxpi=0.521 KL=0.073882 logits|.|=1.716 e[min,max,std]=0.002,0.008,0.002 zone=[0.0, 0.05, 0.95] act=[0.02, 0.11, 0.07, 0.8, 0.0] (ep=116, 40.2s)
[checkpoint] outputs/journal_train/coupled/seed23/ckpt_step30000.pt
[  30000/48000] phase=B route=coupled world=0.0040 w_ema=0.0039 pred=0.0040 smooth=0.0000 | actor=-0.0003 b=0.0039 H=0.324 maxpi=0.920 KL=0.028192 logits|.|=2.014 e[min,max,std]=0.003,0.006,0.001 zone=[0.0, 0.05, 0.95] act=[0.05, 0.07, 0.1, 0.73, 0.06] (ep=125, 40.4s)
[  32000/48000] phase=B route=coupled world=0.0059 w_ema=0.0089 pred=0.0059 smooth=0.0000 | actor=0.0015 b=0.0089 H=0.093 maxpi=0.918 KL=0.034215 logits|.|=2.076 e[min,max,std]=0.005,0.014,0.004 zone=[0.0, 0.03, 0.97] act=[0.02, 0.02, 0.02, 0.92, 0.02] (ep=133, 40.3s)
[  34000/48000] phase=B route=coupled world=0.0007 w_ema=0.0041 pred=0.0007 smooth=0.0000 | actor=0.0021 b=0.0044 H=0.066 maxpi=0.883 KL=0.081602 logits|.|=1.985 e[min,max,std]=0.001,0.005,0.001 zone=[0.0, 0.03, 0.97] act=[0.02, 0.01, 0.01, 0.95, 0.0] (ep=141, 40.5s)
[checkpoint] outputs/journal_train/coupled/seed23/ckpt_step36000.pt
[  36000/48000] phase=B route=coupled world=0.0021 w_ema=0.0030 pred=0.0021 smooth=0.0000 | actor=0.0003 b=0.0030 H=0.043 maxpi=0.992 KL=0.003255 logits|.|=2.276 e[min,max,std]=0.002,0.010,0.003 zone=[0.0, 0.04, 0.96] act=[0.01, 0.02, 0.01, 0.96, 0.0] (ep=150, 40.4s)
[  38000/48000] phase=B route=coupled world=0.0452 w_ema=0.0753 pred=0.0448 smooth=0.0016 | actor=0.0025 b=0.0760 H=0.035 maxpi=0.767 KL=0.515392 logits|.|=1.328 e[min,max,std]=0.043,0.059,0.006 zone=[0.0, 0.06, 0.94] act=[0.1, 0.03, 0.01, 0.85, 0.01] (ep=158, 40.3s)
[  40000/48000] phase=B route=coupled world=0.0029 w_ema=0.0032 pred=0.0029 smooth=0.0000 | actor=0.0059 b=0.0036 H=0.386 maxpi=0.864 KL=0.000392 logits|.|=1.481 e[min,max,std]=0.003,0.010,0.002 zone=[0.0, 0.03, 0.97] act=[0.02, 0.03, 0.0, 0.94, 0.01] (ep=166, 40.4s)
[checkpoint] outputs/journal_train/coupled/seed23/ckpt_step42000.pt
[  42000/48000] phase=B route=coupled world=0.0013 w_ema=0.0037 pred=0.0013 smooth=0.0000 | actor=0.0075 b=0.0041 H=0.346 maxpi=0.920 KL=0.024418 logits|.|=1.254 e[min,max,std]=0.001,0.007,0.002 zone=[0.0, 0.09, 0.91] act=[0.01, 0.51, 0.01, 0.44, 0.03] (ep=175, 40.3s)
[  44000/48000] phase=B route=coupled world=0.0138 w_ema=0.0708 pred=0.0138 smooth=0.0000 | actor=0.4873 b=0.0731 H=1.255 maxpi=0.627 KL=0.199243 logits|.|=1.178 e[min,max,std]=0.012,0.019,0.003 zone=[0.0, 0.12, 0.88] act=[0.33, 0.31, 0.05, 0.24, 0.07] (ep=183, 40.6s)
[  46000/48000] phase=B route=coupled world=0.0039 w_ema=0.0089 pred=0.0039 smooth=0.0000 | actor=0.2005 b=0.0095 H=1.019 maxpi=0.614 KL=0.016910 logits|.|=1.535 e[min,max,std]=0.001,0.007,0.002 zone=[0.04, 0.15, 0.81] act=[0.49, 0.34, 0.03, 0.12, 0.02] (ep=191, 40.5s)
[checkpoint] outputs/journal_train/coupled/seed23/ckpt_step48000.pt
[  48000/48000] phase=B route=coupled world=0.0028 w_ema=0.0032 pred=0.0028 smooth=0.0000 | actor=-0.0016 b=0.0044 H=1.117 maxpi=0.508 KL=0.000009 logits|.|=1.685 e[min,max,std]=0.002,0.006,0.001 zone=[0.01, 0.17, 0.82] act=[0.61, 0.22, 0.03, 0.14, 0.0] (ep=200, 40.5s)
Saved training trajectory to: outputs/journal_train/coupled/seed23/train_traj.parquet
Saved checkpoint to: outputs/journal_train/coupled/seed23/ckpt.pt
