/venv/cear-cemergence/lib/python3.10/runpy.py:126: RuntimeWarning: 'cear_pilot.training.train' found in sys.modules after import of package 'cear_pilot.training', but prior to execution of 'cear_pilot.training.train'; this may result in unpredictable behaviour
  warn(RuntimeWarning(msg))
[checkpoint] outputs/journal_train/coupled/seed28/ckpt_step00000.pt
[   2000/48000] phase=A route=detached world=0.1644 w_ema=0.2740 pred=0.1644 smooth=0.0001 | actor=1.0218 b=0.2761 H=1.609 maxpi=0.201 KL=0.000015 logits|.|=0.083 e[min,max,std]=0.156,0.181,0.009 zone=[0.16, 0.34, 0.5] act=[0.19, 0.2, 0.2, 0.21, 0.21] (ep=8, 35.0s)
[   4000/48000] phase=A route=detached world=0.0181 w_ema=0.0616 pred=0.0181 smooth=0.0000 | actor=0.9031 b=0.0628 H=1.609 maxpi=0.201 KL=0.000004 logits|.|=0.041 e[min,max,std]=0.016,0.025,0.003 zone=[0.42, 0.31, 0.28] act=[0.21, 0.21, 0.19, 0.2, 0.19] (ep=16, 34.4s)
[   6000/48000] phase=A route=detached world=0.0948 w_ema=0.1173 pred=0.0948 smooth=0.0001 | actor=0.2725 b=0.1191 H=1.609 maxpi=0.200 KL=0.000002 logits|.|=0.041 e[min,max,std]=0.090,0.100,0.003 zone=[0.24, 0.42, 0.34] act=[0.18, 0.21, 0.2, 0.2, 0.19] (ep=25, 34.5s)
[   8000/48000] phase=A route=detached world=0.0814 w_ema=0.1312 pred=0.0813 smooth=0.0002 | actor=0.6121 b=0.1318 H=1.609 maxpi=0.201 KL=0.000013 logits|.|=0.022 e[min,max,std]=0.073,0.089,0.006 zone=[0.3, 0.49, 0.22] act=[0.19, 0.18, 0.21, 0.2, 0.21] (ep=33, 34.5s)
[  10000/48000] phase=A route=detached world=0.0039 w_ema=0.0234 pred=0.0039 smooth=0.0000 | actor=0.2142 b=0.0239 H=1.609 maxpi=0.201 KL=0.000005 logits|.|=0.017 e[min,max,std]=0.003,0.006,0.001 zone=[0.28, 0.34, 0.38] act=[0.19, 0.2, 0.2, 0.2, 0.21] (ep=41, 34.8s)
[checkpoint] outputs/journal_train/coupled/seed28/ckpt_step12000.pt
[  12000/48000] phase=A route=detached world=0.1860 w_ema=0.2821 pred=0.1860 smooth=0.0001 | actor=0.7280 b=0.2809 H=1.609 maxpi=0.201 KL=0.000006 logits|.|=0.018 e[min,max,std]=0.178,0.192,0.006 zone=[0.38, 0.34, 0.28] act=[0.2, 0.2, 0.21, 0.2, 0.19] (ep=50, 34.9s)
[  14000/48000] phase=B route=coupled world=0.0035 w_ema=0.0088 pred=0.0035 smooth=0.0000 | actor=0.0071 b=0.0096 H=0.185 maxpi=0.953 KL=0.000960 logits|.|=1.571 e[min,max,std]=0.003,0.025,0.008 zone=[0.0, 0.12, 0.88] act=[0.13, 0.23, 0.1, 0.46, 0.08] (ep=58, 40.9s)
[  16000/48000] phase=B route=coupled world=0.0169 w_ema=0.0478 pred=0.0169 smooth=0.0001 | actor=0.6219 b=0.0488 H=1.148 maxpi=0.564 KL=0.034859 logits|.|=1.611 e[min,max,std]=0.013,0.027,0.005 zone=[0.0, 0.07, 0.93] act=[0.03, 0.05, 0.03, 0.8, 0.09] (ep=66, 40.7s)
[checkpoint] outputs/journal_train/coupled/seed28/ckpt_step18000.pt
[  18000/48000] phase=B route=coupled world=0.0026 w_ema=0.0033 pred=0.0026 smooth=0.0000 | actor=0.0004 b=0.0033 H=0.073 maxpi=0.988 KL=0.013629 logits|.|=2.067 e[min,max,std]=0.003,0.011,0.003 zone=[0.01, 0.09, 0.9] act=[0.04, 0.15, 0.02, 0.74, 0.05] (ep=75, 40.9s)
[  20000/48000] phase=B route=coupled world=0.0068 w_ema=0.0318 pred=0.0068 smooth=0.0000 | actor=0.0217 b=0.0322 H=0.222 maxpi=0.792 KL=0.177409 logits|.|=1.659 e[min,max,std]=0.007,0.010,0.001 zone=[0.0, 0.04, 0.96] act=[0.02, 0.03, 0.01, 0.91, 0.02] (ep=83, 40.9s)
[  22000/48000] phase=B route=coupled world=0.0036 w_ema=0.0043 pred=0.0036 smooth=0.0000 | actor=0.0001 b=0.0044 H=0.024 maxpi=0.996 KL=0.012074 logits|.|=2.579 e[min,max,std]=0.004,0.009,0.002 zone=[0.0, 0.02, 0.98] act=[0.01, 0.01, 0.01, 0.97, 0.01] (ep=91, 41.0s)
[checkpoint] outputs/journal_train/coupled/seed28/ckpt_step24000.pt
[  24000/48000] phase=B route=coupled world=0.0007 w_ema=0.0025 pred=0.0007 smooth=0.0000 | actor=0.0044 b=0.0025 H=0.142 maxpi=0.975 KL=0.000040 logits|.|=1.955 e[min,max,std]=0.001,0.010,0.003 zone=[0.0, 0.05, 0.95] act=[0.02, 0.01, 0.01, 0.87, 0.09] (ep=100, 40.9s)
[  26000/48000] phase=B route=coupled world=0.0024 w_ema=0.0121 pred=0.0024 smooth=0.0000 | actor=0.0017 b=0.0121 H=0.041 maxpi=0.969 KL=0.316339 logits|.|=2.446 e[min,max,std]=0.002,0.009,0.002 zone=[0.0, 0.04, 0.96] act=[0.01, 0.03, 0.01, 0.94, 0.01] (ep=108, 41.0s)
[  28000/48000] phase=B route=coupled world=0.3979 w_ema=0.3682 pred=0.3979 smooth=0.0004 | actor=-0.0226 b=0.3738 H=0.987 maxpi=0.480 KL=0.000014 logits|.|=2.438 e[min,max,std]=0.379,0.423,0.015 zone=[0.67, 0.07, 0.26] act=[0.29, 0.04, 0.35, 0.14, 0.18] (ep=116, 40.9s)
[checkpoint] outputs/journal_train/coupled/seed28/ckpt_step30000.pt
[  30000/48000] phase=B route=coupled world=0.0054 w_ema=0.0080 pred=0.0054 smooth=0.0000 | actor=-0.0374 b=0.0086 H=0.714 maxpi=0.710 KL=0.188075 logits|.|=2.309 e[min,max,std]=0.004,0.010,0.002 zone=[0.54, 0.11, 0.35] act=[0.66, 0.02, 0.13, 0.07, 0.11] (ep=125, 41.1s)
[  32000/48000] phase=B route=coupled world=0.0032 w_ema=0.0483 pred=0.0032 smooth=0.0000 | actor=1.2630 b=0.0498 H=1.130 maxpi=0.517 KL=0.273779 logits|.|=1.675 e[min,max,std]=0.003,0.009,0.002 zone=[0.0, 0.2, 0.8] act=[0.37, 0.03, 0.01, 0.39, 0.2] (ep=133, 40.9s)
[  34000/48000] phase=B route=coupled world=0.2558 w_ema=0.0906 pred=0.2558 smooth=0.0000 | actor=-2.3340 b=0.0913 H=0.942 maxpi=0.506 KL=0.000333 logits|.|=2.359 e[min,max,std]=0.250,0.275,0.009 zone=[0.0, 0.29, 0.71] act=[0.15, 0.34, 0.01, 0.03, 0.48] (ep=141, 41.0s)
[checkpoint] outputs/journal_train/coupled/seed28/ckpt_step36000.pt
[  36000/48000] phase=B route=coupled world=0.0002 w_ema=0.0049 pred=0.0002 smooth=0.0000 | actor=0.0156 b=0.0054 H=0.382 maxpi=0.895 KL=0.013028 logits|.|=2.999 e[min,max,std]=0.000,0.007,0.003 zone=[0.0, 0.65, 0.35] act=[0.45, 0.24, 0.0, 0.01, 0.3] (ep=150, 41.0s)
[  38000/48000] phase=B route=coupled world=0.0021 w_ema=0.0176 pred=0.0020 smooth=0.0001 | actor=0.1349 b=0.0185 H=0.833 maxpi=0.713 KL=0.252532 logits|.|=2.463 e[min,max,std]=0.002,0.011,0.003 zone=[0.0, 0.06, 0.94] act=[0.25, 0.01, 0.01, 0.7, 0.03] (ep=158, 41.4s)
[  40000/48000] phase=B route=coupled world=0.0027 w_ema=0.0042 pred=0.0027 smooth=0.0000 | actor=0.0015 b=0.0045 H=0.094 maxpi=0.971 KL=0.009391 logits|.|=2.758 e[min,max,std]=0.003,0.012,0.003 zone=[0.0, 0.07, 0.93] act=[0.12, 0.07, 0.06, 0.71, 0.04] (ep=166, 41.5s)
[checkpoint] outputs/journal_train/coupled/seed28/ckpt_step42000.pt
[  42000/48000] phase=B route=coupled world=0.0011 w_ema=0.0033 pred=0.0011 smooth=0.0000 | actor=0.0063 b=0.0036 H=0.250 maxpi=0.930 KL=0.032978 logits|.|=2.941 e[min,max,std]=0.001,0.025,0.008 zone=[0.0, 0.07, 0.93] act=[0.14, 0.19, 0.01, 0.61, 0.05] (ep=175, 41.6s)
[  44000/48000] phase=B route=coupled world=0.0018 w_ema=0.0102 pred=0.0018 smooth=0.0001 | actor=0.0003 b=0.0102 H=0.009 maxpi=0.984 KL=0.483533 logits|.|=3.446 e[min,max,std]=0.002,0.020,0.007 zone=[0.0, 0.08, 0.92] act=[0.21, 0.36, 0.0, 0.38, 0.04] (ep=183, 41.4s)
[  46000/48000] phase=B route=coupled world=0.0016 w_ema=0.0036 pred=0.0016 smooth=0.0000 | actor=0.0004 b=0.0036 H=0.019 maxpi=0.997 KL=0.000113 logits|.|=3.233 e[min,max,std]=0.001,0.005,0.002 zone=[0.0, 0.01, 0.99] act=[0.01, 0.0, 0.0, 0.99, 0.0] (ep=191, 41.3s)
[checkpoint] outputs/journal_train/coupled/seed28/ckpt_step48000.pt
[  48000/48000] phase=B route=coupled world=0.0024 w_ema=0.0027 pred=0.0024 smooth=0.0000 | actor=0.0001 b=0.0027 H=0.023 maxpi=0.997 KL=0.000008 logits|.|=2.828 e[min,max,std]=0.002,0.017,0.005 zone=[0.0, 0.01, 0.98] act=[0.0, 0.0, 0.01, 0.98, 0.0] (ep=200, 40.5s)
Saved training trajectory to: outputs/journal_train/coupled/seed28/train_traj.parquet
Saved checkpoint to: outputs/journal_train/coupled/seed28/ckpt.pt
