/venv/cear-cemergence/lib/python3.10/runpy.py:126: RuntimeWarning: 'cear_pilot.training.train' found in sys.modules after import of package 'cear_pilot.training', but prior to execution of 'cear_pilot.training.train'; this may result in unpredictable behaviour
  warn(RuntimeWarning(msg))
[checkpoint] outputs/journal_train/coupled/seed5/ckpt_step00000.pt
[   2000/48000] phase=A route=detached world=0.0100 w_ema=0.0949 pred=0.0100 smooth=0.0000 | actor=0.8472 b=0.0955 H=1.609 maxpi=0.201 KL=0.000007 logits|.|=0.109 e[min,max,std]=0.010,0.014,0.001 zone=[0.33, 0.37, 0.3] act=[0.19, 0.21, 0.19, 0.19, 0.21] (ep=8, 34.1s)
[   4000/48000] phase=A route=detached world=0.0007 w_ema=0.0209 pred=0.0007 smooth=0.0000 | actor=0.3622 b=0.0220 H=1.609 maxpi=0.200 KL=0.000001 logits|.|=0.112 e[min,max,std]=0.001,0.003,0.001 zone=[0.23, 0.35, 0.41] act=[0.19, 0.2, 0.19, 0.22, 0.2] (ep=16, 33.6s)
[   6000/48000] phase=A route=detached world=0.0787 w_ema=0.1638 pred=0.0786 smooth=0.0000 | actor=0.7706 b=0.1651 H=1.609 maxpi=0.200 KL=0.000002 logits|.|=0.098 e[min,max,std]=0.074,0.087,0.006 zone=[0.29, 0.48, 0.24] act=[0.19, 0.2, 0.2, 0.21, 0.21] (ep=25, 33.2s)
[   8000/48000] phase=A route=detached world=0.0112 w_ema=0.0928 pred=0.0112 smooth=0.0000 | actor=0.6173 b=0.0930 H=1.609 maxpi=0.200 KL=0.000003 logits|.|=0.089 e[min,max,std]=0.010,0.013,0.001 zone=[0.31, 0.43, 0.25] act=[0.18, 0.2, 0.2, 0.21, 0.21] (ep=33, 33.5s)
[  10000/48000] phase=A route=detached world=0.3476 w_ema=0.3128 pred=0.3476 smooth=0.0000 | actor=-0.1934 b=0.3138 H=1.609 maxpi=0.201 KL=0.000007 logits|.|=0.068 e[min,max,std]=0.333,0.367,0.012 zone=[0.27, 0.38, 0.35] act=[0.19, 0.19, 0.21, 0.19, 0.21] (ep=41, 33.5s)
[checkpoint] outputs/journal_train/coupled/seed5/ckpt_step12000.pt
[  12000/48000] phase=A route=detached world=0.1172 w_ema=0.2416 pred=0.1172 smooth=0.0000 | actor=0.9140 b=0.2429 H=1.609 maxpi=0.201 KL=0.000003 logits|.|=0.072 e[min,max,std]=0.112,0.130,0.007 zone=[0.52, 0.31, 0.17] act=[0.2, 0.2, 0.21, 0.19, 0.19] (ep=50, 33.2s)
[  14000/48000] phase=B route=coupled world=0.0816 w_ema=0.0535 pred=0.0816 smooth=0.0002 | actor=-0.1429 b=0.0538 H=0.944 maxpi=0.582 KL=0.000231 logits|.|=1.089 e[min,max,std]=0.076,0.094,0.006 zone=[0.04, 0.12, 0.85] act=[0.53, 0.03, 0.06, 0.25, 0.12] (ep=58, 38.5s)
[  16000/48000] phase=B route=coupled world=0.0012 w_ema=0.0041 pred=0.0012 smooth=0.0000 | actor=0.0673 b=0.0054 H=0.808 maxpi=0.675 KL=0.000011 logits|.|=1.569 e[min,max,std]=0.001,0.010,0.004 zone=[0.0, 0.1, 0.9] act=[0.42, 0.02, 0.02, 0.2, 0.35] (ep=66, 38.2s)
[checkpoint] outputs/journal_train/coupled/seed5/ckpt_step18000.pt
[  18000/48000] phase=B route=coupled world=0.0233 w_ema=0.1434 pred=0.0233 smooth=0.0001 | actor=1.9186 b=0.1453 H=1.523 maxpi=0.358 KL=0.049721 logits|.|=0.450 e[min,max,std]=0.018,0.029,0.004 zone=[0.02, 0.15, 0.84] act=[0.28, 0.03, 0.04, 0.18, 0.48] (ep=75, 38.3s)
[  20000/48000] phase=B route=coupled world=0.0020 w_ema=0.0195 pred=0.0020 smooth=0.0001 | actor=0.1445 b=0.0201 H=0.938 maxpi=0.701 KL=0.054443 logits|.|=0.874 e[min,max,std]=0.002,0.005,0.001 zone=[0.0, 0.12, 0.88] act=[0.25, 0.14, 0.09, 0.24, 0.27] (ep=83, 37.6s)
[  22000/48000] phase=B route=coupled world=0.0043 w_ema=0.0079 pred=0.0043 smooth=0.0000 | actor=0.7088 b=0.0081 H=0.517 maxpi=0.814 KL=0.198747 logits|.|=1.475 e[min,max,std]=0.004,0.006,0.001 zone=[0.0, 0.1, 0.9] act=[0.14, 0.14, 0.09, 0.41, 0.22] (ep=91, 38.1s)
[checkpoint] outputs/journal_train/coupled/seed5/ckpt_step24000.pt
[  24000/48000] phase=B route=coupled world=0.0023 w_ema=0.0036 pred=0.0023 smooth=0.0000 | actor=0.0264 b=0.0041 H=0.640 maxpi=0.768 KL=0.001743 logits|.|=1.777 e[min,max,std]=0.002,0.007,0.002 zone=[0.0, 0.04, 0.96] act=[0.1, 0.02, 0.01, 0.59, 0.28] (ep=100, 38.8s)
[  26000/48000] phase=B route=coupled world=0.0035 w_ema=0.0058 pred=0.0035 smooth=0.0000 | actor=0.0001 b=0.0058 H=0.007 maxpi=0.999 KL=0.001534 logits|.|=3.016 e[min,max,std]=0.004,0.022,0.006 zone=[0.0, 0.03, 0.97] act=[0.01, 0.0, 0.0, 0.98, 0.01] (ep=108, 38.6s)
[  28000/48000] phase=B route=coupled world=0.0022 w_ema=0.0044 pred=0.0022 smooth=0.0000 | actor=0.0001 b=0.0044 H=0.005 maxpi=1.000 KL=0.000000 logits|.|=3.247 e[min,max,std]=0.002,0.008,0.002 zone=[0.0, 0.01, 0.99] act=[0.0, 0.0, 0.0, 1.0, 0.0] (ep=116, 39.0s)
[checkpoint] outputs/journal_train/coupled/seed5/ckpt_step30000.pt
[  30000/48000] phase=B route=coupled world=0.0039 w_ema=0.0028 pred=0.0039 smooth=0.0000 | actor=-0.0000 b=0.0028 H=0.003 maxpi=1.000 KL=0.000000 logits|.|=3.434 e[min,max,std]=0.002,0.007,0.002 zone=[0.0, 0.01, 0.99] act=[0.0, 0.0, 0.0, 1.0, 0.0] (ep=125, 39.0s)
[  32000/48000] phase=B route=coupled world=0.0038 w_ema=0.0070 pred=0.0038 smooth=0.0000 | actor=0.0001 b=0.0070 H=0.008 maxpi=0.999 KL=0.000002 logits|.|=3.061 e[min,max,std]=0.004,0.010,0.002 zone=[0.0, 0.01, 0.99] act=[0.0, 0.0, 0.0, 1.0, 0.0] (ep=133, 38.8s)
[  34000/48000] phase=B route=coupled world=0.0025 w_ema=0.0106 pred=0.0025 smooth=0.0000 | actor=0.0018 b=0.0108 H=0.060 maxpi=0.838 KL=1.821583 logits|.|=2.212 e[min,max,std]=0.002,0.006,0.001 zone=[0.0, 0.07, 0.93] act=[0.06, 0.01, 0.02, 0.47, 0.44] (ep=141, 38.8s)
[checkpoint] outputs/journal_train/coupled/seed5/ckpt_step36000.pt
[  36000/48000] phase=B route=coupled world=0.0022 w_ema=0.0031 pred=0.0022 smooth=0.0000 | actor=0.0067 b=0.0034 H=0.371 maxpi=0.877 KL=0.004832 logits|.|=2.274 e[min,max,std]=0.002,0.006,0.001 zone=[0.0, 0.05, 0.95] act=[0.41, 0.01, 0.01, 0.39, 0.18] (ep=150, 39.4s)
[  38000/48000] phase=B route=coupled world=0.0164 w_ema=0.0714 pred=0.0163 smooth=0.0001 | actor=0.0703 b=0.0720 H=0.409 maxpi=0.857 KL=1.113030 logits|.|=2.638 e[min,max,std]=0.016,0.031,0.005 zone=[0.01, 0.1, 0.89] act=[0.7, 0.03, 0.04, 0.19, 0.04] (ep=158, 38.8s)
[  40000/48000] phase=B route=coupled world=0.0032 w_ema=0.0032 pred=0.0032 smooth=0.0000 | actor=0.0000 b=0.0034 H=0.017 maxpi=0.992 KL=0.000583 logits|.|=2.522 e[min,max,std]=0.003,0.020,0.006 zone=[0.0, 0.09, 0.91] act=[0.44, 0.1, 0.01, 0.34, 0.1] (ep=166, 38.9s)
[checkpoint] outputs/journal_train/coupled/seed5/ckpt_step42000.pt
[  42000/48000] phase=B route=coupled world=0.0018 w_ema=0.0030 pred=0.0018 smooth=0.0000 | actor=0.0001 b=0.0030 H=0.009 maxpi=0.999 KL=0.002367 logits|.|=2.572 e[min,max,std]=0.002,0.015,0.005 zone=[0.0, 0.04, 0.96] act=[0.0, 0.82, 0.0, 0.18, 0.0] (ep=175, 38.8s)
[  44000/48000] phase=B route=coupled world=0.0026 w_ema=0.0091 pred=0.0026 smooth=0.0000 | actor=0.0014 b=0.0091 H=0.032 maxpi=0.992 KL=0.105148 logits|.|=2.731 e[min,max,std]=0.003,0.007,0.002 zone=[0.0, 0.04, 0.95] act=[0.0, 0.49, 0.0, 0.51, 0.0] (ep=183, 38.8s)
[  46000/48000] phase=B route=coupled world=0.0007 w_ema=0.0033 pred=0.0007 smooth=0.0000 | actor=0.0003 b=0.0032 H=0.011 maxpi=0.999 KL=0.000011 logits|.|=2.988 e[min,max,std]=0.001,0.005,0.001 zone=[0.0, 0.01, 0.99] act=[0.0, 0.0, 0.0, 1.0, 0.0] (ep=191, 38.8s)
[checkpoint] outputs/journal_train/coupled/seed5/ckpt_step48000.pt
[  48000/48000] phase=B route=coupled world=0.0015 w_ema=0.0027 pred=0.0015 smooth=0.0000 | actor=0.0000 b=0.0027 H=0.003 maxpi=1.000 KL=0.000000 logits|.|=3.445 e[min,max,std]=0.002,0.010,0.003 zone=[0.0, 0.01, 0.99] act=[0.0, 0.0, 0.0, 1.0, 0.0] (ep=200, 39.7s)
Saved training trajectory to: outputs/journal_train/coupled/seed5/train_traj.parquet
Saved checkpoint to: outputs/journal_train/coupled/seed5/ckpt.pt
