/venv/cear-cemergence/lib/python3.10/runpy.py:126: RuntimeWarning: 'cear_pilot.training.train' found in sys.modules after import of package 'cear_pilot.training', but prior to execution of 'cear_pilot.training.train'; this may result in unpredictable behaviour
  warn(RuntimeWarning(msg))
[   2000/48000] phase=A world=0.5716 w_ema=0.2225 pred=0.5716 smooth=0.0001 | actor=-3.0890 b=0.2234 H=1.609 maxpi=0.201 KL=0.000008 logits|.|=0.093 e[min,max,std]=0.546,0.595,0.018 zone=[0.3, 0.43, 0.27] act=[0.19, 0.2, 0.22, 0.21, 0.18] (ep=8, 22.1s)
[   4000/48000] phase=A world=0.0685 w_ema=0.0529 pred=0.0685 smooth=0.0000 | actor=-0.2070 b=0.0553 H=1.609 maxpi=0.200 KL=0.000002 logits|.|=0.058 e[min,max,std]=0.061,0.080,0.007 zone=[0.24, 0.45, 0.31] act=[0.21, 0.2, 0.2, 0.2, 0.19] (ep=16, 20.9s)
[   6000/48000] phase=A world=0.0026 w_ema=0.0157 pred=0.0026 smooth=0.0000 | actor=0.2073 b=0.0166 H=1.609 maxpi=0.200 KL=0.000001 logits|.|=0.063 e[min,max,std]=0.003,0.006,0.001 zone=[0.4, 0.36, 0.24] act=[0.2, 0.21, 0.2, 0.19, 0.2] (ep=25, 21.0s)
[   8000/48000] phase=A world=0.2324 w_ema=0.2629 pred=0.2324 smooth=0.0000 | actor=0.3147 b=0.2635 H=1.609 maxpi=0.201 KL=0.000008 logits|.|=0.080 e[min,max,std]=0.225,0.250,0.009 zone=[0.3, 0.43, 0.27] act=[0.2, 0.21, 0.19, 0.19, 0.21] (ep=33, 21.2s)
[  10000/48000] phase=A world=0.0488 w_ema=0.1309 pred=0.0488 smooth=0.0000 | actor=0.9715 b=0.1329 H=1.609 maxpi=0.201 KL=0.000002 logits|.|=0.078 e[min,max,std]=0.042,0.054,0.004 zone=[0.38, 0.38, 0.25] act=[0.19, 0.2, 0.2, 0.2, 0.21] (ep=41, 21.2s)
[  12000/48000] phase=A world=0.0190 w_ema=0.0824 pred=0.0190 smooth=0.0000 | actor=0.6029 b=0.0829 H=1.609 maxpi=0.200 KL=0.000002 logits|.|=0.085 e[min,max,std]=0.018,0.022,0.002 zone=[0.33, 0.41, 0.26] act=[0.21, 0.21, 0.19, 0.18, 0.21] (ep=50, 21.2s)
[  14000/48000] phase=B world=0.0017 w_ema=0.0099 pred=0.0017 smooth=0.0000 | actor=0.0058 b=0.0100 H=0.108 maxpi=0.983 KL=0.000608 logits|.|=1.850 e[min,max,std]=0.002,0.006,0.002 zone=[0.06, 0.06, 0.88] act=[0.15, 0.06, 0.07, 0.68, 0.05] (ep=58, 21.1s)
[  16000/48000] phase=B world=0.0027 w_ema=0.0052 pred=0.0027 smooth=0.0000 | actor=0.0019 b=0.0052 H=0.111 maxpi=0.979 KL=0.004189 logits|.|=1.807 e[min,max,std]=0.001,0.004,0.001 zone=[0.0, 0.02, 0.98] act=[0.01, 0.01, 0.01, 0.97, 0.01] (ep=66, 19.8s)
[  18000/48000] phase=B world=0.0027 w_ema=0.0035 pred=0.0027 smooth=0.0000 | actor=0.0003 b=0.0035 H=0.053 maxpi=0.991 KL=0.000788 logits|.|=2.138 e[min,max,std]=0.002,0.005,0.001 zone=[0.0, 0.03, 0.96] act=[0.01, 0.01, 0.01, 0.97, 0.01] (ep=75, 21.2s)
[  20000/48000] phase=B world=0.0027 w_ema=0.0105 pred=0.0027 smooth=0.0000 | actor=0.0018 b=0.0105 H=0.057 maxpi=0.980 KL=0.027018 logits|.|=2.158 e[min,max,std]=0.003,0.011,0.003 zone=[0.0, 0.04, 0.96] act=[0.02, 0.02, 0.01, 0.93, 0.02] (ep=83, 21.2s)
[  22000/48000] phase=B world=0.0019 w_ema=0.0037 pred=0.0019 smooth=0.0000 | actor=0.0007 b=0.0038 H=0.053 maxpi=0.983 KL=0.005092 logits|.|=2.046 e[min,max,std]=0.002,0.009,0.003 zone=[0.0, 0.03, 0.97] act=[0.01, 0.01, 0.01, 0.96, 0.01] (ep=91, 21.1s)
[  24000/48000] phase=B world=0.0022 w_ema=0.0033 pred=0.0022 smooth=0.0000 | actor=0.1264 b=0.0044 H=1.425 maxpi=0.399 KL=0.010808 logits|.|=0.670 e[min,max,std]=0.003,0.004,0.001 zone=[0.0, 0.04, 0.96] act=[0.01, 0.03, 0.03, 0.89, 0.04] (ep=100, 21.1s)
[  26000/48000] phase=B world=0.0021 w_ema=0.0178 pred=0.0021 smooth=0.0000 | actor=0.0344 b=0.0181 H=0.450 maxpi=0.935 KL=0.033237 logits|.|=1.746 e[min,max,std]=0.001,0.004,0.001 zone=[0.04, 0.05, 0.91] act=[0.01, 0.07, 0.05, 0.79, 0.08] (ep=108, 21.4s)
[  28000/48000] phase=B world=0.0019 w_ema=0.0045 pred=0.0019 smooth=0.0000 | actor=0.0026 b=0.0046 H=0.148 maxpi=0.940 KL=0.010997 logits|.|=1.748 e[min,max,std]=0.002,0.003,0.000 zone=[0.01, 0.04, 0.95] act=[0.01, 0.02, 0.03, 0.93, 0.01] (ep=116, 21.2s)
[  30000/48000] phase=B world=0.0023 w_ema=0.0029 pred=0.0023 smooth=0.0000 | actor=0.0001 b=0.0029 H=0.028 maxpi=0.996 KL=0.001284 logits|.|=2.773 e[min,max,std]=0.002,0.005,0.001 zone=[0.0, 0.04, 0.96] act=[0.01, 0.01, 0.01, 0.96, 0.01] (ep=125, 21.0s)
[  32000/48000] phase=B world=0.0026 w_ema=0.0092 pred=0.0026 smooth=0.0000 | actor=0.6163 b=0.0095 H=0.337 maxpi=0.950 KL=0.035632 logits|.|=1.928 e[min,max,std]=0.003,0.007,0.002 zone=[0.0, 0.05, 0.95] act=[0.01, 0.01, 0.01, 0.96, 0.01] (ep=133, 19.6s)
[  34000/48000] phase=B world=0.0020 w_ema=0.0037 pred=0.0020 smooth=0.0000 | actor=0.0007 b=0.0037 H=0.059 maxpi=0.989 KL=0.002021 logits|.|=2.356 e[min,max,std]=0.002,0.008,0.002 zone=[0.0, 0.04, 0.96] act=[0.04, 0.02, 0.02, 0.88, 0.04] (ep=141, 18.9s)
[  36000/48000] phase=B world=0.0011 w_ema=0.0029 pred=0.0011 smooth=0.0000 | actor=0.0004 b=0.0030 H=0.019 maxpi=0.997 KL=0.000118 logits|.|=2.825 e[min,max,std]=0.001,0.008,0.002 zone=[0.0, 0.02, 0.98] act=[0.0, 0.0, 0.0, 0.98, 0.01] (ep=150, 21.1s)
[  38000/48000] phase=B world=0.0041 w_ema=0.0089 pred=0.0041 smooth=0.0000 | actor=0.0009 b=0.0089 H=0.039 maxpi=0.981 KL=0.005946 logits|.|=2.301 e[min,max,std]=0.004,0.013,0.003 zone=[0.0, 0.03, 0.97] act=[0.02, 0.01, 0.01, 0.95, 0.01] (ep=158, 21.3s)
[  40000/48000] phase=B world=0.0025 w_ema=0.0041 pred=0.0025 smooth=0.0000 | actor=0.2764 b=0.0049 H=1.522 maxpi=0.441 KL=0.008425 logits|.|=0.694 e[min,max,std]=0.001,0.006,0.002 zone=[0.0, 0.02, 0.98] act=[0.04, 0.02, 0.01, 0.92, 0.02] (ep=166, 21.2s)
[  42000/48000] phase=B world=0.0007 w_ema=0.0026 pred=0.0007 smooth=0.0000 | actor=0.0005 b=0.0026 H=0.019 maxpi=0.997 KL=0.001106 logits|.|=2.800 e[min,max,std]=0.001,0.004,0.001 zone=[0.0, 0.02, 0.98] act=[0.02, 0.02, 0.01, 0.94, 0.01] (ep=175, 19.7s)
[  44000/48000] phase=B world=0.0022 w_ema=0.0087 pred=0.0022 smooth=0.0000 | actor=0.0017 b=0.0087 H=0.045 maxpi=0.987 KL=0.028274 logits|.|=2.680 e[min,max,std]=0.002,0.008,0.002 zone=[0.0, 0.02, 0.98] act=[0.01, 0.01, 0.0, 0.98, 0.01] (ep=183, 21.2s)
[  46000/48000] phase=B world=0.0004 w_ema=0.0036 pred=0.0004 smooth=0.0000 | actor=0.0002 b=0.0036 H=0.009 maxpi=0.999 KL=0.000134 logits|.|=3.218 e[min,max,std]=0.000,0.005,0.001 zone=[0.0, 0.03, 0.97] act=[0.01, 0.01, 0.0, 0.95, 0.02] (ep=191, 21.1s)
[  48000/48000] phase=B world=0.0022 w_ema=0.0073 pred=0.0022 smooth=0.0000 | actor=0.0269 b=0.0088 H=1.292 maxpi=0.514 KL=0.034357 logits|.|=0.781 e[min,max,std]=0.001,0.008,0.003 zone=[0.0, 0.03, 0.97] act=[0.02, 0.03, 0.01, 0.87, 0.07] (ep=200, 21.2s)
Saved checkpoint to: outputs/runs/seed18/ckpt.pt
