/venv/cear-cemergence/lib/python3.10/runpy.py:126: RuntimeWarning: 'cear_pilot.training.train' found in sys.modules after import of package 'cear_pilot.training', but prior to execution of 'cear_pilot.training.train'; this may result in unpredictable behaviour
  warn(RuntimeWarning(msg))
[checkpoint] outputs/journal_train/default/seed25/ckpt_step00000.pt
[   2000/48000] phase=A route=detached world=0.6106 w_ema=0.3387 pred=0.6106 smooth=0.0000 | actor=-2.4235 b=0.3393 H=1.609 maxpi=0.201 KL=0.000010 logits|.|=0.074 e[min,max,std]=0.596,0.628,0.011 zone=[0.46, 0.44, 0.09] act=[0.21, 0.2, 0.21, 0.19, 0.2] (ep=8, 36.2s)
[   4000/48000] phase=A route=detached world=0.1124 w_ema=0.2232 pred=0.1124 smooth=0.0000 | actor=0.8716 b=0.2237 H=1.609 maxpi=0.201 KL=0.000003 logits|.|=0.113 e[min,max,std]=0.106,0.128,0.008 zone=[0.42, 0.4, 0.18] act=[0.21, 0.19, 0.2, 0.19, 0.21] (ep=16, 35.4s)
[   6000/48000] phase=A route=detached world=0.4032 w_ema=0.3805 pred=0.4032 smooth=0.0001 | actor=-0.1895 b=0.3825 H=1.609 maxpi=0.201 KL=0.000007 logits|.|=0.105 e[min,max,std]=0.388,0.418,0.013 zone=[0.38, 0.39, 0.23] act=[0.2, 0.21, 0.21, 0.19, 0.19] (ep=25, 35.0s)
[   8000/48000] phase=A route=detached world=0.1291 w_ema=0.2604 pred=0.1291 smooth=0.0000 | actor=0.9665 b=0.2605 H=1.609 maxpi=0.201 KL=0.000016 logits|.|=0.090 e[min,max,std]=0.109,0.145,0.012 zone=[0.3, 0.46, 0.24] act=[0.19, 0.19, 0.2, 0.2, 0.23] (ep=33, 31.2s)
[  10000/48000] phase=A route=detached world=0.0031 w_ema=0.0193 pred=0.0031 smooth=0.0000 | actor=0.2756 b=0.0201 H=1.609 maxpi=0.200 KL=0.000001 logits|.|=0.035 e[min,max,std]=0.003,0.005,0.001 zone=[0.34, 0.45, 0.2] act=[0.19, 0.19, 0.21, 0.2, 0.21] (ep=41, 26.7s)
[checkpoint] outputs/journal_train/default/seed25/ckpt_step12000.pt
[  12000/48000] phase=A route=detached world=0.4388 w_ema=0.2787 pred=0.4387 smooth=0.0004 | actor=-1.2012 b=0.2792 H=1.609 maxpi=0.201 KL=0.000003 logits|.|=0.079 e[min,max,std]=0.434,0.448,0.005 zone=[0.2, 0.45, 0.35] act=[0.2, 0.21, 0.2, 0.19, 0.2] (ep=50, 24.5s)
[  14000/48000] phase=B route=detached world=0.0081 w_ema=0.0415 pred=0.0081 smooth=0.0000 | actor=0.7517 b=0.0429 H=1.252 maxpi=0.624 KL=0.001122 logits|.|=0.875 e[min,max,std]=0.008,0.015,0.003 zone=[0.0, 0.13, 0.86] act=[0.42, 0.16, 0.06, 0.19, 0.16] (ep=58, 29.7s)
[  16000/48000] phase=B route=detached world=0.0035 w_ema=0.0040 pred=0.0035 smooth=0.0000 | actor=0.0015 b=0.0044 H=0.148 maxpi=0.966 KL=0.000272 logits|.|=1.506 e[min,max,std]=0.003,0.022,0.006 zone=[0.0, 0.06, 0.94] act=[0.29, 0.12, 0.08, 0.47, 0.04] (ep=66, 34.8s)
[checkpoint] outputs/journal_train/default/seed25/ckpt_step18000.pt
[  18000/48000] phase=B route=detached world=0.0015 w_ema=0.0028 pred=0.0015 smooth=0.0000 | actor=0.0007 b=0.0028 H=0.042 maxpi=0.993 KL=0.001025 logits|.|=2.122 e[min,max,std]=0.002,0.008,0.003 zone=[0.0, 0.02, 0.98] act=[0.01, 0.01, 0.01, 0.98, 0.0] (ep=75, 34.8s)
[  20000/48000] phase=B route=detached world=0.0030 w_ema=0.0100 pred=0.0030 smooth=0.0000 | actor=0.0010 b=0.0098 H=0.051 maxpi=0.975 KL=0.004574 logits|.|=1.841 e[min,max,std]=0.002,0.006,0.001 zone=[0.0, 0.02, 0.98] act=[0.01, 0.03, 0.01, 0.94, 0.0] (ep=83, 34.4s)
[  22000/48000] phase=B route=detached world=0.0018 w_ema=0.0044 pred=0.0018 smooth=0.0000 | actor=0.0018 b=0.0044 H=0.080 maxpi=0.983 KL=0.003735 logits|.|=2.173 e[min,max,std]=0.002,0.005,0.001 zone=[0.0, 0.04, 0.96] act=[0.03, 0.01, 0.01, 0.95, 0.0] (ep=91, 34.6s)
[checkpoint] outputs/journal_train/default/seed25/ckpt_step24000.pt
[  24000/48000] phase=B route=detached world=0.0012 w_ema=0.0030 pred=0.0012 smooth=0.0000 | actor=0.0008 b=0.0030 H=0.040 maxpi=0.993 KL=0.000708 logits|.|=2.241 e[min,max,std]=0.001,0.007,0.002 zone=[0.0, 0.03, 0.97] act=[0.02, 0.01, 0.01, 0.95, 0.01] (ep=100, 34.6s)
[  26000/48000] phase=B route=detached world=0.0014 w_ema=0.0065 pred=0.0014 smooth=0.0000 | actor=0.0020 b=0.0065 H=0.063 maxpi=0.984 KL=0.013167 logits|.|=2.134 e[min,max,std]=0.001,0.010,0.004 zone=[0.0, 0.03, 0.97] act=[0.02, 0.01, 0.0, 0.96, 0.01] (ep=108, 34.6s)
[  28000/48000] phase=B route=detached world=0.0041 w_ema=0.0043 pred=0.0041 smooth=0.0000 | actor=0.0001 b=0.0043 H=0.046 maxpi=0.990 KL=0.004194 logits|.|=2.048 e[min,max,std]=0.003,0.006,0.001 zone=[0.0, 0.02, 0.98] act=[0.01, 0.01, 0.01, 0.97, 0.01] (ep=116, 30.3s)
[checkpoint] outputs/journal_train/default/seed25/ckpt_step30000.pt
[  30000/48000] phase=B route=detached world=0.0032 w_ema=0.0027 pred=0.0032 smooth=0.0000 | actor=-0.0004 b=0.0028 H=0.070 maxpi=0.990 KL=0.000406 logits|.|=1.975 e[min,max,std]=0.003,0.013,0.003 zone=[0.0, 0.02, 0.98] act=[0.0, 0.0, 0.0, 0.99, 0.0] (ep=125, 34.5s)
[  32000/48000] phase=B route=detached world=0.0012 w_ema=0.0138 pred=0.0012 smooth=0.0000 | actor=0.0295 b=0.0140 H=0.426 maxpi=0.951 KL=0.030462 logits|.|=1.636 e[min,max,std]=0.001,0.008,0.003 zone=[0.0, 0.03, 0.97] act=[0.01, 0.01, 0.01, 0.97, 0.01] (ep=133, 34.5s)
[  34000/48000] phase=B route=detached world=0.0068 w_ema=0.0058 pred=0.0068 smooth=0.0000 | actor=-0.0001 b=0.0058 H=0.016 maxpi=0.995 KL=0.005196 logits|.|=2.513 e[min,max,std]=0.005,0.011,0.002 zone=[0.0, 0.03, 0.97] act=[0.01, 0.01, 0.01, 0.97, 0.01] (ep=141, 30.7s)
[checkpoint] outputs/journal_train/default/seed25/ckpt_step36000.pt
[  36000/48000] phase=B route=detached world=0.0016 w_ema=0.0030 pred=0.0016 smooth=0.0000 | actor=0.0030 b=0.0030 H=0.144 maxpi=0.981 KL=0.001138 logits|.|=1.756 e[min,max,std]=0.002,0.004,0.001 zone=[0.0, 0.03, 0.97] act=[0.01, 0.0, 0.0, 0.97, 0.01] (ep=150, 35.1s)
[  38000/48000] phase=B route=detached world=0.0042 w_ema=0.0070 pred=0.0042 smooth=0.0000 | actor=0.0018 b=0.0073 H=0.065 maxpi=0.979 KL=0.006329 logits|.|=2.073 e[min,max,std]=0.004,0.031,0.010 zone=[0.0, 0.03, 0.97] act=[0.01, 0.01, 0.0, 0.98, 0.01] (ep=158, 35.4s)
[  40000/48000] phase=B route=detached world=0.0025 w_ema=0.0036 pred=0.0025 smooth=0.0000 | actor=0.0002 b=0.0036 H=0.025 maxpi=0.992 KL=0.011835 logits|.|=2.493 e[min,max,std]=0.002,0.005,0.001 zone=[0.0, 0.02, 0.98] act=[0.0, 0.01, 0.0, 0.98, 0.01] (ep=166, 35.5s)
[checkpoint] outputs/journal_train/default/seed25/ckpt_step42000.pt
[  42000/48000] phase=B route=detached world=0.0036 w_ema=0.0031 pred=0.0036 smooth=0.0000 | actor=-0.0000 b=0.0031 H=0.018 maxpi=0.997 KL=0.001449 logits|.|=2.683 e[min,max,std]=0.003,0.006,0.001 zone=[0.0, 0.03, 0.97] act=[0.01, 0.01, 0.01, 0.97, 0.01] (ep=175, 35.4s)
[  44000/48000] phase=B route=detached world=0.0627 w_ema=0.0713 pred=0.0627 smooth=0.0000 | actor=0.0840 b=0.0723 H=1.187 maxpi=0.529 KL=0.046741 logits|.|=1.626 e[min,max,std]=0.059,0.067,0.003 zone=[0.0, 0.27, 0.73] act=[0.35, 0.19, 0.02, 0.28, 0.15] (ep=183, 35.4s)
[  46000/48000] phase=B route=detached world=0.0016 w_ema=0.0037 pred=0.0016 smooth=0.0000 | actor=0.0005 b=0.0038 H=0.028 maxpi=0.996 KL=0.001233 logits|.|=2.429 e[min,max,std]=0.002,0.011,0.003 zone=[0.0, 0.18, 0.82] act=[0.15, 0.1, 0.0, 0.71, 0.03] (ep=191, 35.5s)
[checkpoint] outputs/journal_train/default/seed25/ckpt_step48000.pt
[  48000/48000] phase=B route=detached world=0.0018 w_ema=0.0029 pred=0.0018 smooth=0.0000 | actor=0.0005 b=0.0032 H=0.054 maxpi=0.971 KL=0.004419 logits|.|=1.697 e[min,max,std]=0.002,0.010,0.003 zone=[0.0, 0.04, 0.96] act=[0.05, 0.05, 0.01, 0.87, 0.03] (ep=200, 35.6s)
Saved training trajectory to: outputs/journal_train/default/seed25/train_traj.parquet
Saved checkpoint to: outputs/journal_train/default/seed25/ckpt.pt
