/venv/cear-cemergence/lib/python3.10/runpy.py:126: RuntimeWarning: 'cear_pilot.training.train' found in sys.modules after import of package 'cear_pilot.training', but prior to execution of 'cear_pilot.training.train'; this may result in unpredictable behaviour
  warn(RuntimeWarning(msg))
[   2000/48000] phase=A world=0.0594 w_ema=0.0415 pred=0.0594 smooth=0.0000 | actor=-0.4274 b=0.0431 H=1.609 maxpi=0.201 KL=0.000007 logits|.|=0.031 e[min,max,std]=0.055,0.067,0.005 zone=[0.21, 0.39, 0.39] act=[0.21, 0.2, 0.2, 0.22, 0.19] (ep=8, 22.9s)
[   4000/48000] phase=A world=0.2621 w_ema=0.2458 pred=0.2621 smooth=0.0000 | actor=-0.1344 b=0.2473 H=1.609 maxpi=0.201 KL=0.000004 logits|.|=0.034 e[min,max,std]=0.252,0.280,0.010 zone=[0.33, 0.49, 0.18] act=[0.21, 0.2, 0.21, 0.2, 0.19] (ep=16, 22.4s)
[   6000/48000] phase=A world=0.0040 w_ema=0.0068 pred=0.0040 smooth=0.0000 | actor=0.0326 b=0.0077 H=1.609 maxpi=0.200 KL=0.000000 logits|.|=0.034 e[min,max,std]=0.003,0.006,0.001 zone=[0.27, 0.33, 0.4] act=[0.2, 0.22, 0.2, 0.2, 0.19] (ep=25, 21.3s)
[   8000/48000] phase=A world=0.0143 w_ema=0.0868 pred=0.0143 smooth=0.0000 | actor=0.6431 b=0.0877 H=1.609 maxpi=0.200 KL=0.000001 logits|.|=0.064 e[min,max,std]=0.011,0.020,0.003 zone=[0.47, 0.41, 0.12] act=[0.21, 0.21, 0.2, 0.18, 0.2] (ep=33, 21.2s)
[  10000/48000] phase=A world=0.0029 w_ema=0.0137 pred=0.0029 smooth=0.0000 | actor=0.2546 b=0.0145 H=1.609 maxpi=0.200 KL=0.000000 logits|.|=0.038 e[min,max,std]=0.001,0.005,0.002 zone=[0.35, 0.37, 0.27] act=[0.19, 0.2, 0.2, 0.2, 0.2] (ep=41, 21.2s)
[  12000/48000] phase=A world=0.5676 w_ema=0.2619 pred=0.5675 smooth=0.0001 | actor=-2.5753 b=0.2631 H=1.609 maxpi=0.200 KL=0.000001 logits|.|=0.026 e[min,max,std]=0.555,0.581,0.010 zone=[0.43, 0.44, 0.13] act=[0.2, 0.18, 0.21, 0.19, 0.22] (ep=50, 21.0s)
[  14000/48000] phase=B world=0.0025 w_ema=0.0063 pred=0.0025 smooth=0.0000 | actor=0.0005 b=0.0063 H=0.025 maxpi=0.997 KL=0.000001 logits|.|=2.354 e[min,max,std]=0.003,0.010,0.003 zone=[0.02, 0.06, 0.91] act=[0.07, 0.2, 0.02, 0.69, 0.02] (ep=58, 21.1s)
[  16000/48000] phase=B world=0.0046 w_ema=0.0038 pred=0.0046 smooth=0.0000 | actor=-0.0000 b=0.0038 H=0.007 maxpi=0.999 KL=0.000000 logits|.|=2.948 e[min,max,std]=0.005,0.017,0.004 zone=[0.0, 0.01, 0.99] act=[0.0, 0.0, 0.0, 1.0, 0.0] (ep=66, 21.2s)
[  18000/48000] phase=B world=0.0035 w_ema=0.0028 pred=0.0035 smooth=0.0000 | actor=-0.0001 b=0.0028 H=0.005 maxpi=0.999 KL=0.000000 logits|.|=3.055 e[min,max,std]=0.003,0.006,0.001 zone=[0.0, 0.01, 0.99] act=[0.0, 0.0, 0.0, 1.0, 0.0] (ep=75, 21.1s)
[  20000/48000] phase=B world=0.0019 w_ema=0.0097 pred=0.0019 smooth=0.0000 | actor=0.0002 b=0.0096 H=0.008 maxpi=0.999 KL=0.000000 logits|.|=2.929 e[min,max,std]=0.002,0.007,0.002 zone=[0.0, 0.01, 0.99] act=[0.0, 0.0, 0.0, 1.0, 0.0] (ep=83, 21.2s)
[  22000/48000] phase=B world=0.0004 w_ema=0.0027 pred=0.0004 smooth=0.0000 | actor=0.0001 b=0.0027 H=0.003 maxpi=1.000 KL=0.000000 logits|.|=3.285 e[min,max,std]=0.000,0.002,0.000 zone=[0.0, 0.01, 0.99] act=[0.0, 0.0, 0.0, 1.0, 0.0] (ep=91, 21.2s)
[  24000/48000] phase=B world=0.0016 w_ema=0.0029 pred=0.0016 smooth=0.0000 | actor=0.0004 b=0.0029 H=0.020 maxpi=0.998 KL=0.000005 logits|.|=2.407 e[min,max,std]=0.002,0.005,0.001 zone=[0.0, 0.01, 0.99] act=[0.0, 0.0, 0.0, 1.0, 0.0] (ep=100, 21.3s)
[  26000/48000] phase=B world=0.0024 w_ema=0.0091 pred=0.0024 smooth=0.0000 | actor=0.0051 b=0.0094 H=0.143 maxpi=0.958 KL=0.012651 logits|.|=1.432 e[min,max,std]=0.002,0.006,0.001 zone=[0.0, 0.03, 0.97] act=[0.03, 0.02, 0.04, 0.89, 0.03] (ep=108, 21.5s)
[  28000/48000] phase=B world=0.0016 w_ema=0.0067 pred=0.0016 smooth=0.0000 | actor=0.0130 b=0.0070 H=0.416 maxpi=0.846 KL=0.006522 logits|.|=0.994 e[min,max,std]=0.001,0.003,0.001 zone=[0.0, 0.06, 0.94] act=[0.03, 0.02, 0.06, 0.82, 0.07] (ep=116, 20.8s)
[  30000/48000] phase=B world=0.0028 w_ema=0.0028 pred=0.0028 smooth=0.0000 | actor=0.0000 b=0.0028 H=0.163 maxpi=0.971 KL=0.001981 logits|.|=1.508 e[min,max,std]=0.003,0.018,0.005 zone=[0.0, 0.02, 0.98] act=[0.01, 0.0, 0.01, 0.95, 0.02] (ep=125, 21.1s)
[  32000/48000] phase=B world=0.0040 w_ema=0.0100 pred=0.0040 smooth=0.0000 | actor=0.0001 b=0.0098 H=0.006 maxpi=0.992 KL=0.030183 logits|.|=2.555 e[min,max,std]=0.004,0.014,0.004 zone=[0.0, 0.02, 0.98] act=[0.0, 0.0, 0.0, 0.98, 0.01] (ep=133, 21.2s)
[  34000/48000] phase=B world=0.0021 w_ema=0.0052 pred=0.0021 smooth=0.0000 | actor=0.0052 b=0.0056 H=0.217 maxpi=0.950 KL=0.017603 logits|.|=1.613 e[min,max,std]=0.002,0.012,0.003 zone=[0.0, 0.04, 0.96] act=[0.0, 0.0, 0.01, 0.59, 0.4] (ep=141, 21.2s)
[  36000/48000] phase=B world=0.0022 w_ema=0.0052 pred=0.0022 smooth=0.0000 | actor=0.0165 b=0.0063 H=0.615 maxpi=0.789 KL=0.020758 logits|.|=1.453 e[min,max,std]=0.002,0.005,0.001 zone=[0.06, 0.64, 0.3] act=[0.19, 0.24, 0.02, 0.03, 0.52] (ep=150, 21.2s)
[  38000/48000] phase=B world=0.0055 w_ema=0.0238 pred=0.0055 smooth=0.0000 | actor=0.3023 b=0.0248 H=1.122 maxpi=0.422 KL=0.119004 logits|.|=1.596 e[min,max,std]=0.004,0.010,0.002 zone=[0.0, 0.14, 0.86] act=[0.1, 0.16, 0.01, 0.13, 0.6] (ep=158, 21.8s)
[  40000/48000] phase=B world=0.0018 w_ema=0.0144 pred=0.0018 smooth=0.0000 | actor=0.1004 b=0.0161 H=0.847 maxpi=0.737 KL=0.233505 logits|.|=2.134 e[min,max,std]=0.002,0.004,0.001 zone=[0.0, 0.18, 0.81] act=[0.32, 0.56, 0.0, 0.02, 0.1] (ep=166, 21.2s)
[  42000/48000] phase=B world=0.0025 w_ema=0.0063 pred=0.0025 smooth=0.0000 | actor=0.0242 b=0.0072 H=0.707 maxpi=0.738 KL=0.085106 logits|.|=1.270 e[min,max,std]=0.003,0.010,0.003 zone=[0.0, 0.24, 0.76] act=[0.15, 0.39, 0.0, 0.04, 0.42] (ep=175, 21.2s)
[  44000/48000] phase=B world=0.0043 w_ema=0.0131 pred=0.0043 smooth=0.0000 | actor=0.0020 b=0.0135 H=0.050 maxpi=0.879 KL=0.182659 logits|.|=2.563 e[min,max,std]=0.004,0.013,0.003 zone=[0.0, 0.13, 0.87] act=[0.11, 0.06, 0.0, 0.05, 0.78] (ep=183, 21.2s)
[  46000/48000] phase=B world=0.0010 w_ema=0.0051 pred=0.0009 smooth=0.0000 | actor=0.0016 b=0.0051 H=0.047 maxpi=0.982 KL=0.048543 logits|.|=3.368 e[min,max,std]=0.001,0.008,0.002 zone=[0.0, 0.04, 0.96] act=[0.01, 0.01, 0.03, 0.89, 0.06] (ep=191, 21.2s)
[  48000/48000] phase=B world=0.0021 w_ema=0.0031 pred=0.0021 smooth=0.0000 | actor=0.0006 b=0.0031 H=0.055 maxpi=0.991 KL=0.006319 logits|.|=2.429 e[min,max,std]=0.002,0.008,0.002 zone=[0.0, 0.03, 0.97] act=[0.01, 0.0, 0.01, 0.97, 0.01] (ep=200, 21.2s)
Saved checkpoint to: outputs/runs/seed24/ckpt.pt
