/venv/cear-cemergence/lib/python3.10/runpy.py:126: RuntimeWarning: 'cear_pilot.training.train' found in sys.modules after import of package 'cear_pilot.training', but prior to execution of 'cear_pilot.training.train'; this may result in unpredictable behaviour
  warn(RuntimeWarning(msg))
[   2000/48000] phase=A world=0.1644 w_ema=0.2740 pred=0.1644 smooth=0.0001 | actor=1.0218 b=0.2761 H=1.609 maxpi=0.201 KL=0.000015 logits|.|=0.083 e[min,max,std]=0.156,0.181,0.009 zone=[0.16, 0.34, 0.5] act=[0.19, 0.2, 0.2, 0.21, 0.21] (ep=8, 21.9s)
[   4000/48000] phase=A world=0.0181 w_ema=0.0616 pred=0.0181 smooth=0.0000 | actor=0.9031 b=0.0628 H=1.609 maxpi=0.201 KL=0.000004 logits|.|=0.041 e[min,max,std]=0.016,0.025,0.003 zone=[0.42, 0.31, 0.28] act=[0.21, 0.21, 0.19, 0.2, 0.19] (ep=16, 23.0s)
[   6000/48000] phase=A world=0.0948 w_ema=0.1173 pred=0.0948 smooth=0.0001 | actor=0.2725 b=0.1191 H=1.609 maxpi=0.200 KL=0.000002 logits|.|=0.041 e[min,max,std]=0.090,0.100,0.003 zone=[0.24, 0.42, 0.34] act=[0.18, 0.21, 0.2, 0.2, 0.19] (ep=25, 22.5s)
[   8000/48000] phase=A world=0.0814 w_ema=0.1312 pred=0.0813 smooth=0.0002 | actor=0.6121 b=0.1318 H=1.609 maxpi=0.201 KL=0.000013 logits|.|=0.022 e[min,max,std]=0.073,0.089,0.006 zone=[0.3, 0.49, 0.22] act=[0.19, 0.18, 0.21, 0.2, 0.21] (ep=33, 22.2s)
[  10000/48000] phase=A world=0.0039 w_ema=0.0234 pred=0.0039 smooth=0.0000 | actor=0.2142 b=0.0239 H=1.609 maxpi=0.201 KL=0.000005 logits|.|=0.017 e[min,max,std]=0.003,0.006,0.001 zone=[0.28, 0.34, 0.38] act=[0.19, 0.2, 0.2, 0.2, 0.21] (ep=41, 22.6s)
[  12000/48000] phase=A world=0.1860 w_ema=0.2821 pred=0.1860 smooth=0.0001 | actor=0.7280 b=0.2809 H=1.609 maxpi=0.201 KL=0.000006 logits|.|=0.018 e[min,max,std]=0.178,0.192,0.006 zone=[0.38, 0.34, 0.28] act=[0.2, 0.2, 0.21, 0.2, 0.19] (ep=50, 22.3s)
[  14000/48000] phase=B world=0.0030 w_ema=0.0183 pred=0.0030 smooth=0.0000 | actor=0.0076 b=0.0189 H=0.140 maxpi=0.949 KL=0.040739 logits|.|=1.780 e[min,max,std]=0.003,0.021,0.007 zone=[0.01, 0.1, 0.9] act=[0.14, 0.12, 0.07, 0.61, 0.07] (ep=58, 21.2s)
[  16000/48000] phase=B world=0.0008 w_ema=0.0037 pred=0.0008 smooth=0.0000 | actor=0.0008 b=0.0038 H=0.033 maxpi=0.993 KL=0.005808 logits|.|=2.355 e[min,max,std]=0.001,0.005,0.002 zone=[0.0, 0.03, 0.97] act=[0.01, 0.01, 0.01, 0.97, 0.0] (ep=66, 21.2s)
[  18000/48000] phase=B world=0.0031 w_ema=0.0035 pred=0.0031 smooth=0.0000 | actor=0.0005 b=0.0035 H=0.132 maxpi=0.972 KL=0.002516 logits|.|=1.866 e[min,max,std]=0.003,0.006,0.002 zone=[0.0, 0.04, 0.96] act=[0.0, 0.01, 0.01, 0.97, 0.01] (ep=75, 21.2s)
[  20000/48000] phase=B world=0.0050 w_ema=0.0098 pred=0.0050 smooth=0.0000 | actor=0.0144 b=0.0101 H=0.372 maxpi=0.932 KL=0.031934 logits|.|=1.793 e[min,max,std]=0.005,0.009,0.001 zone=[0.0, 0.06, 0.93] act=[0.03, 0.02, 0.05, 0.88, 0.03] (ep=83, 21.3s)
[  22000/48000] phase=B world=0.0038 w_ema=0.0039 pred=0.0038 smooth=0.0000 | actor=0.2511 b=0.0040 H=0.280 maxpi=0.928 KL=0.002201 logits|.|=1.527 e[min,max,std]=0.003,0.007,0.001 zone=[0.0, 0.03, 0.97] act=[0.01, 0.01, 0.01, 0.96, 0.01] (ep=91, 20.9s)
[  24000/48000] phase=B world=0.0008 w_ema=0.0025 pred=0.0008 smooth=0.0000 | actor=0.0071 b=0.0026 H=0.201 maxpi=0.959 KL=0.000109 logits|.|=1.733 e[min,max,std]=0.001,0.006,0.002 zone=[0.0, 0.03, 0.97] act=[0.01, 0.01, 0.02, 0.94, 0.01] (ep=100, 21.0s)
[  26000/48000] phase=B world=0.0024 w_ema=0.0112 pred=0.0024 smooth=0.0000 | actor=0.0105 b=0.0112 H=0.210 maxpi=0.936 KL=0.020497 logits|.|=1.690 e[min,max,std]=0.002,0.004,0.001 zone=[0.0, 0.03, 0.97] act=[0.01, 0.02, 0.01, 0.95, 0.01] (ep=108, 21.1s)
[  28000/48000] phase=B world=0.0030 w_ema=0.0045 pred=0.0030 smooth=0.0000 | actor=0.0012 b=0.0045 H=0.093 maxpi=0.979 KL=0.004446 logits|.|=2.057 e[min,max,std]=0.003,0.010,0.003 zone=[0.0, 0.03, 0.97] act=[0.02, 0.01, 0.01, 0.95, 0.01] (ep=116, 21.2s)
[  30000/48000] phase=B world=0.0056 w_ema=0.0030 pred=0.0056 smooth=0.0000 | actor=-0.0173 b=0.0030 H=0.341 maxpi=0.921 KL=0.002170 logits|.|=1.774 e[min,max,std]=0.003,0.009,0.002 zone=[0.0, 0.04, 0.96] act=[0.05, 0.04, 0.01, 0.89, 0.01] (ep=125, 19.4s)
[  32000/48000] phase=B world=0.0012 w_ema=0.0094 pred=0.0012 smooth=0.0000 | actor=0.0817 b=0.0097 H=0.661 maxpi=0.841 KL=0.037204 logits|.|=1.884 e[min,max,std]=0.001,0.002,0.000 zone=[0.0, 0.05, 0.95] act=[0.12, 0.02, 0.02, 0.78, 0.05] (ep=133, 21.2s)
[  34000/48000] phase=B world=0.0073 w_ema=0.0061 pred=0.0073 smooth=0.0000 | actor=-0.0013 b=0.0062 H=0.253 maxpi=0.915 KL=0.005574 logits|.|=2.505 e[min,max,std]=0.004,0.009,0.002 zone=[0.02, 0.08, 0.9] act=[0.15, 0.03, 0.03, 0.74, 0.05] (ep=141, 21.8s)
[  36000/48000] phase=B world=0.0006 w_ema=0.0034 pred=0.0006 smooth=0.0000 | actor=0.0199 b=0.0037 H=0.451 maxpi=0.870 KL=0.005190 logits|.|=2.155 e[min,max,std]=0.001,0.010,0.003 zone=[0.0, 0.03, 0.97] act=[0.12, 0.01, 0.01, 0.84, 0.02] (ep=150, 21.2s)
[  38000/48000] phase=B world=0.0020 w_ema=0.0131 pred=0.0020 smooth=0.0000 | actor=0.0055 b=0.0131 H=0.087 maxpi=0.977 KL=0.031981 logits|.|=2.556 e[min,max,std]=0.002,0.013,0.004 zone=[0.0, 0.03, 0.97] act=[0.06, 0.01, 0.01, 0.91, 0.01] (ep=158, 21.2s)
[  40000/48000] phase=B world=0.0026 w_ema=0.0046 pred=0.0026 smooth=0.0000 | actor=0.1040 b=0.0051 H=1.139 maxpi=0.535 KL=0.031257 logits|.|=0.837 e[min,max,std]=0.002,0.005,0.001 zone=[0.0, 0.03, 0.97] act=[0.03, 0.01, 0.0, 0.92, 0.04] (ep=166, 21.0s)
[  42000/48000] phase=B world=0.0013 w_ema=0.0029 pred=0.0013 smooth=0.0000 | actor=0.0004 b=0.0029 H=0.025 maxpi=0.996 KL=0.000861 logits|.|=2.974 e[min,max,std]=0.001,0.007,0.002 zone=[0.0, 0.03, 0.97] act=[0.04, 0.01, 0.01, 0.91, 0.04] (ep=175, 21.2s)
[  44000/48000] phase=B world=0.0017 w_ema=0.0128 pred=0.0017 smooth=0.0000 | actor=0.0008 b=0.0128 H=0.020 maxpi=0.986 KL=0.027774 logits|.|=2.848 e[min,max,std]=0.002,0.015,0.005 zone=[0.0, 0.03, 0.97] act=[0.01, 0.01, 0.0, 0.97, 0.01] (ep=183, 21.2s)
[  46000/48000] phase=B world=0.0015 w_ema=0.0045 pred=0.0015 smooth=0.0000 | actor=0.0029 b=0.0045 H=0.157 maxpi=0.969 KL=0.017224 logits|.|=2.069 e[min,max,std]=0.001,0.005,0.001 zone=[0.0, 0.03, 0.97] act=[0.03, 0.02, 0.01, 0.92, 0.02] (ep=191, 21.4s)
[  48000/48000] phase=B world=0.0023 w_ema=0.0028 pred=0.0023 smooth=0.0000 | actor=0.0002 b=0.0028 H=0.038 maxpi=0.996 KL=0.003198 logits|.|=2.963 e[min,max,std]=0.002,0.003,0.000 zone=[0.0, 0.03, 0.97] act=[0.01, 0.01, 0.0, 0.98, 0.0] (ep=200, 21.7s)
Saved checkpoint to: outputs/runs/seed28/ckpt.pt
