/venv/cear-cemergence/lib/python3.10/runpy.py:126: RuntimeWarning: 'cear_pilot.training.train' found in sys.modules after import of package 'cear_pilot.training', but prior to execution of 'cear_pilot.training.train'; this may result in unpredictable behaviour
  warn(RuntimeWarning(msg))
[   2000/48000] phase=A world=0.6106 w_ema=0.3387 pred=0.6106 smooth=0.0000 | actor=-2.4235 b=0.3393 H=1.609 maxpi=0.201 KL=0.000010 logits|.|=0.074 e[min,max,std]=0.596,0.628,0.011 zone=[0.46, 0.44, 0.09] act=[0.21, 0.2, 0.21, 0.19, 0.2] (ep=8, 22.7s)
[   4000/48000] phase=A world=0.1124 w_ema=0.2232 pred=0.1124 smooth=0.0000 | actor=0.8716 b=0.2237 H=1.609 maxpi=0.201 KL=0.000003 logits|.|=0.113 e[min,max,std]=0.106,0.128,0.008 zone=[0.42, 0.4, 0.18] act=[0.21, 0.19, 0.2, 0.19, 0.21] (ep=16, 21.7s)
[   6000/48000] phase=A world=0.4032 w_ema=0.3805 pred=0.4032 smooth=0.0001 | actor=-0.1895 b=0.3825 H=1.609 maxpi=0.201 KL=0.000007 logits|.|=0.105 e[min,max,std]=0.388,0.418,0.013 zone=[0.38, 0.39, 0.23] act=[0.2, 0.21, 0.21, 0.19, 0.19] (ep=25, 22.4s)
[   8000/48000] phase=A world=0.1291 w_ema=0.2604 pred=0.1291 smooth=0.0000 | actor=0.9665 b=0.2605 H=1.609 maxpi=0.201 KL=0.000016 logits|.|=0.090 e[min,max,std]=0.109,0.145,0.012 zone=[0.3, 0.46, 0.24] act=[0.19, 0.19, 0.2, 0.2, 0.23] (ep=33, 21.2s)
[  10000/48000] phase=A world=0.0031 w_ema=0.0193 pred=0.0031 smooth=0.0000 | actor=0.2756 b=0.0201 H=1.609 maxpi=0.200 KL=0.000001 logits|.|=0.035 e[min,max,std]=0.003,0.005,0.001 zone=[0.34, 0.45, 0.2] act=[0.19, 0.19, 0.21, 0.2, 0.21] (ep=41, 21.2s)
[  12000/48000] phase=A world=0.4388 w_ema=0.2787 pred=0.4387 smooth=0.0004 | actor=-1.2012 b=0.2792 H=1.609 maxpi=0.201 KL=0.000003 logits|.|=0.079 e[min,max,std]=0.434,0.448,0.005 zone=[0.2, 0.45, 0.35] act=[0.2, 0.21, 0.2, 0.19, 0.2] (ep=50, 22.6s)
[  14000/48000] phase=B world=0.0081 w_ema=0.0415 pred=0.0081 smooth=0.0000 | actor=0.7517 b=0.0429 H=1.252 maxpi=0.624 KL=0.001122 logits|.|=0.875 e[min,max,std]=0.008,0.015,0.003 zone=[0.0, 0.13, 0.86] act=[0.42, 0.16, 0.06, 0.19, 0.16] (ep=58, 21.9s)
[  16000/48000] phase=B world=0.0035 w_ema=0.0040 pred=0.0035 smooth=0.0000 | actor=0.0015 b=0.0044 H=0.148 maxpi=0.966 KL=0.000272 logits|.|=1.506 e[min,max,std]=0.003,0.022,0.006 zone=[0.0, 0.06, 0.94] act=[0.29, 0.12, 0.08, 0.47, 0.04] (ep=66, 21.2s)
[  18000/48000] phase=B world=0.0015 w_ema=0.0028 pred=0.0015 smooth=0.0000 | actor=0.0007 b=0.0028 H=0.042 maxpi=0.993 KL=0.001025 logits|.|=2.122 e[min,max,std]=0.002,0.008,0.003 zone=[0.0, 0.02, 0.98] act=[0.01, 0.01, 0.01, 0.98, 0.0] (ep=75, 21.1s)
[  20000/48000] phase=B world=0.0030 w_ema=0.0100 pred=0.0030 smooth=0.0000 | actor=0.0010 b=0.0098 H=0.051 maxpi=0.975 KL=0.004690 logits|.|=1.843 e[min,max,std]=0.002,0.006,0.001 zone=[0.0, 0.02, 0.98] act=[0.01, 0.03, 0.01, 0.94, 0.0] (ep=83, 21.2s)
[  22000/48000] phase=B world=0.0017 w_ema=0.0045 pred=0.0017 smooth=0.0000 | actor=0.0017 b=0.0045 H=0.073 maxpi=0.984 KL=0.004232 logits|.|=2.183 e[min,max,std]=0.002,0.004,0.001 zone=[0.0, 0.04, 0.96] act=[0.02, 0.01, 0.01, 0.95, 0.01] (ep=91, 23.2s)
[  24000/48000] phase=B world=0.0012 w_ema=0.0031 pred=0.0012 smooth=0.0000 | actor=0.0010 b=0.0031 H=0.046 maxpi=0.992 KL=0.000905 logits|.|=2.310 e[min,max,std]=0.001,0.008,0.002 zone=[0.0, 0.05, 0.95] act=[0.03, 0.01, 0.01, 0.93, 0.01] (ep=100, 22.9s)
[  26000/48000] phase=B world=0.0014 w_ema=0.0069 pred=0.0014 smooth=0.0000 | actor=0.0015 b=0.0068 H=0.049 maxpi=0.982 KL=0.017568 logits|.|=2.310 e[min,max,std]=0.001,0.013,0.005 zone=[0.0, 0.03, 0.97] act=[0.01, 0.0, 0.0, 0.97, 0.01] (ep=108, 21.8s)
[  28000/48000] phase=B world=0.0040 w_ema=0.0042 pred=0.0040 smooth=0.0000 | actor=0.0000 b=0.0042 H=0.045 maxpi=0.989 KL=0.003842 logits|.|=2.080 e[min,max,std]=0.004,0.007,0.001 zone=[0.0, 0.02, 0.98] act=[0.01, 0.01, 0.01, 0.97, 0.0] (ep=116, 23.4s)
[  30000/48000] phase=B world=0.0032 w_ema=0.0029 pred=0.0032 smooth=0.0000 | actor=-0.0001 b=0.0029 H=0.058 maxpi=0.991 KL=0.001207 logits|.|=2.104 e[min,max,std]=0.003,0.006,0.001 zone=[0.0, 0.03, 0.97] act=[0.0, 0.0, 0.01, 0.98, 0.0] (ep=125, 22.1s)
[  32000/48000] phase=B world=0.0012 w_ema=0.0115 pred=0.0012 smooth=0.0000 | actor=0.0225 b=0.0119 H=0.346 maxpi=0.943 KL=0.011487 logits|.|=1.494 e[min,max,std]=0.001,0.008,0.003 zone=[0.0, 0.03, 0.97] act=[0.01, 0.01, 0.01, 0.96, 0.01] (ep=133, 22.6s)
[  34000/48000] phase=B world=0.0064 w_ema=0.0047 pred=0.0064 smooth=0.0000 | actor=-0.0008 b=0.0049 H=0.076 maxpi=0.983 KL=0.000883 logits|.|=1.835 e[min,max,std]=0.006,0.021,0.005 zone=[0.0, 0.02, 0.98] act=[0.01, 0.01, 0.01, 0.97, 0.01] (ep=141, 22.2s)
[  36000/48000] phase=B world=0.0016 w_ema=0.0030 pred=0.0016 smooth=0.0000 | actor=0.0014 b=0.0030 H=0.074 maxpi=0.990 KL=0.001220 logits|.|=2.086 e[min,max,std]=0.002,0.008,0.002 zone=[0.0, 0.03, 0.97] act=[0.03, 0.02, 0.01, 0.93, 0.01] (ep=150, 21.2s)
[  38000/48000] phase=B world=0.0040 w_ema=0.0056 pred=0.0040 smooth=0.0000 | actor=0.0007 b=0.0055 H=0.038 maxpi=0.994 KL=0.000261 logits|.|=2.404 e[min,max,std]=0.004,0.022,0.006 zone=[0.0, 0.02, 0.98] act=[0.0, 0.01, 0.0, 0.99, 0.0] (ep=158, 21.5s)
[  40000/48000] phase=B world=0.0025 w_ema=0.0031 pred=0.0025 smooth=0.0000 | actor=0.0019 b=0.0032 H=0.181 maxpi=0.947 KL=0.006140 logits|.|=1.565 e[min,max,std]=0.002,0.010,0.003 zone=[0.0, 0.02, 0.98] act=[0.01, 0.01, 0.0, 0.98, 0.0] (ep=166, 21.2s)
[  42000/48000] phase=B world=0.0033 w_ema=0.0029 pred=0.0033 smooth=0.0000 | actor=-0.0002 b=0.0029 H=0.040 maxpi=0.994 KL=0.000955 logits|.|=2.271 e[min,max,std]=0.003,0.014,0.004 zone=[0.0, 0.02, 0.98] act=[0.01, 0.01, 0.0, 0.97, 0.01] (ep=175, 21.3s)
[  44000/48000] phase=B world=0.0015 w_ema=0.0069 pred=0.0015 smooth=0.0000 | actor=0.0006 b=0.0072 H=0.021 maxpi=0.984 KL=0.027620 logits|.|=2.400 e[min,max,std]=0.001,0.016,0.005 zone=[0.0, 0.02, 0.98] act=[0.01, 0.01, 0.01, 0.95, 0.01] (ep=183, 21.2s)
[  46000/48000] phase=B world=0.0017 w_ema=0.0035 pred=0.0017 smooth=0.0000 | actor=0.0005 b=0.0035 H=0.039 maxpi=0.994 KL=0.004619 logits|.|=2.481 e[min,max,std]=0.002,0.010,0.003 zone=[0.0, 0.02, 0.98] act=[0.01, 0.0, 0.0, 0.99, 0.0] (ep=191, 21.2s)
[  48000/48000] phase=B world=0.0017 w_ema=0.0083 pred=0.0017 smooth=0.0000 | actor=0.3356 b=0.0107 H=1.435 maxpi=0.392 KL=0.107257 logits|.|=1.124 e[min,max,std]=0.002,0.005,0.001 zone=[0.0, 0.04, 0.96] act=[0.04, 0.09, 0.02, 0.77, 0.08] (ep=200, 21.2s)
Saved checkpoint to: outputs/runs/seed25/ckpt.pt
