/venv/cear-cemergence/lib/python3.10/runpy.py:126: RuntimeWarning: 'cear_pilot.training.train' found in sys.modules after import of package 'cear_pilot.training', but prior to execution of 'cear_pilot.training.train'; this may result in unpredictable behaviour
  warn(RuntimeWarning(msg))
[   2000/48000] phase=A world=0.2109 w_ema=0.3216 pred=0.2109 smooth=0.0000 | actor=0.8432 b=0.3231 H=1.609 maxpi=0.201 KL=0.000015 logits|.|=0.022 e[min,max,std]=0.204,0.220,0.005 zone=[0.4, 0.31, 0.29] act=[0.2, 0.21, 0.21, 0.19, 0.2] (ep=8, 22.5s)
[   4000/48000] phase=A world=0.0036 w_ema=0.0242 pred=0.0036 smooth=0.0000 | actor=0.2614 b=0.0250 H=1.609 maxpi=0.200 KL=0.000002 logits|.|=0.027 e[min,max,std]=0.003,0.006,0.001 zone=[0.22, 0.34, 0.44] act=[0.2, 0.2, 0.18, 0.2, 0.21] (ep=16, 21.5s)
[   6000/48000] phase=A world=0.1826 w_ema=0.0959 pred=0.1826 smooth=0.0000 | actor=-1.5695 b=0.0969 H=1.609 maxpi=0.200 KL=0.000001 logits|.|=0.024 e[min,max,std]=0.172,0.201,0.010 zone=[0.35, 0.46, 0.2] act=[0.21, 0.2, 0.2, 0.18, 0.21] (ep=25, 21.2s)
[   8000/48000] phase=A world=0.0388 w_ema=0.1346 pred=0.0388 smooth=0.0001 | actor=0.9345 b=0.1369 H=1.609 maxpi=0.201 KL=0.000015 logits|.|=0.020 e[min,max,std]=0.035,0.047,0.004 zone=[0.24, 0.47, 0.28] act=[0.2, 0.2, 0.2, 0.2, 0.2] (ep=33, 21.2s)
[  10000/48000] phase=A world=0.2261 w_ema=0.2063 pred=0.2261 smooth=0.0001 | actor=-0.1951 b=0.2074 H=1.609 maxpi=0.201 KL=0.000011 logits|.|=0.026 e[min,max,std]=0.197,0.244,0.016 zone=[0.41, 0.33, 0.26] act=[0.19, 0.2, 0.21, 0.2, 0.2] (ep=41, 21.1s)
[  12000/48000] phase=A world=0.0049 w_ema=0.0333 pred=0.0049 smooth=0.0000 | actor=0.3628 b=0.0337 H=1.609 maxpi=0.200 KL=0.000001 logits|.|=0.042 e[min,max,std]=0.004,0.007,0.001 zone=[0.22, 0.52, 0.26] act=[0.2, 0.22, 0.19, 0.19, 0.2] (ep=50, 21.1s)
[  14000/48000] phase=B world=0.0022 w_ema=0.0106 pred=0.0022 smooth=0.0000 | actor=0.0027 b=0.0104 H=0.055 maxpi=0.991 KL=0.000652 logits|.|=2.286 e[min,max,std]=0.002,0.012,0.003 zone=[0.01, 0.12, 0.87] act=[0.1, 0.04, 0.07, 0.76, 0.03] (ep=58, 21.1s)
[  16000/48000] phase=B world=0.0037 w_ema=0.0043 pred=0.0037 smooth=0.0000 | actor=0.0006 b=0.0043 H=0.106 maxpi=0.977 KL=0.004492 logits|.|=1.960 e[min,max,std]=0.004,0.010,0.002 zone=[0.0, 0.02, 0.98] act=[0.01, 0.0, 0.0, 0.98, 0.01] (ep=66, 21.2s)
[  18000/48000] phase=B world=0.0015 w_ema=0.0030 pred=0.0015 smooth=0.0000 | actor=0.0014 b=0.0030 H=0.119 maxpi=0.978 KL=0.001416 logits|.|=1.929 e[min,max,std]=0.001,0.003,0.001 zone=[0.0, 0.04, 0.96] act=[0.01, 0.01, 0.01, 0.95, 0.02] (ep=75, 21.1s)
[  20000/48000] phase=B world=0.0029 w_ema=0.0121 pred=0.0029 smooth=0.0000 | actor=0.0012 b=0.0125 H=0.035 maxpi=0.979 KL=0.024817 logits|.|=2.449 e[min,max,std]=0.003,0.005,0.001 zone=[0.0, 0.06, 0.94] act=[0.01, 0.01, 0.01, 0.95, 0.02] (ep=83, 20.9s)
[  22000/48000] phase=B world=0.0025 w_ema=0.0054 pred=0.0025 smooth=0.0000 | actor=0.0055 b=0.0054 H=0.263 maxpi=0.944 KL=0.006238 logits|.|=1.654 e[min,max,std]=0.002,0.010,0.003 zone=[0.0, 0.04, 0.96] act=[0.01, 0.01, 0.01, 0.95, 0.02] (ep=91, 21.0s)
[  24000/48000] phase=B world=0.0008 w_ema=0.0029 pred=0.0008 smooth=0.0000 | actor=0.0033 b=0.0029 H=0.143 maxpi=0.977 KL=0.001298 logits|.|=1.993 e[min,max,std]=0.001,0.002,0.001 zone=[0.0, 0.04, 0.96] act=[0.01, 0.01, 0.01, 0.95, 0.02] (ep=100, 21.1s)
[  26000/48000] phase=B world=0.0019 w_ema=0.0109 pred=0.0019 smooth=0.0000 | actor=0.0020 b=0.0109 H=0.060 maxpi=0.976 KL=0.021822 logits|.|=2.315 e[min,max,std]=0.002,0.008,0.002 zone=[0.0, 0.05, 0.95] act=[0.01, 0.01, 0.01, 0.95, 0.01] (ep=108, 21.2s)
[  28000/48000] phase=B world=0.0040 w_ema=0.0040 pred=0.0040 smooth=0.0000 | actor=0.0006 b=0.0042 H=0.185 maxpi=0.960 KL=0.005853 logits|.|=1.855 e[min,max,std]=0.004,0.013,0.003 zone=[0.0, 0.03, 0.97] act=[0.02, 0.01, 0.01, 0.95, 0.02] (ep=116, 21.1s)
[  30000/48000] phase=B world=0.0034 w_ema=0.0032 pred=0.0034 smooth=0.0000 | actor=-0.0002 b=0.0032 H=0.106 maxpi=0.984 KL=0.000791 logits|.|=2.223 e[min,max,std]=0.003,0.006,0.001 zone=[0.0, 0.04, 0.96] act=[0.03, 0.01, 0.01, 0.93, 0.03] (ep=125, 21.1s)
[  32000/48000] phase=B world=0.0012 w_ema=0.0095 pred=0.0012 smooth=0.0000 | actor=0.0163 b=0.0095 H=0.216 maxpi=0.954 KL=0.020095 logits|.|=1.875 e[min,max,std]=0.001,0.004,0.001 zone=[0.0, 0.03, 0.97] act=[0.01, 0.0, 0.0, 0.97, 0.01] (ep=133, 21.1s)
[  34000/48000] phase=B world=0.0015 w_ema=0.0038 pred=0.0015 smooth=0.0000 | actor=0.0375 b=0.0041 H=0.785 maxpi=0.720 KL=0.005018 logits|.|=1.076 e[min,max,std]=0.002,0.003,0.000 zone=[0.0, 0.05, 0.95] act=[0.08, 0.03, 0.03, 0.73, 0.13] (ep=141, 21.2s)
[  36000/48000] phase=B world=0.0019 w_ema=0.0027 pred=0.0019 smooth=0.0000 | actor=0.0010 b=0.0028 H=0.065 maxpi=0.990 KL=0.000172 logits|.|=2.418 e[min,max,std]=0.002,0.005,0.001 zone=[0.0, 0.04, 0.96] act=[0.05, 0.02, 0.03, 0.84, 0.06] (ep=150, 21.0s)
[  38000/48000] phase=B world=0.0039 w_ema=0.0096 pred=0.0039 smooth=0.0000 | actor=0.0517 b=0.0098 H=0.711 maxpi=0.753 KL=0.007629 logits|.|=0.969 e[min,max,std]=0.004,0.007,0.001 zone=[0.0, 0.03, 0.97] act=[0.05, 0.03, 0.04, 0.81, 0.07] (ep=158, 21.8s)
[  40000/48000] phase=B world=0.0019 w_ema=0.0035 pred=0.0019 smooth=0.0000 | actor=0.0023 b=0.0036 H=0.124 maxpi=0.979 KL=0.001167 logits|.|=1.991 e[min,max,std]=0.001,0.005,0.001 zone=[0.0, 0.04, 0.96] act=[0.01, 0.01, 0.04, 0.92, 0.02] (ep=166, 21.3s)
[  42000/48000] phase=B world=0.0014 w_ema=0.0030 pred=0.0014 smooth=0.0000 | actor=0.0053 b=0.0031 H=0.284 maxpi=0.935 KL=0.003073 logits|.|=1.527 e[min,max,std]=0.001,0.006,0.002 zone=[0.0, 0.04, 0.96] act=[0.02, 0.02, 0.01, 0.92, 0.02] (ep=175, 20.2s)
[  44000/48000] phase=B world=0.0049 w_ema=0.0114 pred=0.0048 smooth=0.0003 | actor=0.0008 b=0.0117 H=0.034 maxpi=0.979 KL=0.026938 logits|.|=2.554 e[min,max,std]=0.005,0.014,0.003 zone=[0.0, 0.03, 0.97] act=[0.01, 0.02, 0.01, 0.95, 0.01] (ep=183, 20.8s)
[  46000/48000] phase=B world=0.0049 w_ema=0.0037 pred=0.0049 smooth=0.0000 | actor=-0.0010 b=0.0038 H=0.068 maxpi=0.988 KL=0.001690 logits|.|=2.434 e[min,max,std]=0.004,0.013,0.003 zone=[0.0, 0.03, 0.97] act=[0.01, 0.02, 0.01, 0.95, 0.01] (ep=191, 21.1s)
[  48000/48000] phase=B world=0.0018 w_ema=0.0027 pred=0.0018 smooth=0.0000 | actor=0.0001 b=0.0027 H=0.017 maxpi=0.998 KL=0.000058 logits|.|=3.097 e[min,max,std]=0.002,0.004,0.001 zone=[0.0, 0.04, 0.96] act=[0.08, 0.14, 0.01, 0.76, 0.01] (ep=200, 21.1s)
Saved checkpoint to: outputs/runs/seed6/ckpt.pt
