/venv/cear-cemergence/lib/python3.10/runpy.py:126: RuntimeWarning: 'cear_pilot.training.train' found in sys.modules after import of package 'cear_pilot.training', but prior to execution of 'cear_pilot.training.train'; this may result in unpredictable behaviour
  warn(RuntimeWarning(msg))
[checkpoint] outputs/journal_train/default/seed12/ckpt_step00000.pt
[   2000/48000] phase=A route=detached world=0.0604 w_ema=0.1048 pred=0.0604 smooth=0.0000 | actor=0.6035 b=0.1063 H=1.609 maxpi=0.201 KL=0.000006 logits|.|=0.020 e[min,max,std]=0.053,0.068,0.006 zone=[0.2, 0.48, 0.33] act=[0.2, 0.18, 0.19, 0.2, 0.22] (ep=8, 35.6s)
[   4000/48000] phase=A route=detached world=0.3979 w_ema=0.3411 pred=0.3979 smooth=0.0000 | actor=-0.5133 b=0.3407 H=1.609 maxpi=0.201 KL=0.000003 logits|.|=0.025 e[min,max,std]=0.376,0.409,0.012 zone=[0.36, 0.49, 0.15] act=[0.2, 0.2, 0.21, 0.21, 0.18] (ep=16, 27.1s)
[   6000/48000] phase=A route=detached world=0.0845 w_ema=0.2551 pred=0.0845 smooth=0.0000 | actor=1.4052 b=0.2571 H=1.609 maxpi=0.201 KL=0.000003 logits|.|=0.031 e[min,max,std]=0.079,0.093,0.004 zone=[0.35, 0.49, 0.15] act=[0.21, 0.2, 0.2, 0.2, 0.2] (ep=25, 26.6s)
[   8000/48000] phase=A route=detached world=0.1140 w_ema=0.3137 pred=0.1140 smooth=0.0000 | actor=1.3641 b=0.3165 H=1.609 maxpi=0.201 KL=0.000003 logits|.|=0.030 e[min,max,std]=0.108,0.126,0.006 zone=[0.26, 0.43, 0.31] act=[0.21, 0.2, 0.19, 0.2, 0.2] (ep=33, 34.6s)
[  10000/48000] phase=A route=detached world=0.5504 w_ema=0.2623 pred=0.5504 smooth=0.0000 | actor=-2.3065 b=0.2651 H=1.609 maxpi=0.200 KL=0.000001 logits|.|=0.034 e[min,max,std]=0.521,0.561,0.015 zone=[0.33, 0.52, 0.14] act=[0.21, 0.2, 0.19, 0.18, 0.21] (ep=41, 34.7s)
[checkpoint] outputs/journal_train/default/seed12/ckpt_step12000.pt
[  12000/48000] phase=A route=detached world=0.1511 w_ema=0.0100 pred=0.1511 smooth=0.0000 | actor=-4.7598 b=0.0110 H=1.609 maxpi=0.200 KL=0.000000 logits|.|=0.028 e[min,max,std]=0.134,0.161,0.010 zone=[0.28, 0.39, 0.33] act=[0.2, 0.22, 0.2, 0.19, 0.2] (ep=50, 34.8s)
[  14000/48000] phase=B route=detached world=0.0016 w_ema=0.0099 pred=0.0016 smooth=0.0000 | actor=0.6766 b=0.0107 H=0.877 maxpi=0.685 KL=0.000341 logits|.|=0.916 e[min,max,std]=0.002,0.007,0.002 zone=[0.05, 0.22, 0.73] act=[0.23, 0.15, 0.09, 0.32, 0.22] (ep=58, 34.7s)
[  16000/48000] phase=B route=detached world=0.0070 w_ema=0.0324 pred=0.0070 smooth=0.0000 | actor=0.7204 b=0.0342 H=1.490 maxpi=0.478 KL=0.008027 logits|.|=0.736 e[min,max,std]=0.004,0.012,0.003 zone=[0.0, 0.02, 0.98] act=[0.05, 0.05, 0.01, 0.87, 0.02] (ep=66, 34.8s)
[checkpoint] outputs/journal_train/default/seed12/ckpt_step18000.pt
[  18000/48000] phase=B route=detached world=0.0007 w_ema=0.0027 pred=0.0007 smooth=0.0000 | actor=0.0022 b=0.0027 H=0.082 maxpi=0.989 KL=0.000361 logits|.|=1.937 e[min,max,std]=0.001,0.009,0.004 zone=[0.0, 0.03, 0.97] act=[0.03, 0.02, 0.01, 0.93, 0.02] (ep=75, 34.8s)
[  20000/48000] phase=B route=detached world=0.0010 w_ema=0.0077 pred=0.0010 smooth=0.0000 | actor=0.0023 b=0.0075 H=0.064 maxpi=0.988 KL=0.031595 logits|.|=2.097 e[min,max,std]=0.001,0.014,0.005 zone=[0.0, 0.04, 0.96] act=[0.06, 0.06, 0.01, 0.8, 0.07] (ep=83, 35.5s)
[  22000/48000] phase=B route=detached world=0.0027 w_ema=0.0053 pred=0.0027 smooth=0.0000 | actor=0.0005 b=0.0054 H=0.041 maxpi=0.960 KL=0.022504 logits|.|=2.049 e[min,max,std]=0.003,0.011,0.003 zone=[0.0, 0.03, 0.97] act=[0.05, 0.03, 0.01, 0.86, 0.05] (ep=91, 33.9s)
[checkpoint] outputs/journal_train/default/seed12/ckpt_step24000.pt
[  24000/48000] phase=B route=detached world=0.0049 w_ema=0.0029 pred=0.0049 smooth=0.0000 | actor=-0.0002 b=0.0029 H=0.011 maxpi=0.999 KL=0.001388 logits|.|=2.834 e[min,max,std]=0.005,0.021,0.006 zone=[0.0, 0.02, 0.98] act=[0.01, 0.01, 0.0, 0.98, 0.01] (ep=100, 34.4s)
[  26000/48000] phase=B route=detached world=0.0027 w_ema=0.0138 pred=0.0027 smooth=0.0000 | actor=0.0202 b=0.0141 H=0.307 maxpi=0.903 KL=0.036074 logits|.|=1.496 e[min,max,std]=0.003,0.007,0.002 zone=[0.0, 0.04, 0.96] act=[0.03, 0.03, 0.01, 0.92, 0.01] (ep=108, 34.2s)
[  28000/48000] phase=B route=detached world=0.0015 w_ema=0.0043 pred=0.0015 smooth=0.0000 | actor=0.0003 b=0.0043 H=0.020 maxpi=0.992 KL=0.004671 logits|.|=2.431 e[min,max,std]=0.001,0.007,0.002 zone=[0.0, 0.03, 0.97] act=[0.01, 0.01, 0.0, 0.98, 0.01] (ep=116, 33.9s)
[checkpoint] outputs/journal_train/default/seed12/ckpt_step30000.pt
[  30000/48000] phase=B route=detached world=0.0015 w_ema=0.0030 pred=0.0015 smooth=0.0000 | actor=0.0011 b=0.0030 H=0.074 maxpi=0.988 KL=0.001267 logits|.|=2.098 e[min,max,std]=0.002,0.008,0.002 zone=[0.0, 0.03, 0.97] act=[0.01, 0.01, 0.0, 0.96, 0.01] (ep=125, 34.1s)
[  32000/48000] phase=B route=detached world=0.0027 w_ema=0.0161 pred=0.0027 smooth=0.0000 | actor=0.0198 b=0.0162 H=0.285 maxpi=0.875 KL=0.042643 logits|.|=1.336 e[min,max,std]=0.003,0.004,0.001 zone=[0.02, 0.13, 0.85] act=[0.02, 0.17, 0.05, 0.63, 0.13] (ep=133, 34.6s)
[  34000/48000] phase=B route=detached world=0.0030 w_ema=0.0049 pred=0.0030 smooth=0.0000 | actor=0.0014 b=0.0051 H=0.118 maxpi=0.978 KL=0.010014 logits|.|=1.890 e[min,max,std]=0.002,0.009,0.002 zone=[0.0, 0.04, 0.96] act=[0.01, 0.03, 0.01, 0.92, 0.02] (ep=141, 34.7s)
[checkpoint] outputs/journal_train/default/seed12/ckpt_step36000.pt
[  36000/48000] phase=B route=detached world=0.0013 w_ema=0.0029 pred=0.0013 smooth=0.0000 | actor=0.0052 b=0.0030 H=0.158 maxpi=0.966 KL=0.000762 logits|.|=1.669 e[min,max,std]=0.001,0.004,0.001 zone=[0.0, 0.03, 0.97] act=[0.02, 0.02, 0.01, 0.91, 0.04] (ep=150, 34.7s)
[  38000/48000] phase=B route=detached world=0.0028 w_ema=0.0087 pred=0.0028 smooth=0.0000 | actor=0.0042 b=0.0088 H=0.131 maxpi=0.967 KL=0.011141 logits|.|=1.809 e[min,max,std]=0.003,0.007,0.002 zone=[0.0, 0.04, 0.96] act=[0.02, 0.01, 0.01, 0.93, 0.02] (ep=158, 34.6s)
[  40000/48000] phase=B route=detached world=0.0031 w_ema=0.0056 pred=0.0031 smooth=0.0000 | actor=0.0023 b=0.0056 H=0.125 maxpi=0.972 KL=0.006076 logits|.|=1.797 e[min,max,std]=0.003,0.005,0.001 zone=[0.0, 0.04, 0.96] act=[0.01, 0.01, 0.01, 0.95, 0.02] (ep=166, 34.4s)
[checkpoint] outputs/journal_train/default/seed12/ckpt_step42000.pt
[  42000/48000] phase=B route=detached world=0.0037 w_ema=0.0032 pred=0.0037 smooth=0.0000 | actor=-0.0001 b=0.0032 H=0.034 maxpi=0.995 KL=0.001048 logits|.|=2.633 e[min,max,std]=0.004,0.010,0.002 zone=[0.0, 0.04, 0.96] act=[0.01, 0.01, 0.01, 0.96, 0.01] (ep=175, 34.8s)
[  44000/48000] phase=B route=detached world=0.0027 w_ema=0.0091 pred=0.0027 smooth=0.0000 | actor=0.0017 b=0.0090 H=0.047 maxpi=0.988 KL=0.018261 logits|.|=2.389 e[min,max,std]=0.003,0.004,0.001 zone=[0.0, 0.03, 0.97] act=[0.0, 0.01, 0.01, 0.98, 0.01] (ep=183, 34.8s)
[  46000/48000] phase=B route=detached world=0.0028 w_ema=0.0050 pred=0.0028 smooth=0.0000 | actor=0.0011 b=0.0050 H=0.093 maxpi=0.982 KL=0.003305 logits|.|=2.057 e[min,max,std]=0.003,0.007,0.001 zone=[0.0, 0.03, 0.97] act=[0.01, 0.01, 0.0, 0.96, 0.02] (ep=191, 34.8s)
[checkpoint] outputs/journal_train/default/seed12/ckpt_step48000.pt
[  48000/48000] phase=B route=detached world=0.0026 w_ema=0.0026 pred=0.0026 smooth=0.0000 | actor=-0.0001 b=0.0027 H=0.267 maxpi=0.939 KL=0.000724 logits|.|=1.347 e[min,max,std]=0.003,0.005,0.001 zone=[0.0, 0.02, 0.98] act=[0.0, 0.0, 0.0, 0.88, 0.11] (ep=200, 34.8s)
Saved training trajectory to: outputs/journal_train/default/seed12/train_traj.parquet
Saved checkpoint to: outputs/journal_train/default/seed12/ckpt.pt
