/venv/cear-cemergence/lib/python3.10/runpy.py:126: RuntimeWarning: 'cear_pilot.training.train' found in sys.modules after import of package 'cear_pilot.training', but prior to execution of 'cear_pilot.training.train'; this may result in unpredictable behaviour
  warn(RuntimeWarning(msg))
[checkpoint] outputs/journal_train/coupled/seed25/ckpt_step00000.pt
[   2000/48000] phase=A route=detached world=0.6106 w_ema=0.3387 pred=0.6106 smooth=0.0000 | actor=-2.4235 b=0.3393 H=1.609 maxpi=0.201 KL=0.000010 logits|.|=0.074 e[min,max,std]=0.596,0.628,0.011 zone=[0.46, 0.44, 0.09] act=[0.21, 0.2, 0.21, 0.19, 0.2] (ep=8, 35.3s)
[   4000/48000] phase=A route=detached world=0.1124 w_ema=0.2232 pred=0.1124 smooth=0.0000 | actor=0.8716 b=0.2237 H=1.609 maxpi=0.201 KL=0.000003 logits|.|=0.113 e[min,max,std]=0.106,0.128,0.008 zone=[0.42, 0.4, 0.18] act=[0.21, 0.19, 0.2, 0.19, 0.21] (ep=16, 33.6s)
[   6000/48000] phase=A route=detached world=0.4032 w_ema=0.3805 pred=0.4032 smooth=0.0001 | actor=-0.1895 b=0.3825 H=1.609 maxpi=0.201 KL=0.000007 logits|.|=0.105 e[min,max,std]=0.388,0.418,0.013 zone=[0.38, 0.39, 0.23] act=[0.2, 0.21, 0.21, 0.19, 0.19] (ep=25, 33.4s)
[   8000/48000] phase=A route=detached world=0.1291 w_ema=0.2604 pred=0.1291 smooth=0.0000 | actor=0.9665 b=0.2605 H=1.609 maxpi=0.201 KL=0.000016 logits|.|=0.090 e[min,max,std]=0.109,0.145,0.012 zone=[0.3, 0.46, 0.24] act=[0.19, 0.19, 0.2, 0.2, 0.23] (ep=33, 33.4s)
[  10000/48000] phase=A route=detached world=0.0031 w_ema=0.0193 pred=0.0031 smooth=0.0000 | actor=0.2756 b=0.0201 H=1.609 maxpi=0.200 KL=0.000001 logits|.|=0.035 e[min,max,std]=0.003,0.005,0.001 zone=[0.34, 0.45, 0.2] act=[0.19, 0.19, 0.21, 0.2, 0.21] (ep=41, 33.3s)
[checkpoint] outputs/journal_train/coupled/seed25/ckpt_step12000.pt
[  12000/48000] phase=A route=detached world=0.4388 w_ema=0.2787 pred=0.4387 smooth=0.0004 | actor=-1.2012 b=0.2792 H=1.609 maxpi=0.201 KL=0.000003 logits|.|=0.079 e[min,max,std]=0.434,0.448,0.005 zone=[0.2, 0.45, 0.35] act=[0.2, 0.21, 0.2, 0.19, 0.2] (ep=50, 33.4s)
[  14000/48000] phase=B route=coupled world=0.0025 w_ema=0.0071 pred=0.0025 smooth=0.0000 | actor=0.0035 b=0.0073 H=0.100 maxpi=0.983 KL=0.000021 logits|.|=2.056 e[min,max,std]=0.003,0.016,0.005 zone=[0.0, 0.09, 0.91] act=[0.1, 0.16, 0.09, 0.57, 0.09] (ep=58, 38.5s)
[  16000/48000] phase=B route=coupled world=0.6015 w_ema=0.3522 pred=0.6015 smooth=0.0002 | actor=-0.4184 b=0.3522 H=0.856 maxpi=0.725 KL=0.000035 logits|.|=1.833 e[min,max,std]=0.583,0.656,0.028 zone=[0.73, 0.18, 0.09] act=[0.34, 0.11, 0.1, 0.09, 0.37] (ep=66, 38.3s)
[checkpoint] outputs/journal_train/coupled/seed25/ckpt_step18000.pt
[  18000/48000] phase=B route=coupled world=0.2206 w_ema=0.2119 pred=0.2206 smooth=0.0001 | actor=-0.0163 b=0.2132 H=0.760 maxpi=0.764 KL=0.000019 logits|.|=1.631 e[min,max,std]=0.205,0.241,0.012 zone=[0.53, 0.47, 0.0] act=[0.55, 0.03, 0.03, 0.0, 0.4] (ep=75, 35.4s)
[  20000/48000] phase=B route=coupled world=0.3479 w_ema=0.2867 pred=0.3479 smooth=0.0001 | actor=-0.7635 b=0.2925 H=1.062 maxpi=0.516 KL=0.006137 logits|.|=1.048 e[min,max,std]=0.337,0.359,0.008 zone=[0.19, 0.62, 0.19] act=[0.35, 0.04, 0.04, 0.04, 0.53] (ep=83, 38.7s)
[  22000/48000] phase=B route=coupled world=0.0629 w_ema=0.0955 pred=0.0629 smooth=0.0000 | actor=0.1647 b=0.0960 H=0.694 maxpi=0.707 KL=0.000020 logits|.|=1.927 e[min,max,std]=0.046,0.072,0.011 zone=[0.12, 0.85, 0.03] act=[0.6, 0.02, 0.01, 0.01, 0.35] (ep=91, 39.3s)
[checkpoint] outputs/journal_train/coupled/seed25/ckpt_step24000.pt
[  24000/48000] phase=B route=coupled world=0.0259 w_ema=0.0918 pred=0.0259 smooth=0.0000 | actor=0.1692 b=0.0917 H=0.397 maxpi=0.893 KL=0.000002 logits|.|=2.035 e[min,max,std]=0.026,0.042,0.006 zone=[0.0, 0.96, 0.04] act=[0.74, 0.01, 0.0, 0.01, 0.24] (ep=100, 39.4s)
[  26000/48000] phase=B route=coupled world=0.0032 w_ema=0.0131 pred=0.0032 smooth=0.0000 | actor=0.0735 b=0.0156 H=0.664 maxpi=0.706 KL=0.095300 logits|.|=1.851 e[min,max,std]=0.004,0.013,0.004 zone=[0.1, 0.7, 0.19] act=[0.77, 0.02, 0.01, 0.01, 0.2] (ep=108, 39.5s)
[  28000/48000] phase=B route=coupled world=0.1437 w_ema=0.0912 pred=0.1436 smooth=0.0000 | actor=-0.0805 b=0.0923 H=0.321 maxpi=0.915 KL=0.001343 logits|.|=2.135 e[min,max,std]=0.142,0.184,0.017 zone=[0.0, 0.61, 0.39] act=[0.85, 0.02, 0.01, 0.01, 0.11] (ep=116, 39.6s)
[checkpoint] outputs/journal_train/coupled/seed25/ckpt_step30000.pt
[  30000/48000] phase=B route=coupled world=0.0038 w_ema=0.0183 pred=0.0038 smooth=0.0000 | actor=0.0916 b=0.0198 H=0.807 maxpi=0.683 KL=0.069292 logits|.|=2.122 e[min,max,std]=0.003,0.014,0.004 zone=[0.01, 0.71, 0.28] act=[0.78, 0.08, 0.01, 0.02, 0.11] (ep=125, 39.5s)
[  32000/48000] phase=B route=coupled world=0.0050 w_ema=0.0538 pred=0.0050 smooth=0.0000 | actor=1.6906 b=0.0561 H=0.985 maxpi=0.559 KL=0.512184 logits|.|=1.511 e[min,max,std]=0.006,0.011,0.002 zone=[0.02, 0.31, 0.67] act=[0.56, 0.32, 0.02, 0.04, 0.06] (ep=133, 39.6s)
[  34000/48000] phase=B route=coupled world=0.0053 w_ema=0.0356 pred=0.0053 smooth=0.0000 | actor=0.1120 b=0.0363 H=0.669 maxpi=0.821 KL=0.076804 logits|.|=1.409 e[min,max,std]=0.005,0.008,0.001 zone=[0.01, 0.15, 0.84] act=[0.57, 0.17, 0.04, 0.17, 0.05] (ep=141, 39.9s)
[checkpoint] outputs/journal_train/coupled/seed25/ckpt_step36000.pt
[  36000/48000] phase=B route=coupled world=0.0018 w_ema=0.0144 pred=0.0018 smooth=0.0000 | actor=0.4933 b=0.0149 H=0.931 maxpi=0.628 KL=0.091537 logits|.|=1.404 e[min,max,std]=0.002,0.009,0.002 zone=[0.0, 0.12, 0.88] act=[0.69, 0.06, 0.06, 0.12, 0.09] (ep=150, 46.2s)
[  38000/48000] phase=B route=coupled world=0.0035 w_ema=0.0048 pred=0.0035 smooth=0.0000 | actor=0.0020 b=0.0049 H=0.100 maxpi=0.982 KL=0.000000 logits|.|=2.092 e[min,max,std]=0.003,0.030,0.009 zone=[0.0, 0.05, 0.95] act=[0.0, 0.02, 0.04, 0.72, 0.23] (ep=158, 44.8s)
[  40000/48000] phase=B route=coupled world=0.0023 w_ema=0.0031 pred=0.0023 smooth=0.0000 | actor=0.0003 b=0.0031 H=0.051 maxpi=0.993 KL=0.000000 logits|.|=2.334 e[min,max,std]=0.002,0.018,0.005 zone=[0.0, 0.01, 0.99] act=[0.0, 0.0, 0.0, 0.99, 0.0] (ep=166, 42.5s)
[checkpoint] outputs/journal_train/coupled/seed25/ckpt_step42000.pt
[  42000/48000] phase=B route=coupled world=0.0034 w_ema=0.0028 pred=0.0034 smooth=0.0000 | actor=-0.0005 b=0.0028 H=0.071 maxpi=0.989 KL=0.000000 logits|.|=2.233 e[min,max,std]=0.003,0.009,0.002 zone=[0.0, 0.01, 0.99] act=[0.0, 0.0, 0.0, 1.0, 0.0] (ep=175, 42.2s)
[  44000/48000] phase=B route=coupled world=0.0014 w_ema=0.0058 pred=0.0014 smooth=0.0000 | actor=0.0005 b=0.0057 H=0.020 maxpi=0.998 KL=0.000000 logits|.|=2.734 e[min,max,std]=0.001,0.008,0.002 zone=[0.0, 0.01, 0.99] act=[0.0, 0.0, 0.0, 1.0, 0.0] (ep=183, 42.3s)
[  46000/48000] phase=B route=coupled world=0.0017 w_ema=0.0034 pred=0.0017 smooth=0.0000 | actor=0.0001 b=0.0034 H=0.009 maxpi=0.999 KL=0.000000 logits|.|=2.968 e[min,max,std]=0.002,0.005,0.001 zone=[0.0, 0.01, 0.99] act=[0.0, 0.0, 0.0, 1.0, 0.0] (ep=191, 40.4s)
[checkpoint] outputs/journal_train/coupled/seed25/ckpt_step48000.pt
[  48000/48000] phase=B route=coupled world=0.0019 w_ema=0.0027 pred=0.0019 smooth=0.0000 | actor=0.0001 b=0.0027 H=0.017 maxpi=0.998 KL=0.000000 logits|.|=2.734 e[min,max,std]=0.002,0.006,0.001 zone=[0.0, 0.01, 0.99] act=[0.0, 0.0, 0.0, 1.0, 0.0] (ep=200, 33.6s)
Saved training trajectory to: outputs/journal_train/coupled/seed25/train_traj.parquet
Saved checkpoint to: outputs/journal_train/coupled/seed25/ckpt.pt
