/venv/cear-cemergence/lib/python3.10/runpy.py:126: RuntimeWarning: 'cear_pilot.training.train' found in sys.modules after import of package 'cear_pilot.training', but prior to execution of 'cear_pilot.training.train'; this may result in unpredictable behaviour
  warn(RuntimeWarning(msg))
[checkpoint] outputs/journal_train/default/seed3/ckpt_step00000.pt
[   2000/48000] phase=A route=detached world=0.5452 w_ema=0.2428 pred=0.5452 smooth=0.0000 | actor=-2.5512 b=0.2436 H=1.609 maxpi=0.201 KL=0.000013 logits|.|=0.032 e[min,max,std]=0.517,0.567,0.019 zone=[0.22, 0.49, 0.29] act=[0.2, 0.21, 0.19, 0.2, 0.21] (ep=8, 35.0s)
[   4000/48000] phase=A route=detached world=0.0034 w_ema=0.0260 pred=0.0034 smooth=0.0000 | actor=0.6109 b=0.0265 H=1.609 maxpi=0.200 KL=0.000001 logits|.|=0.029 e[min,max,std]=0.003,0.005,0.001 zone=[0.27, 0.4, 0.33] act=[0.2, 0.2, 0.19, 0.21, 0.2] (ep=16, 33.9s)
[   6000/48000] phase=A route=detached world=0.0031 w_ema=0.0245 pred=0.0031 smooth=0.0000 | actor=0.3561 b=0.0250 H=1.609 maxpi=0.200 KL=0.000001 logits|.|=0.028 e[min,max,std]=0.003,0.004,0.001 zone=[0.52, 0.34, 0.14] act=[0.2, 0.2, 0.21, 0.19, 0.2] (ep=25, 33.9s)
[   8000/48000] phase=A route=detached world=0.0188 w_ema=0.0720 pred=0.0188 smooth=0.0000 | actor=0.9360 b=0.0728 H=1.609 maxpi=0.200 KL=0.000002 logits|.|=0.013 e[min,max,std]=0.018,0.024,0.002 zone=[0.19, 0.53, 0.28] act=[0.19, 0.21, 0.2, 0.21, 0.19] (ep=33, 34.0s)
[  10000/48000] phase=A route=detached world=0.3672 w_ema=0.3108 pred=0.3672 smooth=0.0000 | actor=-0.4324 b=0.3100 H=1.609 maxpi=0.201 KL=0.000005 logits|.|=0.042 e[min,max,std]=0.359,0.381,0.008 zone=[0.34, 0.38, 0.28] act=[0.18, 0.23, 0.21, 0.2, 0.19] (ep=41, 34.0s)
[checkpoint] outputs/journal_train/default/seed3/ckpt_step12000.pt
[  12000/48000] phase=A route=detached world=0.0011 w_ema=0.0071 pred=0.0011 smooth=0.0000 | actor=0.1043 b=0.0079 H=1.609 maxpi=0.200 KL=0.000001 logits|.|=0.114 e[min,max,std]=0.001,0.003,0.001 zone=[0.48, 0.38, 0.15] act=[0.19, 0.2, 0.21, 0.2, 0.21] (ep=50, 34.0s)
[  14000/48000] phase=B route=detached world=0.0036 w_ema=0.0227 pred=0.0036 smooth=0.0000 | actor=0.3710 b=0.0230 H=1.403 maxpi=0.348 KL=0.003610 logits|.|=0.415 e[min,max,std]=0.003,0.006,0.001 zone=[0.11, 0.13, 0.76] act=[0.16, 0.2, 0.13, 0.27, 0.24] (ep=58, 33.9s)
[  16000/48000] phase=B route=detached world=0.0038 w_ema=0.0041 pred=0.0038 smooth=0.0000 | actor=0.0136 b=0.0046 H=0.696 maxpi=0.781 KL=0.031239 logits|.|=1.359 e[min,max,std]=0.004,0.009,0.002 zone=[0.0, 0.02, 0.98] act=[0.07, 0.05, 0.04, 0.67, 0.16] (ep=66, 34.0s)
[checkpoint] outputs/journal_train/default/seed3/ckpt_step18000.pt
[  18000/48000] phase=B route=detached world=0.0017 w_ema=0.0028 pred=0.0017 smooth=0.0000 | actor=0.0005 b=0.0028 H=0.054 maxpi=0.988 KL=0.002122 logits|.|=1.977 e[min,max,std]=0.002,0.012,0.004 zone=[0.0, 0.02, 0.98] act=[0.01, 0.0, 0.0, 0.97, 0.01] (ep=75, 34.0s)
[  20000/48000] phase=B route=detached world=0.0035 w_ema=0.0151 pred=0.0035 smooth=0.0000 | actor=0.0425 b=0.0155 H=0.465 maxpi=0.824 KL=0.097257 logits|.|=2.004 e[min,max,std]=0.003,0.017,0.005 zone=[0.0, 0.1, 0.9] act=[0.09, 0.02, 0.01, 0.27, 0.61] (ep=83, 34.1s)
[  22000/48000] phase=B route=detached world=0.0336 w_ema=0.0937 pred=0.0336 smooth=0.0000 | actor=1.4140 b=0.0932 H=1.086 maxpi=0.467 KL=0.012329 logits|.|=2.805 e[min,max,std]=0.030,0.040,0.004 zone=[0.01, 0.74, 0.25] act=[0.26, 0.12, 0.01, 0.02, 0.59] (ep=91, 34.3s)
[checkpoint] outputs/journal_train/default/seed3/ckpt_step24000.pt
[  24000/48000] phase=B route=detached world=0.0024 w_ema=0.0060 pred=0.0024 smooth=0.0000 | actor=0.0055 b=0.0066 H=0.269 maxpi=0.928 KL=0.010370 logits|.|=1.978 e[min,max,std]=0.002,0.007,0.002 zone=[0.02, 0.52, 0.46] act=[0.29, 0.13, 0.0, 0.03, 0.54] (ep=100, 34.2s)
[  26000/48000] phase=B route=detached world=0.1522 w_ema=0.1065 pred=0.1522 smooth=0.0000 | actor=-0.3922 b=0.1072 H=0.934 maxpi=0.529 KL=0.321687 logits|.|=3.000 e[min,max,std]=0.145,0.172,0.009 zone=[0.03, 0.76, 0.21] act=[0.15, 0.73, 0.01, 0.01, 0.09] (ep=108, 33.7s)
[  28000/48000] phase=B route=detached world=0.1292 w_ema=0.0924 pred=0.1292 smooth=0.0000 | actor=-0.2695 b=0.0936 H=0.738 maxpi=0.800 KL=0.166465 logits|.|=2.693 e[min,max,std]=0.108,0.135,0.009 zone=[0.0, 0.63, 0.37] act=[0.14, 0.79, 0.01, 0.02, 0.04] (ep=116, 30.1s)
[checkpoint] outputs/journal_train/default/seed3/ckpt_step30000.pt
[  30000/48000] phase=B route=detached world=0.0335 w_ema=0.0825 pred=0.0335 smooth=0.0000 | actor=0.0165 b=0.0827 H=0.087 maxpi=0.979 KL=0.007834 logits|.|=3.376 e[min,max,std]=0.033,0.053,0.007 zone=[0.0, 0.71, 0.28] act=[0.09, 0.87, 0.01, 0.01, 0.01] (ep=125, 29.7s)
[  32000/48000] phase=B route=detached world=0.1015 w_ema=0.0918 pred=0.1015 smooth=0.0000 | actor=-0.0078 b=0.0919 H=0.207 maxpi=0.937 KL=0.018051 logits|.|=3.083 e[min,max,std]=0.101,0.126,0.010 zone=[0.0, 1.0, 0.0] act=[0.02, 0.97, 0.0, 0.0, 0.01] (ep=133, 29.4s)
[  34000/48000] phase=B route=detached world=0.1040 w_ema=0.2275 pred=0.1040 smooth=0.0000 | actor=0.2434 b=0.2282 H=0.733 maxpi=0.697 KL=1.195496 logits|.|=2.184 e[min,max,std]=0.100,0.129,0.011 zone=[0.14, 0.86, 0.0] act=[0.17, 0.79, 0.02, 0.01, 0.01] (ep=141, 29.9s)
[checkpoint] outputs/journal_train/default/seed3/ckpt_step36000.pt
[  36000/48000] phase=B route=detached world=0.0050 w_ema=0.0067 pred=0.0050 smooth=0.0000 | actor=0.0076 b=0.0073 H=0.438 maxpi=0.861 KL=0.024111 logits|.|=2.330 e[min,max,std]=0.005,0.013,0.003 zone=[0.01, 0.56, 0.43] act=[0.11, 0.85, 0.01, 0.02, 0.01] (ep=150, 29.8s)
[  38000/48000] phase=B route=detached world=0.0021 w_ema=0.0204 pred=0.0021 smooth=0.0000 | actor=0.0438 b=0.0205 H=0.350 maxpi=0.794 KL=0.020224 logits|.|=3.520 e[min,max,std]=0.002,0.008,0.002 zone=[0.0, 0.09, 0.91] act=[0.06, 0.23, 0.11, 0.56, 0.04] (ep=158, 32.8s)
[  40000/48000] phase=B route=detached world=0.0074 w_ema=0.0054 pred=0.0074 smooth=0.0000 | actor=-0.0016 b=0.0054 H=0.093 maxpi=0.980 KL=0.000342 logits|.|=2.657 e[min,max,std]=0.007,0.014,0.002 zone=[0.0, 0.03, 0.97] act=[0.0, 0.0, 0.14, 0.86, 0.0] (ep=166, 31.0s)
[checkpoint] outputs/journal_train/default/seed3/ckpt_step42000.pt
[  42000/48000] phase=B route=detached world=0.0005 w_ema=0.0032 pred=0.0005 smooth=0.0000 | actor=0.0014 b=0.0032 H=0.064 maxpi=0.991 KL=0.000431 logits|.|=2.229 e[min,max,std]=0.001,0.002,0.001 zone=[0.0, 0.02, 0.98] act=[0.0, 0.0, 0.05, 0.95, 0.0] (ep=175, 29.9s)
[  44000/48000] phase=B route=detached world=0.0059 w_ema=0.0446 pred=0.0059 smooth=0.0000 | actor=0.3255 b=0.0474 H=0.676 maxpi=0.708 KL=0.064528 logits|.|=3.544 e[min,max,std]=0.006,0.012,0.002 zone=[0.02, 0.04, 0.94] act=[0.0, 0.0, 0.09, 0.91, 0.0] (ep=183, 29.8s)
[  46000/48000] phase=B route=detached world=0.0027 w_ema=0.0057 pred=0.0027 smooth=0.0000 | actor=0.0030 b=0.0059 H=0.150 maxpi=0.964 KL=0.010097 logits|.|=2.263 e[min,max,std]=0.003,0.012,0.003 zone=[0.0, 0.02, 0.98] act=[0.0, 0.0, 0.04, 0.96, 0.0] (ep=191, 33.3s)
[checkpoint] outputs/journal_train/default/seed3/ckpt_step48000.pt
[  48000/48000] phase=B route=detached world=0.0012 w_ema=0.0028 pred=0.0012 smooth=0.0000 | actor=0.0007 b=0.0028 H=0.028 maxpi=0.993 KL=0.001419 logits|.|=3.095 e[min,max,std]=0.001,0.018,0.006 zone=[0.0, 0.04, 0.96] act=[0.0, 0.0, 0.03, 0.96, 0.0] (ep=200, 34.1s)
Saved training trajectory to: outputs/journal_train/default/seed3/train_traj.parquet
Saved checkpoint to: outputs/journal_train/default/seed3/ckpt.pt
